Using the Amber99sb-ildn force field in directory amber99sb-ildn.ff

going to rename amber99sb-ildn.ff/aminoacids.r2b

going to rename amber99sb-ildn.ff/dna.r2b

going to rename amber99sb-ildn.ff/rna.r2b
Reading /home/grheco/repositorios/stack_protein_prep/data/proteins/3OLL/components/.tmp_sanitized_protonation/3OLL_gaps_fragment_01_sanitized.pdb...
Read '', 1270 atoms

Analyzing pdb file
Splitting chemical chains based on TER records or chain id changing.

There are 1 chains and 0 blocks of water and 156 residues with 1270 atoms

  chain  #res #atoms

  1 'A'   156   1270  

All occupancies are one

Reading residue database... (Amber99sb-ildn)

Preserving residues names by default

Preserving residues names by default

Preserving residues names by default

Processing chain 1 'A' (1270 atoms, 156 residues)

Identified residue ALA262 as a starting terminus.

Identified residue THR417 as a ending terminus.

Checking for duplicate atoms....

Now there are 1237 atoms. Deleted 33 duplicates.

Generating any missing hydrogen atoms and/or adding termini.

Now there are 156 residues with 2527 atoms

Making bonds...

Number of bonds was 2554, now 2553

Generating angles, dihedrals and pairs...

Making cmap torsions...

There are 6980 dihedrals,  448 impropers, 4665 angles
          6690 pairs,     2553 bonds and     0 virtual sites

Total mass 17730.172 a.m.u.

Total charge -5.000 e

Writing topology

Writing coordinate file...

		--------- PLEASE NOTE ------------

You have successfully generated a topology from: /home/grheco/repositorios/stack_protein_prep/data/proteins/3OLL/components/.tmp_sanitized_protonation/3OLL_gaps_fragment_01_sanitized.pdb.

The Amber99sb-ildn force field and the tip3p water model are used.

		--------- ETON ESAELP ------------
