Using the Amber99sb-ildn force field in directory amber99sb-ildn.ff

going to rename amber99sb-ildn.ff/aminoacids.r2b

going to rename amber99sb-ildn.ff/dna.r2b

going to rename amber99sb-ildn.ff/rna.r2b
Reading /home/grheco/repositorios/stack_protein_prep/data/proteins/3OLL/components/.tmp_sanitized_protonation/3OLL_gaps_fragment_03_sanitized.pdb...
Read '', 80 atoms

Analyzing pdb file
Splitting chemical chains based on TER records or chain id changing.

There are 1 chains and 0 blocks of water and 10 residues with 80 atoms

  chain  #res #atoms

  1 'A'    10     80  

All occupancies are one

Reading residue database... (Amber99sb-ildn)

Preserving residues names by default

Preserving residues names by default

Preserving residues names by default

Processing chain 1 'A' (80 atoms, 10 residues)

Identified residue ASP489 as a starting terminus.

Identified residue HIS498 as a ending terminus.

Checking for duplicate atoms....

Generating any missing hydrogen atoms and/or adding termini.

Now there are 10 residues with 164 atoms

Making bonds...

Number of bonds was 165, now 164

Generating angles, dihedrals and pairs...

Making cmap torsions...

There are  458 dihedrals,   27 impropers,  299 angles
           420 pairs,      164 bonds and     0 virtual sites

Total mass 1166.364 a.m.u.

Total charge -2.000 e

Writing topology

Writing coordinate file...

		--------- PLEASE NOTE ------------

You have successfully generated a topology from: /home/grheco/repositorios/stack_protein_prep/data/proteins/3OLL/components/.tmp_sanitized_protonation/3OLL_gaps_fragment_03_sanitized.pdb.

The Amber99sb-ildn force field and the tip3p water model are used.

		--------- ETON ESAELP ------------
