Using the Amber99sb-ildn force field in directory amber99sb-ildn.ff

going to rename amber99sb-ildn.ff/aminoacids.r2b

going to rename amber99sb-ildn.ff/dna.r2b

going to rename amber99sb-ildn.ff/rna.r2b
Reading /home/grheco/repositorios/stack_protein_prep/data/proteins/3OLL/components/.tmp_sanitized_protonation/3OLL_gaps_fragment_02_sanitized.pdb...
Read '', 532 atoms

Analyzing pdb file
Splitting chemical chains based on TER records or chain id changing.

There are 1 chains and 0 blocks of water and 68 residues with 532 atoms

  chain  #res #atoms

  1 'A'    68    532  

All occupancies are one

Reading residue database... (Amber99sb-ildn)

Preserving residues names by default

Preserving residues names by default

Preserving residues names by default

Processing chain 1 'A' (532 atoms, 68 residues)

Identified residue ALA420 as a starting terminus.

Identified residue VAL487 as a ending terminus.

Checking for duplicate atoms....

Now there are 520 atoms. Deleted 12 duplicates.

Generating any missing hydrogen atoms and/or adding termini.

Now there are 68 residues with 1075 atoms

Making bonds...

Number of bonds was 1082, now 1081

Generating angles, dihedrals and pairs...

Making cmap torsions...

There are 2941 dihedrals,  189 impropers, 1965 angles
          2804 pairs,     1081 bonds and     0 virtual sites

Total mass 7480.972 a.m.u.

Total charge 5.000 e

Writing topology

Writing coordinate file...

		--------- PLEASE NOTE ------------

You have successfully generated a topology from: /home/grheco/repositorios/stack_protein_prep/data/proteins/3OLL/components/.tmp_sanitized_protonation/3OLL_gaps_fragment_02_sanitized.pdb.

The Amber99sb-ildn force field and the tip3p water model are used.

		--------- ETON ESAELP ------------
