Using the Amber99sb-ildn force field in directory amber99sb-ildn.ff

going to rename amber99sb-ildn.ff/aminoacids.r2b

going to rename amber99sb-ildn.ff/dna.r2b

going to rename amber99sb-ildn.ff/rna.r2b
Reading /home/grheco/repositorios/stack_protein_prep/data/proteins/3OLL/components/.tmp_sanitized_protonation/3OLL_best_complete_sanitized.pdb...
Read '', 1784 atoms

Analyzing pdb file
Splitting chemical chains based on TER records or chain id changing.

There are 1 chains and 0 blocks of water and 237 residues with 1784 atoms

  chain  #res #atoms

  1 'A'   237   1784  

All occupancies are one

Reading residue database... (Amber99sb-ildn)

Preserving residues names by default

Preserving residues names by default

Preserving residues names by default

Processing chain 1 'A' (1784 atoms, 237 residues)

Identified residue PHE262 as a starting terminus.

Identified residue ALA498 as a ending terminus.

Checking for duplicate atoms....

Generating any missing hydrogen atoms and/or adding termini.

Now there are 237 residues with 3519 atoms

Making bonds...

Number of bonds was 3556, now 3555

Generating angles, dihedrals and pairs...

Making cmap torsions...

There are 9697 dihedrals,  710 impropers, 6391 angles
          9211 pairs,     3555 bonds and     0 virtual sites

Total mass 25532.792 a.m.u.

Total charge 5.000 e

Writing topology

Writing coordinate file...

		--------- PLEASE NOTE ------------

You have successfully generated a topology from: /home/grheco/repositorios/stack_protein_prep/data/proteins/3OLL/components/.tmp_sanitized_protonation/3OLL_best_complete_sanitized.pdb.

The Amber99sb-ildn force field and the tip3p water model are used.

		--------- ETON ESAELP ------------
