================================================================================
[2026-05-17 14:44:26] module=alignment_visualization pdb_id=2WCG
================================================================================
alignment_fasta_path=/home/grheco/repositorios/stack_protein_prep/data/proteins/2WCG/fasta/alignments/SEQRES_chain_B_vs_UniProt.aln.fasta
output_png_path=/home/grheco/repositorios/stack_protein_prep/data/proteins/2WCG/fasta/alignments/SEQRES_chain_B_vs_UniProt.aln.png
residues_per_line=60
font_size=18
header_font_size=20
label_width=24
timestamp=2026-05-17 14:44:26
cwd=/home/grheco/repositorios/stack_protein_prep
python_executable=/home/grheco/repositorios/stack_protein_prep/.pixi/envs/default/bin/python3
[RENDER METRICS]
record_a_header: PDB|2WCG|SEQRES|chain_B
record_b_header: sp|P04062|GBA1_HUMAN Lysosomal acid glucosylceramidase OS=Homo sapiens OX=9606 GN=GBA1 PE=1 SV=3
alignment_length: 542
n_blocks: 10
cell_width: 23
cell_height: 21
image_width: 1748
image_height: 1313
[OUTPUT PNG] /home/grheco/repositorios/stack_protein_prep/data/proteins/2WCG/fasta/alignments/SEQRES_chain_B_vs_UniProt.aln.png
[RESULT] rendered alignment PNG -> /home/grheco/repositorios/stack_protein_prep/data/proteins/2WCG/fasta/alignments/SEQRES_chain_B_vs_UniProt.aln.png
================================================================================
[2026-05-17 14:44:26] module=alignment_visualization pdb_id=2WCG
================================================================================
alignment_fasta_path=/home/grheco/repositorios/stack_protein_prep/data/proteins/2WCG/fasta/alignments/ATOM_chain_B_vs_UniProt.aln.fasta
output_png_path=/home/grheco/repositorios/stack_protein_prep/data/proteins/2WCG/fasta/alignments/ATOM_chain_B_vs_UniProt.aln.png
residues_per_line=60
font_size=18
header_font_size=20
label_width=24
timestamp=2026-05-17 14:44:26
cwd=/home/grheco/repositorios/stack_protein_prep
python_executable=/home/grheco/repositorios/stack_protein_prep/.pixi/envs/default/bin/python3
[RENDER METRICS]
record_a_header: PDB|2WCG|ATOM|chain_B
record_b_header: sp|P04062|GBA1_HUMAN Lysosomal acid glucosylceramidase OS=Homo sapiens OX=9606 GN=GBA1 PE=1 SV=3
alignment_length: 536
n_blocks: 9
cell_width: 23
cell_height: 21
image_width: 1748
image_height: 1190
[OUTPUT PNG] /home/grheco/repositorios/stack_protein_prep/data/proteins/2WCG/fasta/alignments/ATOM_chain_B_vs_UniProt.aln.png
[RESULT] rendered alignment PNG -> /home/grheco/repositorios/stack_protein_prep/data/proteins/2WCG/fasta/alignments/ATOM_chain_B_vs_UniProt.aln.png
================================================================================
[2026-05-17 15:36:45] module=alignment_visualization pdb_id=2WCG
================================================================================
alignment_fasta_path=/home/grheco/repositorios/stack_protein_prep/data/proteins/2WCG/fasta/alignments/SEQRES_chain_B_vs_UniProt.aln.fasta
output_png_path=/home/grheco/repositorios/stack_protein_prep/data/proteins/2WCG/fasta/alignments/SEQRES_chain_B_vs_UniProt.aln.png
residues_per_line=60
font_size=18
header_font_size=20
label_width=24
timestamp=2026-05-17 15:36:45
cwd=/home/grheco/repositorios/stack_protein_prep
python_executable=/home/grheco/repositorios/stack_protein_prep/.pixi/envs/default/bin/python3
[RENDER METRICS]
record_a_header: PDB|2WCG|SEQRES|chain_B
record_b_header: sp|P04062|GBA1_HUMAN Lysosomal acid glucosylceramidase OS=Homo sapiens OX=9606 GN=GBA1 PE=1 SV=3
alignment_length: 542
n_blocks: 10
cell_width: 23
cell_height: 21
image_width: 1748
image_height: 1313
[OUTPUT PNG] /home/grheco/repositorios/stack_protein_prep/data/proteins/2WCG/fasta/alignments/SEQRES_chain_B_vs_UniProt.aln.png
[RESULT] rendered alignment PNG -> /home/grheco/repositorios/stack_protein_prep/data/proteins/2WCG/fasta/alignments/SEQRES_chain_B_vs_UniProt.aln.png
================================================================================
[2026-05-17 15:36:45] module=alignment_visualization pdb_id=2WCG
================================================================================
alignment_fasta_path=/home/grheco/repositorios/stack_protein_prep/data/proteins/2WCG/fasta/alignments/ATOM_chain_B_vs_UniProt.aln.fasta
output_png_path=/home/grheco/repositorios/stack_protein_prep/data/proteins/2WCG/fasta/alignments/ATOM_chain_B_vs_UniProt.aln.png
residues_per_line=60
font_size=18
header_font_size=20
label_width=24
timestamp=2026-05-17 15:36:45
cwd=/home/grheco/repositorios/stack_protein_prep
python_executable=/home/grheco/repositorios/stack_protein_prep/.pixi/envs/default/bin/python3
[RENDER METRICS]
record_a_header: PDB|2WCG|ATOM|chain_B
record_b_header: sp|P04062|GBA1_HUMAN Lysosomal acid glucosylceramidase OS=Homo sapiens OX=9606 GN=GBA1 PE=1 SV=3
alignment_length: 536
n_blocks: 9
cell_width: 23
cell_height: 21
image_width: 1748
image_height: 1190
[OUTPUT PNG] /home/grheco/repositorios/stack_protein_prep/data/proteins/2WCG/fasta/alignments/ATOM_chain_B_vs_UniProt.aln.png
[RESULT] rendered alignment PNG -> /home/grheco/repositorios/stack_protein_prep/data/proteins/2WCG/fasta/alignments/ATOM_chain_B_vs_UniProt.aln.png
================================================================================
[2026-05-17 15:45:26] module=alignment_visualization pdb_id=2WCG
================================================================================
alignment_fasta_path=/home/grheco/repositorios/stack_protein_prep/data/proteins/2WCG/fasta/alignments/SEQRES_chain_B_vs_UniProt.aln.fasta
output_png_path=/home/grheco/repositorios/stack_protein_prep/data/proteins/2WCG/fasta/alignments/SEQRES_chain_B_vs_UniProt.aln.png
residues_per_line=60
font_size=18
header_font_size=20
label_width=24
timestamp=2026-05-17 15:45:26
cwd=/home/grheco/repositorios/stack_protein_prep
python_executable=/home/grheco/repositorios/stack_protein_prep/.pixi/envs/default/bin/python3
[RENDER METRICS]
record_a_header: PDB|2WCG|SEQRES|chain_B
record_b_header: sp|P04062|GBA1_HUMAN Lysosomal acid glucosylceramidase OS=Homo sapiens OX=9606 GN=GBA1 PE=1 SV=3
alignment_length: 542
n_blocks: 10
cell_width: 23
cell_height: 21
image_width: 1748
image_height: 1313
[OUTPUT PNG] /home/grheco/repositorios/stack_protein_prep/data/proteins/2WCG/fasta/alignments/SEQRES_chain_B_vs_UniProt.aln.png
[RESULT] rendered alignment PNG -> /home/grheco/repositorios/stack_protein_prep/data/proteins/2WCG/fasta/alignments/SEQRES_chain_B_vs_UniProt.aln.png
================================================================================
[2026-05-17 15:45:27] module=alignment_visualization pdb_id=2WCG
================================================================================
alignment_fasta_path=/home/grheco/repositorios/stack_protein_prep/data/proteins/2WCG/fasta/alignments/ATOM_chain_B_vs_UniProt.aln.fasta
output_png_path=/home/grheco/repositorios/stack_protein_prep/data/proteins/2WCG/fasta/alignments/ATOM_chain_B_vs_UniProt.aln.png
residues_per_line=60
font_size=18
header_font_size=20
label_width=24
timestamp=2026-05-17 15:45:27
cwd=/home/grheco/repositorios/stack_protein_prep
python_executable=/home/grheco/repositorios/stack_protein_prep/.pixi/envs/default/bin/python3
[RENDER METRICS]
record_a_header: PDB|2WCG|ATOM|chain_B
record_b_header: sp|P04062|GBA1_HUMAN Lysosomal acid glucosylceramidase OS=Homo sapiens OX=9606 GN=GBA1 PE=1 SV=3
alignment_length: 536
n_blocks: 9
cell_width: 23
cell_height: 21
image_width: 1748
image_height: 1190
[OUTPUT PNG] /home/grheco/repositorios/stack_protein_prep/data/proteins/2WCG/fasta/alignments/ATOM_chain_B_vs_UniProt.aln.png
[RESULT] rendered alignment PNG -> /home/grheco/repositorios/stack_protein_prep/data/proteins/2WCG/fasta/alignments/ATOM_chain_B_vs_UniProt.aln.png
================================================================================
[2026-05-17 17:17:33] module=alignment_visualization pdb_id=2WCG
================================================================================
alignment_fasta_path=/home/grheco/repositorios/stack_protein_prep/data/proteins/2WCG/fasta/alignments/SEQRES_chain_B_vs_UniProt.aln.fasta
output_png_path=/home/grheco/repositorios/stack_protein_prep/data/proteins/2WCG/fasta/alignments/SEQRES_chain_B_vs_UniProt.aln.png
residues_per_line=60
font_size=18
header_font_size=20
label_width=24
timestamp=2026-05-17 17:17:33
cwd=/home/grheco/repositorios/stack_protein_prep
python_executable=/home/grheco/repositorios/stack_protein_prep/.pixi/envs/default/bin/python3
[RENDER METRICS]
record_a_header: PDB|2WCG|SEQRES|chain_B
record_b_header: sp|P04062|GBA1_HUMAN Lysosomal acid glucosylceramidase OS=Homo sapiens OX=9606 GN=GBA1 PE=1 SV=3
alignment_length: 542
n_blocks: 10
cell_width: 23
cell_height: 21
image_width: 1748
image_height: 1313
[OUTPUT PNG] /home/grheco/repositorios/stack_protein_prep/data/proteins/2WCG/fasta/alignments/SEQRES_chain_B_vs_UniProt.aln.png
[RESULT] rendered alignment PNG -> /home/grheco/repositorios/stack_protein_prep/data/proteins/2WCG/fasta/alignments/SEQRES_chain_B_vs_UniProt.aln.png
================================================================================
[2026-05-17 17:17:33] module=alignment_visualization pdb_id=2WCG
================================================================================
alignment_fasta_path=/home/grheco/repositorios/stack_protein_prep/data/proteins/2WCG/fasta/alignments/ATOM_chain_B_vs_UniProt.aln.fasta
output_png_path=/home/grheco/repositorios/stack_protein_prep/data/proteins/2WCG/fasta/alignments/ATOM_chain_B_vs_UniProt.aln.png
residues_per_line=60
font_size=18
header_font_size=20
label_width=24
timestamp=2026-05-17 17:17:33
cwd=/home/grheco/repositorios/stack_protein_prep
python_executable=/home/grheco/repositorios/stack_protein_prep/.pixi/envs/default/bin/python3
[RENDER METRICS]
record_a_header: PDB|2WCG|ATOM|chain_B
record_b_header: sp|P04062|GBA1_HUMAN Lysosomal acid glucosylceramidase OS=Homo sapiens OX=9606 GN=GBA1 PE=1 SV=3
alignment_length: 536
n_blocks: 9
cell_width: 23
cell_height: 21
image_width: 1748
image_height: 1190
[OUTPUT PNG] /home/grheco/repositorios/stack_protein_prep/data/proteins/2WCG/fasta/alignments/ATOM_chain_B_vs_UniProt.aln.png
[RESULT] rendered alignment PNG -> /home/grheco/repositorios/stack_protein_prep/data/proteins/2WCG/fasta/alignments/ATOM_chain_B_vs_UniProt.aln.png
================================================================================
[2026-05-17 17:42:44] module=alignment_visualization pdb_id=2WCG
================================================================================
alignment_fasta_path=/home/grheco/repositorios/stack_protein_prep/data/proteins/2WCG/fasta/alignments/SEQRES_chain_B_vs_UniProt.aln.fasta
output_png_path=/home/grheco/repositorios/stack_protein_prep/data/proteins/2WCG/fasta/alignments/SEQRES_chain_B_vs_UniProt.aln.png
residues_per_line=60
font_size=18
header_font_size=20
label_width=24
timestamp=2026-05-17 17:42:44
cwd=/home/grheco/repositorios/stack_protein_prep
python_executable=/home/grheco/repositorios/stack_protein_prep/.pixi/envs/default/bin/python
[RENDER METRICS]
record_a_header: PDB|2WCG|SEQRES|chain_B
record_b_header: sp|P04062|GBA1_HUMAN Lysosomal acid glucosylceramidase OS=Homo sapiens OX=9606 GN=GBA1 PE=1 SV=3
alignment_length: 542
n_blocks: 10
cell_width: 23
cell_height: 21
image_width: 1748
image_height: 1313
[OUTPUT PNG] /home/grheco/repositorios/stack_protein_prep/data/proteins/2WCG/fasta/alignments/SEQRES_chain_B_vs_UniProt.aln.png
[RESULT] rendered alignment PNG -> /home/grheco/repositorios/stack_protein_prep/data/proteins/2WCG/fasta/alignments/SEQRES_chain_B_vs_UniProt.aln.png
================================================================================
[2026-05-17 17:42:44] module=alignment_visualization pdb_id=2WCG
================================================================================
alignment_fasta_path=/home/grheco/repositorios/stack_protein_prep/data/proteins/2WCG/fasta/alignments/ATOM_chain_B_vs_UniProt.aln.fasta
output_png_path=/home/grheco/repositorios/stack_protein_prep/data/proteins/2WCG/fasta/alignments/ATOM_chain_B_vs_UniProt.aln.png
residues_per_line=60
font_size=18
header_font_size=20
label_width=24
timestamp=2026-05-17 17:42:44
cwd=/home/grheco/repositorios/stack_protein_prep
python_executable=/home/grheco/repositorios/stack_protein_prep/.pixi/envs/default/bin/python
[RENDER METRICS]
record_a_header: PDB|2WCG|ATOM|chain_B
record_b_header: sp|P04062|GBA1_HUMAN Lysosomal acid glucosylceramidase OS=Homo sapiens OX=9606 GN=GBA1 PE=1 SV=3
alignment_length: 536
n_blocks: 9
cell_width: 23
cell_height: 21
image_width: 1748
image_height: 1190
[OUTPUT PNG] /home/grheco/repositorios/stack_protein_prep/data/proteins/2WCG/fasta/alignments/ATOM_chain_B_vs_UniProt.aln.png
[RESULT] rendered alignment PNG -> /home/grheco/repositorios/stack_protein_prep/data/proteins/2WCG/fasta/alignments/ATOM_chain_B_vs_UniProt.aln.png
================================================================================
[2026-05-17 17:44:54] module=alignment_visualization pdb_id=2WCG
================================================================================
alignment_fasta_path=/home/grheco/repositorios/stack_protein_prep/data/proteins/2WCG/fasta/alignments/SEQRES_chain_B_vs_UniProt.aln.fasta
output_png_path=/home/grheco/repositorios/stack_protein_prep/data/proteins/2WCG/fasta/alignments/SEQRES_chain_B_vs_UniProt.aln.png
residues_per_line=60
font_size=18
header_font_size=20
label_width=24
timestamp=2026-05-17 17:44:54
cwd=/home/grheco/repositorios/stack_protein_prep
python_executable=/home/grheco/repositorios/stack_protein_prep/.pixi/envs/default/bin/python3
[RENDER METRICS]
record_a_header: PDB|2WCG|SEQRES|chain_B
record_b_header: sp|P04062|GBA1_HUMAN Lysosomal acid glucosylceramidase OS=Homo sapiens OX=9606 GN=GBA1 PE=1 SV=3
alignment_length: 542
n_blocks: 10
cell_width: 23
cell_height: 21
image_width: 1748
image_height: 1313
[OUTPUT PNG] /home/grheco/repositorios/stack_protein_prep/data/proteins/2WCG/fasta/alignments/SEQRES_chain_B_vs_UniProt.aln.png
[RESULT] rendered alignment PNG -> /home/grheco/repositorios/stack_protein_prep/data/proteins/2WCG/fasta/alignments/SEQRES_chain_B_vs_UniProt.aln.png
================================================================================
[2026-05-17 17:44:54] module=alignment_visualization pdb_id=2WCG
================================================================================
alignment_fasta_path=/home/grheco/repositorios/stack_protein_prep/data/proteins/2WCG/fasta/alignments/ATOM_chain_B_vs_UniProt.aln.fasta
output_png_path=/home/grheco/repositorios/stack_protein_prep/data/proteins/2WCG/fasta/alignments/ATOM_chain_B_vs_UniProt.aln.png
residues_per_line=60
font_size=18
header_font_size=20
label_width=24
timestamp=2026-05-17 17:44:54
cwd=/home/grheco/repositorios/stack_protein_prep
python_executable=/home/grheco/repositorios/stack_protein_prep/.pixi/envs/default/bin/python3
[RENDER METRICS]
record_a_header: PDB|2WCG|ATOM|chain_B
record_b_header: sp|P04062|GBA1_HUMAN Lysosomal acid glucosylceramidase OS=Homo sapiens OX=9606 GN=GBA1 PE=1 SV=3
alignment_length: 536
n_blocks: 9
cell_width: 23
cell_height: 21
image_width: 1748
image_height: 1190
[OUTPUT PNG] /home/grheco/repositorios/stack_protein_prep/data/proteins/2WCG/fasta/alignments/ATOM_chain_B_vs_UniProt.aln.png
[RESULT] rendered alignment PNG -> /home/grheco/repositorios/stack_protein_prep/data/proteins/2WCG/fasta/alignments/ATOM_chain_B_vs_UniProt.aln.png
================================================================================
[2026-05-17 18:12:06] module=alignment_visualization pdb_id=2WCG
================================================================================
alignment_fasta_path=/home/grheco/repositorios/stack_protein_prep/data/proteins/2WCG/fasta/alignments/SEQRES_chain_B_vs_UniProt.aln.fasta
output_png_path=/home/grheco/repositorios/stack_protein_prep/data/proteins/2WCG/fasta/alignments/SEQRES_chain_B_vs_UniProt.aln.png
residues_per_line=60
font_size=18
header_font_size=20
label_width=24
timestamp=2026-05-17 18:12:06
cwd=/home/grheco/repositorios/stack_protein_prep
python_executable=/home/grheco/repositorios/stack_protein_prep/.pixi/envs/default/bin/python
[RENDER METRICS]
record_a_header: PDB|2WCG|SEQRES|chain_B
record_b_header: sp|P04062|GBA1_HUMAN Lysosomal acid glucosylceramidase OS=Homo sapiens OX=9606 GN=GBA1 PE=1 SV=3
alignment_length: 542
n_blocks: 10
cell_width: 23
cell_height: 21
image_width: 1748
image_height: 1313
[OUTPUT PNG] /home/grheco/repositorios/stack_protein_prep/data/proteins/2WCG/fasta/alignments/SEQRES_chain_B_vs_UniProt.aln.png
[RESULT] rendered alignment PNG -> /home/grheco/repositorios/stack_protein_prep/data/proteins/2WCG/fasta/alignments/SEQRES_chain_B_vs_UniProt.aln.png
================================================================================
[2026-05-17 18:12:06] module=alignment_visualization pdb_id=2WCG
================================================================================
alignment_fasta_path=/home/grheco/repositorios/stack_protein_prep/data/proteins/2WCG/fasta/alignments/ATOM_chain_B_vs_UniProt.aln.fasta
output_png_path=/home/grheco/repositorios/stack_protein_prep/data/proteins/2WCG/fasta/alignments/ATOM_chain_B_vs_UniProt.aln.png
residues_per_line=60
font_size=18
header_font_size=20
label_width=24
timestamp=2026-05-17 18:12:06
cwd=/home/grheco/repositorios/stack_protein_prep
python_executable=/home/grheco/repositorios/stack_protein_prep/.pixi/envs/default/bin/python
[RENDER METRICS]
record_a_header: PDB|2WCG|ATOM|chain_B
record_b_header: sp|P04062|GBA1_HUMAN Lysosomal acid glucosylceramidase OS=Homo sapiens OX=9606 GN=GBA1 PE=1 SV=3
alignment_length: 536
n_blocks: 9
cell_width: 23
cell_height: 21
image_width: 1748
image_height: 1190
[OUTPUT PNG] /home/grheco/repositorios/stack_protein_prep/data/proteins/2WCG/fasta/alignments/ATOM_chain_B_vs_UniProt.aln.png
[RESULT] rendered alignment PNG -> /home/grheco/repositorios/stack_protein_prep/data/proteins/2WCG/fasta/alignments/ATOM_chain_B_vs_UniProt.aln.png
