================================================================================
[2026-05-17 14:44:19] module=fasta_files pdb_id=2WCG
================================================================================
pdb_directory=/home/grheco/repositorios/stack_protein_prep/data/proteins/2WCG
pdb_file_path=/home/grheco/repositorios/stack_protein_prep/data/proteins/2WCG/2WCG.pdb
fasta_directory=/home/grheco/repositorios/stack_protein_prep/data/proteins/2WCG/fasta
residue_range=0-497
[CHAIN SELECTION]
relevant_chain_ids=B
[SEQRES FASTA]
chain_count: 1
chains: B
output_path: /home/grheco/repositorios/stack_protein_prep/data/proteins/2WCG/fasta/PDB-2WCG-SEQRES.fasta
[ATOM FASTA]
chain_count: 1
chains: B
output_path: /home/grheco/repositorios/stack_protein_prep/data/proteins/2WCG/fasta/PDB-2WCG-ATOM.fasta
[UNIPROT QUERY]
pdb_id: 2WCG
query: xref:pdb-2WCG
request_url: https://rest.uniprot.org/uniprotkb/search?query=xref%3Apdb-2WCG&format=fasta
[UNIPROT RESULT] entry_count=1
accession=P04062 header=sp|P04062|GBA1_HUMAN Lysosomal acid glucosylceramidase OS=Homo sapiens OX=9606 GN=GBA1 PE=1 SV=3
[UNIPROT FASTA]
entry_count: 1
accessions: P04062
================================================================================
[2026-05-17 15:36:38] module=fasta_files pdb_id=2WCG
================================================================================
pdb_directory=/home/grheco/repositorios/stack_protein_prep/data/proteins/2WCG
pdb_file_path=/home/grheco/repositorios/stack_protein_prep/data/proteins/2WCG/2WCG.pdb
fasta_directory=/home/grheco/repositorios/stack_protein_prep/data/proteins/2WCG/fasta
residue_range=0-497
[CHAIN SELECTION]
relevant_chain_ids=B
[SEQRES FASTA]
chain_count: 1
chains: B
output_path: /home/grheco/repositorios/stack_protein_prep/data/proteins/2WCG/fasta/PDB-2WCG-SEQRES.fasta
[ATOM FASTA]
chain_count: 1
chains: B
output_path: /home/grheco/repositorios/stack_protein_prep/data/proteins/2WCG/fasta/PDB-2WCG-ATOM.fasta
[UNIPROT QUERY]
pdb_id: 2WCG
query: xref:pdb-2WCG
request_url: https://rest.uniprot.org/uniprotkb/search?query=xref%3Apdb-2WCG&format=fasta
[UNIPROT RESULT] entry_count=1
accession=P04062 header=sp|P04062|GBA1_HUMAN Lysosomal acid glucosylceramidase OS=Homo sapiens OX=9606 GN=GBA1 PE=1 SV=3
[UNIPROT FASTA]
entry_count: 1
accessions: P04062
================================================================================
[2026-05-17 15:45:19] module=fasta_files pdb_id=2WCG
================================================================================
pdb_directory=/home/grheco/repositorios/stack_protein_prep/data/proteins/2WCG
pdb_file_path=/home/grheco/repositorios/stack_protein_prep/data/proteins/2WCG/2WCG.pdb
fasta_directory=/home/grheco/repositorios/stack_protein_prep/data/proteins/2WCG/fasta
residue_range=0-497
[CHAIN SELECTION]
relevant_chain_ids=B
[SEQRES FASTA]
chain_count: 1
chains: B
output_path: /home/grheco/repositorios/stack_protein_prep/data/proteins/2WCG/fasta/PDB-2WCG-SEQRES.fasta
[ATOM FASTA]
chain_count: 1
chains: B
output_path: /home/grheco/repositorios/stack_protein_prep/data/proteins/2WCG/fasta/PDB-2WCG-ATOM.fasta
[UNIPROT QUERY]
pdb_id: 2WCG
query: xref:pdb-2WCG
request_url: https://rest.uniprot.org/uniprotkb/search?query=xref%3Apdb-2WCG&format=fasta
[UNIPROT RESULT] entry_count=1
accession=P04062 header=sp|P04062|GBA1_HUMAN Lysosomal acid glucosylceramidase OS=Homo sapiens OX=9606 GN=GBA1 PE=1 SV=3
[UNIPROT FASTA]
entry_count: 1
accessions: P04062
================================================================================
[2026-05-17 17:17:26] module=fasta_files pdb_id=2WCG
================================================================================
pdb_directory=/home/grheco/repositorios/stack_protein_prep/data/proteins/2WCG
pdb_file_path=/home/grheco/repositorios/stack_protein_prep/data/proteins/2WCG/2WCG.pdb
fasta_directory=/home/grheco/repositorios/stack_protein_prep/data/proteins/2WCG/fasta
residue_range=0-497
[CHAIN SELECTION]
relevant_chain_ids=B
[SEQRES FASTA]
chain_count: 1
chains: B
output_path: /home/grheco/repositorios/stack_protein_prep/data/proteins/2WCG/fasta/PDB-2WCG-SEQRES.fasta
[ATOM FASTA]
chain_count: 1
chains: B
output_path: /home/grheco/repositorios/stack_protein_prep/data/proteins/2WCG/fasta/PDB-2WCG-ATOM.fasta
[UNIPROT QUERY]
pdb_id: 2WCG
query: xref:pdb-2WCG
request_url: https://rest.uniprot.org/uniprotkb/search?query=xref%3Apdb-2WCG&format=fasta
[UNIPROT RESULT] entry_count=1
accession=P04062 header=sp|P04062|GBA1_HUMAN Lysosomal acid glucosylceramidase OS=Homo sapiens OX=9606 GN=GBA1 PE=1 SV=3
[UNIPROT FASTA]
entry_count: 1
accessions: P04062
================================================================================
[2026-05-17 17:42:35] module=fasta_files pdb_id=2WCG
================================================================================
pdb_directory=/home/grheco/repositorios/stack_protein_prep/data/proteins/2WCG
pdb_file_path=/home/grheco/repositorios/stack_protein_prep/data/proteins/2WCG/2WCG.pdb
fasta_directory=/home/grheco/repositorios/stack_protein_prep/data/proteins/2WCG/fasta
residue_range=0-497
[CHAIN SELECTION]
relevant_chain_ids=B
[SEQRES FASTA]
chain_count: 1
chains: B
output_path: /home/grheco/repositorios/stack_protein_prep/data/proteins/2WCG/fasta/PDB-2WCG-SEQRES.fasta
[ATOM FASTA]
chain_count: 1
chains: B
output_path: /home/grheco/repositorios/stack_protein_prep/data/proteins/2WCG/fasta/PDB-2WCG-ATOM.fasta
[UNIPROT QUERY]
pdb_id: 2WCG
query: xref:pdb-2WCG
request_url: https://rest.uniprot.org/uniprotkb/search?query=xref%3Apdb-2WCG&format=fasta
[UNIPROT RESULT] entry_count=1
accession=P04062 header=sp|P04062|GBA1_HUMAN Lysosomal acid glucosylceramidase OS=Homo sapiens OX=9606 GN=GBA1 PE=1 SV=3
[UNIPROT FASTA]
entry_count: 1
accessions: P04062
================================================================================
[2026-05-17 17:44:46] module=fasta_files pdb_id=2WCG
================================================================================
pdb_directory=/home/grheco/repositorios/stack_protein_prep/data/proteins/2WCG
pdb_file_path=/home/grheco/repositorios/stack_protein_prep/data/proteins/2WCG/2WCG.pdb
fasta_directory=/home/grheco/repositorios/stack_protein_prep/data/proteins/2WCG/fasta
residue_range=0-497
[CHAIN SELECTION]
relevant_chain_ids=B
[SEQRES FASTA]
chain_count: 1
chains: B
output_path: /home/grheco/repositorios/stack_protein_prep/data/proteins/2WCG/fasta/PDB-2WCG-SEQRES.fasta
[ATOM FASTA]
chain_count: 1
chains: B
output_path: /home/grheco/repositorios/stack_protein_prep/data/proteins/2WCG/fasta/PDB-2WCG-ATOM.fasta
[UNIPROT QUERY]
pdb_id: 2WCG
query: xref:pdb-2WCG
request_url: https://rest.uniprot.org/uniprotkb/search?query=xref%3Apdb-2WCG&format=fasta
[UNIPROT RESULT] entry_count=1
accession=P04062 header=sp|P04062|GBA1_HUMAN Lysosomal acid glucosylceramidase OS=Homo sapiens OX=9606 GN=GBA1 PE=1 SV=3
[UNIPROT FASTA]
entry_count: 1
accessions: P04062
================================================================================
[2026-05-17 18:11:59] module=fasta_files pdb_id=2WCG
================================================================================
pdb_directory=/home/grheco/repositorios/stack_protein_prep/data/proteins/2WCG
pdb_file_path=/home/grheco/repositorios/stack_protein_prep/data/proteins/2WCG/2WCG.pdb
fasta_directory=/home/grheco/repositorios/stack_protein_prep/data/proteins/2WCG/fasta
residue_range=0-497
[CHAIN SELECTION]
relevant_chain_ids=B
[SEQRES FASTA]
chain_count: 1
chains: B
output_path: /home/grheco/repositorios/stack_protein_prep/data/proteins/2WCG/fasta/PDB-2WCG-SEQRES.fasta
[ATOM FASTA]
chain_count: 1
chains: B
output_path: /home/grheco/repositorios/stack_protein_prep/data/proteins/2WCG/fasta/PDB-2WCG-ATOM.fasta
[UNIPROT QUERY]
pdb_id: 2WCG
query: xref:pdb-2WCG
request_url: https://rest.uniprot.org/uniprotkb/search?query=xref%3Apdb-2WCG&format=fasta
[UNIPROT RESULT] entry_count=1
accession=P04062 header=sp|P04062|GBA1_HUMAN Lysosomal acid glucosylceramidase OS=Homo sapiens OX=9606 GN=GBA1 PE=1 SV=3
[UNIPROT FASTA]
entry_count: 1
accessions: P04062
