════════════════════════════════════════════════════════════════════════════════════════════════════
[2026-05-17 14:44:52] split_protein_for_gap_protonation:start
────────────────────────────────────────────────────────────────────────────────────────────────────
input_pdb_path      : /home/grheco/repositorios/stack_protein_prep/data/proteins/2WCG/components/2WCG_protein_monomer.pdb
output_dir          : /home/grheco/repositorios/stack_protein_prep/data/proteins/2WCG/components/.tmp_gaps_fragments
pdb_id              : 2WCG
variant_label       : gaps
cn_distance_cutoff  : 1.8

════════════════════════════════════════════════════════════════════════════════════════════════════
[2026-05-17 14:44:52] split_protein_for_gap_protonation:summary
────────────────────────────────────────────────────────────────────────────────────────────────────
n_input_residues : 495
n_fragments      : 2
n_boundaries     : 1
manifest_path    : /home/grheco/repositorios/stack_protein_prep/data/proteins/2WCG/components/.tmp_gaps_fragments/fragment_manifest.json

════════════════════════════════════════════════════════════════════════════════════════════════════
[2026-05-17 14:44:52] split_protein_for_gap_protonation:boundary
────────────────────────────────────────────────────────────────────────────────────────────────────
chain_id           : B
left_residue       : PRO B 29
right_residue      : ALA B 33
left_resseq        : 29
right_resseq       : 33
residue_jump       : 4
cn_distance        : 6.011596792866269
reason             : cn_distance_exceeds_cutoff(6.012 > 1.800)

════════════════════════════════════════════════════════════════════════════════════════════════════
[2026-05-17 15:37:18] split_protein_for_gap_protonation:start
────────────────────────────────────────────────────────────────────────────────────────────────────
input_pdb_path      : /home/grheco/repositorios/stack_protein_prep/data/proteins/2WCG/components/2WCG_protein_monomer.pdb
output_dir          : /home/grheco/repositorios/stack_protein_prep/data/proteins/2WCG/components/.tmp_gaps_fragments
pdb_id              : 2WCG
variant_label       : gaps
cn_distance_cutoff  : 1.8

════════════════════════════════════════════════════════════════════════════════════════════════════
[2026-05-17 15:37:18] split_protein_for_gap_protonation:summary
────────────────────────────────────────────────────────────────────────────────────────────────────
n_input_residues : 495
n_fragments      : 2
n_boundaries     : 1
manifest_path    : /home/grheco/repositorios/stack_protein_prep/data/proteins/2WCG/components/.tmp_gaps_fragments/fragment_manifest.json

════════════════════════════════════════════════════════════════════════════════════════════════════
[2026-05-17 15:37:18] split_protein_for_gap_protonation:boundary
────────────────────────────────────────────────────────────────────────────────────────────────────
chain_id           : B
left_residue       : PRO B 29
right_residue      : ALA B 33
left_resseq        : 29
right_resseq       : 33
residue_jump       : 4
cn_distance        : 6.011596792866269
reason             : cn_distance_exceeds_cutoff(6.012 > 1.800)

════════════════════════════════════════════════════════════════════════════════════════════════════
[2026-05-17 15:45:58] split_protein_for_gap_protonation:start
────────────────────────────────────────────────────────────────────────────────────────────────────
input_pdb_path      : /home/grheco/repositorios/stack_protein_prep/data/proteins/2WCG/components/2WCG_protein_monomer.pdb
output_dir          : /home/grheco/repositorios/stack_protein_prep/data/proteins/2WCG/components/.tmp_gaps_fragments
pdb_id              : 2WCG
variant_label       : gaps
cn_distance_cutoff  : 1.8

════════════════════════════════════════════════════════════════════════════════════════════════════
[2026-05-17 15:45:58] split_protein_for_gap_protonation:summary
────────────────────────────────────────────────────────────────────────────────────────────────────
n_input_residues : 495
n_fragments      : 2
n_boundaries     : 1
manifest_path    : /home/grheco/repositorios/stack_protein_prep/data/proteins/2WCG/components/.tmp_gaps_fragments/fragment_manifest.json

════════════════════════════════════════════════════════════════════════════════════════════════════
[2026-05-17 15:45:58] split_protein_for_gap_protonation:boundary
────────────────────────────────────────────────────────────────────────────────────────────────────
chain_id           : B
left_residue       : PRO B 29
right_residue      : ALA B 33
left_resseq        : 29
right_resseq       : 33
residue_jump       : 4
cn_distance        : 6.011596792866269
reason             : cn_distance_exceeds_cutoff(6.012 > 1.800)

════════════════════════════════════════════════════════════════════════════════════════════════════
[2026-05-17 17:17:59] split_protein_for_gap_protonation:start
────────────────────────────────────────────────────────────────────────────────────────────────────
input_pdb_path      : /home/grheco/repositorios/stack_protein_prep/data/proteins/2WCG/components/2WCG_protein_monomer.pdb
output_dir          : /home/grheco/repositorios/stack_protein_prep/data/proteins/2WCG/components/.tmp_gaps_fragments
pdb_id              : 2WCG
variant_label       : gaps
cn_distance_cutoff  : 1.8

════════════════════════════════════════════════════════════════════════════════════════════════════
[2026-05-17 17:17:59] split_protein_for_gap_protonation:summary
────────────────────────────────────────────────────────────────────────────────────────────────────
n_input_residues : 495
n_fragments      : 2
n_boundaries     : 1
manifest_path    : /home/grheco/repositorios/stack_protein_prep/data/proteins/2WCG/components/.tmp_gaps_fragments/fragment_manifest.json

════════════════════════════════════════════════════════════════════════════════════════════════════
[2026-05-17 17:17:59] split_protein_for_gap_protonation:boundary
────────────────────────────────────────────────────────────────────────────────────────────────────
chain_id           : B
left_residue       : PRO B 29
right_residue      : ALA B 33
left_resseq        : 29
right_resseq       : 33
residue_jump       : 4
cn_distance        : 6.011596792866269
reason             : cn_distance_exceeds_cutoff(6.012 > 1.800)

════════════════════════════════════════════════════════════════════════════════════════════════════
[2026-05-17 17:43:18] split_protein_for_gap_protonation:start
────────────────────────────────────────────────────────────────────────────────────────────────────
input_pdb_path      : /home/grheco/repositorios/stack_protein_prep/data/proteins/2WCG/components/2WCG_protein_monomer.pdb
output_dir          : /home/grheco/repositorios/stack_protein_prep/data/proteins/2WCG/components/.tmp_gaps_fragments
pdb_id              : 2WCG
variant_label       : gaps
cn_distance_cutoff  : 1.8

════════════════════════════════════════════════════════════════════════════════════════════════════
[2026-05-17 17:43:18] split_protein_for_gap_protonation:summary
────────────────────────────────────────────────────────────────────────────────────────────────────
n_input_residues : 495
n_fragments      : 2
n_boundaries     : 1
manifest_path    : /home/grheco/repositorios/stack_protein_prep/data/proteins/2WCG/components/.tmp_gaps_fragments/fragment_manifest.json

════════════════════════════════════════════════════════════════════════════════════════════════════
[2026-05-17 17:43:18] split_protein_for_gap_protonation:boundary
────────────────────────────────────────────────────────────────────────────────────────────────────
chain_id           : B
left_residue       : PRO B 29
right_residue      : ALA B 33
left_resseq        : 29
right_resseq       : 33
residue_jump       : 4
cn_distance        : 6.011596792866269
reason             : cn_distance_exceeds_cutoff(6.012 > 1.800)

════════════════════════════════════════════════════════════════════════════════════════════════════
[2026-05-17 17:45:24] split_protein_for_gap_protonation:start
────────────────────────────────────────────────────────────────────────────────────────────────────
input_pdb_path      : /home/grheco/repositorios/stack_protein_prep/data/proteins/2WCG/components/2WCG_protein_monomer.pdb
output_dir          : /home/grheco/repositorios/stack_protein_prep/data/proteins/2WCG/components/.tmp_gaps_fragments
pdb_id              : 2WCG
variant_label       : gaps
cn_distance_cutoff  : 1.8

════════════════════════════════════════════════════════════════════════════════════════════════════
[2026-05-17 17:45:24] split_protein_for_gap_protonation:summary
────────────────────────────────────────────────────────────────────────────────────────────────────
n_input_residues : 495
n_fragments      : 2
n_boundaries     : 1
manifest_path    : /home/grheco/repositorios/stack_protein_prep/data/proteins/2WCG/components/.tmp_gaps_fragments/fragment_manifest.json

════════════════════════════════════════════════════════════════════════════════════════════════════
[2026-05-17 17:45:24] split_protein_for_gap_protonation:boundary
────────────────────────────────────────────────────────────────────────────────────────────────────
chain_id           : B
left_residue       : PRO B 29
right_residue      : ALA B 33
left_resseq        : 29
right_resseq       : 33
residue_jump       : 4
cn_distance        : 6.011596792866269
reason             : cn_distance_exceeds_cutoff(6.012 > 1.800)

