sanitize_pdb_for_gromacs
========================

pdb_id                       : 2WCG
variant_label                : best_complete
input_pdb_path               : /home/grheco/repositorios/stack_protein_prep/data/proteins/2WCG/fasta/alignments/filler/B/final_filled_model.pdb
output_pdb_path              : /home/grheco/repositorios/stack_protein_prep/data/proteins/2WCG/components/.tmp_sanitized_protonation/2WCG_best_complete_sanitized.pdb
output_written               : True
can_run_gromacs              : True
status                       : warning
atom_count_in                : 3902
atom_count_out               : 3902
residue_count_out            : 497
selected_altloc_count        : 0
dropped_altloc_atom_count    : 0
normalized_occupancy_count   : 0
dropped_heterogen_atom_count : 0
nonstandard_residue_names    : <none>
missing_heavy_atom_count     : 19
force_field_template_path    : /home/grheco/repositorios/stack_protein_prep/.pixi/envs/default/share/gromacs/top/amber99sb-ildn.ff/aminoacids.rtp

issues
------
[warning] missing_standard_heavy_atoms: Residue ILE A 20 is missing expected heavy atoms: CD
[warning] missing_standard_heavy_atoms: Residue ILE A 44 is missing expected heavy atoms: CD
[warning] missing_standard_heavy_atoms: Residue ILE A 95 is missing expected heavy atoms: CD
[warning] missing_standard_heavy_atoms: Residue ILE A 132 is missing expected heavy atoms: CD
[warning] missing_standard_heavy_atoms: Residue ILE A 153 is missing expected heavy atoms: CD
[warning] missing_standard_heavy_atoms: Residue ILE A 157 is missing expected heavy atoms: CD
[warning] missing_standard_heavy_atoms: Residue ILE A 158 is missing expected heavy atoms: CD
[warning] missing_standard_heavy_atoms: Residue ILE A 169 is missing expected heavy atoms: CD
[warning] missing_standard_heavy_atoms: Residue ILE A 197 is missing expected heavy atoms: CD
[warning] missing_standard_heavy_atoms: Residue ILE A 200 is missing expected heavy atoms: CD
[warning] missing_standard_heavy_atoms: Residue ILE A 243 is missing expected heavy atoms: CD
[warning] missing_standard_heavy_atoms: Residue ILE A 299 is missing expected heavy atoms: CD
[warning] missing_standard_heavy_atoms: Residue ILE A 347 is missing expected heavy atoms: CD
[warning] missing_standard_heavy_atoms: Residue ILE A 406 is missing expected heavy atoms: CD
[warning] missing_standard_heavy_atoms: Residue ILE A 407 is missing expected heavy atoms: CD
[warning] missing_standard_heavy_atoms: Residue ILE A 441 is missing expected heavy atoms: CD
[warning] missing_standard_heavy_atoms: Residue ILE A 442 is missing expected heavy atoms: CD
[warning] missing_standard_heavy_atoms: Residue ILE A 445 is missing expected heavy atoms: CD
[warning] missing_standard_heavy_atoms: Residue ILE A 466 is missing expected heavy atoms: CD
