sanitize_pdb_for_gromacs
========================

pdb_id                       : 2WCG
variant_label                : gaps_fragment_01
input_pdb_path               : /home/grheco/repositorios/stack_protein_prep/data/proteins/2WCG/components/.tmp_gaps_fragments/2WCG_chain_B_fragment_01.pdb
output_pdb_path              : /home/grheco/repositorios/stack_protein_prep/data/proteins/2WCG/components/.tmp_sanitized_protonation/2WCG_gaps_fragment_01_sanitized.pdb
output_written               : True
can_run_gromacs              : True
status                       : warning
atom_count_in                : 218
atom_count_out               : 218
residue_count_out            : 30
selected_altloc_count        : 0
dropped_altloc_atom_count    : 0
normalized_occupancy_count   : 0
dropped_heterogen_atom_count : 0
nonstandard_residue_names    : <none>
missing_heavy_atom_count     : 3
force_field_template_path    : /home/grheco/repositorios/stack_protein_prep/.pixi/envs/default/share/gromacs/top/amber99sb-ildn.ff/aminoacids.rtp

issues
------
[warning] missing_standard_heavy_atoms: Residue PHE B 0 is missing expected heavy atoms: CD1, CD2, CE1, CE2, CG, CZ
[warning] missing_standard_heavy_atoms: Residue ARG B 2 is missing expected heavy atoms: CZ, NH1, NH2
[warning] missing_standard_heavy_atoms: Residue ILE B 5 is missing expected heavy atoms: CD
