sanitize_pdb_for_gromacs
========================

pdb_id                       : 2WCG
variant_label                : gaps_fragment_02
input_pdb_path               : /home/grheco/repositorios/stack_protein_prep/data/proteins/2WCG/components/.tmp_gaps_fragments/2WCG_chain_B_fragment_02.pdb
output_pdb_path              : /home/grheco/repositorios/stack_protein_prep/data/proteins/2WCG/components/.tmp_sanitized_protonation/2WCG_gaps_fragment_02_sanitized.pdb
output_written               : True
can_run_gromacs              : True
status                       : warning
atom_count_in                : 3660
atom_count_out               : 3660
residue_count_out            : 465
selected_altloc_count        : 0
dropped_altloc_atom_count    : 0
normalized_occupancy_count   : 0
dropped_heterogen_atom_count : 0
nonstandard_residue_names    : <none>
missing_heavy_atom_count     : 29
force_field_template_path    : /home/grheco/repositorios/stack_protein_prep/.pixi/envs/default/share/gromacs/top/amber99sb-ildn.ff/aminoacids.rtp

issues
------
[warning] missing_standard_heavy_atoms: Residue LEU B 34 is missing expected heavy atoms: CD1, CD2, CG
[warning] missing_standard_heavy_atoms: Residue ILE B 56 is missing expected heavy atoms: CD
[warning] missing_standard_heavy_atoms: Residue ASN B 59 is missing expected heavy atoms: CG, ND2, OD1
[warning] missing_standard_heavy_atoms: Residue ILE B 93 is missing expected heavy atoms: CD
[warning] missing_standard_heavy_atoms: Residue GLU B 111 is missing expected heavy atoms: CD, OE1, OE2
[warning] missing_standard_heavy_atoms: Residue ILE B 114 is missing expected heavy atoms: CD
[warning] missing_standard_heavy_atoms: Residue ILE B 118 is missing expected heavy atoms: CD
[warning] missing_standard_heavy_atoms: Residue ILE B 119 is missing expected heavy atoms: CD
[warning] missing_standard_heavy_atoms: Residue ILE B 130 is missing expected heavy atoms: CD
[warning] missing_standard_heavy_atoms: Residue LYS B 155 is missing expected heavy atoms: CD, CE, NZ
[warning] missing_standard_heavy_atoms: Residue ILE B 158 is missing expected heavy atoms: CD
[warning] missing_standard_heavy_atoms: Residue ILE B 161 is missing expected heavy atoms: CD
[warning] missing_standard_heavy_atoms: Residue GLN B 169 is missing expected heavy atoms: CD, CG, NE2, OE1
[warning] missing_standard_heavy_atoms: Residue ILE B 204 is missing expected heavy atoms: CD
[warning] missing_standard_heavy_atoms: Residue ILE B 260 is missing expected heavy atoms: CD
[warning] missing_standard_heavy_atoms: Residue LYS B 303 is missing expected heavy atoms: NZ
[warning] missing_standard_heavy_atoms: Residue ILE B 308 is missing expected heavy atoms: CD
[warning] missing_standard_heavy_atoms: Residue ILE B 367 is missing expected heavy atoms: CD
[warning] missing_standard_heavy_atoms: Residue ILE B 368 is missing expected heavy atoms: CD
[warning] missing_standard_heavy_atoms: Residue GLU B 388 is missing expected heavy atoms: CD, CG, OE1, OE2
[warning] missing_standard_heavy_atoms: Residue ILE B 402 is missing expected heavy atoms: CD
[warning] missing_standard_heavy_atoms: Residue ILE B 403 is missing expected heavy atoms: CD
[warning] missing_standard_heavy_atoms: Residue ILE B 406 is missing expected heavy atoms: CD
[warning] missing_standard_heavy_atoms: Residue ILE B 427 is missing expected heavy atoms: CD
[warning] missing_standard_heavy_atoms: Residue LYS B 466 is missing expected heavy atoms: CD, CE, CG, NZ
[warning] missing_standard_heavy_atoms: Residue ILE B 472 is missing expected heavy atoms: CD
[warning] missing_standard_heavy_atoms: Residue ILE B 483 is missing expected heavy atoms: CD
[warning] missing_standard_heavy_atoms: Residue ILE B 489 is missing expected heavy atoms: CD
[warning] missing_standard_heavy_atoms: Residue GLN B 497 is missing expected heavy atoms: CD, NE2, OE1
