sanitize_pdb_for_gromacs
========================

pdb_id                       : 2WCG
variant_label                : prepared_best_complete
input_pdb_path               : /home/grheco/repositorios/stack_protein_prep/data/proteins/2WCG/prepared/best_complete/2WCG.pdb
output_pdb_path              : /home/grheco/repositorios/stack_protein_prep/data/proteins/2WCG/components/.tmp_sanitized_variant_audit/2WCG_best_complete_prepared_sanitized.pdb
output_written               : True
can_run_gromacs              : True
status                       : warning
atom_count_in                : 7748
atom_count_out               : 7724
residue_count_out            : 497
selected_altloc_count        : 0
dropped_altloc_atom_count    : 0
normalized_occupancy_count   : 0
dropped_heterogen_atom_count : 24
nonstandard_residue_names    : <none>
missing_heavy_atom_count     : 1
force_field_template_path    : /home/grheco/repositorios/stack_protein_prep/.pixi/envs/default/share/gromacs/top/amber99sb-ildn.ff/aminoacids.rtp

issues
------
[warning] missing_standard_heavy_atoms: Residue VAL A 497 is missing expected heavy atoms: O
[info] heterogens_dropped: Dropped 24 non-polymer HETATM atoms from the protein-only route.
