standard_residue_repair
=======================

input_pdb_path                   : /home/grheco/repositorios/stack_protein_prep/data/proteins/2WCG/components/.tmp_gaps_fragments/2WCG_chain_B_fragment_02.pdb
output_pdb_path                  : /home/grheco/repositorios/stack_protein_prep/data/proteins/2WCG/components/.tmp_standard_residue_repair/2WCG_gaps_fragment_02_standard_repaired.pdb
used_output_path                 : /home/grheco/repositorios/stack_protein_prep/data/proteins/2WCG/components/.tmp_gaps_fragments/2WCG_chain_B_fragment_02.pdb
repair_attempted                 : True
repair_success                   : False
can_continue                     : True
missing_heavy_atom_count_before  : 29
missing_heavy_atom_count_after   : 29
nonstandard_residue_names        : <none>
status                           : failed
message                          : MODELLER complete_pdb repair failed: ImportError('MODELLER is required for minimal standard-heavy-atom repair.'); original input retained.

missing_before
--------------
Residue LEU B 34 is missing expected heavy atoms: CD1, CD2, CG
Residue ILE B 56 is missing expected heavy atoms: CD
Residue ASN B 59 is missing expected heavy atoms: CG, ND2, OD1
Residue ILE B 93 is missing expected heavy atoms: CD
Residue GLU B 111 is missing expected heavy atoms: CD, OE1, OE2
Residue ILE B 114 is missing expected heavy atoms: CD
Residue ILE B 118 is missing expected heavy atoms: CD
Residue ILE B 119 is missing expected heavy atoms: CD
Residue ILE B 130 is missing expected heavy atoms: CD
Residue LYS B 155 is missing expected heavy atoms: CD, CE, NZ
Residue ILE B 158 is missing expected heavy atoms: CD
Residue ILE B 161 is missing expected heavy atoms: CD
Residue GLN B 169 is missing expected heavy atoms: CD, CG, NE2, OE1
Residue ILE B 204 is missing expected heavy atoms: CD
Residue ILE B 260 is missing expected heavy atoms: CD
Residue LYS B 303 is missing expected heavy atoms: NZ
Residue ILE B 308 is missing expected heavy atoms: CD
Residue ILE B 367 is missing expected heavy atoms: CD
Residue ILE B 368 is missing expected heavy atoms: CD
Residue GLU B 388 is missing expected heavy atoms: CD, CG, OE1, OE2
Residue ILE B 402 is missing expected heavy atoms: CD
Residue ILE B 403 is missing expected heavy atoms: CD
Residue ILE B 406 is missing expected heavy atoms: CD
Residue ILE B 427 is missing expected heavy atoms: CD
Residue LYS B 466 is missing expected heavy atoms: CD, CE, CG, NZ
Residue ILE B 472 is missing expected heavy atoms: CD
Residue ILE B 483 is missing expected heavy atoms: CD
Residue ILE B 489 is missing expected heavy atoms: CD
Residue GLN B 497 is missing expected heavy atoms: CD, NE2, OE1

missing_after
-------------
<none>
