Using the Amber99sb-ildn force field in directory amber99sb-ildn.ff

going to rename amber99sb-ildn.ff/aminoacids.r2b

going to rename amber99sb-ildn.ff/dna.r2b

going to rename amber99sb-ildn.ff/rna.r2b
Reading /home/grheco/repositorios/stack_protein_prep/data/proteins/1I00/components/.tmp_sanitized_protonation/1I00_single_sanitized.pdb...
Read '', 2260 atoms

Analyzing pdb file
Splitting chemical chains based on TER records or chain id changing.

There are 1 chains and 0 blocks of water and 278 residues with 2260 atoms

  chain  #res #atoms

  1 'A'   278   2260  

All occupancies are one

Reading residue database... (Amber99sb-ildn)

Preserving residues names by default

Preserving residues names by default

Preserving residues names by default

Processing chain 1 'A' (2260 atoms, 278 residues)

Identified residue SER6 as a starting terminus.

Identified residue THR306 as a ending terminus.

Checking for duplicate atoms....

Now there are 2248 atoms. Deleted 12 duplicates.

Generating any missing hydrogen atoms and/or adding termini.

Now there are 278 residues with 4467 atoms

Making bonds...

Long Bond (1327-1329 = 0.319753 nm)

Long Bond (1331-1333 = 0.362415 nm)

Long Bond (1333-1335 = 0.269303 nm)

Number of bonds was 4525, now 4524

Generating angles, dihedrals and pairs...

Making cmap torsions...

There are 12464 dihedrals,  927 impropers, 8167 angles
          11774 pairs,     4524 bonds and     0 virtual sites

Total mass 31886.684 a.m.u.

Total charge -2.000 e

Writing topology

Writing coordinate file...

		--------- PLEASE NOTE ------------

You have successfully generated a topology from: /home/grheco/repositorios/stack_protein_prep/data/proteins/1I00/components/.tmp_sanitized_protonation/1I00_single_sanitized.pdb.

The Amber99sb-ildn force field and the tip3p water model are used.

		--------- ETON ESAELP ------------
