Using the Amber99sb-ildn force field in directory amber99sb-ildn.ff

going to rename amber99sb-ildn.ff/aminoacids.r2b

going to rename amber99sb-ildn.ff/dna.r2b

going to rename amber99sb-ildn.ff/rna.r2b
Reading /home/grheco/repositorios/stack_protein_prep/data/proteins/1F0R/components/.tmp_sanitized_protonation/1F0R_single_sanitized.pdb...
Read '', 514 atoms

Analyzing pdb file
Splitting chemical chains based on TER records or chain id changing.

There are 2 chains and 0 blocks of water and 70 residues with 514 atoms

  chain  #res #atoms

  1 'A'    35    263  

  2 'B'    35    251  

All occupancies are one

Reading residue database... (Amber99sb-ildn)

Preserving residues names by default

Preserving residues names by default

Preserving residues names by default

Processing chain 1 'A' (263 atoms, 35 residues)

Identified residue ILE16 as a starting terminus.

Identified residue PHE50 as a ending terminus.

Checking for duplicate atoms....

Generating any missing hydrogen atoms and/or adding termini.

Now there are 35 residues with 505 atoms
Chain time...

Making bonds...

Number of bonds was 511, now 510

Generating angles, dihedrals and pairs...

Making cmap torsions...

There are 1389 dihedrals,  103 impropers,  920 angles
          1326 pairs,      510 bonds and     0 virtual sites

Total mass 3779.158 a.m.u.

Total charge -6.000 e

Writing topology

Processing chain 2 'B' (251 atoms, 35 residues)

Identified residue GLN16 as a starting terminus.

Identified residue GLU50 as a ending terminus.

Checking for duplicate atoms....

Generating any missing hydrogen atoms and/or adding termini.

Now there are 35 residues with 497 atoms
Chain time...

Making bonds...

Number of bonds was 503, now 502

Generating angles, dihedrals and pairs...

Making cmap torsions...

There are 1373 dihedrals,   95 impropers,  908 angles
          1312 pairs,      502 bonds and     0 virtual sites

Total mass 3645.170 a.m.u.

Total charge 1.000 e

Writing topology

Including chain 1 in system: 505 atoms 35 residues

Including chain 2 in system: 497 atoms 35 residues

Now there are 1002 atoms and 70 residues

Total mass in system 7424.328 a.m.u.

Total charge in system -5.000 e

Writing coordinate file...

		--------- PLEASE NOTE ------------

You have successfully generated a topology from: /home/grheco/repositorios/stack_protein_prep/data/proteins/1F0R/components/.tmp_sanitized_protonation/1F0R_single_sanitized.pdb.

The Amber99sb-ildn force field and the tip3p water model are used.

		--------- ETON ESAELP ------------
