Using the Amber99sb-ildn force field in directory amber99sb-ildn.ff

going to rename amber99sb-ildn.ff/aminoacids.r2b

going to rename amber99sb-ildn.ff/dna.r2b

going to rename amber99sb-ildn.ff/rna.r2b
Reading /home/grheco/repositorios/stack_protein_prep/data/proteins/1W4R/components/.tmp_sanitized_protonation/1W4R_single_sanitized.pdb...
Read '', 1365 atoms

Analyzing pdb file
Splitting chemical chains based on TER records or chain id changing.

There are 1 chains and 0 blocks of water and 174 residues with 1365 atoms

  chain  #res #atoms

  1 'A'   174   1365  

All occupancies are one

Reading residue database... (Amber99sb-ildn)

Preserving residues names by default

Preserving residues names by default

Preserving residues names by default

Processing chain 1 'A' (1365 atoms, 174 residues)

Identified residue ARG18 as a starting terminus.

Identified residue LYS191 as a ending terminus.

Checking for duplicate atoms....

Now there are 1354 atoms. Deleted 11 duplicates.

Generating any missing hydrogen atoms and/or adding termini.

Now there are 174 residues with 2740 atoms

Making bonds...

Number of bonds was 2763, now 2762

Generating angles, dihedrals and pairs...

Making cmap torsions...

There are 7447 dihedrals,  538 impropers, 4993 angles
          7191 pairs,     2762 bonds and     0 virtual sites

Total mass 19377.830 a.m.u.

Total charge 4.000 e

Writing topology

Writing coordinate file...

		--------- PLEASE NOTE ------------

You have successfully generated a topology from: /home/grheco/repositorios/stack_protein_prep/data/proteins/1W4R/components/.tmp_sanitized_protonation/1W4R_single_sanitized.pdb.

The Amber99sb-ildn force field and the tip3p water model are used.

		--------- ETON ESAELP ------------
