sanitize_pdb_for_gromacs
========================

pdb_id                       : 1B8O
variant_label                : single
input_pdb_path               : /home/grheco/repositorios/stack_protein_prep/data/proteins/1B8O/components/1B8O_protein_monomer.pdb
output_pdb_path              : /home/grheco/repositorios/stack_protein_prep/data/proteins/1B8O/components/.tmp_sanitized_protonation/1B8O_single_sanitized.pdb
output_written               : True
can_run_gromacs              : True
status                       : warning
atom_count_in                : 2192
atom_count_out               : 2199
residue_count_out            : 280
selected_altloc_count        : 7
dropped_altloc_atom_count    : 7
normalized_occupancy_count   : 8
dropped_heterogen_atom_count : 0
nonstandard_residue_names    : <none>
missing_heavy_atom_count     : 10
force_field_template_path    : /home/grheco/repositorios/stack_protein_prep/.pixi/envs/default/share/gromacs/top/amber99sb-ildn.ff/aminoacids.rtp

issues
------
[warning] altloc_selected: Selected one alternate location for 7 disordered atoms; dropped 7 duplicate positions.
[warning] occupancy_normalized: 8 selected atoms had occupancy other than 1.00 and will be written as 1.00.
[warning] missing_standard_heavy_atoms: Residue ILE A 30 is missing expected heavy atoms: CD
[warning] missing_standard_heavy_atoms: Residue ILE A 53 is missing expected heavy atoms: CD
[warning] missing_standard_heavy_atoms: Residue ILE A 72 is missing expected heavy atoms: CD
[warning] missing_standard_heavy_atoms: Residue ILE A 129 is missing expected heavy atoms: CD
[warning] missing_standard_heavy_atoms: Residue ILE A 132 is missing expected heavy atoms: CD
[warning] missing_standard_heavy_atoms: Residue ILE A 136 is missing expected heavy atoms: CD
[warning] missing_standard_heavy_atoms: Residue ILE A 226 is missing expected heavy atoms: CD
[warning] missing_standard_heavy_atoms: Residue ILE A 241 is missing expected heavy atoms: CD
[warning] missing_standard_heavy_atoms: Residue ILE A 246 is missing expected heavy atoms: CD
[warning] missing_standard_heavy_atoms: Residue ILE A 282 is missing expected heavy atoms: CD
