sanitize_pdb_for_gromacs
========================

pdb_id                       : 1B8O
variant_label                : prepared_single
input_pdb_path               : /home/grheco/repositorios/stack_protein_prep/data/proteins/1B8O/prepared/single/1B8O.pdb
output_pdb_path              : /home/grheco/repositorios/stack_protein_prep/data/proteins/1B8O/components/.tmp_sanitized_variant_audit/1B8O_single_prepared_sanitized.pdb
output_written               : True
can_run_gromacs              : True
status                       : warning
atom_count_in                : 4361
atom_count_out               : 4341
residue_count_out            : 280
selected_altloc_count        : 0
dropped_altloc_atom_count    : 0
normalized_occupancy_count   : 0
dropped_heterogen_atom_count : 20
nonstandard_residue_names    : <none>
missing_heavy_atom_count     : 1
force_field_template_path    : /home/grheco/repositorios/stack_protein_prep/.pixi/envs/default/share/gromacs/top/amber99sb-ildn.ff/aminoacids.rtp

issues
------
[warning] missing_standard_heavy_atoms: Residue ILE A 282 is missing expected heavy atoms: O
[info] heterogens_dropped: Dropped 20 non-polymer HETATM atoms from the protein-only route.
