standard_residue_repair
=======================

input_pdb_path                   : /home/grheco/repositorios/stack_protein_prep/data/proteins/1B8O/components/1B8O_protein_monomer.pdb
output_pdb_path                  : /home/grheco/repositorios/stack_protein_prep/data/proteins/1B8O/components/.tmp_standard_residue_repair/1B8O_single_standard_repaired.pdb
used_output_path                 : /home/grheco/repositorios/stack_protein_prep/data/proteins/1B8O/components/1B8O_protein_monomer.pdb
repair_attempted                 : True
repair_success                   : False
can_continue                     : True
missing_heavy_atom_count_before  : 10
missing_heavy_atom_count_after   : 10
nonstandard_residue_names        : <none>
status                           : failed
message                          : MODELLER complete_pdb repair failed: ImportError('MODELLER is required for minimal standard-heavy-atom repair.'); original input retained.

missing_before
--------------
Residue ILE A 30 is missing expected heavy atoms: CD
Residue ILE A 53 is missing expected heavy atoms: CD
Residue ILE A 72 is missing expected heavy atoms: CD
Residue ILE A 129 is missing expected heavy atoms: CD
Residue ILE A 132 is missing expected heavy atoms: CD
Residue ILE A 136 is missing expected heavy atoms: CD
Residue ILE A 226 is missing expected heavy atoms: CD
Residue ILE A 241 is missing expected heavy atoms: CD
Residue ILE A 246 is missing expected heavy atoms: CD
Residue ILE A 282 is missing expected heavy atoms: CD

missing_after
-------------
<none>
