================================================================================
[2026-05-17 14:44:21] module=fasta_files pdb_id=3OLL
================================================================================
pdb_directory=/home/grheco/repositorios/stack_protein_prep/data/proteins/3OLL
pdb_file_path=/home/grheco/repositorios/stack_protein_prep/data/proteins/3OLL/3OLL.pdb
fasta_directory=/home/grheco/repositorios/stack_protein_prep/data/proteins/3OLL/fasta
residue_range=262-498
[CHAIN SELECTION]
relevant_chain_ids=A
[SEQRES FASTA]
chain_count: 1
chains: A
output_path: /home/grheco/repositorios/stack_protein_prep/data/proteins/3OLL/fasta/PDB-3OLL-SEQRES.fasta
[ATOM FASTA]
chain_count: 1
chains: A
output_path: /home/grheco/repositorios/stack_protein_prep/data/proteins/3OLL/fasta/PDB-3OLL-ATOM.fasta
[UNIPROT QUERY]
pdb_id: 3OLL
query: xref:pdb-3OLL
request_url: https://rest.uniprot.org/uniprotkb/search?query=xref%3Apdb-3OLL&format=fasta
[UNIPROT RESULT] entry_count=2
accession=Q15788 header=sp|Q15788|NCOA1_HUMAN Nuclear receptor coactivator 1 OS=Homo sapiens OX=9606 GN=NCOA1 PE=1 SV=3
accession=Q92731 header=sp|Q92731|ESR2_HUMAN Estrogen receptor beta OS=Homo sapiens OX=9606 GN=ESR2 PE=1 SV=2
[UNIPROT FASTA]
entry_count: 2
accessions: Q15788, Q92731
================================================================================
[2026-05-17 15:36:40] module=fasta_files pdb_id=3OLL
================================================================================
pdb_directory=/home/grheco/repositorios/stack_protein_prep/data/proteins/3OLL
pdb_file_path=/home/grheco/repositorios/stack_protein_prep/data/proteins/3OLL/3OLL.pdb
fasta_directory=/home/grheco/repositorios/stack_protein_prep/data/proteins/3OLL/fasta
residue_range=262-498
[CHAIN SELECTION]
relevant_chain_ids=A
[SEQRES FASTA]
chain_count: 1
chains: A
output_path: /home/grheco/repositorios/stack_protein_prep/data/proteins/3OLL/fasta/PDB-3OLL-SEQRES.fasta
[ATOM FASTA]
chain_count: 1
chains: A
output_path: /home/grheco/repositorios/stack_protein_prep/data/proteins/3OLL/fasta/PDB-3OLL-ATOM.fasta
[UNIPROT QUERY]
pdb_id: 3OLL
query: xref:pdb-3OLL
request_url: https://rest.uniprot.org/uniprotkb/search?query=xref%3Apdb-3OLL&format=fasta
[UNIPROT RESULT] entry_count=2
accession=Q15788 header=sp|Q15788|NCOA1_HUMAN Nuclear receptor coactivator 1 OS=Homo sapiens OX=9606 GN=NCOA1 PE=1 SV=3
accession=Q92731 header=sp|Q92731|ESR2_HUMAN Estrogen receptor beta OS=Homo sapiens OX=9606 GN=ESR2 PE=1 SV=2
[UNIPROT FASTA]
entry_count: 2
accessions: Q15788, Q92731
================================================================================
[2026-05-17 15:45:21] module=fasta_files pdb_id=3OLL
================================================================================
pdb_directory=/home/grheco/repositorios/stack_protein_prep/data/proteins/3OLL
pdb_file_path=/home/grheco/repositorios/stack_protein_prep/data/proteins/3OLL/3OLL.pdb
fasta_directory=/home/grheco/repositorios/stack_protein_prep/data/proteins/3OLL/fasta
residue_range=262-498
[CHAIN SELECTION]
relevant_chain_ids=A
[SEQRES FASTA]
chain_count: 1
chains: A
output_path: /home/grheco/repositorios/stack_protein_prep/data/proteins/3OLL/fasta/PDB-3OLL-SEQRES.fasta
[ATOM FASTA]
chain_count: 1
chains: A
output_path: /home/grheco/repositorios/stack_protein_prep/data/proteins/3OLL/fasta/PDB-3OLL-ATOM.fasta
[UNIPROT QUERY]
pdb_id: 3OLL
query: xref:pdb-3OLL
request_url: https://rest.uniprot.org/uniprotkb/search?query=xref%3Apdb-3OLL&format=fasta
[UNIPROT RESULT] entry_count=2
accession=Q15788 header=sp|Q15788|NCOA1_HUMAN Nuclear receptor coactivator 1 OS=Homo sapiens OX=9606 GN=NCOA1 PE=1 SV=3
accession=Q92731 header=sp|Q92731|ESR2_HUMAN Estrogen receptor beta OS=Homo sapiens OX=9606 GN=ESR2 PE=1 SV=2
[UNIPROT FASTA]
entry_count: 2
accessions: Q15788, Q92731
================================================================================
[2026-05-17 17:17:28] module=fasta_files pdb_id=3OLL
================================================================================
pdb_directory=/home/grheco/repositorios/stack_protein_prep/data/proteins/3OLL
pdb_file_path=/home/grheco/repositorios/stack_protein_prep/data/proteins/3OLL/3OLL.pdb
fasta_directory=/home/grheco/repositorios/stack_protein_prep/data/proteins/3OLL/fasta
residue_range=262-498
[CHAIN SELECTION]
relevant_chain_ids=A
[SEQRES FASTA]
chain_count: 1
chains: A
output_path: /home/grheco/repositorios/stack_protein_prep/data/proteins/3OLL/fasta/PDB-3OLL-SEQRES.fasta
[ATOM FASTA]
chain_count: 1
chains: A
output_path: /home/grheco/repositorios/stack_protein_prep/data/proteins/3OLL/fasta/PDB-3OLL-ATOM.fasta
[UNIPROT QUERY]
pdb_id: 3OLL
query: xref:pdb-3OLL
request_url: https://rest.uniprot.org/uniprotkb/search?query=xref%3Apdb-3OLL&format=fasta
[UNIPROT RESULT] entry_count=2
accession=Q15788 header=sp|Q15788|NCOA1_HUMAN Nuclear receptor coactivator 1 OS=Homo sapiens OX=9606 GN=NCOA1 PE=1 SV=3
accession=Q92731 header=sp|Q92731|ESR2_HUMAN Estrogen receptor beta OS=Homo sapiens OX=9606 GN=ESR2 PE=1 SV=2
[UNIPROT FASTA]
entry_count: 2
accessions: Q15788, Q92731
================================================================================
[2026-05-17 17:42:37] module=fasta_files pdb_id=3OLL
================================================================================
pdb_directory=/home/grheco/repositorios/stack_protein_prep/data/proteins/3OLL
pdb_file_path=/home/grheco/repositorios/stack_protein_prep/data/proteins/3OLL/3OLL.pdb
fasta_directory=/home/grheco/repositorios/stack_protein_prep/data/proteins/3OLL/fasta
residue_range=262-498
[CHAIN SELECTION]
relevant_chain_ids=A
[SEQRES FASTA]
chain_count: 1
chains: A
output_path: /home/grheco/repositorios/stack_protein_prep/data/proteins/3OLL/fasta/PDB-3OLL-SEQRES.fasta
[ATOM FASTA]
chain_count: 1
chains: A
output_path: /home/grheco/repositorios/stack_protein_prep/data/proteins/3OLL/fasta/PDB-3OLL-ATOM.fasta
[UNIPROT QUERY]
pdb_id: 3OLL
query: xref:pdb-3OLL
request_url: https://rest.uniprot.org/uniprotkb/search?query=xref%3Apdb-3OLL&format=fasta
[UNIPROT RESULT] entry_count=2
accession=Q15788 header=sp|Q15788|NCOA1_HUMAN Nuclear receptor coactivator 1 OS=Homo sapiens OX=9606 GN=NCOA1 PE=1 SV=3
accession=Q92731 header=sp|Q92731|ESR2_HUMAN Estrogen receptor beta OS=Homo sapiens OX=9606 GN=ESR2 PE=1 SV=2
[UNIPROT FASTA]
entry_count: 2
accessions: Q15788, Q92731
================================================================================
[2026-05-17 17:44:49] module=fasta_files pdb_id=3OLL
================================================================================
pdb_directory=/home/grheco/repositorios/stack_protein_prep/data/proteins/3OLL
pdb_file_path=/home/grheco/repositorios/stack_protein_prep/data/proteins/3OLL/3OLL.pdb
fasta_directory=/home/grheco/repositorios/stack_protein_prep/data/proteins/3OLL/fasta
residue_range=262-498
[CHAIN SELECTION]
relevant_chain_ids=A
[SEQRES FASTA]
chain_count: 1
chains: A
output_path: /home/grheco/repositorios/stack_protein_prep/data/proteins/3OLL/fasta/PDB-3OLL-SEQRES.fasta
[ATOM FASTA]
chain_count: 1
chains: A
output_path: /home/grheco/repositorios/stack_protein_prep/data/proteins/3OLL/fasta/PDB-3OLL-ATOM.fasta
[UNIPROT QUERY]
pdb_id: 3OLL
query: xref:pdb-3OLL
request_url: https://rest.uniprot.org/uniprotkb/search?query=xref%3Apdb-3OLL&format=fasta
[UNIPROT RESULT] entry_count=2
accession=Q15788 header=sp|Q15788|NCOA1_HUMAN Nuclear receptor coactivator 1 OS=Homo sapiens OX=9606 GN=NCOA1 PE=1 SV=3
accession=Q92731 header=sp|Q92731|ESR2_HUMAN Estrogen receptor beta OS=Homo sapiens OX=9606 GN=ESR2 PE=1 SV=2
[UNIPROT FASTA]
entry_count: 2
accessions: Q15788, Q92731
