================================================================================
[2026-05-17 14:44:48] module=filler pdb_id=3OLL
================================================================================
template_id=3OLL_protein_monomer
target_id=3OLL_A
input_chain_id=A
alignment_directory=/home/grheco/repositorios/stack_protein_prep/data/proteins/3OLL/fasta/alignments
template_pdb_path=/home/grheco/repositorios/stack_protein_prep/data/proteins/3OLL/components/3OLL_protein_monomer.pdb
output_dir=/home/grheco/repositorios/stack_protein_prep/data/proteins/3OLL/fasta/alignments/filler/A
starting_model=1
ending_model=1
skip_if_no_internal_gaps=True
uniprot_id=Q15788
residue_range=262-498
[DEBUG] === run_filler_for_chain START ===
[DEBUG] alignment_directory: /home/grheco/repositorios/stack_protein_prep/data/proteins/3OLL/fasta/alignments
[DEBUG] template_pdb_path: /home/grheco/repositorios/stack_protein_prep/data/proteins/3OLL/components/3OLL_protein_monomer.pdb
[DEBUG] output_dir: /home/grheco/repositorios/stack_protein_prep/data/proteins/3OLL/fasta/alignments/filler/A
[DEBUG] template_id: 3OLL_protein_monomer
[DEBUG] target_id: 3OLL_A
[DEBUG] chain_id (input): A
[DEBUG] starting_model: 1
[DEBUG] ending_model: 1
[DEBUG] uniprot_id: Q15788
[DEBUG] residue_range: 262-498
[DEBUG] effective_residue_range: 262-498
[DEBUG] Resolved chain_id: A
[DEBUG] Alignment FASTA selected for filler: /home/grheco/repositorios/stack_protein_prep/data/proteins/3OLL/fasta/alignments/ATOM_chain_A_vs_UniProt.aln.fasta
[DEBUG] Template FASTA header selected: PDB|3OLL|ATOM|chain_A
[DEBUG] Target FASTA header selected: sp|Q15788|NCOA1_HUMAN Nuclear receptor coactivator 1 OS=Homo sapiens OX=9606 GN=NCOA1 PE=1 SV=3
[FILL DECISION]
resolved_chain_id: A
effective_residue_range: 262-498
should_run_modeller: False
overall_classification: alphafold_candidate
alphafold_candidate: True
n_gap_regions: 8
skip_reason: At least one internal gap is 8 residues or longer. Using AlphaFold fallback if possible.
[GAP REGION 1]
alignment_start: 374
alignment_end: 446
gap_length: 73
is_terminal: False
classification: alphafold_candidate
[GAP REGION 2]
alignment_start: 450
alignment_end: 700
gap_length: 251
is_terminal: False
classification: alphafold_candidate
[GAP REGION 3]
alignment_start: 709
alignment_end: 743
gap_length: 35
is_terminal: False
classification: alphafold_candidate
[GAP REGION 4]
alignment_start: 748
alignment_end: 789
gap_length: 42
is_terminal: False
classification: alphafold_candidate
[GAP REGION 5]
alignment_start: 813
alignment_end: 814
gap_length: 2
is_terminal: False
classification: green
[GAP REGION 6]
alignment_start: 985
alignment_end: 1102
gap_length: 118
is_terminal: False
classification: alphafold_candidate
[GAP REGION 7]
alignment_start: 1107
alignment_end: 1382
gap_length: 276
is_terminal: False
classification: alphafold_candidate
[GAP REGION 8]
alignment_start: 1392
alignment_end: 1448
gap_length: 57
is_terminal: False
classification: alphafold_candidate
[DEBUG] Fill decision: should_run_modeller=False, overall_classification=alphafold_candidate, alphafold_candidate=True
[ALPHAFOLD OUTPUT]
effective_residue_range: 262-498
alphafold_model_path: /home/grheco/repositorios/stack_protein_prep/data/proteins/3OLL/fasta/alignments/filler/A/final_filled_model.pdb
stdout_log: /home/grheco/repositorios/stack_protein_prep/data/proteins/3OLL/fasta/alignments/filler/A/modeller_stdout.log
stderr_log: /home/grheco/repositorios/stack_protein_prep/data/proteins/3OLL/fasta/alignments/filler/A/modeller_stderr.log
[DEBUG] === run_filler_for_chain END (ALPHAFOLD FALLBACK) ===
================================================================================
[2026-05-17 15:37:13] module=filler pdb_id=3OLL
================================================================================
template_id=3OLL_protein_monomer
target_id=3OLL_A
input_chain_id=A
alignment_directory=/home/grheco/repositorios/stack_protein_prep/data/proteins/3OLL/fasta/alignments
template_pdb_path=/home/grheco/repositorios/stack_protein_prep/data/proteins/3OLL/components/3OLL_protein_monomer.pdb
output_dir=/home/grheco/repositorios/stack_protein_prep/data/proteins/3OLL/fasta/alignments/filler/A
starting_model=1
ending_model=1
skip_if_no_internal_gaps=True
uniprot_id=Q15788
residue_range=262-498
[DEBUG] === run_filler_for_chain START ===
[DEBUG] alignment_directory: /home/grheco/repositorios/stack_protein_prep/data/proteins/3OLL/fasta/alignments
[DEBUG] template_pdb_path: /home/grheco/repositorios/stack_protein_prep/data/proteins/3OLL/components/3OLL_protein_monomer.pdb
[DEBUG] output_dir: /home/grheco/repositorios/stack_protein_prep/data/proteins/3OLL/fasta/alignments/filler/A
[DEBUG] template_id: 3OLL_protein_monomer
[DEBUG] target_id: 3OLL_A
[DEBUG] chain_id (input): A
[DEBUG] starting_model: 1
[DEBUG] ending_model: 1
[DEBUG] uniprot_id: Q15788
[DEBUG] residue_range: 262-498
[DEBUG] effective_residue_range: 262-498
[DEBUG] Resolved chain_id: A
[DEBUG] Alignment FASTA selected for filler: /home/grheco/repositorios/stack_protein_prep/data/proteins/3OLL/fasta/alignments/ATOM_chain_A_vs_UniProt.aln.fasta
[DEBUG] Template FASTA header selected: PDB|3OLL|ATOM|chain_A
[DEBUG] Target FASTA header selected: sp|Q15788|NCOA1_HUMAN Nuclear receptor coactivator 1 OS=Homo sapiens OX=9606 GN=NCOA1 PE=1 SV=3
[FILL DECISION]
resolved_chain_id: A
effective_residue_range: 262-498
should_run_modeller: False
overall_classification: alphafold_candidate
alphafold_candidate: True
n_gap_regions: 8
skip_reason: At least one internal gap is 8 residues or longer. Using AlphaFold fallback if possible.
[GAP REGION 1]
alignment_start: 374
alignment_end: 446
gap_length: 73
is_terminal: False
classification: alphafold_candidate
[GAP REGION 2]
alignment_start: 450
alignment_end: 700
gap_length: 251
is_terminal: False
classification: alphafold_candidate
[GAP REGION 3]
alignment_start: 709
alignment_end: 743
gap_length: 35
is_terminal: False
classification: alphafold_candidate
[GAP REGION 4]
alignment_start: 748
alignment_end: 789
gap_length: 42
is_terminal: False
classification: alphafold_candidate
[GAP REGION 5]
alignment_start: 813
alignment_end: 814
gap_length: 2
is_terminal: False
classification: green
[GAP REGION 6]
alignment_start: 985
alignment_end: 1102
gap_length: 118
is_terminal: False
classification: alphafold_candidate
[GAP REGION 7]
alignment_start: 1107
alignment_end: 1382
gap_length: 276
is_terminal: False
classification: alphafold_candidate
[GAP REGION 8]
alignment_start: 1392
alignment_end: 1448
gap_length: 57
is_terminal: False
classification: alphafold_candidate
[DEBUG] Fill decision: should_run_modeller=False, overall_classification=alphafold_candidate, alphafold_candidate=True
[ALPHAFOLD OUTPUT]
effective_residue_range: 262-498
alphafold_model_path: /home/grheco/repositorios/stack_protein_prep/data/proteins/3OLL/fasta/alignments/filler/A/final_filled_model.pdb
stdout_log: /home/grheco/repositorios/stack_protein_prep/data/proteins/3OLL/fasta/alignments/filler/A/modeller_stdout.log
stderr_log: /home/grheco/repositorios/stack_protein_prep/data/proteins/3OLL/fasta/alignments/filler/A/modeller_stderr.log
[DEBUG] === run_filler_for_chain END (ALPHAFOLD FALLBACK) ===
================================================================================
[2026-05-17 15:45:54] module=filler pdb_id=3OLL
================================================================================
template_id=3OLL_protein_monomer
target_id=3OLL_A
input_chain_id=A
alignment_directory=/home/grheco/repositorios/stack_protein_prep/data/proteins/3OLL/fasta/alignments
template_pdb_path=/home/grheco/repositorios/stack_protein_prep/data/proteins/3OLL/components/3OLL_protein_monomer.pdb
output_dir=/home/grheco/repositorios/stack_protein_prep/data/proteins/3OLL/fasta/alignments/filler/A
starting_model=1
ending_model=1
skip_if_no_internal_gaps=True
uniprot_id=Q15788
residue_range=262-498
[DEBUG] === run_filler_for_chain START ===
[DEBUG] alignment_directory: /home/grheco/repositorios/stack_protein_prep/data/proteins/3OLL/fasta/alignments
[DEBUG] template_pdb_path: /home/grheco/repositorios/stack_protein_prep/data/proteins/3OLL/components/3OLL_protein_monomer.pdb
[DEBUG] output_dir: /home/grheco/repositorios/stack_protein_prep/data/proteins/3OLL/fasta/alignments/filler/A
[DEBUG] template_id: 3OLL_protein_monomer
[DEBUG] target_id: 3OLL_A
[DEBUG] chain_id (input): A
[DEBUG] starting_model: 1
[DEBUG] ending_model: 1
[DEBUG] uniprot_id: Q15788
[DEBUG] residue_range: 262-498
[DEBUG] effective_residue_range: 262-498
[DEBUG] Resolved chain_id: A
[DEBUG] Alignment FASTA selected for filler: /home/grheco/repositorios/stack_protein_prep/data/proteins/3OLL/fasta/alignments/ATOM_chain_A_vs_UniProt.aln.fasta
[DEBUG] Template FASTA header selected: PDB|3OLL|ATOM|chain_A
[DEBUG] Target FASTA header selected: sp|Q15788|NCOA1_HUMAN Nuclear receptor coactivator 1 OS=Homo sapiens OX=9606 GN=NCOA1 PE=1 SV=3
[FILL DECISION]
resolved_chain_id: A
effective_residue_range: 262-498
should_run_modeller: False
overall_classification: alphafold_candidate
alphafold_candidate: True
n_gap_regions: 8
skip_reason: At least one internal gap is 8 residues or longer. Using AlphaFold fallback if possible.
[GAP REGION 1]
alignment_start: 374
alignment_end: 446
gap_length: 73
is_terminal: False
classification: alphafold_candidate
[GAP REGION 2]
alignment_start: 450
alignment_end: 700
gap_length: 251
is_terminal: False
classification: alphafold_candidate
[GAP REGION 3]
alignment_start: 709
alignment_end: 743
gap_length: 35
is_terminal: False
classification: alphafold_candidate
[GAP REGION 4]
alignment_start: 748
alignment_end: 789
gap_length: 42
is_terminal: False
classification: alphafold_candidate
[GAP REGION 5]
alignment_start: 813
alignment_end: 814
gap_length: 2
is_terminal: False
classification: green
[GAP REGION 6]
alignment_start: 985
alignment_end: 1102
gap_length: 118
is_terminal: False
classification: alphafold_candidate
[GAP REGION 7]
alignment_start: 1107
alignment_end: 1382
gap_length: 276
is_terminal: False
classification: alphafold_candidate
[GAP REGION 8]
alignment_start: 1392
alignment_end: 1448
gap_length: 57
is_terminal: False
classification: alphafold_candidate
[DEBUG] Fill decision: should_run_modeller=False, overall_classification=alphafold_candidate, alphafold_candidate=True
[ALPHAFOLD OUTPUT]
effective_residue_range: 262-498
alphafold_model_path: /home/grheco/repositorios/stack_protein_prep/data/proteins/3OLL/fasta/alignments/filler/A/final_filled_model.pdb
stdout_log: /home/grheco/repositorios/stack_protein_prep/data/proteins/3OLL/fasta/alignments/filler/A/modeller_stdout.log
stderr_log: /home/grheco/repositorios/stack_protein_prep/data/proteins/3OLL/fasta/alignments/filler/A/modeller_stderr.log
[DEBUG] === run_filler_for_chain END (ALPHAFOLD FALLBACK) ===
================================================================================
[2026-05-17 17:17:55] module=filler pdb_id=3OLL
================================================================================
template_id=3OLL_protein_monomer
target_id=3OLL_A
input_chain_id=A
alignment_directory=/home/grheco/repositorios/stack_protein_prep/data/proteins/3OLL/fasta/alignments
template_pdb_path=/home/grheco/repositorios/stack_protein_prep/data/proteins/3OLL/components/3OLL_protein_monomer.pdb
output_dir=/home/grheco/repositorios/stack_protein_prep/data/proteins/3OLL/fasta/alignments/filler/A
starting_model=1
ending_model=1
skip_if_no_internal_gaps=True
uniprot_id=Q15788
residue_range=262-498
[DEBUG] === run_filler_for_chain START ===
[DEBUG] alignment_directory: /home/grheco/repositorios/stack_protein_prep/data/proteins/3OLL/fasta/alignments
[DEBUG] template_pdb_path: /home/grheco/repositorios/stack_protein_prep/data/proteins/3OLL/components/3OLL_protein_monomer.pdb
[DEBUG] output_dir: /home/grheco/repositorios/stack_protein_prep/data/proteins/3OLL/fasta/alignments/filler/A
[DEBUG] template_id: 3OLL_protein_monomer
[DEBUG] target_id: 3OLL_A
[DEBUG] chain_id (input): A
[DEBUG] starting_model: 1
[DEBUG] ending_model: 1
[DEBUG] uniprot_id: Q15788
[DEBUG] residue_range: 262-498
[DEBUG] effective_residue_range: 262-498
[DEBUG] Resolved chain_id: A
[DEBUG] Alignment FASTA selected for filler: /home/grheco/repositorios/stack_protein_prep/data/proteins/3OLL/fasta/alignments/ATOM_chain_A_vs_UniProt.aln.fasta
[DEBUG] Template FASTA header selected: PDB|3OLL|ATOM|chain_A
[DEBUG] Target FASTA header selected: sp|Q15788|NCOA1_HUMAN Nuclear receptor coactivator 1 OS=Homo sapiens OX=9606 GN=NCOA1 PE=1 SV=3
[FILL DECISION]
resolved_chain_id: A
effective_residue_range: 262-498
should_run_modeller: False
overall_classification: alphafold_candidate
alphafold_candidate: True
n_gap_regions: 8
skip_reason: At least one internal gap is 8 residues or longer. Using AlphaFold fallback if possible.
[GAP REGION 1]
alignment_start: 374
alignment_end: 446
gap_length: 73
is_terminal: False
classification: alphafold_candidate
[GAP REGION 2]
alignment_start: 450
alignment_end: 700
gap_length: 251
is_terminal: False
classification: alphafold_candidate
[GAP REGION 3]
alignment_start: 709
alignment_end: 743
gap_length: 35
is_terminal: False
classification: alphafold_candidate
[GAP REGION 4]
alignment_start: 748
alignment_end: 789
gap_length: 42
is_terminal: False
classification: alphafold_candidate
[GAP REGION 5]
alignment_start: 813
alignment_end: 814
gap_length: 2
is_terminal: False
classification: green
[GAP REGION 6]
alignment_start: 985
alignment_end: 1102
gap_length: 118
is_terminal: False
classification: alphafold_candidate
[GAP REGION 7]
alignment_start: 1107
alignment_end: 1382
gap_length: 276
is_terminal: False
classification: alphafold_candidate
[GAP REGION 8]
alignment_start: 1392
alignment_end: 1448
gap_length: 57
is_terminal: False
classification: alphafold_candidate
[DEBUG] Fill decision: should_run_modeller=False, overall_classification=alphafold_candidate, alphafold_candidate=True
[ALPHAFOLD OUTPUT]
effective_residue_range: 262-498
alphafold_model_path: /home/grheco/repositorios/stack_protein_prep/data/proteins/3OLL/fasta/alignments/filler/A/final_filled_model.pdb
stdout_log: /home/grheco/repositorios/stack_protein_prep/data/proteins/3OLL/fasta/alignments/filler/A/modeller_stdout.log
stderr_log: /home/grheco/repositorios/stack_protein_prep/data/proteins/3OLL/fasta/alignments/filler/A/modeller_stderr.log
[DEBUG] === run_filler_for_chain END (ALPHAFOLD FALLBACK) ===
================================================================================
[2026-05-17 17:43:11] module=filler pdb_id=3OLL
================================================================================
template_id=3OLL_protein_monomer
target_id=3OLL_A
input_chain_id=A
alignment_directory=/home/grheco/repositorios/stack_protein_prep/data/proteins/3OLL/fasta/alignments
template_pdb_path=/home/grheco/repositorios/stack_protein_prep/data/proteins/3OLL/components/3OLL_protein_monomer.pdb
output_dir=/home/grheco/repositorios/stack_protein_prep/data/proteins/3OLL/fasta/alignments/filler/A
starting_model=1
ending_model=1
skip_if_no_internal_gaps=True
uniprot_id=Q15788
residue_range=262-498
[DEBUG] === run_filler_for_chain START ===
[DEBUG] alignment_directory: /home/grheco/repositorios/stack_protein_prep/data/proteins/3OLL/fasta/alignments
[DEBUG] template_pdb_path: /home/grheco/repositorios/stack_protein_prep/data/proteins/3OLL/components/3OLL_protein_monomer.pdb
[DEBUG] output_dir: /home/grheco/repositorios/stack_protein_prep/data/proteins/3OLL/fasta/alignments/filler/A
[DEBUG] template_id: 3OLL_protein_monomer
[DEBUG] target_id: 3OLL_A
[DEBUG] chain_id (input): A
[DEBUG] starting_model: 1
[DEBUG] ending_model: 1
[DEBUG] uniprot_id: Q15788
[DEBUG] residue_range: 262-498
[DEBUG] effective_residue_range: 262-498
[DEBUG] Resolved chain_id: A
[DEBUG] Alignment FASTA selected for filler: /home/grheco/repositorios/stack_protein_prep/data/proteins/3OLL/fasta/alignments/ATOM_chain_A_vs_UniProt.aln.fasta
[DEBUG] Template FASTA header selected: PDB|3OLL|ATOM|chain_A
[DEBUG] Target FASTA header selected: sp|Q15788|NCOA1_HUMAN Nuclear receptor coactivator 1 OS=Homo sapiens OX=9606 GN=NCOA1 PE=1 SV=3
[FILL DECISION]
resolved_chain_id: A
effective_residue_range: 262-498
should_run_modeller: False
overall_classification: alphafold_candidate
alphafold_candidate: True
n_gap_regions: 8
skip_reason: At least one internal gap is 8 residues or longer. Using AlphaFold fallback if possible.
[GAP REGION 1]
alignment_start: 374
alignment_end: 446
gap_length: 73
is_terminal: False
classification: alphafold_candidate
[GAP REGION 2]
alignment_start: 450
alignment_end: 700
gap_length: 251
is_terminal: False
classification: alphafold_candidate
[GAP REGION 3]
alignment_start: 709
alignment_end: 743
gap_length: 35
is_terminal: False
classification: alphafold_candidate
[GAP REGION 4]
alignment_start: 748
alignment_end: 789
gap_length: 42
is_terminal: False
classification: alphafold_candidate
[GAP REGION 5]
alignment_start: 813
alignment_end: 814
gap_length: 2
is_terminal: False
classification: green
[GAP REGION 6]
alignment_start: 985
alignment_end: 1102
gap_length: 118
is_terminal: False
classification: alphafold_candidate
[GAP REGION 7]
alignment_start: 1107
alignment_end: 1382
gap_length: 276
is_terminal: False
classification: alphafold_candidate
[GAP REGION 8]
alignment_start: 1392
alignment_end: 1448
gap_length: 57
is_terminal: False
classification: alphafold_candidate
[DEBUG] Fill decision: should_run_modeller=False, overall_classification=alphafold_candidate, alphafold_candidate=True
[ALPHAFOLD OUTPUT]
effective_residue_range: 262-498
alphafold_model_path: /home/grheco/repositorios/stack_protein_prep/data/proteins/3OLL/fasta/alignments/filler/A/final_filled_model.pdb
stdout_log: /home/grheco/repositorios/stack_protein_prep/data/proteins/3OLL/fasta/alignments/filler/A/modeller_stdout.log
stderr_log: /home/grheco/repositorios/stack_protein_prep/data/proteins/3OLL/fasta/alignments/filler/A/modeller_stderr.log
[DEBUG] === run_filler_for_chain END (ALPHAFOLD FALLBACK) ===
================================================================================
[2026-05-17 17:45:18] module=filler pdb_id=3OLL
================================================================================
template_id=3OLL_protein_monomer
target_id=3OLL_A
input_chain_id=A
alignment_directory=/home/grheco/repositorios/stack_protein_prep/data/proteins/3OLL/fasta/alignments
template_pdb_path=/home/grheco/repositorios/stack_protein_prep/data/proteins/3OLL/components/3OLL_protein_monomer.pdb
output_dir=/home/grheco/repositorios/stack_protein_prep/data/proteins/3OLL/fasta/alignments/filler/A
starting_model=1
ending_model=1
skip_if_no_internal_gaps=True
uniprot_id=Q15788
residue_range=262-498
[DEBUG] === run_filler_for_chain START ===
[DEBUG] alignment_directory: /home/grheco/repositorios/stack_protein_prep/data/proteins/3OLL/fasta/alignments
[DEBUG] template_pdb_path: /home/grheco/repositorios/stack_protein_prep/data/proteins/3OLL/components/3OLL_protein_monomer.pdb
[DEBUG] output_dir: /home/grheco/repositorios/stack_protein_prep/data/proteins/3OLL/fasta/alignments/filler/A
[DEBUG] template_id: 3OLL_protein_monomer
[DEBUG] target_id: 3OLL_A
[DEBUG] chain_id (input): A
[DEBUG] starting_model: 1
[DEBUG] ending_model: 1
[DEBUG] uniprot_id: Q15788
[DEBUG] residue_range: 262-498
[DEBUG] effective_residue_range: 262-498
[DEBUG] Resolved chain_id: A
[DEBUG] Alignment FASTA selected for filler: /home/grheco/repositorios/stack_protein_prep/data/proteins/3OLL/fasta/alignments/ATOM_chain_A_vs_UniProt.aln.fasta
[DEBUG] Template FASTA header selected: PDB|3OLL|ATOM|chain_A
[DEBUG] Target FASTA header selected: sp|Q15788|NCOA1_HUMAN Nuclear receptor coactivator 1 OS=Homo sapiens OX=9606 GN=NCOA1 PE=1 SV=3
[FILL DECISION]
resolved_chain_id: A
effective_residue_range: 262-498
should_run_modeller: False
overall_classification: alphafold_candidate
alphafold_candidate: True
n_gap_regions: 8
skip_reason: At least one internal gap is 8 residues or longer. Using AlphaFold fallback if possible.
[GAP REGION 1]
alignment_start: 374
alignment_end: 446
gap_length: 73
is_terminal: False
classification: alphafold_candidate
[GAP REGION 2]
alignment_start: 450
alignment_end: 700
gap_length: 251
is_terminal: False
classification: alphafold_candidate
[GAP REGION 3]
alignment_start: 709
alignment_end: 743
gap_length: 35
is_terminal: False
classification: alphafold_candidate
[GAP REGION 4]
alignment_start: 748
alignment_end: 789
gap_length: 42
is_terminal: False
classification: alphafold_candidate
[GAP REGION 5]
alignment_start: 813
alignment_end: 814
gap_length: 2
is_terminal: False
classification: green
[GAP REGION 6]
alignment_start: 985
alignment_end: 1102
gap_length: 118
is_terminal: False
classification: alphafold_candidate
[GAP REGION 7]
alignment_start: 1107
alignment_end: 1382
gap_length: 276
is_terminal: False
classification: alphafold_candidate
[GAP REGION 8]
alignment_start: 1392
alignment_end: 1448
gap_length: 57
is_terminal: False
classification: alphafold_candidate
[DEBUG] Fill decision: should_run_modeller=False, overall_classification=alphafold_candidate, alphafold_candidate=True
[ALPHAFOLD OUTPUT]
effective_residue_range: 262-498
alphafold_model_path: /home/grheco/repositorios/stack_protein_prep/data/proteins/3OLL/fasta/alignments/filler/A/final_filled_model.pdb
stdout_log: /home/grheco/repositorios/stack_protein_prep/data/proteins/3OLL/fasta/alignments/filler/A/modeller_stdout.log
stderr_log: /home/grheco/repositorios/stack_protein_prep/data/proteins/3OLL/fasta/alignments/filler/A/modeller_stderr.log
[DEBUG] === run_filler_for_chain END (ALPHAFOLD FALLBACK) ===
================================================================================
[2026-05-17 18:12:29] module=filler pdb_id=3OLL
================================================================================
template_id=3OLL_protein_monomer
target_id=3OLL_A
input_chain_id=A
alignment_directory=/home/grheco/repositorios/stack_protein_prep/data/proteins/3OLL/fasta/alignments
template_pdb_path=/home/grheco/repositorios/stack_protein_prep/data/proteins/3OLL/components/3OLL_protein_monomer.pdb
output_dir=/home/grheco/repositorios/stack_protein_prep/data/proteins/3OLL/fasta/alignments/filler/A
starting_model=1
ending_model=1
skip_if_no_internal_gaps=True
uniprot_id=Q15788
residue_range=262-498
[DEBUG] === run_filler_for_chain START ===
[DEBUG] alignment_directory: /home/grheco/repositorios/stack_protein_prep/data/proteins/3OLL/fasta/alignments
[DEBUG] template_pdb_path: /home/grheco/repositorios/stack_protein_prep/data/proteins/3OLL/components/3OLL_protein_monomer.pdb
[DEBUG] output_dir: /home/grheco/repositorios/stack_protein_prep/data/proteins/3OLL/fasta/alignments/filler/A
[DEBUG] template_id: 3OLL_protein_monomer
[DEBUG] target_id: 3OLL_A
[DEBUG] chain_id (input): A
[DEBUG] starting_model: 1
[DEBUG] ending_model: 1
[DEBUG] uniprot_id: Q15788
[DEBUG] residue_range: 262-498
[DEBUG] effective_residue_range: 262-498
[DEBUG] Resolved chain_id: A
[DEBUG] Alignment FASTA selected for filler: /home/grheco/repositorios/stack_protein_prep/data/proteins/3OLL/fasta/alignments/ATOM_chain_A_vs_UniProt.aln.fasta
[DEBUG] Template FASTA header selected: PDB|3OLL|ATOM|chain_A
[DEBUG] Target FASTA header selected: sp|Q15788|NCOA1_HUMAN Nuclear receptor coactivator 1 OS=Homo sapiens OX=9606 GN=NCOA1 PE=1 SV=3
[FILL DECISION]
resolved_chain_id: A
effective_residue_range: 262-498
should_run_modeller: False
overall_classification: alphafold_candidate
alphafold_candidate: True
n_gap_regions: 8
skip_reason: At least one internal gap is 8 residues or longer. Using AlphaFold fallback if possible.
[GAP REGION 1]
alignment_start: 374
alignment_end: 446
gap_length: 73
is_terminal: False
classification: alphafold_candidate
[GAP REGION 2]
alignment_start: 450
alignment_end: 700
gap_length: 251
is_terminal: False
classification: alphafold_candidate
[GAP REGION 3]
alignment_start: 709
alignment_end: 743
gap_length: 35
is_terminal: False
classification: alphafold_candidate
[GAP REGION 4]
alignment_start: 748
alignment_end: 789
gap_length: 42
is_terminal: False
classification: alphafold_candidate
[GAP REGION 5]
alignment_start: 813
alignment_end: 814
gap_length: 2
is_terminal: False
classification: green
[GAP REGION 6]
alignment_start: 985
alignment_end: 1102
gap_length: 118
is_terminal: False
classification: alphafold_candidate
[GAP REGION 7]
alignment_start: 1107
alignment_end: 1382
gap_length: 276
is_terminal: False
classification: alphafold_candidate
[GAP REGION 8]
alignment_start: 1392
alignment_end: 1448
gap_length: 57
is_terminal: False
classification: alphafold_candidate
[DEBUG] Fill decision: should_run_modeller=False, overall_classification=alphafold_candidate, alphafold_candidate=True
[ALPHAFOLD OUTPUT]
effective_residue_range: 262-498
alphafold_model_path: /home/grheco/repositorios/stack_protein_prep/data/proteins/3OLL/fasta/alignments/filler/A/final_filled_model.pdb
stdout_log: /home/grheco/repositorios/stack_protein_prep/data/proteins/3OLL/fasta/alignments/filler/A/modeller_stdout.log
stderr_log: /home/grheco/repositorios/stack_protein_prep/data/proteins/3OLL/fasta/alignments/filler/A/modeller_stderr.log
[DEBUG] === run_filler_for_chain END (ALPHAFOLD FALLBACK) ===
