metalls_check
============

pdb_id                   : 3OLL
variant_label            : input_inventory
input_model_path         : /home/grheco/repositorios/stack_protein_prep/data/proteins/3OLL/components/3OLL_protein_monomer.pdb
analysis_input_path      : /home/grheco/repositorios/stack_protein_prep/data/proteins/3OLL/components/metals_check/input_inventory/3OLL_input_inventory_metal_analysis_input.pdb
contacts_tsv_path        : /home/grheco/repositorios/stack_protein_prep/data/proteins/3OLL/components/metals_check/input_inventory/3OLL_input_inventory_metal_contacts.tsv
manifest_path            : /home/grheco/repositorios/stack_protein_prep/data/proteins/3OLL/components/metals_check/input_inventory/3OLL_input_inventory_metal_check.json
chimera_status           : skipped
status                   : skipped
metal_class              : none
ion_type_text            : none
parameter_reference_text : none
found_geometry_text      : none
probable_geometry_text   : none
geometry_match           : n/a
model_metal_ready        : True
message                  : No metal atoms detected in prepared model.

sites
-----
