sanitize_pdb_for_gromacs
========================

pdb_id                       : 3OLL
variant_label                : gaps_fragment_02
input_pdb_path               : /home/grheco/repositorios/stack_protein_prep/data/proteins/3OLL/components/.tmp_gaps_fragments/3OLL_chain_A_fragment_02.pdb
output_pdb_path              : /home/grheco/repositorios/stack_protein_prep/data/proteins/3OLL/components/.tmp_sanitized_protonation/3OLL_gaps_fragment_02_sanitized.pdb
output_written               : True
can_run_gromacs              : True
status                       : warning
atom_count_in                : 520
atom_count_out               : 532
residue_count_out            : 68
selected_altloc_count        : 12
dropped_altloc_atom_count    : 12
normalized_occupancy_count   : 12
dropped_heterogen_atom_count : 0
nonstandard_residue_names    : <none>
missing_heavy_atom_count     : 2
force_field_template_path    : /home/grheco/repositorios/stack_protein_prep/.pixi/envs/default/share/gromacs/top/amber99sb-ildn.ff/aminoacids.rtp

issues
------
[warning] altloc_selected: Selected one alternate location for 12 disordered atoms; dropped 12 duplicate positions.
[warning] occupancy_normalized: 12 selected atoms had occupancy other than 1.00 and will be written as 1.00.
[warning] missing_standard_heavy_atoms: Residue ILE A 441 is missing expected heavy atoms: CD
[warning] missing_standard_heavy_atoms: Residue ILE A 446 is missing expected heavy atoms: CD
