sanitize_pdb_for_gromacs
========================

pdb_id                       : 3OLL
variant_label                : best_complete
input_pdb_path               : /home/grheco/repositorios/stack_protein_prep/data/proteins/3OLL/fasta/alignments/filler/A/final_filled_model.pdb
output_pdb_path              : /home/grheco/repositorios/stack_protein_prep/data/proteins/3OLL/components/.tmp_sanitized_protonation/3OLL_best_complete_sanitized.pdb
output_written               : True
can_run_gromacs              : True
status                       : warning
atom_count_in                : 1784
atom_count_out               : 1784
residue_count_out            : 237
selected_altloc_count        : 0
dropped_altloc_atom_count    : 0
normalized_occupancy_count   : 0
dropped_heterogen_atom_count : 0
nonstandard_residue_names    : <none>
missing_heavy_atom_count     : 14
force_field_template_path    : /home/grheco/repositorios/stack_protein_prep/.pixi/envs/default/share/gromacs/top/amber99sb-ildn.ff/aminoacids.rtp

issues
------
[warning] missing_standard_heavy_atoms: Residue ILE A 272 is missing expected heavy atoms: CD
[warning] missing_standard_heavy_atoms: Residue ILE A 273 is missing expected heavy atoms: CD
[warning] missing_standard_heavy_atoms: Residue ILE A 275 is missing expected heavy atoms: CD
[warning] missing_standard_heavy_atoms: Residue ILE A 296 is missing expected heavy atoms: CD
[warning] missing_standard_heavy_atoms: Residue ILE A 331 is missing expected heavy atoms: CD
[warning] missing_standard_heavy_atoms: Residue ILE A 358 is missing expected heavy atoms: CD
[warning] missing_standard_heavy_atoms: Residue ILE A 361 is missing expected heavy atoms: CD
[warning] missing_standard_heavy_atoms: Residue ILE A 363 is missing expected heavy atoms: CD
[warning] missing_standard_heavy_atoms: Residue ILE A 364 is missing expected heavy atoms: CD
[warning] missing_standard_heavy_atoms: Residue ILE A 383 is missing expected heavy atoms: CD
[warning] missing_standard_heavy_atoms: Residue ILE A 394 is missing expected heavy atoms: CD
[warning] missing_standard_heavy_atoms: Residue ILE A 418 is missing expected heavy atoms: CD
[warning] missing_standard_heavy_atoms: Residue ILE A 449 is missing expected heavy atoms: CD
[warning] missing_standard_heavy_atoms: Residue ILE A 481 is missing expected heavy atoms: CD
