sanitize_pdb_for_gromacs
========================

pdb_id                       : 3OLL
variant_label                : gaps_fragment_01
input_pdb_path               : /home/grheco/repositorios/stack_protein_prep/data/proteins/3OLL/components/.tmp_gaps_fragments/3OLL_chain_A_fragment_01.pdb
output_pdb_path              : /home/grheco/repositorios/stack_protein_prep/data/proteins/3OLL/components/.tmp_sanitized_protonation/3OLL_gaps_fragment_01_sanitized.pdb
output_written               : True
can_run_gromacs              : True
status                       : warning
atom_count_in                : 1237
atom_count_out               : 1270
residue_count_out            : 156
selected_altloc_count        : 33
dropped_altloc_atom_count    : 33
normalized_occupancy_count   : 33
dropped_heterogen_atom_count : 0
nonstandard_residue_names    : <none>
missing_heavy_atom_count     : 8
force_field_template_path    : /home/grheco/repositorios/stack_protein_prep/.pixi/envs/default/share/gromacs/top/amber99sb-ildn.ff/aminoacids.rtp

issues
------
[warning] altloc_selected: Selected one alternate location for 33 disordered atoms; dropped 33 duplicate positions.
[warning] occupancy_normalized: 33 selected atoms had occupancy other than 1.00 and will be written as 1.00.
[warning] missing_standard_heavy_atoms: Residue ILE A 282 is missing expected heavy atoms: CD
[warning] missing_standard_heavy_atoms: Residue ILE A 310 is missing expected heavy atoms: CD
[warning] missing_standard_heavy_atoms: Residue ILE A 316 is missing expected heavy atoms: CD
[warning] missing_standard_heavy_atoms: Residue ILE A 348 is missing expected heavy atoms: CD
[warning] missing_standard_heavy_atoms: Residue ILE A 355 is missing expected heavy atoms: CD
[warning] missing_standard_heavy_atoms: Residue ILE A 373 is missing expected heavy atoms: CD
[warning] missing_standard_heavy_atoms: Residue ILE A 376 is missing expected heavy atoms: CD
[warning] missing_standard_heavy_atoms: Residue ILE A 404 is missing expected heavy atoms: CD
