standard_residue_repair
=======================

input_pdb_path                   : /home/grheco/repositorios/stack_protein_prep/data/proteins/3OLL/components/.tmp_gaps_fragments/3OLL_chain_A_fragment_01.pdb
output_pdb_path                  : /home/grheco/repositorios/stack_protein_prep/data/proteins/3OLL/components/.tmp_standard_residue_repair/3OLL_gaps_fragment_01_standard_repaired.pdb
used_output_path                 : /home/grheco/repositorios/stack_protein_prep/data/proteins/3OLL/components/.tmp_gaps_fragments/3OLL_chain_A_fragment_01.pdb
repair_attempted                 : True
repair_success                   : False
can_continue                     : True
missing_heavy_atom_count_before  : 8
missing_heavy_atom_count_after   : 8
nonstandard_residue_names        : <none>
status                           : failed
message                          : MODELLER complete_pdb repair failed: ImportError('MODELLER is required for minimal standard-heavy-atom repair.'); original input retained.

missing_before
--------------
Residue ILE A 282 is missing expected heavy atoms: CD
Residue ILE A 310 is missing expected heavy atoms: CD
Residue ILE A 316 is missing expected heavy atoms: CD
Residue ILE A 348 is missing expected heavy atoms: CD
Residue ILE A 355 is missing expected heavy atoms: CD
Residue ILE A 373 is missing expected heavy atoms: CD
Residue ILE A 376 is missing expected heavy atoms: CD
Residue ILE A 404 is missing expected heavy atoms: CD

missing_after
-------------
<none>
