standard_residue_repair
=======================

input_pdb_path                   : /home/grheco/repositorios/stack_protein_prep/data/proteins/3OLL/fasta/alignments/filler/A/final_filled_model.pdb
output_pdb_path                  : /home/grheco/repositorios/stack_protein_prep/data/proteins/3OLL/components/.tmp_standard_residue_repair/3OLL_best_complete_standard_repaired.pdb
used_output_path                 : /home/grheco/repositorios/stack_protein_prep/data/proteins/3OLL/fasta/alignments/filler/A/final_filled_model.pdb
repair_attempted                 : True
repair_success                   : False
can_continue                     : True
missing_heavy_atom_count_before  : 14
missing_heavy_atom_count_after   : 14
nonstandard_residue_names        : <none>
status                           : failed
message                          : MODELLER complete_pdb repair failed: ImportError('MODELLER is required for minimal standard-heavy-atom repair.'); original input retained.

missing_before
--------------
Residue ILE A 272 is missing expected heavy atoms: CD
Residue ILE A 273 is missing expected heavy atoms: CD
Residue ILE A 275 is missing expected heavy atoms: CD
Residue ILE A 296 is missing expected heavy atoms: CD
Residue ILE A 331 is missing expected heavy atoms: CD
Residue ILE A 358 is missing expected heavy atoms: CD
Residue ILE A 361 is missing expected heavy atoms: CD
Residue ILE A 363 is missing expected heavy atoms: CD
Residue ILE A 364 is missing expected heavy atoms: CD
Residue ILE A 383 is missing expected heavy atoms: CD
Residue ILE A 394 is missing expected heavy atoms: CD
Residue ILE A 418 is missing expected heavy atoms: CD
Residue ILE A 449 is missing expected heavy atoms: CD
Residue ILE A 481 is missing expected heavy atoms: CD

missing_after
-------------
<none>
