================================================================================
[2026-05-17 14:44:25] module=alignment_visualization pdb_id=2P1T
================================================================================
alignment_fasta_path=/home/grheco/repositorios/stack_protein_prep/data/proteins/2P1T/fasta/alignments/SEQRES_chain_A_vs_UniProt.aln.fasta
output_png_path=/home/grheco/repositorios/stack_protein_prep/data/proteins/2P1T/fasta/alignments/SEQRES_chain_A_vs_UniProt.aln.png
residues_per_line=60
font_size=18
header_font_size=20
label_width=24
timestamp=2026-05-17 14:44:25
cwd=/home/grheco/repositorios/stack_protein_prep
python_executable=/home/grheco/repositorios/stack_protein_prep/.pixi/envs/default/bin/python3
[RENDER METRICS]
record_a_header: PDB|2P1T|SEQRES|chain_A
record_b_header: sp|P19793|RXRA_HUMAN Retinoic acid receptor RXR-alpha OS=Homo sapiens OX=9606 GN=RXRA PE=1 SV=1
alignment_length: 462
n_blocks: 8
cell_width: 23
cell_height: 21
image_width: 1748
image_height: 1067
[OUTPUT PNG] /home/grheco/repositorios/stack_protein_prep/data/proteins/2P1T/fasta/alignments/SEQRES_chain_A_vs_UniProt.aln.png
[RESULT] rendered alignment PNG -> /home/grheco/repositorios/stack_protein_prep/data/proteins/2P1T/fasta/alignments/SEQRES_chain_A_vs_UniProt.aln.png
================================================================================
[2026-05-17 14:44:25] module=alignment_visualization pdb_id=2P1T
================================================================================
alignment_fasta_path=/home/grheco/repositorios/stack_protein_prep/data/proteins/2P1T/fasta/alignments/ATOM_chain_A_vs_UniProt.aln.fasta
output_png_path=/home/grheco/repositorios/stack_protein_prep/data/proteins/2P1T/fasta/alignments/ATOM_chain_A_vs_UniProt.aln.png
residues_per_line=60
font_size=18
header_font_size=20
label_width=24
timestamp=2026-05-17 14:44:25
cwd=/home/grheco/repositorios/stack_protein_prep
python_executable=/home/grheco/repositorios/stack_protein_prep/.pixi/envs/default/bin/python3
[RENDER METRICS]
record_a_header: PDB|2P1T|ATOM|chain_A
record_b_header: sp|P19793|RXRA_HUMAN Retinoic acid receptor RXR-alpha OS=Homo sapiens OX=9606 GN=RXRA PE=1 SV=1
alignment_length: 462
n_blocks: 8
cell_width: 23
cell_height: 21
image_width: 1748
image_height: 1067
[OUTPUT PNG] /home/grheco/repositorios/stack_protein_prep/data/proteins/2P1T/fasta/alignments/ATOM_chain_A_vs_UniProt.aln.png
[RESULT] rendered alignment PNG -> /home/grheco/repositorios/stack_protein_prep/data/proteins/2P1T/fasta/alignments/ATOM_chain_A_vs_UniProt.aln.png
================================================================================
[2026-05-17 15:36:44] module=alignment_visualization pdb_id=2P1T
================================================================================
alignment_fasta_path=/home/grheco/repositorios/stack_protein_prep/data/proteins/2P1T/fasta/alignments/SEQRES_chain_A_vs_UniProt.aln.fasta
output_png_path=/home/grheco/repositorios/stack_protein_prep/data/proteins/2P1T/fasta/alignments/SEQRES_chain_A_vs_UniProt.aln.png
residues_per_line=60
font_size=18
header_font_size=20
label_width=24
timestamp=2026-05-17 15:36:44
cwd=/home/grheco/repositorios/stack_protein_prep
python_executable=/home/grheco/repositorios/stack_protein_prep/.pixi/envs/default/bin/python3
[RENDER METRICS]
record_a_header: PDB|2P1T|SEQRES|chain_A
record_b_header: sp|P19793|RXRA_HUMAN Retinoic acid receptor RXR-alpha OS=Homo sapiens OX=9606 GN=RXRA PE=1 SV=1
alignment_length: 462
n_blocks: 8
cell_width: 23
cell_height: 21
image_width: 1748
image_height: 1067
[OUTPUT PNG] /home/grheco/repositorios/stack_protein_prep/data/proteins/2P1T/fasta/alignments/SEQRES_chain_A_vs_UniProt.aln.png
[RESULT] rendered alignment PNG -> /home/grheco/repositorios/stack_protein_prep/data/proteins/2P1T/fasta/alignments/SEQRES_chain_A_vs_UniProt.aln.png
================================================================================
[2026-05-17 15:36:44] module=alignment_visualization pdb_id=2P1T
================================================================================
alignment_fasta_path=/home/grheco/repositorios/stack_protein_prep/data/proteins/2P1T/fasta/alignments/ATOM_chain_A_vs_UniProt.aln.fasta
output_png_path=/home/grheco/repositorios/stack_protein_prep/data/proteins/2P1T/fasta/alignments/ATOM_chain_A_vs_UniProt.aln.png
residues_per_line=60
font_size=18
header_font_size=20
label_width=24
timestamp=2026-05-17 15:36:44
cwd=/home/grheco/repositorios/stack_protein_prep
python_executable=/home/grheco/repositorios/stack_protein_prep/.pixi/envs/default/bin/python3
[RENDER METRICS]
record_a_header: PDB|2P1T|ATOM|chain_A
record_b_header: sp|P19793|RXRA_HUMAN Retinoic acid receptor RXR-alpha OS=Homo sapiens OX=9606 GN=RXRA PE=1 SV=1
alignment_length: 462
n_blocks: 8
cell_width: 23
cell_height: 21
image_width: 1748
image_height: 1067
[OUTPUT PNG] /home/grheco/repositorios/stack_protein_prep/data/proteins/2P1T/fasta/alignments/ATOM_chain_A_vs_UniProt.aln.png
[RESULT] rendered alignment PNG -> /home/grheco/repositorios/stack_protein_prep/data/proteins/2P1T/fasta/alignments/ATOM_chain_A_vs_UniProt.aln.png
================================================================================
[2026-05-17 15:45:25] module=alignment_visualization pdb_id=2P1T
================================================================================
alignment_fasta_path=/home/grheco/repositorios/stack_protein_prep/data/proteins/2P1T/fasta/alignments/SEQRES_chain_A_vs_UniProt.aln.fasta
output_png_path=/home/grheco/repositorios/stack_protein_prep/data/proteins/2P1T/fasta/alignments/SEQRES_chain_A_vs_UniProt.aln.png
residues_per_line=60
font_size=18
header_font_size=20
label_width=24
timestamp=2026-05-17 15:45:25
cwd=/home/grheco/repositorios/stack_protein_prep
python_executable=/home/grheco/repositorios/stack_protein_prep/.pixi/envs/default/bin/python3
[RENDER METRICS]
record_a_header: PDB|2P1T|SEQRES|chain_A
record_b_header: sp|P19793|RXRA_HUMAN Retinoic acid receptor RXR-alpha OS=Homo sapiens OX=9606 GN=RXRA PE=1 SV=1
alignment_length: 462
n_blocks: 8
cell_width: 23
cell_height: 21
image_width: 1748
image_height: 1067
[OUTPUT PNG] /home/grheco/repositorios/stack_protein_prep/data/proteins/2P1T/fasta/alignments/SEQRES_chain_A_vs_UniProt.aln.png
[RESULT] rendered alignment PNG -> /home/grheco/repositorios/stack_protein_prep/data/proteins/2P1T/fasta/alignments/SEQRES_chain_A_vs_UniProt.aln.png
================================================================================
[2026-05-17 15:45:26] module=alignment_visualization pdb_id=2P1T
================================================================================
alignment_fasta_path=/home/grheco/repositorios/stack_protein_prep/data/proteins/2P1T/fasta/alignments/ATOM_chain_A_vs_UniProt.aln.fasta
output_png_path=/home/grheco/repositorios/stack_protein_prep/data/proteins/2P1T/fasta/alignments/ATOM_chain_A_vs_UniProt.aln.png
residues_per_line=60
font_size=18
header_font_size=20
label_width=24
timestamp=2026-05-17 15:45:26
cwd=/home/grheco/repositorios/stack_protein_prep
python_executable=/home/grheco/repositorios/stack_protein_prep/.pixi/envs/default/bin/python3
[RENDER METRICS]
record_a_header: PDB|2P1T|ATOM|chain_A
record_b_header: sp|P19793|RXRA_HUMAN Retinoic acid receptor RXR-alpha OS=Homo sapiens OX=9606 GN=RXRA PE=1 SV=1
alignment_length: 462
n_blocks: 8
cell_width: 23
cell_height: 21
image_width: 1748
image_height: 1067
[OUTPUT PNG] /home/grheco/repositorios/stack_protein_prep/data/proteins/2P1T/fasta/alignments/ATOM_chain_A_vs_UniProt.aln.png
[RESULT] rendered alignment PNG -> /home/grheco/repositorios/stack_protein_prep/data/proteins/2P1T/fasta/alignments/ATOM_chain_A_vs_UniProt.aln.png
================================================================================
[2026-05-17 17:17:32] module=alignment_visualization pdb_id=2P1T
================================================================================
alignment_fasta_path=/home/grheco/repositorios/stack_protein_prep/data/proteins/2P1T/fasta/alignments/SEQRES_chain_A_vs_UniProt.aln.fasta
output_png_path=/home/grheco/repositorios/stack_protein_prep/data/proteins/2P1T/fasta/alignments/SEQRES_chain_A_vs_UniProt.aln.png
residues_per_line=60
font_size=18
header_font_size=20
label_width=24
timestamp=2026-05-17 17:17:32
cwd=/home/grheco/repositorios/stack_protein_prep
python_executable=/home/grheco/repositorios/stack_protein_prep/.pixi/envs/default/bin/python3
[RENDER METRICS]
record_a_header: PDB|2P1T|SEQRES|chain_A
record_b_header: sp|P19793|RXRA_HUMAN Retinoic acid receptor RXR-alpha OS=Homo sapiens OX=9606 GN=RXRA PE=1 SV=1
alignment_length: 462
n_blocks: 8
cell_width: 23
cell_height: 21
image_width: 1748
image_height: 1067
[OUTPUT PNG] /home/grheco/repositorios/stack_protein_prep/data/proteins/2P1T/fasta/alignments/SEQRES_chain_A_vs_UniProt.aln.png
[RESULT] rendered alignment PNG -> /home/grheco/repositorios/stack_protein_prep/data/proteins/2P1T/fasta/alignments/SEQRES_chain_A_vs_UniProt.aln.png
================================================================================
[2026-05-17 17:17:32] module=alignment_visualization pdb_id=2P1T
================================================================================
alignment_fasta_path=/home/grheco/repositorios/stack_protein_prep/data/proteins/2P1T/fasta/alignments/ATOM_chain_A_vs_UniProt.aln.fasta
output_png_path=/home/grheco/repositorios/stack_protein_prep/data/proteins/2P1T/fasta/alignments/ATOM_chain_A_vs_UniProt.aln.png
residues_per_line=60
font_size=18
header_font_size=20
label_width=24
timestamp=2026-05-17 17:17:32
cwd=/home/grheco/repositorios/stack_protein_prep
python_executable=/home/grheco/repositorios/stack_protein_prep/.pixi/envs/default/bin/python3
[RENDER METRICS]
record_a_header: PDB|2P1T|ATOM|chain_A
record_b_header: sp|P19793|RXRA_HUMAN Retinoic acid receptor RXR-alpha OS=Homo sapiens OX=9606 GN=RXRA PE=1 SV=1
alignment_length: 462
n_blocks: 8
cell_width: 23
cell_height: 21
image_width: 1748
image_height: 1067
[OUTPUT PNG] /home/grheco/repositorios/stack_protein_prep/data/proteins/2P1T/fasta/alignments/ATOM_chain_A_vs_UniProt.aln.png
[RESULT] rendered alignment PNG -> /home/grheco/repositorios/stack_protein_prep/data/proteins/2P1T/fasta/alignments/ATOM_chain_A_vs_UniProt.aln.png
================================================================================
[2026-05-17 17:42:43] module=alignment_visualization pdb_id=2P1T
================================================================================
alignment_fasta_path=/home/grheco/repositorios/stack_protein_prep/data/proteins/2P1T/fasta/alignments/SEQRES_chain_A_vs_UniProt.aln.fasta
output_png_path=/home/grheco/repositorios/stack_protein_prep/data/proteins/2P1T/fasta/alignments/SEQRES_chain_A_vs_UniProt.aln.png
residues_per_line=60
font_size=18
header_font_size=20
label_width=24
timestamp=2026-05-17 17:42:43
cwd=/home/grheco/repositorios/stack_protein_prep
python_executable=/home/grheco/repositorios/stack_protein_prep/.pixi/envs/default/bin/python
[RENDER METRICS]
record_a_header: PDB|2P1T|SEQRES|chain_A
record_b_header: sp|P19793|RXRA_HUMAN Retinoic acid receptor RXR-alpha OS=Homo sapiens OX=9606 GN=RXRA PE=1 SV=1
alignment_length: 462
n_blocks: 8
cell_width: 23
cell_height: 21
image_width: 1748
image_height: 1067
[OUTPUT PNG] /home/grheco/repositorios/stack_protein_prep/data/proteins/2P1T/fasta/alignments/SEQRES_chain_A_vs_UniProt.aln.png
[RESULT] rendered alignment PNG -> /home/grheco/repositorios/stack_protein_prep/data/proteins/2P1T/fasta/alignments/SEQRES_chain_A_vs_UniProt.aln.png
================================================================================
[2026-05-17 17:42:43] module=alignment_visualization pdb_id=2P1T
================================================================================
alignment_fasta_path=/home/grheco/repositorios/stack_protein_prep/data/proteins/2P1T/fasta/alignments/ATOM_chain_A_vs_UniProt.aln.fasta
output_png_path=/home/grheco/repositorios/stack_protein_prep/data/proteins/2P1T/fasta/alignments/ATOM_chain_A_vs_UniProt.aln.png
residues_per_line=60
font_size=18
header_font_size=20
label_width=24
timestamp=2026-05-17 17:42:43
cwd=/home/grheco/repositorios/stack_protein_prep
python_executable=/home/grheco/repositorios/stack_protein_prep/.pixi/envs/default/bin/python
[RENDER METRICS]
record_a_header: PDB|2P1T|ATOM|chain_A
record_b_header: sp|P19793|RXRA_HUMAN Retinoic acid receptor RXR-alpha OS=Homo sapiens OX=9606 GN=RXRA PE=1 SV=1
alignment_length: 462
n_blocks: 8
cell_width: 23
cell_height: 21
image_width: 1748
image_height: 1067
[OUTPUT PNG] /home/grheco/repositorios/stack_protein_prep/data/proteins/2P1T/fasta/alignments/ATOM_chain_A_vs_UniProt.aln.png
[RESULT] rendered alignment PNG -> /home/grheco/repositorios/stack_protein_prep/data/proteins/2P1T/fasta/alignments/ATOM_chain_A_vs_UniProt.aln.png
================================================================================
[2026-05-17 17:44:53] module=alignment_visualization pdb_id=2P1T
================================================================================
alignment_fasta_path=/home/grheco/repositorios/stack_protein_prep/data/proteins/2P1T/fasta/alignments/SEQRES_chain_A_vs_UniProt.aln.fasta
output_png_path=/home/grheco/repositorios/stack_protein_prep/data/proteins/2P1T/fasta/alignments/SEQRES_chain_A_vs_UniProt.aln.png
residues_per_line=60
font_size=18
header_font_size=20
label_width=24
timestamp=2026-05-17 17:44:53
cwd=/home/grheco/repositorios/stack_protein_prep
python_executable=/home/grheco/repositorios/stack_protein_prep/.pixi/envs/default/bin/python3
[RENDER METRICS]
record_a_header: PDB|2P1T|SEQRES|chain_A
record_b_header: sp|P19793|RXRA_HUMAN Retinoic acid receptor RXR-alpha OS=Homo sapiens OX=9606 GN=RXRA PE=1 SV=1
alignment_length: 462
n_blocks: 8
cell_width: 23
cell_height: 21
image_width: 1748
image_height: 1067
[OUTPUT PNG] /home/grheco/repositorios/stack_protein_prep/data/proteins/2P1T/fasta/alignments/SEQRES_chain_A_vs_UniProt.aln.png
[RESULT] rendered alignment PNG -> /home/grheco/repositorios/stack_protein_prep/data/proteins/2P1T/fasta/alignments/SEQRES_chain_A_vs_UniProt.aln.png
================================================================================
[2026-05-17 17:44:53] module=alignment_visualization pdb_id=2P1T
================================================================================
alignment_fasta_path=/home/grheco/repositorios/stack_protein_prep/data/proteins/2P1T/fasta/alignments/ATOM_chain_A_vs_UniProt.aln.fasta
output_png_path=/home/grheco/repositorios/stack_protein_prep/data/proteins/2P1T/fasta/alignments/ATOM_chain_A_vs_UniProt.aln.png
residues_per_line=60
font_size=18
header_font_size=20
label_width=24
timestamp=2026-05-17 17:44:53
cwd=/home/grheco/repositorios/stack_protein_prep
python_executable=/home/grheco/repositorios/stack_protein_prep/.pixi/envs/default/bin/python3
[RENDER METRICS]
record_a_header: PDB|2P1T|ATOM|chain_A
record_b_header: sp|P19793|RXRA_HUMAN Retinoic acid receptor RXR-alpha OS=Homo sapiens OX=9606 GN=RXRA PE=1 SV=1
alignment_length: 462
n_blocks: 8
cell_width: 23
cell_height: 21
image_width: 1748
image_height: 1067
[OUTPUT PNG] /home/grheco/repositorios/stack_protein_prep/data/proteins/2P1T/fasta/alignments/ATOM_chain_A_vs_UniProt.aln.png
[RESULT] rendered alignment PNG -> /home/grheco/repositorios/stack_protein_prep/data/proteins/2P1T/fasta/alignments/ATOM_chain_A_vs_UniProt.aln.png
================================================================================
[2026-05-17 18:12:05] module=alignment_visualization pdb_id=2P1T
================================================================================
alignment_fasta_path=/home/grheco/repositorios/stack_protein_prep/data/proteins/2P1T/fasta/alignments/SEQRES_chain_A_vs_UniProt.aln.fasta
output_png_path=/home/grheco/repositorios/stack_protein_prep/data/proteins/2P1T/fasta/alignments/SEQRES_chain_A_vs_UniProt.aln.png
residues_per_line=60
font_size=18
header_font_size=20
label_width=24
timestamp=2026-05-17 18:12:05
cwd=/home/grheco/repositorios/stack_protein_prep
python_executable=/home/grheco/repositorios/stack_protein_prep/.pixi/envs/default/bin/python
[RENDER METRICS]
record_a_header: PDB|2P1T|SEQRES|chain_A
record_b_header: sp|P19793|RXRA_HUMAN Retinoic acid receptor RXR-alpha OS=Homo sapiens OX=9606 GN=RXRA PE=1 SV=1
alignment_length: 462
n_blocks: 8
cell_width: 23
cell_height: 21
image_width: 1748
image_height: 1067
[OUTPUT PNG] /home/grheco/repositorios/stack_protein_prep/data/proteins/2P1T/fasta/alignments/SEQRES_chain_A_vs_UniProt.aln.png
[RESULT] rendered alignment PNG -> /home/grheco/repositorios/stack_protein_prep/data/proteins/2P1T/fasta/alignments/SEQRES_chain_A_vs_UniProt.aln.png
================================================================================
[2026-05-17 18:12:05] module=alignment_visualization pdb_id=2P1T
================================================================================
alignment_fasta_path=/home/grheco/repositorios/stack_protein_prep/data/proteins/2P1T/fasta/alignments/ATOM_chain_A_vs_UniProt.aln.fasta
output_png_path=/home/grheco/repositorios/stack_protein_prep/data/proteins/2P1T/fasta/alignments/ATOM_chain_A_vs_UniProt.aln.png
residues_per_line=60
font_size=18
header_font_size=20
label_width=24
timestamp=2026-05-17 18:12:05
cwd=/home/grheco/repositorios/stack_protein_prep
python_executable=/home/grheco/repositorios/stack_protein_prep/.pixi/envs/default/bin/python
[RENDER METRICS]
record_a_header: PDB|2P1T|ATOM|chain_A
record_b_header: sp|P19793|RXRA_HUMAN Retinoic acid receptor RXR-alpha OS=Homo sapiens OX=9606 GN=RXRA PE=1 SV=1
alignment_length: 462
n_blocks: 8
cell_width: 23
cell_height: 21
image_width: 1748
image_height: 1067
[OUTPUT PNG] /home/grheco/repositorios/stack_protein_prep/data/proteins/2P1T/fasta/alignments/ATOM_chain_A_vs_UniProt.aln.png
[RESULT] rendered alignment PNG -> /home/grheco/repositorios/stack_protein_prep/data/proteins/2P1T/fasta/alignments/ATOM_chain_A_vs_UniProt.aln.png
