metalls_check
============

pdb_id                   : 2P1T
variant_label            : gaps
input_model_path         : /home/grheco/repositorios/stack_protein_prep/data/proteins/2P1T/prepared/gaps/2P1T.pdb
analysis_input_path      : /home/grheco/repositorios/stack_protein_prep/data/proteins/2P1T/components/metals_check/gaps/2P1T_gaps_metal_analysis_input.pdb
contacts_tsv_path        : /home/grheco/repositorios/stack_protein_prep/data/proteins/2P1T/components/metals_check/gaps/2P1T_gaps_metal_contacts.tsv
manifest_path            : /home/grheco/repositorios/stack_protein_prep/data/proteins/2P1T/components/metals_check/gaps/2P1T_gaps_metal_check.json
chimera_status           : skipped
status                   : skipped
metal_class              : none
ion_type_text            : none
parameter_reference_text : none
found_geometry_text      : none
probable_geometry_text   : none
geometry_match           : n/a
model_metal_ready        : True
message                  : No metal atoms detected in prepared model.

sites
-----
