sanitize_pdb_for_gromacs
========================

pdb_id                       : 2P1T
variant_label                : prepared_large_gap_complete
input_pdb_path               : /home/grheco/repositorios/stack_protein_prep/data/proteins/2P1T/prepared/large_gap_complete/2P1T.pdb
output_pdb_path              : /home/grheco/repositorios/stack_protein_prep/data/proteins/2P1T/components/.tmp_sanitized_variant_audit/2P1T_large_gap_complete_prepared_sanitized.pdb
output_written               : True
can_run_gromacs              : True
status                       : warning
atom_count_in                : 3677
atom_count_out               : 3649
residue_count_out            : 230
selected_altloc_count        : 0
dropped_altloc_atom_count    : 0
normalized_occupancy_count   : 0
dropped_heterogen_atom_count : 28
nonstandard_residue_names    : <none>
missing_heavy_atom_count     : 1
force_field_template_path    : /home/grheco/repositorios/stack_protein_prep/.pixi/envs/default/share/gromacs/top/amber99sb-ildn.ff/aminoacids.rtp

issues
------
[warning] missing_standard_heavy_atoms: Residue PRO A 458 is missing expected heavy atoms: O
[info] heterogens_dropped: Dropped 28 non-polymer HETATM atoms from the protein-only route.
