sanitize_pdb_for_gromacs
========================

pdb_id                       : 2P1T
variant_label                : large_gap_complete
input_pdb_path               : /home/grheco/repositorios/stack_protein_prep/data/proteins/2P1T/fasta/alignments/filler/A/final_filled_model.pdb
output_pdb_path              : /home/grheco/repositorios/stack_protein_prep/data/proteins/2P1T/components/.tmp_sanitized_protonation/2P1T_large_gap_complete_sanitized.pdb
output_written               : True
can_run_gromacs              : True
status                       : warning
atom_count_in                : 1807
atom_count_out               : 1807
residue_count_out            : 230
selected_altloc_count        : 0
dropped_altloc_atom_count    : 0
normalized_occupancy_count   : 0
dropped_heterogen_atom_count : 0
nonstandard_residue_names    : <none>
missing_heavy_atom_count     : 12
force_field_template_path    : /home/grheco/repositorios/stack_protein_prep/.pixi/envs/default/share/gromacs/top/amber99sb-ildn.ff/aminoacids.rtp

issues
------
[warning] missing_standard_heavy_atoms: Residue ILE A 235 is missing expected heavy atoms: CD
[warning] missing_standard_heavy_atoms: Residue ILE A 268 is missing expected heavy atoms: CD
[warning] missing_standard_heavy_atoms: Residue ILE A 286 is missing expected heavy atoms: CD
[warning] missing_standard_heavy_atoms: Residue ILE A 299 is missing expected heavy atoms: CD
[warning] missing_standard_heavy_atoms: Residue ILE A 310 is missing expected heavy atoms: CD
[warning] missing_standard_heavy_atoms: Residue ILE A 318 is missing expected heavy atoms: CD
[warning] missing_standard_heavy_atoms: Residue ILE A 324 is missing expected heavy atoms: CD
[warning] missing_standard_heavy_atoms: Residue ILE A 345 is missing expected heavy atoms: CD
[warning] missing_standard_heavy_atoms: Residue ILE A 373 is missing expected heavy atoms: CD
[warning] missing_standard_heavy_atoms: Residue ILE A 428 is missing expected heavy atoms: CD
[warning] missing_standard_heavy_atoms: Residue ILE A 442 is missing expected heavy atoms: CD
[warning] missing_standard_heavy_atoms: Residue ILE A 447 is missing expected heavy atoms: CD
