================================================================================
[2026-05-17 14:44:20] module=fasta_files pdb_id=3BC3
================================================================================
pdb_directory=/home/grheco/repositorios/stack_protein_prep/data/proteins/3BC3
pdb_file_path=/home/grheco/repositorios/stack_protein_prep/data/proteins/3BC3/3BC3.pdb
fasta_directory=/home/grheco/repositorios/stack_protein_prep/data/proteins/3BC3/fasta
residue_range=1-220
[CHAIN SELECTION]
relevant_chain_ids=A,B
[SEQRES FASTA]
chain_count: 2
chains: A, B
output_path: /home/grheco/repositorios/stack_protein_prep/data/proteins/3BC3/fasta/PDB-3BC3-SEQRES.fasta
[ATOM FASTA]
chain_count: 2
chains: A, B
output_path: /home/grheco/repositorios/stack_protein_prep/data/proteins/3BC3/fasta/PDB-3BC3-ATOM.fasta
[UNIPROT QUERY]
pdb_id: 3BC3
query: xref:pdb-3BC3
request_url: https://rest.uniprot.org/uniprotkb/search?query=xref%3Apdb-3BC3&format=fasta
[UNIPROT RESULT] entry_count=1
accession=P07711 header=sp|P07711|CATL1_HUMAN Procathepsin L OS=Homo sapiens OX=9606 GN=CTSL PE=1 SV=2
[UNIPROT FASTA]
entry_count: 1
accessions: P07711
================================================================================
[2026-05-17 15:36:38] module=fasta_files pdb_id=3BC3
================================================================================
pdb_directory=/home/grheco/repositorios/stack_protein_prep/data/proteins/3BC3
pdb_file_path=/home/grheco/repositorios/stack_protein_prep/data/proteins/3BC3/3BC3.pdb
fasta_directory=/home/grheco/repositorios/stack_protein_prep/data/proteins/3BC3/fasta
residue_range=1-220
[CHAIN SELECTION]
relevant_chain_ids=A,B
[SEQRES FASTA]
chain_count: 2
chains: A, B
output_path: /home/grheco/repositorios/stack_protein_prep/data/proteins/3BC3/fasta/PDB-3BC3-SEQRES.fasta
[ATOM FASTA]
chain_count: 2
chains: A, B
output_path: /home/grheco/repositorios/stack_protein_prep/data/proteins/3BC3/fasta/PDB-3BC3-ATOM.fasta
[UNIPROT QUERY]
pdb_id: 3BC3
query: xref:pdb-3BC3
request_url: https://rest.uniprot.org/uniprotkb/search?query=xref%3Apdb-3BC3&format=fasta
[UNIPROT RESULT] entry_count=1
accession=P07711 header=sp|P07711|CATL1_HUMAN Procathepsin L OS=Homo sapiens OX=9606 GN=CTSL PE=1 SV=2
[UNIPROT FASTA]
entry_count: 1
accessions: P07711
================================================================================
[2026-05-17 15:45:20] module=fasta_files pdb_id=3BC3
================================================================================
pdb_directory=/home/grheco/repositorios/stack_protein_prep/data/proteins/3BC3
pdb_file_path=/home/grheco/repositorios/stack_protein_prep/data/proteins/3BC3/3BC3.pdb
fasta_directory=/home/grheco/repositorios/stack_protein_prep/data/proteins/3BC3/fasta
residue_range=1-220
[CHAIN SELECTION]
relevant_chain_ids=A,B
[SEQRES FASTA]
chain_count: 2
chains: A, B
output_path: /home/grheco/repositorios/stack_protein_prep/data/proteins/3BC3/fasta/PDB-3BC3-SEQRES.fasta
[ATOM FASTA]
chain_count: 2
chains: A, B
output_path: /home/grheco/repositorios/stack_protein_prep/data/proteins/3BC3/fasta/PDB-3BC3-ATOM.fasta
[UNIPROT QUERY]
pdb_id: 3BC3
query: xref:pdb-3BC3
request_url: https://rest.uniprot.org/uniprotkb/search?query=xref%3Apdb-3BC3&format=fasta
[UNIPROT RESULT] entry_count=1
accession=P07711 header=sp|P07711|CATL1_HUMAN Procathepsin L OS=Homo sapiens OX=9606 GN=CTSL PE=1 SV=2
[UNIPROT FASTA]
entry_count: 1
accessions: P07711
================================================================================
[2026-05-17 17:17:26] module=fasta_files pdb_id=3BC3
================================================================================
pdb_directory=/home/grheco/repositorios/stack_protein_prep/data/proteins/3BC3
pdb_file_path=/home/grheco/repositorios/stack_protein_prep/data/proteins/3BC3/3BC3.pdb
fasta_directory=/home/grheco/repositorios/stack_protein_prep/data/proteins/3BC3/fasta
residue_range=1-220
[CHAIN SELECTION]
relevant_chain_ids=A,B
[SEQRES FASTA]
chain_count: 2
chains: A, B
output_path: /home/grheco/repositorios/stack_protein_prep/data/proteins/3BC3/fasta/PDB-3BC3-SEQRES.fasta
[ATOM FASTA]
chain_count: 2
chains: A, B
output_path: /home/grheco/repositorios/stack_protein_prep/data/proteins/3BC3/fasta/PDB-3BC3-ATOM.fasta
[UNIPROT QUERY]
pdb_id: 3BC3
query: xref:pdb-3BC3
request_url: https://rest.uniprot.org/uniprotkb/search?query=xref%3Apdb-3BC3&format=fasta
[UNIPROT RESULT] entry_count=1
accession=P07711 header=sp|P07711|CATL1_HUMAN Procathepsin L OS=Homo sapiens OX=9606 GN=CTSL PE=1 SV=2
[UNIPROT FASTA]
entry_count: 1
accessions: P07711
================================================================================
[2026-05-17 17:42:36] module=fasta_files pdb_id=3BC3
================================================================================
pdb_directory=/home/grheco/repositorios/stack_protein_prep/data/proteins/3BC3
pdb_file_path=/home/grheco/repositorios/stack_protein_prep/data/proteins/3BC3/3BC3.pdb
fasta_directory=/home/grheco/repositorios/stack_protein_prep/data/proteins/3BC3/fasta
residue_range=1-220
[CHAIN SELECTION]
relevant_chain_ids=A,B
[SEQRES FASTA]
chain_count: 2
chains: A, B
output_path: /home/grheco/repositorios/stack_protein_prep/data/proteins/3BC3/fasta/PDB-3BC3-SEQRES.fasta
[ATOM FASTA]
chain_count: 2
chains: A, B
output_path: /home/grheco/repositorios/stack_protein_prep/data/proteins/3BC3/fasta/PDB-3BC3-ATOM.fasta
[UNIPROT QUERY]
pdb_id: 3BC3
query: xref:pdb-3BC3
request_url: https://rest.uniprot.org/uniprotkb/search?query=xref%3Apdb-3BC3&format=fasta
[UNIPROT RESULT] entry_count=1
accession=P07711 header=sp|P07711|CATL1_HUMAN Procathepsin L OS=Homo sapiens OX=9606 GN=CTSL PE=1 SV=2
[UNIPROT FASTA]
entry_count: 1
accessions: P07711
================================================================================
[2026-05-17 17:44:47] module=fasta_files pdb_id=3BC3
================================================================================
pdb_directory=/home/grheco/repositorios/stack_protein_prep/data/proteins/3BC3
pdb_file_path=/home/grheco/repositorios/stack_protein_prep/data/proteins/3BC3/3BC3.pdb
fasta_directory=/home/grheco/repositorios/stack_protein_prep/data/proteins/3BC3/fasta
residue_range=1-220
[CHAIN SELECTION]
relevant_chain_ids=A,B
[SEQRES FASTA]
chain_count: 2
chains: A, B
output_path: /home/grheco/repositorios/stack_protein_prep/data/proteins/3BC3/fasta/PDB-3BC3-SEQRES.fasta
[ATOM FASTA]
chain_count: 2
chains: A, B
output_path: /home/grheco/repositorios/stack_protein_prep/data/proteins/3BC3/fasta/PDB-3BC3-ATOM.fasta
[UNIPROT QUERY]
pdb_id: 3BC3
query: xref:pdb-3BC3
request_url: https://rest.uniprot.org/uniprotkb/search?query=xref%3Apdb-3BC3&format=fasta
[UNIPROT RESULT] entry_count=1
accession=P07711 header=sp|P07711|CATL1_HUMAN Procathepsin L OS=Homo sapiens OX=9606 GN=CTSL PE=1 SV=2
[UNIPROT FASTA]
entry_count: 1
accessions: P07711
================================================================================
[2026-05-17 18:12:00] module=fasta_files pdb_id=3BC3
================================================================================
pdb_directory=/home/grheco/repositorios/stack_protein_prep/data/proteins/3BC3
pdb_file_path=/home/grheco/repositorios/stack_protein_prep/data/proteins/3BC3/3BC3.pdb
fasta_directory=/home/grheco/repositorios/stack_protein_prep/data/proteins/3BC3/fasta
residue_range=1-220
[CHAIN SELECTION]
relevant_chain_ids=A,B
[SEQRES FASTA]
chain_count: 2
chains: A, B
output_path: /home/grheco/repositorios/stack_protein_prep/data/proteins/3BC3/fasta/PDB-3BC3-SEQRES.fasta
[ATOM FASTA]
chain_count: 2
chains: A, B
output_path: /home/grheco/repositorios/stack_protein_prep/data/proteins/3BC3/fasta/PDB-3BC3-ATOM.fasta
[UNIPROT QUERY]
pdb_id: 3BC3
query: xref:pdb-3BC3
request_url: https://rest.uniprot.org/uniprotkb/search?query=xref%3Apdb-3BC3&format=fasta
[UNIPROT RESULT] entry_count=1
accession=P07711 header=sp|P07711|CATL1_HUMAN Procathepsin L OS=Homo sapiens OX=9606 GN=CTSL PE=1 SV=2
[UNIPROT FASTA]
entry_count: 1
accessions: P07711
