metalls_check
============

pdb_id                   : 3BC3
variant_label            : best_complete
input_model_path         : /home/grheco/repositorios/stack_protein_prep/data/proteins/3BC3/prepared/best_complete/3BC3.pdb
analysis_input_path      : /home/grheco/repositorios/stack_protein_prep/data/proteins/3BC3/components/metals_check/best_complete/3BC3_best_complete_metal_analysis_input.pdb
contacts_tsv_path        : /home/grheco/repositorios/stack_protein_prep/data/proteins/3BC3/components/metals_check/best_complete/3BC3_best_complete_metal_contacts.tsv
manifest_path            : /home/grheco/repositorios/stack_protein_prep/data/proteins/3BC3/components/metals_check/best_complete/3BC3_best_complete_metal_check.json
chimera_status           : skipped
status                   : skipped
metal_class              : none
ion_type_text            : none
parameter_reference_text : none
found_geometry_text      : none
probable_geometry_text   : none
geometry_match           : n/a
model_metal_ready        : True
message                  : No metal atoms detected in prepared model.

sites
-----
