====================================================================================================
module                  : parameter_audit
pdb_id                  : 3BC3
input_pdb_path          : /home/grheco/repositorios/stack_protein_prep/data/proteins/3BC3/components/.tmp_sanitized_variant_audit/3BC3_gaps_prepared_sanitized.pdb
force_field             : amber99sb-ildn
water_model             : tip3p
gromacs_executable      : gmx
status                  : success
gromacs_probe_success   : True
requires_repair         : False
requires_external_params: False
requires_qm_parameters  : False
requires_metal_params   : False
nonstandard_count       : 0
metal_count             : 0
issues_count            : 0
----------------------------------------------------------------------------------------------------
[COMMAND]
gmx pdb2gmx -f /home/grheco/repositorios/stack_protein_prep/data/proteins/3BC3/components/.tmp_sanitized_variant_audit/3BC3_gaps_prepared_sanitized.pdb -o probe_output.pdb -p probe_topol.top -i probe_posre.itp -ff amber99sb-ildn -water tip3p -chainsep id_or_ter -merge no -ignh
----------------------------------------------------------------------------------------------------
[NONSTANDARD RESIDUES]
<none>
----------------------------------------------------------------------------------------------------
[ISSUES]
<none>
----------------------------------------------------------------------------------------------------
[STDOUT]
Using the Amber99sb-ildn force field in directory amber99sb-ildn.ff

going to rename amber99sb-ildn.ff/aminoacids.r2b

going to rename amber99sb-ildn.ff/dna.r2b

going to rename amber99sb-ildn.ff/rna.r2b
Reading /home/grheco/repositorios/stack_protein_prep/data/proteins/3BC3/components/.tmp_sanitized_variant_audit/3BC3_gaps_prepared_sanitized.pdb...
Read '', 1655 atoms

Analyzing pdb file
Splitting chemical chains based on TER records or chain id changing.

There are 3 chains and 0 blocks of water and 214 residues with 1655 atoms

  chain  #res #atoms

  1 'A'    24    187  

  2 'B'   149   1140  

  3 'C'    41    328  

All occupancies are one

Reading residue database... (Amber99sb-ildn)

Preserving residues names by default

Preserving residues names by default

Preserving residues names by default

Processing chain 1 'A' (187 atoms, 24 residues)

Identified residue ALA1 as a starting terminus.

Identified residue SER24 as a ending terminus.

Checking for duplicate atoms....

Generating any missing hydrogen atoms and/or adding termini.

Now there are 24 residues with 369 atoms
Chain time...

Making bonds...

Number of bonds was 374, now 373

Generating angles, dihedrals and pairs...

Making cmap torsions...

There are 1011 dihedrals,   76 impropers,  671 angles
           965 pairs,      373 bonds and     0 virtual sites

Total mass 2665.016 a.m.u.

Total charge 2.000 e

Writing topology

Processing chain 2 'B' (1140 atoms, 149 residues)

Identified residue TRP26 as a starting terminus.

Identified residue SER174 as a ending terminus.

Checking for duplicate atoms....

Generating any missing hydrogen atoms and/or adding termini.

Now there are 149 residues with 2190 atoms
Chain time...

Making bonds...

Number of bonds was 2218, now 2217

Generating angles, dihedrals and pairs...

Making cmap torsions...

There are 6064 dihedrals,  470 impropers, 3979 angles
          5732 pairs,     2217 bonds and     0 virtual sites

Total mass 16213.830 a.m.u.

Total charge -15.000 e

Writing topology

Processing chain 3 'C' (328 atoms, 41 residues)

Identified residue ASN180 as a starting terminus.

Identified residue VAL220 as a ending terminus.

Checking for duplicate atoms....

Generating any missing hydrogen atoms and/or adding termini.

Now there are 41 residues with 642 atoms
Chain time...

Making bonds...

Number of bonds was 653, now 652

Generating angles, dihedrals and pairs...

Making cmap torsions...

There are 1751 dihedrals,  141 impropers, 1166 angles
          1660 pairs,      652 bonds and     0 virtual sites

Total mass 4665.362 a.m.u.

Total charge 3.000 e

Writing topology

Including chain 1 in system: 369 atoms 24 residues

Including chain 2 in system: 2190 atoms 149 residues

Including chain 3 in system: 642 atoms 41 residues

Now there are 3201 atoms and 214 residues

Total mass in system 23544.208 a.m.u.

Total charge in system -10.000 e

Writing coordinate file...

		--------- PLEASE NOTE ------------

You have successfully generated a topology from: /home/grheco/repositorios/stack_protein_prep/data/proteins/3BC3/components/.tmp_sanitized_variant_audit/3BC3_gaps_prepared_sanitized.pdb.

The Amber99sb-ildn force field and the tip3p water model are used.

		--------- ETON ESAELP ------------
----------------------------------------------------------------------------------------------------
[STDERR]
:-) GROMACS - gmx pdb2gmx, 2026.0-conda_forge (-:

Executable:   /home/grheco/repositorios/stack_protein_prep/.pixi/envs/default/bin.AVX2_256/gmx
Data prefix:  /home/grheco/repositorios/stack_protein_prep/.pixi/envs/default
Working dir:  /tmp/fruton_parameter_audit_vo7uhg27
Command line:
  gmx pdb2gmx -f /home/grheco/repositorios/stack_protein_prep/data/proteins/3BC3/components/.tmp_sanitized_variant_audit/3BC3_gaps_prepared_sanitized.pdb -o probe_output.pdb -p probe_topol.top -i probe_posre.itp -ff amber99sb-ildn -water tip3p -chainsep id_or_ter -merge no -ignh

Opening force field file /home/grheco/repositorios/stack_protein_prep/.pixi/envs/default/share/gromacs/top/amber99sb-ildn.ff/aminoacids.r2b
Opening force field file /home/grheco/repositorios/stack_protein_prep/.pixi/envs/default/share/gromacs/top/amber99sb-ildn.ff/dna.r2b
Opening force field file /home/grheco/repositorios/stack_protein_prep/.pixi/envs/default/share/gromacs/top/amber99sb-ildn.ff/rna.r2b
All occupancies are one
Opening force field file /home/grheco/repositorios/stack_protein_prep/.pixi/envs/default/share/gromacs/top/amber99sb-ildn.ff/atomtypes.atp
Opening force field file /home/grheco/repositorios/stack_protein_prep/.pixi/envs/default/share/gromacs/top/amber99sb-ildn.ff/aminoacids.rtp
Opening force field file /home/grheco/repositorios/stack_protein_prep/.pixi/envs/default/share/gromacs/top/amber99sb-ildn.ff/dna.rtp
Opening force field file /home/grheco/repositorios/stack_protein_prep/.pixi/envs/default/share/gromacs/top/amber99sb-ildn.ff/rna.rtp
Opening force field file /home/grheco/repositorios/stack_protein_prep/.pixi/envs/default/share/gromacs/top/amber99sb-ildn.ff/aminoacids.hdb
Opening force field file /home/grheco/repositorios/stack_protein_prep/.pixi/envs/default/share/gromacs/top/amber99sb-ildn.ff/dna.hdb
Opening force field file /home/grheco/repositorios/stack_protein_prep/.pixi/envs/default/share/gromacs/top/amber99sb-ildn.ff/rna.hdb
Opening force field file /home/grheco/repositorios/stack_protein_prep/.pixi/envs/default/share/gromacs/top/amber99sb-ildn.ff/aminoacids.n.tdb
Opening force field file /home/grheco/repositorios/stack_protein_prep/.pixi/envs/default/share/gromacs/top/amber99sb-ildn.ff/aminoacids.c.tdb
9 out of 9 lines of specbond.dat converted successfully
Opening force field file /home/grheco/repositorios/stack_protein_prep/.pixi/envs/default/share/gromacs/top/amber99sb-ildn.ff/aminoacids.arn
Opening force field file /home/grheco/repositorios/stack_protein_prep/.pixi/envs/default/share/gromacs/top/amber99sb-ildn.ff/dna.arn
Opening force field file /home/grheco/repositorios/stack_protein_prep/.pixi/envs/default/share/gromacs/top/amber99sb-ildn.ff/rna.arn
Before cleaning: 971 pairs
Before cleaning: 1011 dihedrals
Analysing hydrogen-bonding network for automated assignment of histidine
 protonation. 206 donors and 236 acceptors were found.
There are 297 hydrogen bonds
Will use HISE for residue 140
Will use HISE for residue 163
9 out of 9 lines of specbond.dat converted successfully
Special Atom Distance matrix:
                   MET38   CYS56   CYS65   MET70   CYS98  MET123  HIS140
                    SD92   SG237   SG294   SD325   SG551   SD750  NE2862
   CYS56   SG237   1.757
   CYS65   SG294   2.445   1.309
   MET70   SD325   1.743   1.751   1.472
   CYS98   SG551   1.869   0.203   1.458   1.939
  MET123   SD750   2.610   3.682   3.471   2.105   3.863
  HIS140  NE2862   3.549   3.366   2.378   1.892   3.547   2.506
  CYS156  SG1003   3.174   3.238   2.395   1.612   3.428   1.973   0.536
  MET161  SD1039   2.717   2.732   2.176   1.091   2.905   1.925   1.175
  HIS163 NE21057   2.374   2.248   1.388   0.968   2.446   2.285   1.359
                  CYS156  MET161
                  SG1003  SD1039
  MET161  SD1039   0.912
  HIS163 NE21057   1.174   1.290
Linking CYS-56 SG-237 and CYS-98 SG-551...
Opening force field file /home/grheco/repositorios/stack_protein_prep/.pixi/envs/default/share/gromacs/top/amber99sb-ildn.ff/aminoacids.arn
Opening force field file /home/grheco/repositorios/stack_protein_prep/.pixi/envs/default/share/gromacs/top/amber99sb-ildn.ff/dna.arn
Opening force field file /home/grheco/repositorios/stack_protein_prep/.pixi/envs/default/share/gromacs/top/amber99sb-ildn.ff/rna.arn
Before cleaning: 5786 pairs
Before cleaning: 6064 dihedrals
Analysing hydrogen-bonding network for automated assignment of histidine
 protonation. 66 donors and 57 acceptors were found.
There are 83 hydrogen bonds
Will use HISE for residue 208
9 out of 9 lines of specbond.dat converted successfully
Special Atom Distance matrix:
                  MET195  MET201  HIS208
                   SD140   SD184  NE2246
  MET201   SD184   1.074
  HIS208  NE2246   1.447   0.671
  CYS209   SG253   1.519   0.542   0.350
Opening force field file /home/grheco/repositorios/stack_protein_prep/.pixi/envs/default/share/gromacs/top/amber99sb-ildn.ff/aminoacids.arn
Opening force field file /home/grheco/repositorios/stack_protein_prep/.pixi/envs/default/share/gromacs/top/amber99sb-ildn.ff/dna.arn
Opening force field file /home/grheco/repositorios/stack_protein_prep/.pixi/envs/default/share/gromacs/top/amber99sb-ildn.ff/rna.arn
Before cleaning: 1678 pairs
Before cleaning: 1751 dihedrals

GROMACS reminds you: "Ohne Arbeit waer das Leben oede" (Wir Sind Helden)
