sanitize_pdb_for_gromacs
========================

pdb_id                       : 3BC3
variant_label                : best_complete
input_pdb_path               : /home/grheco/repositorios/stack_protein_prep/data/proteins/3BC3/fasta/alignments/filler/A/final_filled_model.pdb
output_pdb_path              : /home/grheco/repositorios/stack_protein_prep/data/proteins/3BC3/components/.tmp_sanitized_protonation/3BC3_best_complete_sanitized.pdb
output_written               : True
can_run_gromacs              : True
status                       : warning
atom_count_in                : 2637
atom_count_out               : 2637
residue_count_out            : 333
selected_altloc_count        : 0
dropped_altloc_atom_count    : 0
normalized_occupancy_count   : 0
dropped_heterogen_atom_count : 0
nonstandard_residue_names    : <none>
missing_heavy_atom_count     : 9
force_field_template_path    : /home/grheco/repositorios/stack_protein_prep/.pixi/envs/default/share/gromacs/top/amber99sb-ildn.ff/aminoacids.rtp

issues
------
[warning] missing_standard_heavy_atoms: Residue ILE A 6 is missing expected heavy atoms: CD
[warning] missing_standard_heavy_atoms: Residue ILE A 14 is missing expected heavy atoms: CD
[warning] missing_standard_heavy_atoms: Residue ILE A 59 is missing expected heavy atoms: CD
[warning] missing_standard_heavy_atoms: Residue ILE A 159 is missing expected heavy atoms: CD
[warning] missing_standard_heavy_atoms: Residue ILE A 228 is missing expected heavy atoms: CD
[warning] missing_standard_heavy_atoms: Residue ILE A 245 is missing expected heavy atoms: CD
[warning] missing_standard_heavy_atoms: Residue ILE A 249 is missing expected heavy atoms: CD
[warning] missing_standard_heavy_atoms: Residue ILE A 263 is missing expected heavy atoms: CD
[warning] missing_standard_heavy_atoms: Residue ILE A 324 is missing expected heavy atoms: CD
