================================================================================
[2026-05-17 14:44:18] module=fasta_files pdb_id=1I00
================================================================================
pdb_directory=/home/grheco/repositorios/stack_protein_prep/data/proteins/1I00
pdb_file_path=/home/grheco/repositorios/stack_protein_prep/data/proteins/1I00/1I00.pdb
fasta_directory=/home/grheco/repositorios/stack_protein_prep/data/proteins/1I00/fasta
residue_range=6-306
[CHAIN SELECTION]
relevant_chain_ids=A,B
[SEQRES FASTA]
chain_count: 2
chains: A, B
output_path: /home/grheco/repositorios/stack_protein_prep/data/proteins/1I00/fasta/PDB-1I00-SEQRES.fasta
[ATOM FASTA]
chain_count: 2
chains: A, B
output_path: /home/grheco/repositorios/stack_protein_prep/data/proteins/1I00/fasta/PDB-1I00-ATOM.fasta
[UNIPROT QUERY]
pdb_id: 1I00
query: xref:pdb-1I00
request_url: https://rest.uniprot.org/uniprotkb/search?query=xref%3Apdb-1I00&format=fasta
[UNIPROT RESULT] entry_count=1
accession=P04818 header=sp|P04818|TYSY_HUMAN Thymidylate synthase OS=Homo sapiens OX=9606 GN=TYMS PE=1 SV=3
[UNIPROT FASTA]
entry_count: 1
accessions: P04818
================================================================================
[2026-05-17 15:36:36] module=fasta_files pdb_id=1I00
================================================================================
pdb_directory=/home/grheco/repositorios/stack_protein_prep/data/proteins/1I00
pdb_file_path=/home/grheco/repositorios/stack_protein_prep/data/proteins/1I00/1I00.pdb
fasta_directory=/home/grheco/repositorios/stack_protein_prep/data/proteins/1I00/fasta
residue_range=6-306
[CHAIN SELECTION]
relevant_chain_ids=A,B
[SEQRES FASTA]
chain_count: 2
chains: A, B
output_path: /home/grheco/repositorios/stack_protein_prep/data/proteins/1I00/fasta/PDB-1I00-SEQRES.fasta
[ATOM FASTA]
chain_count: 2
chains: A, B
output_path: /home/grheco/repositorios/stack_protein_prep/data/proteins/1I00/fasta/PDB-1I00-ATOM.fasta
[UNIPROT QUERY]
pdb_id: 1I00
query: xref:pdb-1I00
request_url: https://rest.uniprot.org/uniprotkb/search?query=xref%3Apdb-1I00&format=fasta
[UNIPROT RESULT] entry_count=1
accession=P04818 header=sp|P04818|TYSY_HUMAN Thymidylate synthase OS=Homo sapiens OX=9606 GN=TYMS PE=1 SV=3
[UNIPROT FASTA]
entry_count: 1
accessions: P04818
================================================================================
[2026-05-17 15:45:18] module=fasta_files pdb_id=1I00
================================================================================
pdb_directory=/home/grheco/repositorios/stack_protein_prep/data/proteins/1I00
pdb_file_path=/home/grheco/repositorios/stack_protein_prep/data/proteins/1I00/1I00.pdb
fasta_directory=/home/grheco/repositorios/stack_protein_prep/data/proteins/1I00/fasta
residue_range=6-306
[CHAIN SELECTION]
relevant_chain_ids=A,B
[SEQRES FASTA]
chain_count: 2
chains: A, B
output_path: /home/grheco/repositorios/stack_protein_prep/data/proteins/1I00/fasta/PDB-1I00-SEQRES.fasta
[ATOM FASTA]
chain_count: 2
chains: A, B
output_path: /home/grheco/repositorios/stack_protein_prep/data/proteins/1I00/fasta/PDB-1I00-ATOM.fasta
[UNIPROT QUERY]
pdb_id: 1I00
query: xref:pdb-1I00
request_url: https://rest.uniprot.org/uniprotkb/search?query=xref%3Apdb-1I00&format=fasta
[UNIPROT RESULT] entry_count=1
accession=P04818 header=sp|P04818|TYSY_HUMAN Thymidylate synthase OS=Homo sapiens OX=9606 GN=TYMS PE=1 SV=3
[UNIPROT FASTA]
entry_count: 1
accessions: P04818
================================================================================
[2026-05-17 17:17:25] module=fasta_files pdb_id=1I00
================================================================================
pdb_directory=/home/grheco/repositorios/stack_protein_prep/data/proteins/1I00
pdb_file_path=/home/grheco/repositorios/stack_protein_prep/data/proteins/1I00/1I00.pdb
fasta_directory=/home/grheco/repositorios/stack_protein_prep/data/proteins/1I00/fasta
residue_range=6-306
[CHAIN SELECTION]
relevant_chain_ids=A,B
[SEQRES FASTA]
chain_count: 2
chains: A, B
output_path: /home/grheco/repositorios/stack_protein_prep/data/proteins/1I00/fasta/PDB-1I00-SEQRES.fasta
[ATOM FASTA]
chain_count: 2
chains: A, B
output_path: /home/grheco/repositorios/stack_protein_prep/data/proteins/1I00/fasta/PDB-1I00-ATOM.fasta
[UNIPROT QUERY]
pdb_id: 1I00
query: xref:pdb-1I00
request_url: https://rest.uniprot.org/uniprotkb/search?query=xref%3Apdb-1I00&format=fasta
[UNIPROT RESULT] entry_count=1
accession=P04818 header=sp|P04818|TYSY_HUMAN Thymidylate synthase OS=Homo sapiens OX=9606 GN=TYMS PE=1 SV=3
[UNIPROT FASTA]
entry_count: 1
accessions: P04818
================================================================================
[2026-05-17 17:42:34] module=fasta_files pdb_id=1I00
================================================================================
pdb_directory=/home/grheco/repositorios/stack_protein_prep/data/proteins/1I00
pdb_file_path=/home/grheco/repositorios/stack_protein_prep/data/proteins/1I00/1I00.pdb
fasta_directory=/home/grheco/repositorios/stack_protein_prep/data/proteins/1I00/fasta
residue_range=6-306
[CHAIN SELECTION]
relevant_chain_ids=A,B
[SEQRES FASTA]
chain_count: 2
chains: A, B
output_path: /home/grheco/repositorios/stack_protein_prep/data/proteins/1I00/fasta/PDB-1I00-SEQRES.fasta
[ATOM FASTA]
chain_count: 2
chains: A, B
output_path: /home/grheco/repositorios/stack_protein_prep/data/proteins/1I00/fasta/PDB-1I00-ATOM.fasta
[UNIPROT QUERY]
pdb_id: 1I00
query: xref:pdb-1I00
request_url: https://rest.uniprot.org/uniprotkb/search?query=xref%3Apdb-1I00&format=fasta
[UNIPROT RESULT] entry_count=1
accession=P04818 header=sp|P04818|TYSY_HUMAN Thymidylate synthase OS=Homo sapiens OX=9606 GN=TYMS PE=1 SV=3
[UNIPROT FASTA]
entry_count: 1
accessions: P04818
================================================================================
[2026-05-17 17:44:45] module=fasta_files pdb_id=1I00
================================================================================
pdb_directory=/home/grheco/repositorios/stack_protein_prep/data/proteins/1I00
pdb_file_path=/home/grheco/repositorios/stack_protein_prep/data/proteins/1I00/1I00.pdb
fasta_directory=/home/grheco/repositorios/stack_protein_prep/data/proteins/1I00/fasta
residue_range=6-306
[CHAIN SELECTION]
relevant_chain_ids=A,B
[SEQRES FASTA]
chain_count: 2
chains: A, B
output_path: /home/grheco/repositorios/stack_protein_prep/data/proteins/1I00/fasta/PDB-1I00-SEQRES.fasta
[ATOM FASTA]
chain_count: 2
chains: A, B
output_path: /home/grheco/repositorios/stack_protein_prep/data/proteins/1I00/fasta/PDB-1I00-ATOM.fasta
[UNIPROT QUERY]
pdb_id: 1I00
query: xref:pdb-1I00
request_url: https://rest.uniprot.org/uniprotkb/search?query=xref%3Apdb-1I00&format=fasta
[UNIPROT RESULT] entry_count=1
accession=P04818 header=sp|P04818|TYSY_HUMAN Thymidylate synthase OS=Homo sapiens OX=9606 GN=TYMS PE=1 SV=3
[UNIPROT FASTA]
entry_count: 1
accessions: P04818
