sanitize_pdb_for_gromacs
========================

pdb_id                       : 1I00
variant_label                : single
input_pdb_path               : /home/grheco/repositorios/stack_protein_prep/data/proteins/1I00/components/1I00_protein_monomer.pdb
output_pdb_path              : /home/grheco/repositorios/stack_protein_prep/data/proteins/1I00/components/.tmp_sanitized_protonation/1I00_single_sanitized.pdb
output_written               : True
can_run_gromacs              : True
status                       : warning
atom_count_in                : 2248
atom_count_out               : 2260
residue_count_out            : 278
selected_altloc_count        : 12
dropped_altloc_atom_count    : 12
normalized_occupancy_count   : 12
dropped_heterogen_atom_count : 0
nonstandard_residue_names    : <none>
missing_heavy_atom_count     : 18
force_field_template_path    : /home/grheco/repositorios/stack_protein_prep/.pixi/envs/default/share/gromacs/top/amber99sb-ildn.ff/aminoacids.rtp

issues
------
[warning] altloc_selected: Selected one alternate location for 12 disordered atoms; dropped 12 duplicate positions.
[warning] occupancy_normalized: 12 selected atoms had occupancy other than 1.00 and will be written as 1.00.
[warning] missing_standard_heavy_atoms: Residue ILE A 37 is missing expected heavy atoms: CD
[warning] missing_standard_heavy_atoms: Residue ILE A 40 is missing expected heavy atoms: CD
[warning] missing_standard_heavy_atoms: Residue ILE A 92 is missing expected heavy atoms: CD
[warning] missing_standard_heavy_atoms: Residue ILE A 108 is missing expected heavy atoms: CD
[warning] missing_standard_heavy_atoms: Residue ILE A 165 is missing expected heavy atoms: CD
[warning] missing_standard_heavy_atoms: Residue ILE A 168 is missing expected heavy atoms: CD
[warning] missing_standard_heavy_atoms: Residue ILE A 177 is missing expected heavy atoms: CD
[warning] missing_standard_heavy_atoms: Residue ILE A 178 is missing expected heavy atoms: CD
[warning] missing_standard_heavy_atoms: Residue ILE A 227 is missing expected heavy atoms: CD
[warning] missing_standard_heavy_atoms: Residue ILE A 237 is missing expected heavy atoms: CD
[warning] missing_standard_heavy_atoms: Residue ILE A 240 is missing expected heavy atoms: CD
[warning] missing_standard_heavy_atoms: Residue ILE A 249 is missing expected heavy atoms: CD
[warning] missing_standard_heavy_atoms: Residue ILE A 257 is missing expected heavy atoms: CD
[warning] missing_standard_heavy_atoms: Residue ILE A 262 is missing expected heavy atoms: CD
[warning] missing_standard_heavy_atoms: Residue ILE A 267 is missing expected heavy atoms: CD
[warning] missing_standard_heavy_atoms: Residue ILE A 281 is missing expected heavy atoms: CD
[warning] missing_standard_heavy_atoms: Residue ILE A 288 is missing expected heavy atoms: CD
[warning] missing_standard_heavy_atoms: Residue ILE A 298 is missing expected heavy atoms: CD
