sanitize_pdb_for_gromacs
========================

pdb_id                       : 1I00
variant_label                : prepared_single
input_pdb_path               : /home/grheco/repositorios/stack_protein_prep/data/proteins/1I00/prepared/single/1I00.pdb
output_pdb_path              : /home/grheco/repositorios/stack_protein_prep/data/proteins/1I00/components/.tmp_sanitized_variant_audit/1I00_single_prepared_sanitized.pdb
output_written               : True
can_run_gromacs              : True
status                       : warning
atom_count_in                : 4519
atom_count_out               : 4467
residue_count_out            : 278
selected_altloc_count        : 0
dropped_altloc_atom_count    : 0
normalized_occupancy_count   : 0
dropped_heterogen_atom_count : 52
nonstandard_residue_names    : <none>
missing_heavy_atom_count     : 1
force_field_template_path    : /home/grheco/repositorios/stack_protein_prep/.pixi/envs/default/share/gromacs/top/amber99sb-ildn.ff/aminoacids.rtp

issues
------
[warning] missing_standard_heavy_atoms: Residue THR A 306 is missing expected heavy atoms: O
[info] heterogens_dropped: Dropped 52 non-polymer HETATM atoms from the protein-only route.
