Using the Amber99sb-ildn force field in directory amber99sb-ildn.ff

going to rename amber99sb-ildn.ff/aminoacids.r2b

going to rename amber99sb-ildn.ff/dna.r2b

going to rename amber99sb-ildn.ff/rna.r2b
Reading /home/grheco/repositorios/stack_protein_prep/data/proteins/3FRG/components/.tmp_sanitized_protonation/3FRG_single_sanitized.pdb...
Read '', 2708 atoms

Analyzing pdb file
Splitting chemical chains based on TER records or chain id changing.

There are 1 chains and 0 blocks of water and 335 residues with 2708 atoms

  chain  #res #atoms

  1 'A'   335   2708  

All occupancies are one

Reading residue database... (Amber99sb-ildn)

Preserving residues names by default

Preserving residues names by default

Preserving residues names by default

Processing chain 1 'A' (2708 atoms, 335 residues)

Identified residue ILE153 as a starting terminus.

Identified residue ALA487 as a ending terminus.

Checking for duplicate atoms....

Now there are 2705 atoms. Deleted 3 duplicates.

Generating any missing hydrogen atoms and/or adding termini.

Now there are 335 residues with 5341 atoms

Making bonds...

Number of bonds was 5398, now 5397

Generating angles, dihedrals and pairs...

Making cmap torsions...

There are 14921 dihedrals, 1074 impropers, 9735 angles
          13997 pairs,     5397 bonds and     0 virtual sites

Total mass 38532.881 a.m.u.

Total charge -22.000 e

Writing topology

Writing coordinate file...

		--------- PLEASE NOTE ------------

You have successfully generated a topology from: /home/grheco/repositorios/stack_protein_prep/data/proteins/3FRG/components/.tmp_sanitized_protonation/3FRG_single_sanitized.pdb.

The Amber99sb-ildn force field and the tip3p water model are used.

		--------- ETON ESAELP ------------
