================================================================================
[2026-05-17 14:44:28] module=alignment_visualization pdb_id=3L3M
================================================================================
alignment_fasta_path=/home/grheco/repositorios/stack_protein_prep/data/proteins/3L3M/fasta/alignments/SEQRES_chain_A_vs_UniProt.aln.fasta
output_png_path=/home/grheco/repositorios/stack_protein_prep/data/proteins/3L3M/fasta/alignments/SEQRES_chain_A_vs_UniProt.aln.png
residues_per_line=60
font_size=18
header_font_size=20
label_width=24
timestamp=2026-05-17 14:44:28
cwd=/home/grheco/repositorios/stack_protein_prep
python_executable=/home/grheco/repositorios/stack_protein_prep/.pixi/envs/default/bin/python3
[RENDER METRICS]
record_a_header: PDB|3L3M|SEQRES|chain_A
record_b_header: sp|P09874|PARP1_HUMAN Poly [ADP-ribose] polymerase 1 OS=Homo sapiens OX=9606 GN=PARP1 PE=1 SV=4
alignment_length: 1014
n_blocks: 17
cell_width: 23
cell_height: 21
image_width: 1748
image_height: 2174
[OUTPUT PNG] /home/grheco/repositorios/stack_protein_prep/data/proteins/3L3M/fasta/alignments/SEQRES_chain_A_vs_UniProt.aln.png
[RESULT] rendered alignment PNG -> /home/grheco/repositorios/stack_protein_prep/data/proteins/3L3M/fasta/alignments/SEQRES_chain_A_vs_UniProt.aln.png
================================================================================
[2026-05-17 14:44:28] module=alignment_visualization pdb_id=3L3M
================================================================================
alignment_fasta_path=/home/grheco/repositorios/stack_protein_prep/data/proteins/3L3M/fasta/alignments/ATOM_chain_A_vs_UniProt.aln.fasta
output_png_path=/home/grheco/repositorios/stack_protein_prep/data/proteins/3L3M/fasta/alignments/ATOM_chain_A_vs_UniProt.aln.png
residues_per_line=60
font_size=18
header_font_size=20
label_width=24
timestamp=2026-05-17 14:44:28
cwd=/home/grheco/repositorios/stack_protein_prep
python_executable=/home/grheco/repositorios/stack_protein_prep/.pixi/envs/default/bin/python3
[RENDER METRICS]
record_a_header: PDB|3L3M|ATOM|chain_A
record_b_header: sp|P09874|PARP1_HUMAN Poly [ADP-ribose] polymerase 1 OS=Homo sapiens OX=9606 GN=PARP1 PE=1 SV=4
alignment_length: 1014
n_blocks: 17
cell_width: 23
cell_height: 21
image_width: 1748
image_height: 2174
[OUTPUT PNG] /home/grheco/repositorios/stack_protein_prep/data/proteins/3L3M/fasta/alignments/ATOM_chain_A_vs_UniProt.aln.png
[RESULT] rendered alignment PNG -> /home/grheco/repositorios/stack_protein_prep/data/proteins/3L3M/fasta/alignments/ATOM_chain_A_vs_UniProt.aln.png
================================================================================
[2026-05-17 15:36:47] module=alignment_visualization pdb_id=3L3M
================================================================================
alignment_fasta_path=/home/grheco/repositorios/stack_protein_prep/data/proteins/3L3M/fasta/alignments/SEQRES_chain_A_vs_UniProt.aln.fasta
output_png_path=/home/grheco/repositorios/stack_protein_prep/data/proteins/3L3M/fasta/alignments/SEQRES_chain_A_vs_UniProt.aln.png
residues_per_line=60
font_size=18
header_font_size=20
label_width=24
timestamp=2026-05-17 15:36:47
cwd=/home/grheco/repositorios/stack_protein_prep
python_executable=/home/grheco/repositorios/stack_protein_prep/.pixi/envs/default/bin/python3
[RENDER METRICS]
record_a_header: PDB|3L3M|SEQRES|chain_A
record_b_header: sp|P09874|PARP1_HUMAN Poly [ADP-ribose] polymerase 1 OS=Homo sapiens OX=9606 GN=PARP1 PE=1 SV=4
alignment_length: 1014
n_blocks: 17
cell_width: 23
cell_height: 21
image_width: 1748
image_height: 2174
[OUTPUT PNG] /home/grheco/repositorios/stack_protein_prep/data/proteins/3L3M/fasta/alignments/SEQRES_chain_A_vs_UniProt.aln.png
[RESULT] rendered alignment PNG -> /home/grheco/repositorios/stack_protein_prep/data/proteins/3L3M/fasta/alignments/SEQRES_chain_A_vs_UniProt.aln.png
================================================================================
[2026-05-17 15:36:47] module=alignment_visualization pdb_id=3L3M
================================================================================
alignment_fasta_path=/home/grheco/repositorios/stack_protein_prep/data/proteins/3L3M/fasta/alignments/ATOM_chain_A_vs_UniProt.aln.fasta
output_png_path=/home/grheco/repositorios/stack_protein_prep/data/proteins/3L3M/fasta/alignments/ATOM_chain_A_vs_UniProt.aln.png
residues_per_line=60
font_size=18
header_font_size=20
label_width=24
timestamp=2026-05-17 15:36:47
cwd=/home/grheco/repositorios/stack_protein_prep
python_executable=/home/grheco/repositorios/stack_protein_prep/.pixi/envs/default/bin/python3
[RENDER METRICS]
record_a_header: PDB|3L3M|ATOM|chain_A
record_b_header: sp|P09874|PARP1_HUMAN Poly [ADP-ribose] polymerase 1 OS=Homo sapiens OX=9606 GN=PARP1 PE=1 SV=4
alignment_length: 1014
n_blocks: 17
cell_width: 23
cell_height: 21
image_width: 1748
image_height: 2174
[OUTPUT PNG] /home/grheco/repositorios/stack_protein_prep/data/proteins/3L3M/fasta/alignments/ATOM_chain_A_vs_UniProt.aln.png
[RESULT] rendered alignment PNG -> /home/grheco/repositorios/stack_protein_prep/data/proteins/3L3M/fasta/alignments/ATOM_chain_A_vs_UniProt.aln.png
================================================================================
[2026-05-17 15:45:29] module=alignment_visualization pdb_id=3L3M
================================================================================
alignment_fasta_path=/home/grheco/repositorios/stack_protein_prep/data/proteins/3L3M/fasta/alignments/SEQRES_chain_A_vs_UniProt.aln.fasta
output_png_path=/home/grheco/repositorios/stack_protein_prep/data/proteins/3L3M/fasta/alignments/SEQRES_chain_A_vs_UniProt.aln.png
residues_per_line=60
font_size=18
header_font_size=20
label_width=24
timestamp=2026-05-17 15:45:29
cwd=/home/grheco/repositorios/stack_protein_prep
python_executable=/home/grheco/repositorios/stack_protein_prep/.pixi/envs/default/bin/python3
[RENDER METRICS]
record_a_header: PDB|3L3M|SEQRES|chain_A
record_b_header: sp|P09874|PARP1_HUMAN Poly [ADP-ribose] polymerase 1 OS=Homo sapiens OX=9606 GN=PARP1 PE=1 SV=4
alignment_length: 1014
n_blocks: 17
cell_width: 23
cell_height: 21
image_width: 1748
image_height: 2174
[OUTPUT PNG] /home/grheco/repositorios/stack_protein_prep/data/proteins/3L3M/fasta/alignments/SEQRES_chain_A_vs_UniProt.aln.png
[RESULT] rendered alignment PNG -> /home/grheco/repositorios/stack_protein_prep/data/proteins/3L3M/fasta/alignments/SEQRES_chain_A_vs_UniProt.aln.png
================================================================================
[2026-05-17 15:45:29] module=alignment_visualization pdb_id=3L3M
================================================================================
alignment_fasta_path=/home/grheco/repositorios/stack_protein_prep/data/proteins/3L3M/fasta/alignments/ATOM_chain_A_vs_UniProt.aln.fasta
output_png_path=/home/grheco/repositorios/stack_protein_prep/data/proteins/3L3M/fasta/alignments/ATOM_chain_A_vs_UniProt.aln.png
residues_per_line=60
font_size=18
header_font_size=20
label_width=24
timestamp=2026-05-17 15:45:29
cwd=/home/grheco/repositorios/stack_protein_prep
python_executable=/home/grheco/repositorios/stack_protein_prep/.pixi/envs/default/bin/python3
[RENDER METRICS]
record_a_header: PDB|3L3M|ATOM|chain_A
record_b_header: sp|P09874|PARP1_HUMAN Poly [ADP-ribose] polymerase 1 OS=Homo sapiens OX=9606 GN=PARP1 PE=1 SV=4
alignment_length: 1014
n_blocks: 17
cell_width: 23
cell_height: 21
image_width: 1748
image_height: 2174
[OUTPUT PNG] /home/grheco/repositorios/stack_protein_prep/data/proteins/3L3M/fasta/alignments/ATOM_chain_A_vs_UniProt.aln.png
[RESULT] rendered alignment PNG -> /home/grheco/repositorios/stack_protein_prep/data/proteins/3L3M/fasta/alignments/ATOM_chain_A_vs_UniProt.aln.png
================================================================================
[2026-05-17 17:17:35] module=alignment_visualization pdb_id=3L3M
================================================================================
alignment_fasta_path=/home/grheco/repositorios/stack_protein_prep/data/proteins/3L3M/fasta/alignments/SEQRES_chain_A_vs_UniProt.aln.fasta
output_png_path=/home/grheco/repositorios/stack_protein_prep/data/proteins/3L3M/fasta/alignments/SEQRES_chain_A_vs_UniProt.aln.png
residues_per_line=60
font_size=18
header_font_size=20
label_width=24
timestamp=2026-05-17 17:17:35
cwd=/home/grheco/repositorios/stack_protein_prep
python_executable=/home/grheco/repositorios/stack_protein_prep/.pixi/envs/default/bin/python3
[RENDER METRICS]
record_a_header: PDB|3L3M|SEQRES|chain_A
record_b_header: sp|P09874|PARP1_HUMAN Poly [ADP-ribose] polymerase 1 OS=Homo sapiens OX=9606 GN=PARP1 PE=1 SV=4
alignment_length: 1014
n_blocks: 17
cell_width: 23
cell_height: 21
image_width: 1748
image_height: 2174
[OUTPUT PNG] /home/grheco/repositorios/stack_protein_prep/data/proteins/3L3M/fasta/alignments/SEQRES_chain_A_vs_UniProt.aln.png
[RESULT] rendered alignment PNG -> /home/grheco/repositorios/stack_protein_prep/data/proteins/3L3M/fasta/alignments/SEQRES_chain_A_vs_UniProt.aln.png
================================================================================
[2026-05-17 17:17:35] module=alignment_visualization pdb_id=3L3M
================================================================================
alignment_fasta_path=/home/grheco/repositorios/stack_protein_prep/data/proteins/3L3M/fasta/alignments/ATOM_chain_A_vs_UniProt.aln.fasta
output_png_path=/home/grheco/repositorios/stack_protein_prep/data/proteins/3L3M/fasta/alignments/ATOM_chain_A_vs_UniProt.aln.png
residues_per_line=60
font_size=18
header_font_size=20
label_width=24
timestamp=2026-05-17 17:17:35
cwd=/home/grheco/repositorios/stack_protein_prep
python_executable=/home/grheco/repositorios/stack_protein_prep/.pixi/envs/default/bin/python3
[RENDER METRICS]
record_a_header: PDB|3L3M|ATOM|chain_A
record_b_header: sp|P09874|PARP1_HUMAN Poly [ADP-ribose] polymerase 1 OS=Homo sapiens OX=9606 GN=PARP1 PE=1 SV=4
alignment_length: 1014
n_blocks: 17
cell_width: 23
cell_height: 21
image_width: 1748
image_height: 2174
[OUTPUT PNG] /home/grheco/repositorios/stack_protein_prep/data/proteins/3L3M/fasta/alignments/ATOM_chain_A_vs_UniProt.aln.png
[RESULT] rendered alignment PNG -> /home/grheco/repositorios/stack_protein_prep/data/proteins/3L3M/fasta/alignments/ATOM_chain_A_vs_UniProt.aln.png
================================================================================
[2026-05-17 17:42:47] module=alignment_visualization pdb_id=3L3M
================================================================================
alignment_fasta_path=/home/grheco/repositorios/stack_protein_prep/data/proteins/3L3M/fasta/alignments/SEQRES_chain_A_vs_UniProt.aln.fasta
output_png_path=/home/grheco/repositorios/stack_protein_prep/data/proteins/3L3M/fasta/alignments/SEQRES_chain_A_vs_UniProt.aln.png
residues_per_line=60
font_size=18
header_font_size=20
label_width=24
timestamp=2026-05-17 17:42:47
cwd=/home/grheco/repositorios/stack_protein_prep
python_executable=/home/grheco/repositorios/stack_protein_prep/.pixi/envs/default/bin/python
[RENDER METRICS]
record_a_header: PDB|3L3M|SEQRES|chain_A
record_b_header: sp|P09874|PARP1_HUMAN Poly [ADP-ribose] polymerase 1 OS=Homo sapiens OX=9606 GN=PARP1 PE=1 SV=4
alignment_length: 1014
n_blocks: 17
cell_width: 23
cell_height: 21
image_width: 1748
image_height: 2174
[OUTPUT PNG] /home/grheco/repositorios/stack_protein_prep/data/proteins/3L3M/fasta/alignments/SEQRES_chain_A_vs_UniProt.aln.png
[RESULT] rendered alignment PNG -> /home/grheco/repositorios/stack_protein_prep/data/proteins/3L3M/fasta/alignments/SEQRES_chain_A_vs_UniProt.aln.png
================================================================================
[2026-05-17 17:42:47] module=alignment_visualization pdb_id=3L3M
================================================================================
alignment_fasta_path=/home/grheco/repositorios/stack_protein_prep/data/proteins/3L3M/fasta/alignments/ATOM_chain_A_vs_UniProt.aln.fasta
output_png_path=/home/grheco/repositorios/stack_protein_prep/data/proteins/3L3M/fasta/alignments/ATOM_chain_A_vs_UniProt.aln.png
residues_per_line=60
font_size=18
header_font_size=20
label_width=24
timestamp=2026-05-17 17:42:47
cwd=/home/grheco/repositorios/stack_protein_prep
python_executable=/home/grheco/repositorios/stack_protein_prep/.pixi/envs/default/bin/python
[RENDER METRICS]
record_a_header: PDB|3L3M|ATOM|chain_A
record_b_header: sp|P09874|PARP1_HUMAN Poly [ADP-ribose] polymerase 1 OS=Homo sapiens OX=9606 GN=PARP1 PE=1 SV=4
alignment_length: 1014
n_blocks: 17
cell_width: 23
cell_height: 21
image_width: 1748
image_height: 2174
[OUTPUT PNG] /home/grheco/repositorios/stack_protein_prep/data/proteins/3L3M/fasta/alignments/ATOM_chain_A_vs_UniProt.aln.png
[RESULT] rendered alignment PNG -> /home/grheco/repositorios/stack_protein_prep/data/proteins/3L3M/fasta/alignments/ATOM_chain_A_vs_UniProt.aln.png
================================================================================
[2026-05-17 17:44:56] module=alignment_visualization pdb_id=3L3M
================================================================================
alignment_fasta_path=/home/grheco/repositorios/stack_protein_prep/data/proteins/3L3M/fasta/alignments/SEQRES_chain_A_vs_UniProt.aln.fasta
output_png_path=/home/grheco/repositorios/stack_protein_prep/data/proteins/3L3M/fasta/alignments/SEQRES_chain_A_vs_UniProt.aln.png
residues_per_line=60
font_size=18
header_font_size=20
label_width=24
timestamp=2026-05-17 17:44:56
cwd=/home/grheco/repositorios/stack_protein_prep
python_executable=/home/grheco/repositorios/stack_protein_prep/.pixi/envs/default/bin/python3
[RENDER METRICS]
record_a_header: PDB|3L3M|SEQRES|chain_A
record_b_header: sp|P09874|PARP1_HUMAN Poly [ADP-ribose] polymerase 1 OS=Homo sapiens OX=9606 GN=PARP1 PE=1 SV=4
alignment_length: 1014
n_blocks: 17
cell_width: 23
cell_height: 21
image_width: 1748
image_height: 2174
[OUTPUT PNG] /home/grheco/repositorios/stack_protein_prep/data/proteins/3L3M/fasta/alignments/SEQRES_chain_A_vs_UniProt.aln.png
[RESULT] rendered alignment PNG -> /home/grheco/repositorios/stack_protein_prep/data/proteins/3L3M/fasta/alignments/SEQRES_chain_A_vs_UniProt.aln.png
================================================================================
[2026-05-17 17:44:56] module=alignment_visualization pdb_id=3L3M
================================================================================
alignment_fasta_path=/home/grheco/repositorios/stack_protein_prep/data/proteins/3L3M/fasta/alignments/ATOM_chain_A_vs_UniProt.aln.fasta
output_png_path=/home/grheco/repositorios/stack_protein_prep/data/proteins/3L3M/fasta/alignments/ATOM_chain_A_vs_UniProt.aln.png
residues_per_line=60
font_size=18
header_font_size=20
label_width=24
timestamp=2026-05-17 17:44:56
cwd=/home/grheco/repositorios/stack_protein_prep
python_executable=/home/grheco/repositorios/stack_protein_prep/.pixi/envs/default/bin/python3
[RENDER METRICS]
record_a_header: PDB|3L3M|ATOM|chain_A
record_b_header: sp|P09874|PARP1_HUMAN Poly [ADP-ribose] polymerase 1 OS=Homo sapiens OX=9606 GN=PARP1 PE=1 SV=4
alignment_length: 1014
n_blocks: 17
cell_width: 23
cell_height: 21
image_width: 1748
image_height: 2174
[OUTPUT PNG] /home/grheco/repositorios/stack_protein_prep/data/proteins/3L3M/fasta/alignments/ATOM_chain_A_vs_UniProt.aln.png
[RESULT] rendered alignment PNG -> /home/grheco/repositorios/stack_protein_prep/data/proteins/3L3M/fasta/alignments/ATOM_chain_A_vs_UniProt.aln.png
================================================================================
[2026-05-17 18:12:08] module=alignment_visualization pdb_id=3L3M
================================================================================
alignment_fasta_path=/home/grheco/repositorios/stack_protein_prep/data/proteins/3L3M/fasta/alignments/SEQRES_chain_A_vs_UniProt.aln.fasta
output_png_path=/home/grheco/repositorios/stack_protein_prep/data/proteins/3L3M/fasta/alignments/SEQRES_chain_A_vs_UniProt.aln.png
residues_per_line=60
font_size=18
header_font_size=20
label_width=24
timestamp=2026-05-17 18:12:08
cwd=/home/grheco/repositorios/stack_protein_prep
python_executable=/home/grheco/repositorios/stack_protein_prep/.pixi/envs/default/bin/python
[RENDER METRICS]
record_a_header: PDB|3L3M|SEQRES|chain_A
record_b_header: sp|P09874|PARP1_HUMAN Poly [ADP-ribose] polymerase 1 OS=Homo sapiens OX=9606 GN=PARP1 PE=1 SV=4
alignment_length: 1014
n_blocks: 17
cell_width: 23
cell_height: 21
image_width: 1748
image_height: 2174
[OUTPUT PNG] /home/grheco/repositorios/stack_protein_prep/data/proteins/3L3M/fasta/alignments/SEQRES_chain_A_vs_UniProt.aln.png
[RESULT] rendered alignment PNG -> /home/grheco/repositorios/stack_protein_prep/data/proteins/3L3M/fasta/alignments/SEQRES_chain_A_vs_UniProt.aln.png
================================================================================
[2026-05-17 18:12:08] module=alignment_visualization pdb_id=3L3M
================================================================================
alignment_fasta_path=/home/grheco/repositorios/stack_protein_prep/data/proteins/3L3M/fasta/alignments/ATOM_chain_A_vs_UniProt.aln.fasta
output_png_path=/home/grheco/repositorios/stack_protein_prep/data/proteins/3L3M/fasta/alignments/ATOM_chain_A_vs_UniProt.aln.png
residues_per_line=60
font_size=18
header_font_size=20
label_width=24
timestamp=2026-05-17 18:12:08
cwd=/home/grheco/repositorios/stack_protein_prep
python_executable=/home/grheco/repositorios/stack_protein_prep/.pixi/envs/default/bin/python
[RENDER METRICS]
record_a_header: PDB|3L3M|ATOM|chain_A
record_b_header: sp|P09874|PARP1_HUMAN Poly [ADP-ribose] polymerase 1 OS=Homo sapiens OX=9606 GN=PARP1 PE=1 SV=4
alignment_length: 1014
n_blocks: 17
cell_width: 23
cell_height: 21
image_width: 1748
image_height: 2174
[OUTPUT PNG] /home/grheco/repositorios/stack_protein_prep/data/proteins/3L3M/fasta/alignments/ATOM_chain_A_vs_UniProt.aln.png
[RESULT] rendered alignment PNG -> /home/grheco/repositorios/stack_protein_prep/data/proteins/3L3M/fasta/alignments/ATOM_chain_A_vs_UniProt.aln.png
