sanitize_pdb_for_gromacs
========================

pdb_id                       : 3L3M
variant_label                : single
input_pdb_path               : /home/grheco/repositorios/stack_protein_prep/data/proteins/3L3M/components/3L3M_protein_monomer.pdb
output_pdb_path              : /home/grheco/repositorios/stack_protein_prep/data/proteins/3L3M/components/.tmp_sanitized_protonation/3L3M_single_sanitized.pdb
output_written               : True
can_run_gromacs              : True
status                       : warning
atom_count_in                : 2735
atom_count_out               : 2735
residue_count_out            : 348
selected_altloc_count        : 0
dropped_altloc_atom_count    : 0
normalized_occupancy_count   : 0
dropped_heterogen_atom_count : 0
nonstandard_residue_names    : <none>
missing_heavy_atom_count     : 25
force_field_template_path    : /home/grheco/repositorios/stack_protein_prep/.pixi/envs/default/share/gromacs/top/amber99sb-ildn.ff/aminoacids.rtp

issues
------
[warning] missing_standard_heavy_atoms: Residue ILE A 12 is missing expected heavy atoms: CD
[warning] missing_standard_heavy_atoms: Residue ILE A 15 is missing expected heavy atoms: CD
[warning] missing_standard_heavy_atoms: Residue ILE A 30 is missing expected heavy atoms: CD
[warning] missing_standard_heavy_atoms: Residue ILE A 45 is missing expected heavy atoms: CD
[warning] missing_standard_heavy_atoms: Residue ILE A 51 is missing expected heavy atoms: CD
[warning] missing_standard_heavy_atoms: Residue ILE A 68 is missing expected heavy atoms: CD
[warning] missing_standard_heavy_atoms: Residue ILE A 79 is missing expected heavy atoms: CD
[warning] missing_standard_heavy_atoms: Residue ILE A 110 is missing expected heavy atoms: CD
[warning] missing_standard_heavy_atoms: Residue ILE A 129 is missing expected heavy atoms: CD
[warning] missing_standard_heavy_atoms: Residue ILE A 140 is missing expected heavy atoms: CD
[warning] missing_standard_heavy_atoms: Residue ILE A 152 is missing expected heavy atoms: CD
[warning] missing_standard_heavy_atoms: Residue ILE A 153 is missing expected heavy atoms: CD
[warning] missing_standard_heavy_atoms: Residue ILE A 173 is missing expected heavy atoms: CD
[warning] missing_standard_heavy_atoms: Residue ILE A 175 is missing expected heavy atoms: CD
[warning] missing_standard_heavy_atoms: Residue ILE A 178 is missing expected heavy atoms: CD
[warning] missing_standard_heavy_atoms: Residue ILE A 211 is missing expected heavy atoms: CD
[warning] missing_standard_heavy_atoms: Residue ILE A 218 is missing expected heavy atoms: CD
[warning] missing_standard_heavy_atoms: Residue ILE A 234 is missing expected heavy atoms: CD
[warning] missing_standard_heavy_atoms: Residue ILE A 255 is missing expected heavy atoms: CD
[warning] missing_standard_heavy_atoms: Residue ILE A 258 is missing expected heavy atoms: CD
[warning] missing_standard_heavy_atoms: Residue ILE A 277 is missing expected heavy atoms: CD
[warning] missing_standard_heavy_atoms: Residue ILE A 301 is missing expected heavy atoms: CD
[warning] missing_standard_heavy_atoms: Residue ILE A 314 is missing expected heavy atoms: CD
[warning] missing_standard_heavy_atoms: Residue ILE A 329 is missing expected heavy atoms: CD
[warning] missing_standard_heavy_atoms: Residue ILE A 333 is missing expected heavy atoms: CD
