sanitize_pdb_for_gromacs
========================

pdb_id                       : 3R04
variant_label                : single
input_pdb_path               : /home/grheco/repositorios/stack_protein_prep/data/proteins/3R04/components/3R04_protein_monomer.pdb
output_pdb_path              : /home/grheco/repositorios/stack_protein_prep/data/proteins/3R04/components/.tmp_sanitized_protonation/3R04_single_sanitized.pdb
output_written               : True
can_run_gromacs              : True
status                       : warning
atom_count_in                : 2209
atom_count_out               : 2225
residue_count_out            : 271
selected_altloc_count        : 16
dropped_altloc_atom_count    : 16
normalized_occupancy_count   : 16
dropped_heterogen_atom_count : 0
nonstandard_residue_names    : <none>
missing_heavy_atom_count     : 18
force_field_template_path    : /home/grheco/repositorios/stack_protein_prep/.pixi/envs/default/share/gromacs/top/amber99sb-ildn.ff/aminoacids.rtp

issues
------
[warning] altloc_selected: Selected one alternate location for 16 disordered atoms; dropped 16 duplicate positions.
[warning] occupancy_normalized: 16 selected atoms had occupancy other than 1.00 and will be written as 1.00.
[warning] missing_standard_heavy_atoms: Residue ILE A 56 is missing expected heavy atoms: CD
[warning] missing_standard_heavy_atoms: Residue ILE A 66 is missing expected heavy atoms: CD
[warning] missing_standard_heavy_atoms: Residue ILE A 74 is missing expected heavy atoms: CD
[warning] missing_standard_heavy_atoms: Residue ILE A 104 is missing expected heavy atoms: CD
[warning] missing_standard_heavy_atoms: Residue ILE A 119 is missing expected heavy atoms: CD
[warning] missing_standard_heavy_atoms: Residue ILE A 133 is missing expected heavy atoms: CD
[warning] missing_standard_heavy_atoms: Residue ILE A 168 is missing expected heavy atoms: CD
[warning] missing_standard_heavy_atoms: Residue ILE A 173 is missing expected heavy atoms: CD
[warning] missing_standard_heavy_atoms: Residue ILE A 175 is missing expected heavy atoms: CD
[warning] missing_standard_heavy_atoms: Residue ILE A 185 is missing expected heavy atoms: CD
[warning] missing_standard_heavy_atoms: Residue ILE A 213 is missing expected heavy atoms: CD
[warning] missing_standard_heavy_atoms: Residue ILE A 230 is missing expected heavy atoms: CD
[warning] missing_standard_heavy_atoms: Residue ILE A 240 is missing expected heavy atoms: CD
[warning] missing_standard_heavy_atoms: Residue ILE A 248 is missing expected heavy atoms: CD
[warning] missing_standard_heavy_atoms: Residue ILE A 249 is missing expected heavy atoms: CD
[warning] missing_standard_heavy_atoms: Residue ILE A 267 is missing expected heavy atoms: CD
[warning] missing_standard_heavy_atoms: Residue ILE A 284 is missing expected heavy atoms: CD
[warning] missing_standard_heavy_atoms: Residue ILE A 302 is missing expected heavy atoms: CD
