sanitize_pdb_for_gromacs
========================

pdb_id                       : 3R04
variant_label                : prepared_single
input_pdb_path               : /home/grheco/repositorios/stack_protein_prep/data/proteins/3R04/prepared/single/3R04.pdb
output_pdb_path              : /home/grheco/repositorios/stack_protein_prep/data/proteins/3R04/components/.tmp_sanitized_variant_audit/3R04_single_prepared_sanitized.pdb
output_written               : True
can_run_gromacs              : True
status                       : warning
atom_count_in                : 4405
atom_count_out               : 4364
residue_count_out            : 271
selected_altloc_count        : 0
dropped_altloc_atom_count    : 0
normalized_occupancy_count   : 0
dropped_heterogen_atom_count : 41
nonstandard_residue_names    : <none>
missing_heavy_atom_count     : 1
force_field_template_path    : /home/grheco/repositorios/stack_protein_prep/.pixi/envs/default/share/gromacs/top/amber99sb-ildn.ff/aminoacids.rtp

issues
------
[warning] missing_standard_heavy_atoms: Residue HIS A 305 is missing expected heavy atoms: O
[info] heterogens_dropped: Dropped 41 non-polymer HETATM atoms from the protein-only route.
