================================================================================
[2026-05-17 14:44:24] module=alignment_visualization pdb_id=2AFX
================================================================================
alignment_fasta_path=/home/grheco/repositorios/stack_protein_prep/data/proteins/2AFX/fasta/alignments/SEQRES_chain_A_vs_UniProt.aln.fasta
output_png_path=/home/grheco/repositorios/stack_protein_prep/data/proteins/2AFX/fasta/alignments/SEQRES_chain_A_vs_UniProt.aln.png
residues_per_line=60
font_size=18
header_font_size=20
label_width=24
timestamp=2026-05-17 14:44:24
cwd=/home/grheco/repositorios/stack_protein_prep
python_executable=/home/grheco/repositorios/stack_protein_prep/.pixi/envs/default/bin/python3
[RENDER METRICS]
record_a_header: PDB|2AFX|SEQRES|chain_A
record_b_header: sp|Q16769|QPCT_HUMAN Glutaminyl-peptide cyclotransferase OS=Homo sapiens OX=9606 GN=QPCT PE=1 SV=1
alignment_length: 361
n_blocks: 7
cell_width: 23
cell_height: 21
image_width: 1748
image_height: 944
[OUTPUT PNG] /home/grheco/repositorios/stack_protein_prep/data/proteins/2AFX/fasta/alignments/SEQRES_chain_A_vs_UniProt.aln.png
[RESULT] rendered alignment PNG -> /home/grheco/repositorios/stack_protein_prep/data/proteins/2AFX/fasta/alignments/SEQRES_chain_A_vs_UniProt.aln.png
================================================================================
[2026-05-17 14:44:25] module=alignment_visualization pdb_id=2AFX
================================================================================
alignment_fasta_path=/home/grheco/repositorios/stack_protein_prep/data/proteins/2AFX/fasta/alignments/SEQRES_chain_B_vs_UniProt.aln.fasta
output_png_path=/home/grheco/repositorios/stack_protein_prep/data/proteins/2AFX/fasta/alignments/SEQRES_chain_B_vs_UniProt.aln.png
residues_per_line=60
font_size=18
header_font_size=20
label_width=24
timestamp=2026-05-17 14:44:25
cwd=/home/grheco/repositorios/stack_protein_prep
python_executable=/home/grheco/repositorios/stack_protein_prep/.pixi/envs/default/bin/python3
[RENDER METRICS]
record_a_header: PDB|2AFX|SEQRES|chain_B
record_b_header: sp|Q16769|QPCT_HUMAN Glutaminyl-peptide cyclotransferase OS=Homo sapiens OX=9606 GN=QPCT PE=1 SV=1
alignment_length: 361
n_blocks: 7
cell_width: 23
cell_height: 21
image_width: 1748
image_height: 944
[OUTPUT PNG] /home/grheco/repositorios/stack_protein_prep/data/proteins/2AFX/fasta/alignments/SEQRES_chain_B_vs_UniProt.aln.png
[RESULT] rendered alignment PNG -> /home/grheco/repositorios/stack_protein_prep/data/proteins/2AFX/fasta/alignments/SEQRES_chain_B_vs_UniProt.aln.png
================================================================================
[2026-05-17 14:44:25] module=alignment_visualization pdb_id=2AFX
================================================================================
alignment_fasta_path=/home/grheco/repositorios/stack_protein_prep/data/proteins/2AFX/fasta/alignments/ATOM_chain_A_vs_UniProt.aln.fasta
output_png_path=/home/grheco/repositorios/stack_protein_prep/data/proteins/2AFX/fasta/alignments/ATOM_chain_A_vs_UniProt.aln.png
residues_per_line=60
font_size=18
header_font_size=20
label_width=24
timestamp=2026-05-17 14:44:25
cwd=/home/grheco/repositorios/stack_protein_prep
python_executable=/home/grheco/repositorios/stack_protein_prep/.pixi/envs/default/bin/python3
[RENDER METRICS]
record_a_header: PDB|2AFX|ATOM|chain_A
record_b_header: sp|Q16769|QPCT_HUMAN Glutaminyl-peptide cyclotransferase OS=Homo sapiens OX=9606 GN=QPCT PE=1 SV=1
alignment_length: 361
n_blocks: 7
cell_width: 23
cell_height: 21
image_width: 1748
image_height: 944
[OUTPUT PNG] /home/grheco/repositorios/stack_protein_prep/data/proteins/2AFX/fasta/alignments/ATOM_chain_A_vs_UniProt.aln.png
[RESULT] rendered alignment PNG -> /home/grheco/repositorios/stack_protein_prep/data/proteins/2AFX/fasta/alignments/ATOM_chain_A_vs_UniProt.aln.png
================================================================================
[2026-05-17 14:44:25] module=alignment_visualization pdb_id=2AFX
================================================================================
alignment_fasta_path=/home/grheco/repositorios/stack_protein_prep/data/proteins/2AFX/fasta/alignments/ATOM_chain_B_vs_UniProt.aln.fasta
output_png_path=/home/grheco/repositorios/stack_protein_prep/data/proteins/2AFX/fasta/alignments/ATOM_chain_B_vs_UniProt.aln.png
residues_per_line=60
font_size=18
header_font_size=20
label_width=24
timestamp=2026-05-17 14:44:25
cwd=/home/grheco/repositorios/stack_protein_prep
python_executable=/home/grheco/repositorios/stack_protein_prep/.pixi/envs/default/bin/python3
[RENDER METRICS]
record_a_header: PDB|2AFX|ATOM|chain_B
record_b_header: sp|Q16769|QPCT_HUMAN Glutaminyl-peptide cyclotransferase OS=Homo sapiens OX=9606 GN=QPCT PE=1 SV=1
alignment_length: 361
n_blocks: 7
cell_width: 23
cell_height: 21
image_width: 1748
image_height: 944
[OUTPUT PNG] /home/grheco/repositorios/stack_protein_prep/data/proteins/2AFX/fasta/alignments/ATOM_chain_B_vs_UniProt.aln.png
[RESULT] rendered alignment PNG -> /home/grheco/repositorios/stack_protein_prep/data/proteins/2AFX/fasta/alignments/ATOM_chain_B_vs_UniProt.aln.png
================================================================================
[2026-05-17 15:36:43] module=alignment_visualization pdb_id=2AFX
================================================================================
alignment_fasta_path=/home/grheco/repositorios/stack_protein_prep/data/proteins/2AFX/fasta/alignments/SEQRES_chain_A_vs_UniProt.aln.fasta
output_png_path=/home/grheco/repositorios/stack_protein_prep/data/proteins/2AFX/fasta/alignments/SEQRES_chain_A_vs_UniProt.aln.png
residues_per_line=60
font_size=18
header_font_size=20
label_width=24
timestamp=2026-05-17 15:36:43
cwd=/home/grheco/repositorios/stack_protein_prep
python_executable=/home/grheco/repositorios/stack_protein_prep/.pixi/envs/default/bin/python3
[RENDER METRICS]
record_a_header: PDB|2AFX|SEQRES|chain_A
record_b_header: sp|Q16769|QPCT_HUMAN Glutaminyl-peptide cyclotransferase OS=Homo sapiens OX=9606 GN=QPCT PE=1 SV=1
alignment_length: 361
n_blocks: 7
cell_width: 23
cell_height: 21
image_width: 1748
image_height: 944
[OUTPUT PNG] /home/grheco/repositorios/stack_protein_prep/data/proteins/2AFX/fasta/alignments/SEQRES_chain_A_vs_UniProt.aln.png
[RESULT] rendered alignment PNG -> /home/grheco/repositorios/stack_protein_prep/data/proteins/2AFX/fasta/alignments/SEQRES_chain_A_vs_UniProt.aln.png
================================================================================
[2026-05-17 15:36:43] module=alignment_visualization pdb_id=2AFX
================================================================================
alignment_fasta_path=/home/grheco/repositorios/stack_protein_prep/data/proteins/2AFX/fasta/alignments/SEQRES_chain_B_vs_UniProt.aln.fasta
output_png_path=/home/grheco/repositorios/stack_protein_prep/data/proteins/2AFX/fasta/alignments/SEQRES_chain_B_vs_UniProt.aln.png
residues_per_line=60
font_size=18
header_font_size=20
label_width=24
timestamp=2026-05-17 15:36:43
cwd=/home/grheco/repositorios/stack_protein_prep
python_executable=/home/grheco/repositorios/stack_protein_prep/.pixi/envs/default/bin/python3
[RENDER METRICS]
record_a_header: PDB|2AFX|SEQRES|chain_B
record_b_header: sp|Q16769|QPCT_HUMAN Glutaminyl-peptide cyclotransferase OS=Homo sapiens OX=9606 GN=QPCT PE=1 SV=1
alignment_length: 361
n_blocks: 7
cell_width: 23
cell_height: 21
image_width: 1748
image_height: 944
[OUTPUT PNG] /home/grheco/repositorios/stack_protein_prep/data/proteins/2AFX/fasta/alignments/SEQRES_chain_B_vs_UniProt.aln.png
[RESULT] rendered alignment PNG -> /home/grheco/repositorios/stack_protein_prep/data/proteins/2AFX/fasta/alignments/SEQRES_chain_B_vs_UniProt.aln.png
================================================================================
[2026-05-17 15:36:43] module=alignment_visualization pdb_id=2AFX
================================================================================
alignment_fasta_path=/home/grheco/repositorios/stack_protein_prep/data/proteins/2AFX/fasta/alignments/ATOM_chain_A_vs_UniProt.aln.fasta
output_png_path=/home/grheco/repositorios/stack_protein_prep/data/proteins/2AFX/fasta/alignments/ATOM_chain_A_vs_UniProt.aln.png
residues_per_line=60
font_size=18
header_font_size=20
label_width=24
timestamp=2026-05-17 15:36:43
cwd=/home/grheco/repositorios/stack_protein_prep
python_executable=/home/grheco/repositorios/stack_protein_prep/.pixi/envs/default/bin/python3
[RENDER METRICS]
record_a_header: PDB|2AFX|ATOM|chain_A
record_b_header: sp|Q16769|QPCT_HUMAN Glutaminyl-peptide cyclotransferase OS=Homo sapiens OX=9606 GN=QPCT PE=1 SV=1
alignment_length: 361
n_blocks: 7
cell_width: 23
cell_height: 21
image_width: 1748
image_height: 944
[OUTPUT PNG] /home/grheco/repositorios/stack_protein_prep/data/proteins/2AFX/fasta/alignments/ATOM_chain_A_vs_UniProt.aln.png
[RESULT] rendered alignment PNG -> /home/grheco/repositorios/stack_protein_prep/data/proteins/2AFX/fasta/alignments/ATOM_chain_A_vs_UniProt.aln.png
================================================================================
[2026-05-17 15:36:43] module=alignment_visualization pdb_id=2AFX
================================================================================
alignment_fasta_path=/home/grheco/repositorios/stack_protein_prep/data/proteins/2AFX/fasta/alignments/ATOM_chain_B_vs_UniProt.aln.fasta
output_png_path=/home/grheco/repositorios/stack_protein_prep/data/proteins/2AFX/fasta/alignments/ATOM_chain_B_vs_UniProt.aln.png
residues_per_line=60
font_size=18
header_font_size=20
label_width=24
timestamp=2026-05-17 15:36:43
cwd=/home/grheco/repositorios/stack_protein_prep
python_executable=/home/grheco/repositorios/stack_protein_prep/.pixi/envs/default/bin/python3
[RENDER METRICS]
record_a_header: PDB|2AFX|ATOM|chain_B
record_b_header: sp|Q16769|QPCT_HUMAN Glutaminyl-peptide cyclotransferase OS=Homo sapiens OX=9606 GN=QPCT PE=1 SV=1
alignment_length: 361
n_blocks: 7
cell_width: 23
cell_height: 21
image_width: 1748
image_height: 944
[OUTPUT PNG] /home/grheco/repositorios/stack_protein_prep/data/proteins/2AFX/fasta/alignments/ATOM_chain_B_vs_UniProt.aln.png
[RESULT] rendered alignment PNG -> /home/grheco/repositorios/stack_protein_prep/data/proteins/2AFX/fasta/alignments/ATOM_chain_B_vs_UniProt.aln.png
================================================================================
[2026-05-17 15:45:25] module=alignment_visualization pdb_id=2AFX
================================================================================
alignment_fasta_path=/home/grheco/repositorios/stack_protein_prep/data/proteins/2AFX/fasta/alignments/SEQRES_chain_A_vs_UniProt.aln.fasta
output_png_path=/home/grheco/repositorios/stack_protein_prep/data/proteins/2AFX/fasta/alignments/SEQRES_chain_A_vs_UniProt.aln.png
residues_per_line=60
font_size=18
header_font_size=20
label_width=24
timestamp=2026-05-17 15:45:25
cwd=/home/grheco/repositorios/stack_protein_prep
python_executable=/home/grheco/repositorios/stack_protein_prep/.pixi/envs/default/bin/python3
[RENDER METRICS]
record_a_header: PDB|2AFX|SEQRES|chain_A
record_b_header: sp|Q16769|QPCT_HUMAN Glutaminyl-peptide cyclotransferase OS=Homo sapiens OX=9606 GN=QPCT PE=1 SV=1
alignment_length: 361
n_blocks: 7
cell_width: 23
cell_height: 21
image_width: 1748
image_height: 944
[OUTPUT PNG] /home/grheco/repositorios/stack_protein_prep/data/proteins/2AFX/fasta/alignments/SEQRES_chain_A_vs_UniProt.aln.png
[RESULT] rendered alignment PNG -> /home/grheco/repositorios/stack_protein_prep/data/proteins/2AFX/fasta/alignments/SEQRES_chain_A_vs_UniProt.aln.png
================================================================================
[2026-05-17 15:45:25] module=alignment_visualization pdb_id=2AFX
================================================================================
alignment_fasta_path=/home/grheco/repositorios/stack_protein_prep/data/proteins/2AFX/fasta/alignments/SEQRES_chain_B_vs_UniProt.aln.fasta
output_png_path=/home/grheco/repositorios/stack_protein_prep/data/proteins/2AFX/fasta/alignments/SEQRES_chain_B_vs_UniProt.aln.png
residues_per_line=60
font_size=18
header_font_size=20
label_width=24
timestamp=2026-05-17 15:45:25
cwd=/home/grheco/repositorios/stack_protein_prep
python_executable=/home/grheco/repositorios/stack_protein_prep/.pixi/envs/default/bin/python3
[RENDER METRICS]
record_a_header: PDB|2AFX|SEQRES|chain_B
record_b_header: sp|Q16769|QPCT_HUMAN Glutaminyl-peptide cyclotransferase OS=Homo sapiens OX=9606 GN=QPCT PE=1 SV=1
alignment_length: 361
n_blocks: 7
cell_width: 23
cell_height: 21
image_width: 1748
image_height: 944
[OUTPUT PNG] /home/grheco/repositorios/stack_protein_prep/data/proteins/2AFX/fasta/alignments/SEQRES_chain_B_vs_UniProt.aln.png
[RESULT] rendered alignment PNG -> /home/grheco/repositorios/stack_protein_prep/data/proteins/2AFX/fasta/alignments/SEQRES_chain_B_vs_UniProt.aln.png
================================================================================
[2026-05-17 15:45:25] module=alignment_visualization pdb_id=2AFX
================================================================================
alignment_fasta_path=/home/grheco/repositorios/stack_protein_prep/data/proteins/2AFX/fasta/alignments/ATOM_chain_A_vs_UniProt.aln.fasta
output_png_path=/home/grheco/repositorios/stack_protein_prep/data/proteins/2AFX/fasta/alignments/ATOM_chain_A_vs_UniProt.aln.png
residues_per_line=60
font_size=18
header_font_size=20
label_width=24
timestamp=2026-05-17 15:45:25
cwd=/home/grheco/repositorios/stack_protein_prep
python_executable=/home/grheco/repositorios/stack_protein_prep/.pixi/envs/default/bin/python3
[RENDER METRICS]
record_a_header: PDB|2AFX|ATOM|chain_A
record_b_header: sp|Q16769|QPCT_HUMAN Glutaminyl-peptide cyclotransferase OS=Homo sapiens OX=9606 GN=QPCT PE=1 SV=1
alignment_length: 361
n_blocks: 7
cell_width: 23
cell_height: 21
image_width: 1748
image_height: 944
[OUTPUT PNG] /home/grheco/repositorios/stack_protein_prep/data/proteins/2AFX/fasta/alignments/ATOM_chain_A_vs_UniProt.aln.png
[RESULT] rendered alignment PNG -> /home/grheco/repositorios/stack_protein_prep/data/proteins/2AFX/fasta/alignments/ATOM_chain_A_vs_UniProt.aln.png
================================================================================
[2026-05-17 15:45:25] module=alignment_visualization pdb_id=2AFX
================================================================================
alignment_fasta_path=/home/grheco/repositorios/stack_protein_prep/data/proteins/2AFX/fasta/alignments/ATOM_chain_B_vs_UniProt.aln.fasta
output_png_path=/home/grheco/repositorios/stack_protein_prep/data/proteins/2AFX/fasta/alignments/ATOM_chain_B_vs_UniProt.aln.png
residues_per_line=60
font_size=18
header_font_size=20
label_width=24
timestamp=2026-05-17 15:45:25
cwd=/home/grheco/repositorios/stack_protein_prep
python_executable=/home/grheco/repositorios/stack_protein_prep/.pixi/envs/default/bin/python3
[RENDER METRICS]
record_a_header: PDB|2AFX|ATOM|chain_B
record_b_header: sp|Q16769|QPCT_HUMAN Glutaminyl-peptide cyclotransferase OS=Homo sapiens OX=9606 GN=QPCT PE=1 SV=1
alignment_length: 361
n_blocks: 7
cell_width: 23
cell_height: 21
image_width: 1748
image_height: 944
[OUTPUT PNG] /home/grheco/repositorios/stack_protein_prep/data/proteins/2AFX/fasta/alignments/ATOM_chain_B_vs_UniProt.aln.png
[RESULT] rendered alignment PNG -> /home/grheco/repositorios/stack_protein_prep/data/proteins/2AFX/fasta/alignments/ATOM_chain_B_vs_UniProt.aln.png
================================================================================
[2026-05-17 17:17:31] module=alignment_visualization pdb_id=2AFX
================================================================================
alignment_fasta_path=/home/grheco/repositorios/stack_protein_prep/data/proteins/2AFX/fasta/alignments/SEQRES_chain_A_vs_UniProt.aln.fasta
output_png_path=/home/grheco/repositorios/stack_protein_prep/data/proteins/2AFX/fasta/alignments/SEQRES_chain_A_vs_UniProt.aln.png
residues_per_line=60
font_size=18
header_font_size=20
label_width=24
timestamp=2026-05-17 17:17:31
cwd=/home/grheco/repositorios/stack_protein_prep
python_executable=/home/grheco/repositorios/stack_protein_prep/.pixi/envs/default/bin/python3
[RENDER METRICS]
record_a_header: PDB|2AFX|SEQRES|chain_A
record_b_header: sp|Q16769|QPCT_HUMAN Glutaminyl-peptide cyclotransferase OS=Homo sapiens OX=9606 GN=QPCT PE=1 SV=1
alignment_length: 361
n_blocks: 7
cell_width: 23
cell_height: 21
image_width: 1748
image_height: 944
[OUTPUT PNG] /home/grheco/repositorios/stack_protein_prep/data/proteins/2AFX/fasta/alignments/SEQRES_chain_A_vs_UniProt.aln.png
[RESULT] rendered alignment PNG -> /home/grheco/repositorios/stack_protein_prep/data/proteins/2AFX/fasta/alignments/SEQRES_chain_A_vs_UniProt.aln.png
================================================================================
[2026-05-17 17:17:31] module=alignment_visualization pdb_id=2AFX
================================================================================
alignment_fasta_path=/home/grheco/repositorios/stack_protein_prep/data/proteins/2AFX/fasta/alignments/SEQRES_chain_B_vs_UniProt.aln.fasta
output_png_path=/home/grheco/repositorios/stack_protein_prep/data/proteins/2AFX/fasta/alignments/SEQRES_chain_B_vs_UniProt.aln.png
residues_per_line=60
font_size=18
header_font_size=20
label_width=24
timestamp=2026-05-17 17:17:31
cwd=/home/grheco/repositorios/stack_protein_prep
python_executable=/home/grheco/repositorios/stack_protein_prep/.pixi/envs/default/bin/python3
[RENDER METRICS]
record_a_header: PDB|2AFX|SEQRES|chain_B
record_b_header: sp|Q16769|QPCT_HUMAN Glutaminyl-peptide cyclotransferase OS=Homo sapiens OX=9606 GN=QPCT PE=1 SV=1
alignment_length: 361
n_blocks: 7
cell_width: 23
cell_height: 21
image_width: 1748
image_height: 944
[OUTPUT PNG] /home/grheco/repositorios/stack_protein_prep/data/proteins/2AFX/fasta/alignments/SEQRES_chain_B_vs_UniProt.aln.png
[RESULT] rendered alignment PNG -> /home/grheco/repositorios/stack_protein_prep/data/proteins/2AFX/fasta/alignments/SEQRES_chain_B_vs_UniProt.aln.png
================================================================================
[2026-05-17 17:17:32] module=alignment_visualization pdb_id=2AFX
================================================================================
alignment_fasta_path=/home/grheco/repositorios/stack_protein_prep/data/proteins/2AFX/fasta/alignments/ATOM_chain_A_vs_UniProt.aln.fasta
output_png_path=/home/grheco/repositorios/stack_protein_prep/data/proteins/2AFX/fasta/alignments/ATOM_chain_A_vs_UniProt.aln.png
residues_per_line=60
font_size=18
header_font_size=20
label_width=24
timestamp=2026-05-17 17:17:32
cwd=/home/grheco/repositorios/stack_protein_prep
python_executable=/home/grheco/repositorios/stack_protein_prep/.pixi/envs/default/bin/python3
[RENDER METRICS]
record_a_header: PDB|2AFX|ATOM|chain_A
record_b_header: sp|Q16769|QPCT_HUMAN Glutaminyl-peptide cyclotransferase OS=Homo sapiens OX=9606 GN=QPCT PE=1 SV=1
alignment_length: 361
n_blocks: 7
cell_width: 23
cell_height: 21
image_width: 1748
image_height: 944
[OUTPUT PNG] /home/grheco/repositorios/stack_protein_prep/data/proteins/2AFX/fasta/alignments/ATOM_chain_A_vs_UniProt.aln.png
[RESULT] rendered alignment PNG -> /home/grheco/repositorios/stack_protein_prep/data/proteins/2AFX/fasta/alignments/ATOM_chain_A_vs_UniProt.aln.png
================================================================================
[2026-05-17 17:17:32] module=alignment_visualization pdb_id=2AFX
================================================================================
alignment_fasta_path=/home/grheco/repositorios/stack_protein_prep/data/proteins/2AFX/fasta/alignments/ATOM_chain_B_vs_UniProt.aln.fasta
output_png_path=/home/grheco/repositorios/stack_protein_prep/data/proteins/2AFX/fasta/alignments/ATOM_chain_B_vs_UniProt.aln.png
residues_per_line=60
font_size=18
header_font_size=20
label_width=24
timestamp=2026-05-17 17:17:32
cwd=/home/grheco/repositorios/stack_protein_prep
python_executable=/home/grheco/repositorios/stack_protein_prep/.pixi/envs/default/bin/python3
[RENDER METRICS]
record_a_header: PDB|2AFX|ATOM|chain_B
record_b_header: sp|Q16769|QPCT_HUMAN Glutaminyl-peptide cyclotransferase OS=Homo sapiens OX=9606 GN=QPCT PE=1 SV=1
alignment_length: 361
n_blocks: 7
cell_width: 23
cell_height: 21
image_width: 1748
image_height: 944
[OUTPUT PNG] /home/grheco/repositorios/stack_protein_prep/data/proteins/2AFX/fasta/alignments/ATOM_chain_B_vs_UniProt.aln.png
[RESULT] rendered alignment PNG -> /home/grheco/repositorios/stack_protein_prep/data/proteins/2AFX/fasta/alignments/ATOM_chain_B_vs_UniProt.aln.png
================================================================================
[2026-05-17 17:42:41] module=alignment_visualization pdb_id=2AFX
================================================================================
alignment_fasta_path=/home/grheco/repositorios/stack_protein_prep/data/proteins/2AFX/fasta/alignments/SEQRES_chain_A_vs_UniProt.aln.fasta
output_png_path=/home/grheco/repositorios/stack_protein_prep/data/proteins/2AFX/fasta/alignments/SEQRES_chain_A_vs_UniProt.aln.png
residues_per_line=60
font_size=18
header_font_size=20
label_width=24
timestamp=2026-05-17 17:42:41
cwd=/home/grheco/repositorios/stack_protein_prep
python_executable=/home/grheco/repositorios/stack_protein_prep/.pixi/envs/default/bin/python
[RENDER METRICS]
record_a_header: PDB|2AFX|SEQRES|chain_A
record_b_header: sp|Q16769|QPCT_HUMAN Glutaminyl-peptide cyclotransferase OS=Homo sapiens OX=9606 GN=QPCT PE=1 SV=1
alignment_length: 361
n_blocks: 7
cell_width: 23
cell_height: 21
image_width: 1748
image_height: 944
[OUTPUT PNG] /home/grheco/repositorios/stack_protein_prep/data/proteins/2AFX/fasta/alignments/SEQRES_chain_A_vs_UniProt.aln.png
[RESULT] rendered alignment PNG -> /home/grheco/repositorios/stack_protein_prep/data/proteins/2AFX/fasta/alignments/SEQRES_chain_A_vs_UniProt.aln.png
================================================================================
[2026-05-17 17:42:42] module=alignment_visualization pdb_id=2AFX
================================================================================
alignment_fasta_path=/home/grheco/repositorios/stack_protein_prep/data/proteins/2AFX/fasta/alignments/SEQRES_chain_B_vs_UniProt.aln.fasta
output_png_path=/home/grheco/repositorios/stack_protein_prep/data/proteins/2AFX/fasta/alignments/SEQRES_chain_B_vs_UniProt.aln.png
residues_per_line=60
font_size=18
header_font_size=20
label_width=24
timestamp=2026-05-17 17:42:42
cwd=/home/grheco/repositorios/stack_protein_prep
python_executable=/home/grheco/repositorios/stack_protein_prep/.pixi/envs/default/bin/python
[RENDER METRICS]
record_a_header: PDB|2AFX|SEQRES|chain_B
record_b_header: sp|Q16769|QPCT_HUMAN Glutaminyl-peptide cyclotransferase OS=Homo sapiens OX=9606 GN=QPCT PE=1 SV=1
alignment_length: 361
n_blocks: 7
cell_width: 23
cell_height: 21
image_width: 1748
image_height: 944
[OUTPUT PNG] /home/grheco/repositorios/stack_protein_prep/data/proteins/2AFX/fasta/alignments/SEQRES_chain_B_vs_UniProt.aln.png
[RESULT] rendered alignment PNG -> /home/grheco/repositorios/stack_protein_prep/data/proteins/2AFX/fasta/alignments/SEQRES_chain_B_vs_UniProt.aln.png
================================================================================
[2026-05-17 17:42:42] module=alignment_visualization pdb_id=2AFX
================================================================================
alignment_fasta_path=/home/grheco/repositorios/stack_protein_prep/data/proteins/2AFX/fasta/alignments/ATOM_chain_A_vs_UniProt.aln.fasta
output_png_path=/home/grheco/repositorios/stack_protein_prep/data/proteins/2AFX/fasta/alignments/ATOM_chain_A_vs_UniProt.aln.png
residues_per_line=60
font_size=18
header_font_size=20
label_width=24
timestamp=2026-05-17 17:42:42
cwd=/home/grheco/repositorios/stack_protein_prep
python_executable=/home/grheco/repositorios/stack_protein_prep/.pixi/envs/default/bin/python
[RENDER METRICS]
record_a_header: PDB|2AFX|ATOM|chain_A
record_b_header: sp|Q16769|QPCT_HUMAN Glutaminyl-peptide cyclotransferase OS=Homo sapiens OX=9606 GN=QPCT PE=1 SV=1
alignment_length: 361
n_blocks: 7
cell_width: 23
cell_height: 21
image_width: 1748
image_height: 944
[OUTPUT PNG] /home/grheco/repositorios/stack_protein_prep/data/proteins/2AFX/fasta/alignments/ATOM_chain_A_vs_UniProt.aln.png
[RESULT] rendered alignment PNG -> /home/grheco/repositorios/stack_protein_prep/data/proteins/2AFX/fasta/alignments/ATOM_chain_A_vs_UniProt.aln.png
================================================================================
[2026-05-17 17:42:42] module=alignment_visualization pdb_id=2AFX
================================================================================
alignment_fasta_path=/home/grheco/repositorios/stack_protein_prep/data/proteins/2AFX/fasta/alignments/ATOM_chain_B_vs_UniProt.aln.fasta
output_png_path=/home/grheco/repositorios/stack_protein_prep/data/proteins/2AFX/fasta/alignments/ATOM_chain_B_vs_UniProt.aln.png
residues_per_line=60
font_size=18
header_font_size=20
label_width=24
timestamp=2026-05-17 17:42:42
cwd=/home/grheco/repositorios/stack_protein_prep
python_executable=/home/grheco/repositorios/stack_protein_prep/.pixi/envs/default/bin/python
[RENDER METRICS]
record_a_header: PDB|2AFX|ATOM|chain_B
record_b_header: sp|Q16769|QPCT_HUMAN Glutaminyl-peptide cyclotransferase OS=Homo sapiens OX=9606 GN=QPCT PE=1 SV=1
alignment_length: 361
n_blocks: 7
cell_width: 23
cell_height: 21
image_width: 1748
image_height: 944
[OUTPUT PNG] /home/grheco/repositorios/stack_protein_prep/data/proteins/2AFX/fasta/alignments/ATOM_chain_B_vs_UniProt.aln.png
[RESULT] rendered alignment PNG -> /home/grheco/repositorios/stack_protein_prep/data/proteins/2AFX/fasta/alignments/ATOM_chain_B_vs_UniProt.aln.png
================================================================================
[2026-05-17 17:44:52] module=alignment_visualization pdb_id=2AFX
================================================================================
alignment_fasta_path=/home/grheco/repositorios/stack_protein_prep/data/proteins/2AFX/fasta/alignments/SEQRES_chain_A_vs_UniProt.aln.fasta
output_png_path=/home/grheco/repositorios/stack_protein_prep/data/proteins/2AFX/fasta/alignments/SEQRES_chain_A_vs_UniProt.aln.png
residues_per_line=60
font_size=18
header_font_size=20
label_width=24
timestamp=2026-05-17 17:44:52
cwd=/home/grheco/repositorios/stack_protein_prep
python_executable=/home/grheco/repositorios/stack_protein_prep/.pixi/envs/default/bin/python3
[RENDER METRICS]
record_a_header: PDB|2AFX|SEQRES|chain_A
record_b_header: sp|Q16769|QPCT_HUMAN Glutaminyl-peptide cyclotransferase OS=Homo sapiens OX=9606 GN=QPCT PE=1 SV=1
alignment_length: 361
n_blocks: 7
cell_width: 23
cell_height: 21
image_width: 1748
image_height: 944
[OUTPUT PNG] /home/grheco/repositorios/stack_protein_prep/data/proteins/2AFX/fasta/alignments/SEQRES_chain_A_vs_UniProt.aln.png
[RESULT] rendered alignment PNG -> /home/grheco/repositorios/stack_protein_prep/data/proteins/2AFX/fasta/alignments/SEQRES_chain_A_vs_UniProt.aln.png
================================================================================
[2026-05-17 17:44:52] module=alignment_visualization pdb_id=2AFX
================================================================================
alignment_fasta_path=/home/grheco/repositorios/stack_protein_prep/data/proteins/2AFX/fasta/alignments/SEQRES_chain_B_vs_UniProt.aln.fasta
output_png_path=/home/grheco/repositorios/stack_protein_prep/data/proteins/2AFX/fasta/alignments/SEQRES_chain_B_vs_UniProt.aln.png
residues_per_line=60
font_size=18
header_font_size=20
label_width=24
timestamp=2026-05-17 17:44:52
cwd=/home/grheco/repositorios/stack_protein_prep
python_executable=/home/grheco/repositorios/stack_protein_prep/.pixi/envs/default/bin/python3
[RENDER METRICS]
record_a_header: PDB|2AFX|SEQRES|chain_B
record_b_header: sp|Q16769|QPCT_HUMAN Glutaminyl-peptide cyclotransferase OS=Homo sapiens OX=9606 GN=QPCT PE=1 SV=1
alignment_length: 361
n_blocks: 7
cell_width: 23
cell_height: 21
image_width: 1748
image_height: 944
[OUTPUT PNG] /home/grheco/repositorios/stack_protein_prep/data/proteins/2AFX/fasta/alignments/SEQRES_chain_B_vs_UniProt.aln.png
[RESULT] rendered alignment PNG -> /home/grheco/repositorios/stack_protein_prep/data/proteins/2AFX/fasta/alignments/SEQRES_chain_B_vs_UniProt.aln.png
================================================================================
[2026-05-17 17:44:52] module=alignment_visualization pdb_id=2AFX
================================================================================
alignment_fasta_path=/home/grheco/repositorios/stack_protein_prep/data/proteins/2AFX/fasta/alignments/ATOM_chain_A_vs_UniProt.aln.fasta
output_png_path=/home/grheco/repositorios/stack_protein_prep/data/proteins/2AFX/fasta/alignments/ATOM_chain_A_vs_UniProt.aln.png
residues_per_line=60
font_size=18
header_font_size=20
label_width=24
timestamp=2026-05-17 17:44:52
cwd=/home/grheco/repositorios/stack_protein_prep
python_executable=/home/grheco/repositorios/stack_protein_prep/.pixi/envs/default/bin/python3
[RENDER METRICS]
record_a_header: PDB|2AFX|ATOM|chain_A
record_b_header: sp|Q16769|QPCT_HUMAN Glutaminyl-peptide cyclotransferase OS=Homo sapiens OX=9606 GN=QPCT PE=1 SV=1
alignment_length: 361
n_blocks: 7
cell_width: 23
cell_height: 21
image_width: 1748
image_height: 944
[OUTPUT PNG] /home/grheco/repositorios/stack_protein_prep/data/proteins/2AFX/fasta/alignments/ATOM_chain_A_vs_UniProt.aln.png
[RESULT] rendered alignment PNG -> /home/grheco/repositorios/stack_protein_prep/data/proteins/2AFX/fasta/alignments/ATOM_chain_A_vs_UniProt.aln.png
================================================================================
[2026-05-17 17:44:52] module=alignment_visualization pdb_id=2AFX
================================================================================
alignment_fasta_path=/home/grheco/repositorios/stack_protein_prep/data/proteins/2AFX/fasta/alignments/ATOM_chain_B_vs_UniProt.aln.fasta
output_png_path=/home/grheco/repositorios/stack_protein_prep/data/proteins/2AFX/fasta/alignments/ATOM_chain_B_vs_UniProt.aln.png
residues_per_line=60
font_size=18
header_font_size=20
label_width=24
timestamp=2026-05-17 17:44:52
cwd=/home/grheco/repositorios/stack_protein_prep
python_executable=/home/grheco/repositorios/stack_protein_prep/.pixi/envs/default/bin/python3
[RENDER METRICS]
record_a_header: PDB|2AFX|ATOM|chain_B
record_b_header: sp|Q16769|QPCT_HUMAN Glutaminyl-peptide cyclotransferase OS=Homo sapiens OX=9606 GN=QPCT PE=1 SV=1
alignment_length: 361
n_blocks: 7
cell_width: 23
cell_height: 21
image_width: 1748
image_height: 944
[OUTPUT PNG] /home/grheco/repositorios/stack_protein_prep/data/proteins/2AFX/fasta/alignments/ATOM_chain_B_vs_UniProt.aln.png
[RESULT] rendered alignment PNG -> /home/grheco/repositorios/stack_protein_prep/data/proteins/2AFX/fasta/alignments/ATOM_chain_B_vs_UniProt.aln.png
