metalls_check
============

pdb_id                   : 2AFX
variant_label            : gaps
input_model_path         : /home/grheco/repositorios/stack_protein_prep/data/proteins/2AFX/prepared/gaps/2AFX.pdb
analysis_input_path      : /home/grheco/repositorios/stack_protein_prep/data/proteins/2AFX/components/metals_check/gaps/2AFX_gaps_metal_analysis_input.pdb
contacts_tsv_path        : /home/grheco/repositorios/stack_protein_prep/data/proteins/2AFX/components/metals_check/gaps/2AFX_gaps_metal_contacts.tsv
manifest_path            : /home/grheco/repositorios/stack_protein_prep/data/proteins/2AFX/components/metals_check/gaps/2AFX_gaps_metal_check.json
chimera_status           : missing_executable
status                   : required
metal_class              : transition
ion_type_text            : Zn2+
parameter_reference_text : transition-metal parameters required; geometry recorded for Gaussian/RESP/CESGA branch
found_geometry_text      : octahedral
probable_geometry_text   : tetrahedral|trigonal_bipyramidal|octahedral
geometry_match           : yes
model_metal_ready        : False
message                  : Transition-metal site detected; geometry recorded for metal-parameter branch.

sites
-----
- ZN A 996 ZN
  ion_label        : Zn2+
  metal_class      : transition
  coordination     : 6
  found_geometry   : octahedral
  probable_geometry: tetrahedral|trigonal_bipyramidal|octahedral
  geometry_match   : yes
  contacts         : 6
