metalls_check
============

pdb_id                   : 2AFX
variant_label            : input_inventory
input_model_path         : /home/grheco/repositorios/stack_protein_prep/data/proteins/2AFX/components/2AFX_protein_monomer.pdb
analysis_input_path      : /home/grheco/repositorios/stack_protein_prep/data/proteins/2AFX/components/metals_check/input_inventory/2AFX_input_inventory_metal_analysis_input.pdb
contacts_tsv_path        : /home/grheco/repositorios/stack_protein_prep/data/proteins/2AFX/components/metals_check/input_inventory/2AFX_input_inventory_metal_contacts.tsv
manifest_path            : /home/grheco/repositorios/stack_protein_prep/data/proteins/2AFX/components/metals_check/input_inventory/2AFX_input_inventory_metal_check.json
chimera_status           : skipped
status                   : required
metal_class              : transition
ion_type_text            : Zn2+
parameter_reference_text : transition-metal parameters required; geometry recorded for Gaussian/RESP/CESGA branch
found_geometry_text      : square_pyramidal
probable_geometry_text   : tetrahedral|trigonal_bipyramidal|octahedral
geometry_match           : no
model_metal_ready        : False
message                  : Transition-metal site detected; geometry recorded for metal-parameter branch.

sites
-----
- ZN A 996 ZN
  ion_label        : Zn2+
  metal_class      : transition
  coordination     : 5
  found_geometry   : square_pyramidal
  probable_geometry: tetrahedral|trigonal_bipyramidal|octahedral
  geometry_match   : no
  contacts         : 5
