sanitize_pdb_for_gromacs
========================

pdb_id                       : 2AFX
variant_label                : gaps_fragment_01
input_pdb_path               : /home/grheco/repositorios/stack_protein_prep/data/proteins/2AFX/components/.tmp_gaps_fragments/2AFX_chain_A_fragment_01.pdb
output_pdb_path              : /home/grheco/repositorios/stack_protein_prep/data/proteins/2AFX/components/.tmp_sanitized_protonation/2AFX_gaps_fragment_01_sanitized.pdb
output_written               : True
can_run_gromacs              : True
status                       : warning
atom_count_in                : 1205
atom_count_out               : 1205
residue_count_out            : 150
selected_altloc_count        : 0
dropped_altloc_atom_count    : 0
normalized_occupancy_count   : 5
dropped_heterogen_atom_count : 0
nonstandard_residue_names    : <none>
missing_heavy_atom_count     : 9
force_field_template_path    : /home/grheco/repositorios/stack_protein_prep/.pixi/envs/default/share/gromacs/top/amber99sb-ildn.ff/aminoacids.rtp

issues
------
[warning] occupancy_normalized: 5 selected atoms had occupancy other than 1.00 and will be written as 1.00.
[warning] missing_standard_heavy_atoms: Residue ILE A 47 is missing expected heavy atoms: CD
[warning] missing_standard_heavy_atoms: Residue ILE A 56 is missing expected heavy atoms: CD
[warning] missing_standard_heavy_atoms: Residue ILE A 62 is missing expected heavy atoms: CD
[warning] missing_standard_heavy_atoms: Residue ILE A 75 is missing expected heavy atoms: CD
[warning] missing_standard_heavy_atoms: Residue ILE A 91 is missing expected heavy atoms: CD
[warning] missing_standard_heavy_atoms: Residue ILE A 95 is missing expected heavy atoms: CD
[warning] missing_standard_heavy_atoms: Residue ILE A 106 is missing expected heavy atoms: CD
[warning] missing_standard_heavy_atoms: Residue ILE A 123 is missing expected heavy atoms: CD
[warning] missing_standard_heavy_atoms: Residue ILE A 124 is missing expected heavy atoms: CD
