sanitize_pdb_for_gromacs
========================

pdb_id                       : 2AFX
variant_label                : gaps_fragment_02
input_pdb_path               : /home/grheco/repositorios/stack_protein_prep/data/proteins/2AFX/components/.tmp_gaps_fragments/2AFX_chain_A_fragment_02.pdb
output_pdb_path              : /home/grheco/repositorios/stack_protein_prep/data/proteins/2AFX/components/.tmp_sanitized_protonation/2AFX_gaps_fragment_02_sanitized.pdb
output_written               : True
can_run_gromacs              : True
status                       : warning
atom_count_in                : 1405
atom_count_out               : 1405
residue_count_out            : 173
selected_altloc_count        : 0
dropped_altloc_atom_count    : 0
normalized_occupancy_count   : 0
dropped_heterogen_atom_count : 0
nonstandard_residue_names    : <none>
missing_heavy_atom_count     : 8
force_field_template_path    : /home/grheco/repositorios/stack_protein_prep/.pixi/envs/default/share/gromacs/top/amber99sb-ildn.ff/aminoacids.rtp

issues
------
[warning] missing_standard_heavy_atoms: Residue ILE A 196 is missing expected heavy atoms: CD
[warning] missing_standard_heavy_atoms: Residue ILE A 250 is missing expected heavy atoms: CD
[warning] missing_standard_heavy_atoms: Residue ILE A 274 is missing expected heavy atoms: CD
[warning] missing_standard_heavy_atoms: Residue ILE A 303 is missing expected heavy atoms: CD
[warning] missing_standard_heavy_atoms: Residue ILE A 308 is missing expected heavy atoms: CD
[warning] missing_standard_heavy_atoms: Residue ILE A 321 is missing expected heavy atoms: CD
[warning] missing_standard_heavy_atoms: Residue ILE A 344 is missing expected heavy atoms: CD
[warning] missing_standard_heavy_atoms: Residue ILE A 350 is missing expected heavy atoms: CD
