standard_residue_repair
=======================

input_pdb_path                   : /home/grheco/repositorios/stack_protein_prep/data/proteins/2AFX/components/.tmp_gaps_fragments/2AFX_chain_A_fragment_01.pdb
output_pdb_path                  : /home/grheco/repositorios/stack_protein_prep/data/proteins/2AFX/components/.tmp_standard_residue_repair/2AFX_gaps_fragment_01_standard_repaired.pdb
used_output_path                 : /home/grheco/repositorios/stack_protein_prep/data/proteins/2AFX/components/.tmp_gaps_fragments/2AFX_chain_A_fragment_01.pdb
repair_attempted                 : True
repair_success                   : False
can_continue                     : True
missing_heavy_atom_count_before  : 9
missing_heavy_atom_count_after   : 9
nonstandard_residue_names        : <none>
status                           : failed
message                          : MODELLER complete_pdb repair failed: ImportError('MODELLER is required for minimal standard-heavy-atom repair.'); original input retained.

missing_before
--------------
Residue ILE A 47 is missing expected heavy atoms: CD
Residue ILE A 56 is missing expected heavy atoms: CD
Residue ILE A 62 is missing expected heavy atoms: CD
Residue ILE A 75 is missing expected heavy atoms: CD
Residue ILE A 91 is missing expected heavy atoms: CD
Residue ILE A 95 is missing expected heavy atoms: CD
Residue ILE A 106 is missing expected heavy atoms: CD
Residue ILE A 123 is missing expected heavy atoms: CD
Residue ILE A 124 is missing expected heavy atoms: CD

missing_after
-------------
<none>
