================================================================================
[2026-05-17 14:44:28] module=alignment_visualization pdb_id=3K5E
================================================================================
alignment_fasta_path=/home/grheco/repositorios/stack_protein_prep/data/proteins/3K5E/fasta/alignments/SEQRES_chain_A_vs_UniProt.aln.fasta
output_png_path=/home/grheco/repositorios/stack_protein_prep/data/proteins/3K5E/fasta/alignments/SEQRES_chain_A_vs_UniProt.aln.png
residues_per_line=60
font_size=18
header_font_size=20
label_width=24
timestamp=2026-05-17 14:44:28
cwd=/home/grheco/repositorios/stack_protein_prep
python_executable=/home/grheco/repositorios/stack_protein_prep/.pixi/envs/default/bin/python3
[RENDER METRICS]
record_a_header: PDB|3K5E|SEQRES|chain_A
record_b_header: sp|P52732|KIF11_HUMAN Kinesin-like protein KIF11 OS=Homo sapiens OX=9606 GN=KIF11 PE=1 SV=2
alignment_length: 1056
n_blocks: 18
cell_width: 23
cell_height: 21
image_width: 1748
image_height: 2297
[OUTPUT PNG] /home/grheco/repositorios/stack_protein_prep/data/proteins/3K5E/fasta/alignments/SEQRES_chain_A_vs_UniProt.aln.png
[RESULT] rendered alignment PNG -> /home/grheco/repositorios/stack_protein_prep/data/proteins/3K5E/fasta/alignments/SEQRES_chain_A_vs_UniProt.aln.png
================================================================================
[2026-05-17 14:44:28] module=alignment_visualization pdb_id=3K5E
================================================================================
alignment_fasta_path=/home/grheco/repositorios/stack_protein_prep/data/proteins/3K5E/fasta/alignments/ATOM_chain_A_vs_UniProt.aln.fasta
output_png_path=/home/grheco/repositorios/stack_protein_prep/data/proteins/3K5E/fasta/alignments/ATOM_chain_A_vs_UniProt.aln.png
residues_per_line=60
font_size=18
header_font_size=20
label_width=24
timestamp=2026-05-17 14:44:28
cwd=/home/grheco/repositorios/stack_protein_prep
python_executable=/home/grheco/repositorios/stack_protein_prep/.pixi/envs/default/bin/python3
[RENDER METRICS]
record_a_header: PDB|3K5E|ATOM|chain_A
record_b_header: sp|P52732|KIF11_HUMAN Kinesin-like protein KIF11 OS=Homo sapiens OX=9606 GN=KIF11 PE=1 SV=2
alignment_length: 1056
n_blocks: 18
cell_width: 23
cell_height: 21
image_width: 1748
image_height: 2297
[OUTPUT PNG] /home/grheco/repositorios/stack_protein_prep/data/proteins/3K5E/fasta/alignments/ATOM_chain_A_vs_UniProt.aln.png
[RESULT] rendered alignment PNG -> /home/grheco/repositorios/stack_protein_prep/data/proteins/3K5E/fasta/alignments/ATOM_chain_A_vs_UniProt.aln.png
================================================================================
[2026-05-17 15:36:47] module=alignment_visualization pdb_id=3K5E
================================================================================
alignment_fasta_path=/home/grheco/repositorios/stack_protein_prep/data/proteins/3K5E/fasta/alignments/SEQRES_chain_A_vs_UniProt.aln.fasta
output_png_path=/home/grheco/repositorios/stack_protein_prep/data/proteins/3K5E/fasta/alignments/SEQRES_chain_A_vs_UniProt.aln.png
residues_per_line=60
font_size=18
header_font_size=20
label_width=24
timestamp=2026-05-17 15:36:47
cwd=/home/grheco/repositorios/stack_protein_prep
python_executable=/home/grheco/repositorios/stack_protein_prep/.pixi/envs/default/bin/python3
[RENDER METRICS]
record_a_header: PDB|3K5E|SEQRES|chain_A
record_b_header: sp|P52732|KIF11_HUMAN Kinesin-like protein KIF11 OS=Homo sapiens OX=9606 GN=KIF11 PE=1 SV=2
alignment_length: 1056
n_blocks: 18
cell_width: 23
cell_height: 21
image_width: 1748
image_height: 2297
[OUTPUT PNG] /home/grheco/repositorios/stack_protein_prep/data/proteins/3K5E/fasta/alignments/SEQRES_chain_A_vs_UniProt.aln.png
[RESULT] rendered alignment PNG -> /home/grheco/repositorios/stack_protein_prep/data/proteins/3K5E/fasta/alignments/SEQRES_chain_A_vs_UniProt.aln.png
================================================================================
[2026-05-17 15:36:47] module=alignment_visualization pdb_id=3K5E
================================================================================
alignment_fasta_path=/home/grheco/repositorios/stack_protein_prep/data/proteins/3K5E/fasta/alignments/ATOM_chain_A_vs_UniProt.aln.fasta
output_png_path=/home/grheco/repositorios/stack_protein_prep/data/proteins/3K5E/fasta/alignments/ATOM_chain_A_vs_UniProt.aln.png
residues_per_line=60
font_size=18
header_font_size=20
label_width=24
timestamp=2026-05-17 15:36:47
cwd=/home/grheco/repositorios/stack_protein_prep
python_executable=/home/grheco/repositorios/stack_protein_prep/.pixi/envs/default/bin/python3
[RENDER METRICS]
record_a_header: PDB|3K5E|ATOM|chain_A
record_b_header: sp|P52732|KIF11_HUMAN Kinesin-like protein KIF11 OS=Homo sapiens OX=9606 GN=KIF11 PE=1 SV=2
alignment_length: 1056
n_blocks: 18
cell_width: 23
cell_height: 21
image_width: 1748
image_height: 2297
[OUTPUT PNG] /home/grheco/repositorios/stack_protein_prep/data/proteins/3K5E/fasta/alignments/ATOM_chain_A_vs_UniProt.aln.png
[RESULT] rendered alignment PNG -> /home/grheco/repositorios/stack_protein_prep/data/proteins/3K5E/fasta/alignments/ATOM_chain_A_vs_UniProt.aln.png
================================================================================
[2026-05-17 15:45:28] module=alignment_visualization pdb_id=3K5E
================================================================================
alignment_fasta_path=/home/grheco/repositorios/stack_protein_prep/data/proteins/3K5E/fasta/alignments/SEQRES_chain_A_vs_UniProt.aln.fasta
output_png_path=/home/grheco/repositorios/stack_protein_prep/data/proteins/3K5E/fasta/alignments/SEQRES_chain_A_vs_UniProt.aln.png
residues_per_line=60
font_size=18
header_font_size=20
label_width=24
timestamp=2026-05-17 15:45:28
cwd=/home/grheco/repositorios/stack_protein_prep
python_executable=/home/grheco/repositorios/stack_protein_prep/.pixi/envs/default/bin/python3
[RENDER METRICS]
record_a_header: PDB|3K5E|SEQRES|chain_A
record_b_header: sp|P52732|KIF11_HUMAN Kinesin-like protein KIF11 OS=Homo sapiens OX=9606 GN=KIF11 PE=1 SV=2
alignment_length: 1056
n_blocks: 18
cell_width: 23
cell_height: 21
image_width: 1748
image_height: 2297
[OUTPUT PNG] /home/grheco/repositorios/stack_protein_prep/data/proteins/3K5E/fasta/alignments/SEQRES_chain_A_vs_UniProt.aln.png
[RESULT] rendered alignment PNG -> /home/grheco/repositorios/stack_protein_prep/data/proteins/3K5E/fasta/alignments/SEQRES_chain_A_vs_UniProt.aln.png
================================================================================
[2026-05-17 15:45:28] module=alignment_visualization pdb_id=3K5E
================================================================================
alignment_fasta_path=/home/grheco/repositorios/stack_protein_prep/data/proteins/3K5E/fasta/alignments/ATOM_chain_A_vs_UniProt.aln.fasta
output_png_path=/home/grheco/repositorios/stack_protein_prep/data/proteins/3K5E/fasta/alignments/ATOM_chain_A_vs_UniProt.aln.png
residues_per_line=60
font_size=18
header_font_size=20
label_width=24
timestamp=2026-05-17 15:45:28
cwd=/home/grheco/repositorios/stack_protein_prep
python_executable=/home/grheco/repositorios/stack_protein_prep/.pixi/envs/default/bin/python3
[RENDER METRICS]
record_a_header: PDB|3K5E|ATOM|chain_A
record_b_header: sp|P52732|KIF11_HUMAN Kinesin-like protein KIF11 OS=Homo sapiens OX=9606 GN=KIF11 PE=1 SV=2
alignment_length: 1056
n_blocks: 18
cell_width: 23
cell_height: 21
image_width: 1748
image_height: 2297
[OUTPUT PNG] /home/grheco/repositorios/stack_protein_prep/data/proteins/3K5E/fasta/alignments/ATOM_chain_A_vs_UniProt.aln.png
[RESULT] rendered alignment PNG -> /home/grheco/repositorios/stack_protein_prep/data/proteins/3K5E/fasta/alignments/ATOM_chain_A_vs_UniProt.aln.png
================================================================================
[2026-05-17 17:17:35] module=alignment_visualization pdb_id=3K5E
================================================================================
alignment_fasta_path=/home/grheco/repositorios/stack_protein_prep/data/proteins/3K5E/fasta/alignments/SEQRES_chain_A_vs_UniProt.aln.fasta
output_png_path=/home/grheco/repositorios/stack_protein_prep/data/proteins/3K5E/fasta/alignments/SEQRES_chain_A_vs_UniProt.aln.png
residues_per_line=60
font_size=18
header_font_size=20
label_width=24
timestamp=2026-05-17 17:17:35
cwd=/home/grheco/repositorios/stack_protein_prep
python_executable=/home/grheco/repositorios/stack_protein_prep/.pixi/envs/default/bin/python3
[RENDER METRICS]
record_a_header: PDB|3K5E|SEQRES|chain_A
record_b_header: sp|P52732|KIF11_HUMAN Kinesin-like protein KIF11 OS=Homo sapiens OX=9606 GN=KIF11 PE=1 SV=2
alignment_length: 1056
n_blocks: 18
cell_width: 23
cell_height: 21
image_width: 1748
image_height: 2297
[OUTPUT PNG] /home/grheco/repositorios/stack_protein_prep/data/proteins/3K5E/fasta/alignments/SEQRES_chain_A_vs_UniProt.aln.png
[RESULT] rendered alignment PNG -> /home/grheco/repositorios/stack_protein_prep/data/proteins/3K5E/fasta/alignments/SEQRES_chain_A_vs_UniProt.aln.png
================================================================================
[2026-05-17 17:17:35] module=alignment_visualization pdb_id=3K5E
================================================================================
alignment_fasta_path=/home/grheco/repositorios/stack_protein_prep/data/proteins/3K5E/fasta/alignments/ATOM_chain_A_vs_UniProt.aln.fasta
output_png_path=/home/grheco/repositorios/stack_protein_prep/data/proteins/3K5E/fasta/alignments/ATOM_chain_A_vs_UniProt.aln.png
residues_per_line=60
font_size=18
header_font_size=20
label_width=24
timestamp=2026-05-17 17:17:35
cwd=/home/grheco/repositorios/stack_protein_prep
python_executable=/home/grheco/repositorios/stack_protein_prep/.pixi/envs/default/bin/python3
[RENDER METRICS]
record_a_header: PDB|3K5E|ATOM|chain_A
record_b_header: sp|P52732|KIF11_HUMAN Kinesin-like protein KIF11 OS=Homo sapiens OX=9606 GN=KIF11 PE=1 SV=2
alignment_length: 1056
n_blocks: 18
cell_width: 23
cell_height: 21
image_width: 1748
image_height: 2297
[OUTPUT PNG] /home/grheco/repositorios/stack_protein_prep/data/proteins/3K5E/fasta/alignments/ATOM_chain_A_vs_UniProt.aln.png
[RESULT] rendered alignment PNG -> /home/grheco/repositorios/stack_protein_prep/data/proteins/3K5E/fasta/alignments/ATOM_chain_A_vs_UniProt.aln.png
================================================================================
[2026-05-17 17:42:46] module=alignment_visualization pdb_id=3K5E
================================================================================
alignment_fasta_path=/home/grheco/repositorios/stack_protein_prep/data/proteins/3K5E/fasta/alignments/SEQRES_chain_A_vs_UniProt.aln.fasta
output_png_path=/home/grheco/repositorios/stack_protein_prep/data/proteins/3K5E/fasta/alignments/SEQRES_chain_A_vs_UniProt.aln.png
residues_per_line=60
font_size=18
header_font_size=20
label_width=24
timestamp=2026-05-17 17:42:46
cwd=/home/grheco/repositorios/stack_protein_prep
python_executable=/home/grheco/repositorios/stack_protein_prep/.pixi/envs/default/bin/python
[RENDER METRICS]
record_a_header: PDB|3K5E|SEQRES|chain_A
record_b_header: sp|P52732|KIF11_HUMAN Kinesin-like protein KIF11 OS=Homo sapiens OX=9606 GN=KIF11 PE=1 SV=2
alignment_length: 1056
n_blocks: 18
cell_width: 23
cell_height: 21
image_width: 1748
image_height: 2297
[OUTPUT PNG] /home/grheco/repositorios/stack_protein_prep/data/proteins/3K5E/fasta/alignments/SEQRES_chain_A_vs_UniProt.aln.png
[RESULT] rendered alignment PNG -> /home/grheco/repositorios/stack_protein_prep/data/proteins/3K5E/fasta/alignments/SEQRES_chain_A_vs_UniProt.aln.png
================================================================================
[2026-05-17 17:42:46] module=alignment_visualization pdb_id=3K5E
================================================================================
alignment_fasta_path=/home/grheco/repositorios/stack_protein_prep/data/proteins/3K5E/fasta/alignments/ATOM_chain_A_vs_UniProt.aln.fasta
output_png_path=/home/grheco/repositorios/stack_protein_prep/data/proteins/3K5E/fasta/alignments/ATOM_chain_A_vs_UniProt.aln.png
residues_per_line=60
font_size=18
header_font_size=20
label_width=24
timestamp=2026-05-17 17:42:46
cwd=/home/grheco/repositorios/stack_protein_prep
python_executable=/home/grheco/repositorios/stack_protein_prep/.pixi/envs/default/bin/python
[RENDER METRICS]
record_a_header: PDB|3K5E|ATOM|chain_A
record_b_header: sp|P52732|KIF11_HUMAN Kinesin-like protein KIF11 OS=Homo sapiens OX=9606 GN=KIF11 PE=1 SV=2
alignment_length: 1056
n_blocks: 18
cell_width: 23
cell_height: 21
image_width: 1748
image_height: 2297
[OUTPUT PNG] /home/grheco/repositorios/stack_protein_prep/data/proteins/3K5E/fasta/alignments/ATOM_chain_A_vs_UniProt.aln.png
[RESULT] rendered alignment PNG -> /home/grheco/repositorios/stack_protein_prep/data/proteins/3K5E/fasta/alignments/ATOM_chain_A_vs_UniProt.aln.png
================================================================================
[2026-05-17 17:44:55] module=alignment_visualization pdb_id=3K5E
================================================================================
alignment_fasta_path=/home/grheco/repositorios/stack_protein_prep/data/proteins/3K5E/fasta/alignments/SEQRES_chain_A_vs_UniProt.aln.fasta
output_png_path=/home/grheco/repositorios/stack_protein_prep/data/proteins/3K5E/fasta/alignments/SEQRES_chain_A_vs_UniProt.aln.png
residues_per_line=60
font_size=18
header_font_size=20
label_width=24
timestamp=2026-05-17 17:44:55
cwd=/home/grheco/repositorios/stack_protein_prep
python_executable=/home/grheco/repositorios/stack_protein_prep/.pixi/envs/default/bin/python3
[RENDER METRICS]
record_a_header: PDB|3K5E|SEQRES|chain_A
record_b_header: sp|P52732|KIF11_HUMAN Kinesin-like protein KIF11 OS=Homo sapiens OX=9606 GN=KIF11 PE=1 SV=2
alignment_length: 1056
n_blocks: 18
cell_width: 23
cell_height: 21
image_width: 1748
image_height: 2297
[OUTPUT PNG] /home/grheco/repositorios/stack_protein_prep/data/proteins/3K5E/fasta/alignments/SEQRES_chain_A_vs_UniProt.aln.png
[RESULT] rendered alignment PNG -> /home/grheco/repositorios/stack_protein_prep/data/proteins/3K5E/fasta/alignments/SEQRES_chain_A_vs_UniProt.aln.png
================================================================================
[2026-05-17 17:44:56] module=alignment_visualization pdb_id=3K5E
================================================================================
alignment_fasta_path=/home/grheco/repositorios/stack_protein_prep/data/proteins/3K5E/fasta/alignments/ATOM_chain_A_vs_UniProt.aln.fasta
output_png_path=/home/grheco/repositorios/stack_protein_prep/data/proteins/3K5E/fasta/alignments/ATOM_chain_A_vs_UniProt.aln.png
residues_per_line=60
font_size=18
header_font_size=20
label_width=24
timestamp=2026-05-17 17:44:56
cwd=/home/grheco/repositorios/stack_protein_prep
python_executable=/home/grheco/repositorios/stack_protein_prep/.pixi/envs/default/bin/python3
[RENDER METRICS]
record_a_header: PDB|3K5E|ATOM|chain_A
record_b_header: sp|P52732|KIF11_HUMAN Kinesin-like protein KIF11 OS=Homo sapiens OX=9606 GN=KIF11 PE=1 SV=2
alignment_length: 1056
n_blocks: 18
cell_width: 23
cell_height: 21
image_width: 1748
image_height: 2297
[OUTPUT PNG] /home/grheco/repositorios/stack_protein_prep/data/proteins/3K5E/fasta/alignments/ATOM_chain_A_vs_UniProt.aln.png
[RESULT] rendered alignment PNG -> /home/grheco/repositorios/stack_protein_prep/data/proteins/3K5E/fasta/alignments/ATOM_chain_A_vs_UniProt.aln.png
================================================================================
[2026-05-17 18:12:08] module=alignment_visualization pdb_id=3K5E
================================================================================
alignment_fasta_path=/home/grheco/repositorios/stack_protein_prep/data/proteins/3K5E/fasta/alignments/SEQRES_chain_A_vs_UniProt.aln.fasta
output_png_path=/home/grheco/repositorios/stack_protein_prep/data/proteins/3K5E/fasta/alignments/SEQRES_chain_A_vs_UniProt.aln.png
residues_per_line=60
font_size=18
header_font_size=20
label_width=24
timestamp=2026-05-17 18:12:08
cwd=/home/grheco/repositorios/stack_protein_prep
python_executable=/home/grheco/repositorios/stack_protein_prep/.pixi/envs/default/bin/python
[RENDER METRICS]
record_a_header: PDB|3K5E|SEQRES|chain_A
record_b_header: sp|P52732|KIF11_HUMAN Kinesin-like protein KIF11 OS=Homo sapiens OX=9606 GN=KIF11 PE=1 SV=2
alignment_length: 1056
n_blocks: 18
cell_width: 23
cell_height: 21
image_width: 1748
image_height: 2297
[OUTPUT PNG] /home/grheco/repositorios/stack_protein_prep/data/proteins/3K5E/fasta/alignments/SEQRES_chain_A_vs_UniProt.aln.png
[RESULT] rendered alignment PNG -> /home/grheco/repositorios/stack_protein_prep/data/proteins/3K5E/fasta/alignments/SEQRES_chain_A_vs_UniProt.aln.png
================================================================================
[2026-05-17 18:12:08] module=alignment_visualization pdb_id=3K5E
================================================================================
alignment_fasta_path=/home/grheco/repositorios/stack_protein_prep/data/proteins/3K5E/fasta/alignments/ATOM_chain_A_vs_UniProt.aln.fasta
output_png_path=/home/grheco/repositorios/stack_protein_prep/data/proteins/3K5E/fasta/alignments/ATOM_chain_A_vs_UniProt.aln.png
residues_per_line=60
font_size=18
header_font_size=20
label_width=24
timestamp=2026-05-17 18:12:08
cwd=/home/grheco/repositorios/stack_protein_prep
python_executable=/home/grheco/repositorios/stack_protein_prep/.pixi/envs/default/bin/python
[RENDER METRICS]
record_a_header: PDB|3K5E|ATOM|chain_A
record_b_header: sp|P52732|KIF11_HUMAN Kinesin-like protein KIF11 OS=Homo sapiens OX=9606 GN=KIF11 PE=1 SV=2
alignment_length: 1056
n_blocks: 18
cell_width: 23
cell_height: 21
image_width: 1748
image_height: 2297
[OUTPUT PNG] /home/grheco/repositorios/stack_protein_prep/data/proteins/3K5E/fasta/alignments/ATOM_chain_A_vs_UniProt.aln.png
[RESULT] rendered alignment PNG -> /home/grheco/repositorios/stack_protein_prep/data/proteins/3K5E/fasta/alignments/ATOM_chain_A_vs_UniProt.aln.png
