================================================================================
[2026-05-17 14:44:20] module=fasta_files pdb_id=3K5E
================================================================================
pdb_directory=/home/grheco/repositorios/stack_protein_prep/data/proteins/3K5E
pdb_file_path=/home/grheco/repositorios/stack_protein_prep/data/proteins/3K5E/3K5E.pdb
fasta_directory=/home/grheco/repositorios/stack_protein_prep/data/proteins/3K5E/fasta
residue_range=18-363
[CHAIN SELECTION]
relevant_chain_ids=A
[SEQRES FASTA]
chain_count: 1
chains: A
output_path: /home/grheco/repositorios/stack_protein_prep/data/proteins/3K5E/fasta/PDB-3K5E-SEQRES.fasta
[ATOM FASTA]
chain_count: 1
chains: A
output_path: /home/grheco/repositorios/stack_protein_prep/data/proteins/3K5E/fasta/PDB-3K5E-ATOM.fasta
[UNIPROT QUERY]
pdb_id: 3K5E
query: xref:pdb-3K5E
request_url: https://rest.uniprot.org/uniprotkb/search?query=xref%3Apdb-3K5E&format=fasta
[UNIPROT RESULT] entry_count=1
accession=P52732 header=sp|P52732|KIF11_HUMAN Kinesin-like protein KIF11 OS=Homo sapiens OX=9606 GN=KIF11 PE=1 SV=2
[UNIPROT FASTA]
entry_count: 1
accessions: P52732
================================================================================
[2026-05-17 15:36:39] module=fasta_files pdb_id=3K5E
================================================================================
pdb_directory=/home/grheco/repositorios/stack_protein_prep/data/proteins/3K5E
pdb_file_path=/home/grheco/repositorios/stack_protein_prep/data/proteins/3K5E/3K5E.pdb
fasta_directory=/home/grheco/repositorios/stack_protein_prep/data/proteins/3K5E/fasta
residue_range=18-363
[CHAIN SELECTION]
relevant_chain_ids=A
[SEQRES FASTA]
chain_count: 1
chains: A
output_path: /home/grheco/repositorios/stack_protein_prep/data/proteins/3K5E/fasta/PDB-3K5E-SEQRES.fasta
[ATOM FASTA]
chain_count: 1
chains: A
output_path: /home/grheco/repositorios/stack_protein_prep/data/proteins/3K5E/fasta/PDB-3K5E-ATOM.fasta
[UNIPROT QUERY]
pdb_id: 3K5E
query: xref:pdb-3K5E
request_url: https://rest.uniprot.org/uniprotkb/search?query=xref%3Apdb-3K5E&format=fasta
[UNIPROT RESULT] entry_count=1
accession=P52732 header=sp|P52732|KIF11_HUMAN Kinesin-like protein KIF11 OS=Homo sapiens OX=9606 GN=KIF11 PE=1 SV=2
[UNIPROT FASTA]
entry_count: 1
accessions: P52732
================================================================================
[2026-05-17 15:45:21] module=fasta_files pdb_id=3K5E
================================================================================
pdb_directory=/home/grheco/repositorios/stack_protein_prep/data/proteins/3K5E
pdb_file_path=/home/grheco/repositorios/stack_protein_prep/data/proteins/3K5E/3K5E.pdb
fasta_directory=/home/grheco/repositorios/stack_protein_prep/data/proteins/3K5E/fasta
residue_range=18-363
[CHAIN SELECTION]
relevant_chain_ids=A
[SEQRES FASTA]
chain_count: 1
chains: A
output_path: /home/grheco/repositorios/stack_protein_prep/data/proteins/3K5E/fasta/PDB-3K5E-SEQRES.fasta
[ATOM FASTA]
chain_count: 1
chains: A
output_path: /home/grheco/repositorios/stack_protein_prep/data/proteins/3K5E/fasta/PDB-3K5E-ATOM.fasta
[UNIPROT QUERY]
pdb_id: 3K5E
query: xref:pdb-3K5E
request_url: https://rest.uniprot.org/uniprotkb/search?query=xref%3Apdb-3K5E&format=fasta
[UNIPROT RESULT] entry_count=1
accession=P52732 header=sp|P52732|KIF11_HUMAN Kinesin-like protein KIF11 OS=Homo sapiens OX=9606 GN=KIF11 PE=1 SV=2
[UNIPROT FASTA]
entry_count: 1
accessions: P52732
================================================================================
[2026-05-17 17:17:27] module=fasta_files pdb_id=3K5E
================================================================================
pdb_directory=/home/grheco/repositorios/stack_protein_prep/data/proteins/3K5E
pdb_file_path=/home/grheco/repositorios/stack_protein_prep/data/proteins/3K5E/3K5E.pdb
fasta_directory=/home/grheco/repositorios/stack_protein_prep/data/proteins/3K5E/fasta
residue_range=18-363
[CHAIN SELECTION]
relevant_chain_ids=A
[SEQRES FASTA]
chain_count: 1
chains: A
output_path: /home/grheco/repositorios/stack_protein_prep/data/proteins/3K5E/fasta/PDB-3K5E-SEQRES.fasta
[ATOM FASTA]
chain_count: 1
chains: A
output_path: /home/grheco/repositorios/stack_protein_prep/data/proteins/3K5E/fasta/PDB-3K5E-ATOM.fasta
[UNIPROT QUERY]
pdb_id: 3K5E
query: xref:pdb-3K5E
request_url: https://rest.uniprot.org/uniprotkb/search?query=xref%3Apdb-3K5E&format=fasta
[UNIPROT RESULT] entry_count=1
accession=P52732 header=sp|P52732|KIF11_HUMAN Kinesin-like protein KIF11 OS=Homo sapiens OX=9606 GN=KIF11 PE=1 SV=2
[UNIPROT FASTA]
entry_count: 1
accessions: P52732
================================================================================
[2026-05-17 17:42:37] module=fasta_files pdb_id=3K5E
================================================================================
pdb_directory=/home/grheco/repositorios/stack_protein_prep/data/proteins/3K5E
pdb_file_path=/home/grheco/repositorios/stack_protein_prep/data/proteins/3K5E/3K5E.pdb
fasta_directory=/home/grheco/repositorios/stack_protein_prep/data/proteins/3K5E/fasta
residue_range=18-363
[CHAIN SELECTION]
relevant_chain_ids=A
[SEQRES FASTA]
chain_count: 1
chains: A
output_path: /home/grheco/repositorios/stack_protein_prep/data/proteins/3K5E/fasta/PDB-3K5E-SEQRES.fasta
[ATOM FASTA]
chain_count: 1
chains: A
output_path: /home/grheco/repositorios/stack_protein_prep/data/proteins/3K5E/fasta/PDB-3K5E-ATOM.fasta
[UNIPROT QUERY]
pdb_id: 3K5E
query: xref:pdb-3K5E
request_url: https://rest.uniprot.org/uniprotkb/search?query=xref%3Apdb-3K5E&format=fasta
[UNIPROT RESULT] entry_count=1
accession=P52732 header=sp|P52732|KIF11_HUMAN Kinesin-like protein KIF11 OS=Homo sapiens OX=9606 GN=KIF11 PE=1 SV=2
[UNIPROT FASTA]
entry_count: 1
accessions: P52732
================================================================================
[2026-05-17 17:44:48] module=fasta_files pdb_id=3K5E
================================================================================
pdb_directory=/home/grheco/repositorios/stack_protein_prep/data/proteins/3K5E
pdb_file_path=/home/grheco/repositorios/stack_protein_prep/data/proteins/3K5E/3K5E.pdb
fasta_directory=/home/grheco/repositorios/stack_protein_prep/data/proteins/3K5E/fasta
residue_range=18-363
[CHAIN SELECTION]
relevant_chain_ids=A
[SEQRES FASTA]
chain_count: 1
chains: A
output_path: /home/grheco/repositorios/stack_protein_prep/data/proteins/3K5E/fasta/PDB-3K5E-SEQRES.fasta
[ATOM FASTA]
chain_count: 1
chains: A
output_path: /home/grheco/repositorios/stack_protein_prep/data/proteins/3K5E/fasta/PDB-3K5E-ATOM.fasta
[UNIPROT QUERY]
pdb_id: 3K5E
query: xref:pdb-3K5E
request_url: https://rest.uniprot.org/uniprotkb/search?query=xref%3Apdb-3K5E&format=fasta
[UNIPROT RESULT] entry_count=1
accession=P52732 header=sp|P52732|KIF11_HUMAN Kinesin-like protein KIF11 OS=Homo sapiens OX=9606 GN=KIF11 PE=1 SV=2
[UNIPROT FASTA]
entry_count: 1
accessions: P52732
