════════════════════════════════════════════════════════════════════════════════════════════════════
[2026-05-17 14:44:53] split_protein_for_gap_protonation:start
────────────────────────────────────────────────────────────────────────────────────────────────────
input_pdb_path      : /home/grheco/repositorios/stack_protein_prep/data/proteins/3K5E/components/3K5E_protein_monomer.pdb
output_dir          : /home/grheco/repositorios/stack_protein_prep/data/proteins/3K5E/components/.tmp_gaps_fragments
pdb_id              : 3K5E
variant_label       : gaps
cn_distance_cutoff  : 1.8

════════════════════════════════════════════════════════════════════════════════════════════════════
[2026-05-17 14:44:53] split_protein_for_gap_protonation:summary
────────────────────────────────────────────────────────────────────────────────────────────────────
n_input_residues : 329
n_fragments      : 3
n_boundaries     : 2
manifest_path    : /home/grheco/repositorios/stack_protein_prep/data/proteins/3K5E/components/.tmp_gaps_fragments/fragment_manifest.json

════════════════════════════════════════════════════════════════════════════════════════════════════
[2026-05-17 14:44:53] split_protein_for_gap_protonation:boundary
────────────────────────────────────────────────────────────────────────────────────────────────────
chain_id           : A
left_residue       : GLY A 56
right_residue      : ASP A 59
left_resseq        : 56
right_resseq       : 59
residue_jump       : 3
cn_distance        : 7.007315391788784
reason             : cn_distance_exceeds_cutoff(7.007 > 1.800)

════════════════════════════════════════════════════════════════════════════════════════════════════
[2026-05-17 14:44:53] split_protein_for_gap_protonation:boundary
────────────────────────────────────────────────────────────────────────────────────────────────────
chain_id           : A
left_residue       : ASN A 271
right_residue      : ASN A 287
left_resseq        : 271
right_resseq       : 287
residue_jump       : 16
cn_distance        : 9.921035933812558
reason             : cn_distance_exceeds_cutoff(9.921 > 1.800)

════════════════════════════════════════════════════════════════════════════════════════════════════
[2026-05-17 15:37:20] split_protein_for_gap_protonation:start
────────────────────────────────────────────────────────────────────────────────────────────────────
input_pdb_path      : /home/grheco/repositorios/stack_protein_prep/data/proteins/3K5E/components/3K5E_protein_monomer.pdb
output_dir          : /home/grheco/repositorios/stack_protein_prep/data/proteins/3K5E/components/.tmp_gaps_fragments
pdb_id              : 3K5E
variant_label       : gaps
cn_distance_cutoff  : 1.8

════════════════════════════════════════════════════════════════════════════════════════════════════
[2026-05-17 15:37:20] split_protein_for_gap_protonation:summary
────────────────────────────────────────────────────────────────────────────────────────────────────
n_input_residues : 329
n_fragments      : 3
n_boundaries     : 2
manifest_path    : /home/grheco/repositorios/stack_protein_prep/data/proteins/3K5E/components/.tmp_gaps_fragments/fragment_manifest.json

════════════════════════════════════════════════════════════════════════════════════════════════════
[2026-05-17 15:37:20] split_protein_for_gap_protonation:boundary
────────────────────────────────────────────────────────────────────────────────────────────────────
chain_id           : A
left_residue       : GLY A 56
right_residue      : ASP A 59
left_resseq        : 56
right_resseq       : 59
residue_jump       : 3
cn_distance        : 7.007315391788784
reason             : cn_distance_exceeds_cutoff(7.007 > 1.800)

════════════════════════════════════════════════════════════════════════════════════════════════════
[2026-05-17 15:37:20] split_protein_for_gap_protonation:boundary
────────────────────────────────────────────────────────────────────────────────────────────────────
chain_id           : A
left_residue       : ASN A 271
right_residue      : ASN A 287
left_resseq        : 271
right_resseq       : 287
residue_jump       : 16
cn_distance        : 9.921035933812558
reason             : cn_distance_exceeds_cutoff(9.921 > 1.800)

════════════════════════════════════════════════════════════════════════════════════════════════════
[2026-05-17 15:46:00] split_protein_for_gap_protonation:start
────────────────────────────────────────────────────────────────────────────────────────────────────
input_pdb_path      : /home/grheco/repositorios/stack_protein_prep/data/proteins/3K5E/components/3K5E_protein_monomer.pdb
output_dir          : /home/grheco/repositorios/stack_protein_prep/data/proteins/3K5E/components/.tmp_gaps_fragments
pdb_id              : 3K5E
variant_label       : gaps
cn_distance_cutoff  : 1.8

════════════════════════════════════════════════════════════════════════════════════════════════════
[2026-05-17 15:46:00] split_protein_for_gap_protonation:summary
────────────────────────────────────────────────────────────────────────────────────────────────────
n_input_residues : 329
n_fragments      : 3
n_boundaries     : 2
manifest_path    : /home/grheco/repositorios/stack_protein_prep/data/proteins/3K5E/components/.tmp_gaps_fragments/fragment_manifest.json

════════════════════════════════════════════════════════════════════════════════════════════════════
[2026-05-17 15:46:00] split_protein_for_gap_protonation:boundary
────────────────────────────────────────────────────────────────────────────────────────────────────
chain_id           : A
left_residue       : GLY A 56
right_residue      : ASP A 59
left_resseq        : 56
right_resseq       : 59
residue_jump       : 3
cn_distance        : 7.007315391788784
reason             : cn_distance_exceeds_cutoff(7.007 > 1.800)

════════════════════════════════════════════════════════════════════════════════════════════════════
[2026-05-17 15:46:00] split_protein_for_gap_protonation:boundary
────────────────────────────────────────────────────────────────────────────────────────────────────
chain_id           : A
left_residue       : ASN A 271
right_residue      : ASN A 287
left_resseq        : 271
right_resseq       : 287
residue_jump       : 16
cn_distance        : 9.921035933812558
reason             : cn_distance_exceeds_cutoff(9.921 > 1.800)

════════════════════════════════════════════════════════════════════════════════════════════════════
[2026-05-17 17:18:00] split_protein_for_gap_protonation:start
────────────────────────────────────────────────────────────────────────────────────────────────────
input_pdb_path      : /home/grheco/repositorios/stack_protein_prep/data/proteins/3K5E/components/3K5E_protein_monomer.pdb
output_dir          : /home/grheco/repositorios/stack_protein_prep/data/proteins/3K5E/components/.tmp_gaps_fragments
pdb_id              : 3K5E
variant_label       : gaps
cn_distance_cutoff  : 1.8

════════════════════════════════════════════════════════════════════════════════════════════════════
[2026-05-17 17:18:00] split_protein_for_gap_protonation:summary
────────────────────────────────────────────────────────────────────────────────────────────────────
n_input_residues : 329
n_fragments      : 3
n_boundaries     : 2
manifest_path    : /home/grheco/repositorios/stack_protein_prep/data/proteins/3K5E/components/.tmp_gaps_fragments/fragment_manifest.json

════════════════════════════════════════════════════════════════════════════════════════════════════
[2026-05-17 17:18:00] split_protein_for_gap_protonation:boundary
────────────────────────────────────────────────────────────────────────────────────────────────────
chain_id           : A
left_residue       : GLY A 56
right_residue      : ASP A 59
left_resseq        : 56
right_resseq       : 59
residue_jump       : 3
cn_distance        : 7.007315391788784
reason             : cn_distance_exceeds_cutoff(7.007 > 1.800)

════════════════════════════════════════════════════════════════════════════════════════════════════
[2026-05-17 17:18:00] split_protein_for_gap_protonation:boundary
────────────────────────────────────────────────────────────────────────────────────────────────────
chain_id           : A
left_residue       : ASN A 271
right_residue      : ASN A 287
left_resseq        : 271
right_resseq       : 287
residue_jump       : 16
cn_distance        : 9.921035933812558
reason             : cn_distance_exceeds_cutoff(9.921 > 1.800)

════════════════════════════════════════════════════════════════════════════════════════════════════
[2026-05-17 17:43:20] split_protein_for_gap_protonation:start
────────────────────────────────────────────────────────────────────────────────────────────────────
input_pdb_path      : /home/grheco/repositorios/stack_protein_prep/data/proteins/3K5E/components/3K5E_protein_monomer.pdb
output_dir          : /home/grheco/repositorios/stack_protein_prep/data/proteins/3K5E/components/.tmp_gaps_fragments
pdb_id              : 3K5E
variant_label       : gaps
cn_distance_cutoff  : 1.8

════════════════════════════════════════════════════════════════════════════════════════════════════
[2026-05-17 17:43:20] split_protein_for_gap_protonation:summary
────────────────────────────────────────────────────────────────────────────────────────────────────
n_input_residues : 329
n_fragments      : 3
n_boundaries     : 2
manifest_path    : /home/grheco/repositorios/stack_protein_prep/data/proteins/3K5E/components/.tmp_gaps_fragments/fragment_manifest.json

════════════════════════════════════════════════════════════════════════════════════════════════════
[2026-05-17 17:43:20] split_protein_for_gap_protonation:boundary
────────────────────────────────────────────────────────────────────────────────────────────────────
chain_id           : A
left_residue       : GLY A 56
right_residue      : ASP A 59
left_resseq        : 56
right_resseq       : 59
residue_jump       : 3
cn_distance        : 7.007315391788784
reason             : cn_distance_exceeds_cutoff(7.007 > 1.800)

════════════════════════════════════════════════════════════════════════════════════════════════════
[2026-05-17 17:43:20] split_protein_for_gap_protonation:boundary
────────────────────────────────────────────────────────────────────────────────────────────────────
chain_id           : A
left_residue       : ASN A 271
right_residue      : ASN A 287
left_resseq        : 271
right_resseq       : 287
residue_jump       : 16
cn_distance        : 9.921035933812558
reason             : cn_distance_exceeds_cutoff(9.921 > 1.800)

════════════════════════════════════════════════════════════════════════════════════════════════════
[2026-05-17 17:45:26] split_protein_for_gap_protonation:start
────────────────────────────────────────────────────────────────────────────────────────────────────
input_pdb_path      : /home/grheco/repositorios/stack_protein_prep/data/proteins/3K5E/components/3K5E_protein_monomer.pdb
output_dir          : /home/grheco/repositorios/stack_protein_prep/data/proteins/3K5E/components/.tmp_gaps_fragments
pdb_id              : 3K5E
variant_label       : gaps
cn_distance_cutoff  : 1.8

════════════════════════════════════════════════════════════════════════════════════════════════════
[2026-05-17 17:45:26] split_protein_for_gap_protonation:summary
────────────────────────────────────────────────────────────────────────────────────────────────────
n_input_residues : 329
n_fragments      : 3
n_boundaries     : 2
manifest_path    : /home/grheco/repositorios/stack_protein_prep/data/proteins/3K5E/components/.tmp_gaps_fragments/fragment_manifest.json

════════════════════════════════════════════════════════════════════════════════════════════════════
[2026-05-17 17:45:26] split_protein_for_gap_protonation:boundary
────────────────────────────────────────────────────────────────────────────────────────────────────
chain_id           : A
left_residue       : GLY A 56
right_residue      : ASP A 59
left_resseq        : 56
right_resseq       : 59
residue_jump       : 3
cn_distance        : 7.007315391788784
reason             : cn_distance_exceeds_cutoff(7.007 > 1.800)

════════════════════════════════════════════════════════════════════════════════════════════════════
[2026-05-17 17:45:26] split_protein_for_gap_protonation:boundary
────────────────────────────────────────────────────────────────────────────────────────────────────
chain_id           : A
left_residue       : ASN A 271
right_residue      : ASN A 287
left_resseq        : 271
right_resseq       : 287
residue_jump       : 16
cn_distance        : 9.921035933812558
reason             : cn_distance_exceeds_cutoff(9.921 > 1.800)

════════════════════════════════════════════════════════════════════════════════════════════════════
[2026-05-17 18:12:35] split_protein_for_gap_protonation:start
────────────────────────────────────────────────────────────────────────────────────────────────────
input_pdb_path      : /home/grheco/repositorios/stack_protein_prep/data/proteins/3K5E/components/3K5E_protein_monomer.pdb
output_dir          : /home/grheco/repositorios/stack_protein_prep/data/proteins/3K5E/components/.tmp_gaps_fragments
pdb_id              : 3K5E
variant_label       : gaps
cn_distance_cutoff  : 1.8

════════════════════════════════════════════════════════════════════════════════════════════════════
[2026-05-17 18:12:35] split_protein_for_gap_protonation:summary
────────────────────────────────────────────────────────────────────────────────────────────────────
n_input_residues : 329
n_fragments      : 3
n_boundaries     : 2
manifest_path    : /home/grheco/repositorios/stack_protein_prep/data/proteins/3K5E/components/.tmp_gaps_fragments/fragment_manifest.json

════════════════════════════════════════════════════════════════════════════════════════════════════
[2026-05-17 18:12:35] split_protein_for_gap_protonation:boundary
────────────────────────────────────────────────────────────────────────────────────────────────────
chain_id           : A
left_residue       : GLY A 56
right_residue      : ASP A 59
left_resseq        : 56
right_resseq       : 59
residue_jump       : 3
cn_distance        : 7.007315391788784
reason             : cn_distance_exceeds_cutoff(7.007 > 1.800)

════════════════════════════════════════════════════════════════════════════════════════════════════
[2026-05-17 18:12:35] split_protein_for_gap_protonation:boundary
────────────────────────────────────────────────────────────────────────────────────────────────────
chain_id           : A
left_residue       : ASN A 271
right_residue      : ASN A 287
left_resseq        : 271
right_resseq       : 287
residue_jump       : 16
cn_distance        : 9.921035933812558
reason             : cn_distance_exceeds_cutoff(9.921 > 1.800)

