sanitize_pdb_for_gromacs
========================

pdb_id                       : 3K5E
variant_label                : gaps_fragment_02
input_pdb_path               : /home/grheco/repositorios/stack_protein_prep/data/proteins/3K5E/components/.tmp_gaps_fragments/3K5E_chain_A_fragment_02.pdb
output_pdb_path              : /home/grheco/repositorios/stack_protein_prep/data/proteins/3K5E/components/.tmp_sanitized_protonation/3K5E_gaps_fragment_02_sanitized.pdb
output_written               : True
can_run_gromacs              : True
status                       : warning
atom_count_in                : 1685
atom_count_out               : 1685
residue_count_out            : 213
selected_altloc_count        : 0
dropped_altloc_atom_count    : 0
normalized_occupancy_count   : 0
dropped_heterogen_atom_count : 0
nonstandard_residue_names    : <none>
missing_heavy_atom_count     : 15
force_field_template_path    : /home/grheco/repositorios/stack_protein_prep/.pixi/envs/default/share/gromacs/top/amber99sb-ildn.ff/aminoacids.rtp

issues
------
[warning] missing_standard_heavy_atoms: Residue ILE A 79 is missing expected heavy atoms: CD
[warning] missing_standard_heavy_atoms: Residue ILE A 89 is missing expected heavy atoms: CD
[warning] missing_standard_heavy_atoms: Residue ILE A 94 is missing expected heavy atoms: CD
[warning] missing_standard_heavy_atoms: Residue ILE A 101 is missing expected heavy atoms: CD
[warning] missing_standard_heavy_atoms: Residue ILE A 135 is missing expected heavy atoms: CD
[warning] missing_standard_heavy_atoms: Residue ILE A 136 is missing expected heavy atoms: CD
[warning] missing_standard_heavy_atoms: Residue ILE A 143 is missing expected heavy atoms: CD
[warning] missing_standard_heavy_atoms: Residue ILE A 163 is missing expected heavy atoms: CD
[warning] missing_standard_heavy_atoms: Residue ILE A 195 is missing expected heavy atoms: CD
[warning] missing_standard_heavy_atoms: Residue ILE A 196 is missing expected heavy atoms: CD
[warning] missing_standard_heavy_atoms: Residue ILE A 202 is missing expected heavy atoms: CD
[warning] missing_standard_heavy_atoms: Residue ILE A 213 is missing expected heavy atoms: CD
[warning] missing_standard_heavy_atoms: Residue ILE A 243 is missing expected heavy atoms: CD
[warning] missing_standard_heavy_atoms: Residue ILE A 250 is missing expected heavy atoms: CD
[warning] missing_standard_heavy_atoms: Residue ILE A 258 is missing expected heavy atoms: CD
