sanitize_pdb_for_gromacs
========================

pdb_id                       : 3K5E
variant_label                : prepared_gaps
input_pdb_path               : /home/grheco/repositorios/stack_protein_prep/data/proteins/3K5E/prepared/gaps/3K5E.pdb
output_pdb_path              : /home/grheco/repositorios/stack_protein_prep/data/proteins/3K5E/components/.tmp_sanitized_variant_audit/3K5E_gaps_prepared_sanitized.pdb
output_written               : True
can_run_gromacs              : True
status                       : warning
atom_count_in                : 5255
atom_count_out               : 5208
residue_count_out            : 329
selected_altloc_count        : 0
dropped_altloc_atom_count    : 0
normalized_occupancy_count   : 0
dropped_heterogen_atom_count : 47
nonstandard_residue_names    : <none>
missing_heavy_atom_count     : 3
force_field_template_path    : /home/grheco/repositorios/stack_protein_prep/.pixi/envs/default/share/gromacs/top/amber99sb-ildn.ff/aminoacids.rtp

issues
------
[warning] missing_standard_heavy_atoms: Residue GLY A 56 is missing expected heavy atoms: O
[warning] missing_standard_heavy_atoms: Residue ASN B 271 is missing expected heavy atoms: O
[warning] missing_standard_heavy_atoms: Residue PRO C 363 is missing expected heavy atoms: O
[info] heterogens_dropped: Dropped 47 non-polymer HETATM atoms from the protein-only route.
