standard_residue_repair
=======================

input_pdb_path                   : /home/grheco/repositorios/stack_protein_prep/data/proteins/3K5E/components/.tmp_gaps_fragments/3K5E_chain_A_fragment_03.pdb
output_pdb_path                  : /home/grheco/repositorios/stack_protein_prep/data/proteins/3K5E/components/.tmp_standard_residue_repair/3K5E_gaps_fragment_03_standard_repaired.pdb
used_output_path                 : /home/grheco/repositorios/stack_protein_prep/data/proteins/3K5E/components/.tmp_gaps_fragments/3K5E_chain_A_fragment_03.pdb
repair_attempted                 : True
repair_success                   : False
can_continue                     : True
missing_heavy_atom_count_before  : 7
missing_heavy_atom_count_after   : 7
nonstandard_residue_names        : <none>
status                           : failed
message                          : MODELLER complete_pdb repair failed: ImportError('MODELLER is required for minimal standard-heavy-atom repair.'); original input retained.

missing_before
--------------
Residue ILE A 288 is missing expected heavy atoms: CD
Residue ILE A 299 is missing expected heavy atoms: CD
Residue ILE A 319 is missing expected heavy atoms: CD
Residue ILE A 332 is missing expected heavy atoms: CD
Residue ILE A 333 is missing expected heavy atoms: CD
Residue ILE A 336 is missing expected heavy atoms: CD
Residue ILE A 359 is missing expected heavy atoms: CD

missing_after
-------------
<none>
