================================================================================
[2026-05-17 14:44:25] module=alignment_visualization pdb_id=2W8Y
================================================================================
alignment_fasta_path=/home/grheco/repositorios/stack_protein_prep/data/proteins/2W8Y/fasta/alignments/SEQRES_chain_A_vs_UniProt.aln.fasta
output_png_path=/home/grheco/repositorios/stack_protein_prep/data/proteins/2W8Y/fasta/alignments/SEQRES_chain_A_vs_UniProt.aln.png
residues_per_line=60
font_size=18
header_font_size=20
label_width=24
timestamp=2026-05-17 14:44:25
cwd=/home/grheco/repositorios/stack_protein_prep
python_executable=/home/grheco/repositorios/stack_protein_prep/.pixi/envs/default/bin/python3
[RENDER METRICS]
record_a_header: PDB|2W8Y|SEQRES|chain_A
record_b_header: sp|P06401|PRGR_HUMAN Progesterone receptor OS=Homo sapiens OX=9606 GN=PGR PE=1 SV=4
alignment_length: 933
n_blocks: 16
cell_width: 23
cell_height: 21
image_width: 1748
image_height: 2051
[OUTPUT PNG] /home/grheco/repositorios/stack_protein_prep/data/proteins/2W8Y/fasta/alignments/SEQRES_chain_A_vs_UniProt.aln.png
[RESULT] rendered alignment PNG -> /home/grheco/repositorios/stack_protein_prep/data/proteins/2W8Y/fasta/alignments/SEQRES_chain_A_vs_UniProt.aln.png
================================================================================
[2026-05-17 14:44:25] module=alignment_visualization pdb_id=2W8Y
================================================================================
alignment_fasta_path=/home/grheco/repositorios/stack_protein_prep/data/proteins/2W8Y/fasta/alignments/SEQRES_chain_B_vs_UniProt.aln.fasta
output_png_path=/home/grheco/repositorios/stack_protein_prep/data/proteins/2W8Y/fasta/alignments/SEQRES_chain_B_vs_UniProt.aln.png
residues_per_line=60
font_size=18
header_font_size=20
label_width=24
timestamp=2026-05-17 14:44:25
cwd=/home/grheco/repositorios/stack_protein_prep
python_executable=/home/grheco/repositorios/stack_protein_prep/.pixi/envs/default/bin/python3
[RENDER METRICS]
record_a_header: PDB|2W8Y|SEQRES|chain_B
record_b_header: sp|P06401|PRGR_HUMAN Progesterone receptor OS=Homo sapiens OX=9606 GN=PGR PE=1 SV=4
alignment_length: 933
n_blocks: 16
cell_width: 23
cell_height: 21
image_width: 1748
image_height: 2051
[OUTPUT PNG] /home/grheco/repositorios/stack_protein_prep/data/proteins/2W8Y/fasta/alignments/SEQRES_chain_B_vs_UniProt.aln.png
[RESULT] rendered alignment PNG -> /home/grheco/repositorios/stack_protein_prep/data/proteins/2W8Y/fasta/alignments/SEQRES_chain_B_vs_UniProt.aln.png
================================================================================
[2026-05-17 14:44:26] module=alignment_visualization pdb_id=2W8Y
================================================================================
alignment_fasta_path=/home/grheco/repositorios/stack_protein_prep/data/proteins/2W8Y/fasta/alignments/ATOM_chain_A_vs_UniProt.aln.fasta
output_png_path=/home/grheco/repositorios/stack_protein_prep/data/proteins/2W8Y/fasta/alignments/ATOM_chain_A_vs_UniProt.aln.png
residues_per_line=60
font_size=18
header_font_size=20
label_width=24
timestamp=2026-05-17 14:44:26
cwd=/home/grheco/repositorios/stack_protein_prep
python_executable=/home/grheco/repositorios/stack_protein_prep/.pixi/envs/default/bin/python3
[RENDER METRICS]
record_a_header: PDB|2W8Y|ATOM|chain_A
record_b_header: sp|P06401|PRGR_HUMAN Progesterone receptor OS=Homo sapiens OX=9606 GN=PGR PE=1 SV=4
alignment_length: 933
n_blocks: 16
cell_width: 23
cell_height: 21
image_width: 1748
image_height: 2051
[OUTPUT PNG] /home/grheco/repositorios/stack_protein_prep/data/proteins/2W8Y/fasta/alignments/ATOM_chain_A_vs_UniProt.aln.png
[RESULT] rendered alignment PNG -> /home/grheco/repositorios/stack_protein_prep/data/proteins/2W8Y/fasta/alignments/ATOM_chain_A_vs_UniProt.aln.png
================================================================================
[2026-05-17 14:44:26] module=alignment_visualization pdb_id=2W8Y
================================================================================
alignment_fasta_path=/home/grheco/repositorios/stack_protein_prep/data/proteins/2W8Y/fasta/alignments/ATOM_chain_B_vs_UniProt.aln.fasta
output_png_path=/home/grheco/repositorios/stack_protein_prep/data/proteins/2W8Y/fasta/alignments/ATOM_chain_B_vs_UniProt.aln.png
residues_per_line=60
font_size=18
header_font_size=20
label_width=24
timestamp=2026-05-17 14:44:26
cwd=/home/grheco/repositorios/stack_protein_prep
python_executable=/home/grheco/repositorios/stack_protein_prep/.pixi/envs/default/bin/python3
[RENDER METRICS]
record_a_header: PDB|2W8Y|ATOM|chain_B
record_b_header: sp|P06401|PRGR_HUMAN Progesterone receptor OS=Homo sapiens OX=9606 GN=PGR PE=1 SV=4
alignment_length: 933
n_blocks: 16
cell_width: 23
cell_height: 21
image_width: 1748
image_height: 2051
[OUTPUT PNG] /home/grheco/repositorios/stack_protein_prep/data/proteins/2W8Y/fasta/alignments/ATOM_chain_B_vs_UniProt.aln.png
[RESULT] rendered alignment PNG -> /home/grheco/repositorios/stack_protein_prep/data/proteins/2W8Y/fasta/alignments/ATOM_chain_B_vs_UniProt.aln.png
================================================================================
[2026-05-17 15:36:44] module=alignment_visualization pdb_id=2W8Y
================================================================================
alignment_fasta_path=/home/grheco/repositorios/stack_protein_prep/data/proteins/2W8Y/fasta/alignments/SEQRES_chain_A_vs_UniProt.aln.fasta
output_png_path=/home/grheco/repositorios/stack_protein_prep/data/proteins/2W8Y/fasta/alignments/SEQRES_chain_A_vs_UniProt.aln.png
residues_per_line=60
font_size=18
header_font_size=20
label_width=24
timestamp=2026-05-17 15:36:44
cwd=/home/grheco/repositorios/stack_protein_prep
python_executable=/home/grheco/repositorios/stack_protein_prep/.pixi/envs/default/bin/python3
[RENDER METRICS]
record_a_header: PDB|2W8Y|SEQRES|chain_A
record_b_header: sp|P06401|PRGR_HUMAN Progesterone receptor OS=Homo sapiens OX=9606 GN=PGR PE=1 SV=4
alignment_length: 933
n_blocks: 16
cell_width: 23
cell_height: 21
image_width: 1748
image_height: 2051
[OUTPUT PNG] /home/grheco/repositorios/stack_protein_prep/data/proteins/2W8Y/fasta/alignments/SEQRES_chain_A_vs_UniProt.aln.png
[RESULT] rendered alignment PNG -> /home/grheco/repositorios/stack_protein_prep/data/proteins/2W8Y/fasta/alignments/SEQRES_chain_A_vs_UniProt.aln.png
================================================================================
[2026-05-17 15:36:44] module=alignment_visualization pdb_id=2W8Y
================================================================================
alignment_fasta_path=/home/grheco/repositorios/stack_protein_prep/data/proteins/2W8Y/fasta/alignments/SEQRES_chain_B_vs_UniProt.aln.fasta
output_png_path=/home/grheco/repositorios/stack_protein_prep/data/proteins/2W8Y/fasta/alignments/SEQRES_chain_B_vs_UniProt.aln.png
residues_per_line=60
font_size=18
header_font_size=20
label_width=24
timestamp=2026-05-17 15:36:44
cwd=/home/grheco/repositorios/stack_protein_prep
python_executable=/home/grheco/repositorios/stack_protein_prep/.pixi/envs/default/bin/python3
[RENDER METRICS]
record_a_header: PDB|2W8Y|SEQRES|chain_B
record_b_header: sp|P06401|PRGR_HUMAN Progesterone receptor OS=Homo sapiens OX=9606 GN=PGR PE=1 SV=4
alignment_length: 933
n_blocks: 16
cell_width: 23
cell_height: 21
image_width: 1748
image_height: 2051
[OUTPUT PNG] /home/grheco/repositorios/stack_protein_prep/data/proteins/2W8Y/fasta/alignments/SEQRES_chain_B_vs_UniProt.aln.png
[RESULT] rendered alignment PNG -> /home/grheco/repositorios/stack_protein_prep/data/proteins/2W8Y/fasta/alignments/SEQRES_chain_B_vs_UniProt.aln.png
================================================================================
[2026-05-17 15:36:44] module=alignment_visualization pdb_id=2W8Y
================================================================================
alignment_fasta_path=/home/grheco/repositorios/stack_protein_prep/data/proteins/2W8Y/fasta/alignments/ATOM_chain_A_vs_UniProt.aln.fasta
output_png_path=/home/grheco/repositorios/stack_protein_prep/data/proteins/2W8Y/fasta/alignments/ATOM_chain_A_vs_UniProt.aln.png
residues_per_line=60
font_size=18
header_font_size=20
label_width=24
timestamp=2026-05-17 15:36:44
cwd=/home/grheco/repositorios/stack_protein_prep
python_executable=/home/grheco/repositorios/stack_protein_prep/.pixi/envs/default/bin/python3
[RENDER METRICS]
record_a_header: PDB|2W8Y|ATOM|chain_A
record_b_header: sp|P06401|PRGR_HUMAN Progesterone receptor OS=Homo sapiens OX=9606 GN=PGR PE=1 SV=4
alignment_length: 933
n_blocks: 16
cell_width: 23
cell_height: 21
image_width: 1748
image_height: 2051
[OUTPUT PNG] /home/grheco/repositorios/stack_protein_prep/data/proteins/2W8Y/fasta/alignments/ATOM_chain_A_vs_UniProt.aln.png
[RESULT] rendered alignment PNG -> /home/grheco/repositorios/stack_protein_prep/data/proteins/2W8Y/fasta/alignments/ATOM_chain_A_vs_UniProt.aln.png
================================================================================
[2026-05-17 15:36:44] module=alignment_visualization pdb_id=2W8Y
================================================================================
alignment_fasta_path=/home/grheco/repositorios/stack_protein_prep/data/proteins/2W8Y/fasta/alignments/ATOM_chain_B_vs_UniProt.aln.fasta
output_png_path=/home/grheco/repositorios/stack_protein_prep/data/proteins/2W8Y/fasta/alignments/ATOM_chain_B_vs_UniProt.aln.png
residues_per_line=60
font_size=18
header_font_size=20
label_width=24
timestamp=2026-05-17 15:36:44
cwd=/home/grheco/repositorios/stack_protein_prep
python_executable=/home/grheco/repositorios/stack_protein_prep/.pixi/envs/default/bin/python3
[RENDER METRICS]
record_a_header: PDB|2W8Y|ATOM|chain_B
record_b_header: sp|P06401|PRGR_HUMAN Progesterone receptor OS=Homo sapiens OX=9606 GN=PGR PE=1 SV=4
alignment_length: 933
n_blocks: 16
cell_width: 23
cell_height: 21
image_width: 1748
image_height: 2051
[OUTPUT PNG] /home/grheco/repositorios/stack_protein_prep/data/proteins/2W8Y/fasta/alignments/ATOM_chain_B_vs_UniProt.aln.png
[RESULT] rendered alignment PNG -> /home/grheco/repositorios/stack_protein_prep/data/proteins/2W8Y/fasta/alignments/ATOM_chain_B_vs_UniProt.aln.png
================================================================================
[2026-05-17 15:45:26] module=alignment_visualization pdb_id=2W8Y
================================================================================
alignment_fasta_path=/home/grheco/repositorios/stack_protein_prep/data/proteins/2W8Y/fasta/alignments/SEQRES_chain_A_vs_UniProt.aln.fasta
output_png_path=/home/grheco/repositorios/stack_protein_prep/data/proteins/2W8Y/fasta/alignments/SEQRES_chain_A_vs_UniProt.aln.png
residues_per_line=60
font_size=18
header_font_size=20
label_width=24
timestamp=2026-05-17 15:45:26
cwd=/home/grheco/repositorios/stack_protein_prep
python_executable=/home/grheco/repositorios/stack_protein_prep/.pixi/envs/default/bin/python3
[RENDER METRICS]
record_a_header: PDB|2W8Y|SEQRES|chain_A
record_b_header: sp|P06401|PRGR_HUMAN Progesterone receptor OS=Homo sapiens OX=9606 GN=PGR PE=1 SV=4
alignment_length: 933
n_blocks: 16
cell_width: 23
cell_height: 21
image_width: 1748
image_height: 2051
[OUTPUT PNG] /home/grheco/repositorios/stack_protein_prep/data/proteins/2W8Y/fasta/alignments/SEQRES_chain_A_vs_UniProt.aln.png
[RESULT] rendered alignment PNG -> /home/grheco/repositorios/stack_protein_prep/data/proteins/2W8Y/fasta/alignments/SEQRES_chain_A_vs_UniProt.aln.png
================================================================================
[2026-05-17 15:45:26] module=alignment_visualization pdb_id=2W8Y
================================================================================
alignment_fasta_path=/home/grheco/repositorios/stack_protein_prep/data/proteins/2W8Y/fasta/alignments/SEQRES_chain_B_vs_UniProt.aln.fasta
output_png_path=/home/grheco/repositorios/stack_protein_prep/data/proteins/2W8Y/fasta/alignments/SEQRES_chain_B_vs_UniProt.aln.png
residues_per_line=60
font_size=18
header_font_size=20
label_width=24
timestamp=2026-05-17 15:45:26
cwd=/home/grheco/repositorios/stack_protein_prep
python_executable=/home/grheco/repositorios/stack_protein_prep/.pixi/envs/default/bin/python3
[RENDER METRICS]
record_a_header: PDB|2W8Y|SEQRES|chain_B
record_b_header: sp|P06401|PRGR_HUMAN Progesterone receptor OS=Homo sapiens OX=9606 GN=PGR PE=1 SV=4
alignment_length: 933
n_blocks: 16
cell_width: 23
cell_height: 21
image_width: 1748
image_height: 2051
[OUTPUT PNG] /home/grheco/repositorios/stack_protein_prep/data/proteins/2W8Y/fasta/alignments/SEQRES_chain_B_vs_UniProt.aln.png
[RESULT] rendered alignment PNG -> /home/grheco/repositorios/stack_protein_prep/data/proteins/2W8Y/fasta/alignments/SEQRES_chain_B_vs_UniProt.aln.png
================================================================================
[2026-05-17 15:45:26] module=alignment_visualization pdb_id=2W8Y
================================================================================
alignment_fasta_path=/home/grheco/repositorios/stack_protein_prep/data/proteins/2W8Y/fasta/alignments/ATOM_chain_A_vs_UniProt.aln.fasta
output_png_path=/home/grheco/repositorios/stack_protein_prep/data/proteins/2W8Y/fasta/alignments/ATOM_chain_A_vs_UniProt.aln.png
residues_per_line=60
font_size=18
header_font_size=20
label_width=24
timestamp=2026-05-17 15:45:26
cwd=/home/grheco/repositorios/stack_protein_prep
python_executable=/home/grheco/repositorios/stack_protein_prep/.pixi/envs/default/bin/python3
[RENDER METRICS]
record_a_header: PDB|2W8Y|ATOM|chain_A
record_b_header: sp|P06401|PRGR_HUMAN Progesterone receptor OS=Homo sapiens OX=9606 GN=PGR PE=1 SV=4
alignment_length: 933
n_blocks: 16
cell_width: 23
cell_height: 21
image_width: 1748
image_height: 2051
[OUTPUT PNG] /home/grheco/repositorios/stack_protein_prep/data/proteins/2W8Y/fasta/alignments/ATOM_chain_A_vs_UniProt.aln.png
[RESULT] rendered alignment PNG -> /home/grheco/repositorios/stack_protein_prep/data/proteins/2W8Y/fasta/alignments/ATOM_chain_A_vs_UniProt.aln.png
================================================================================
[2026-05-17 15:45:26] module=alignment_visualization pdb_id=2W8Y
================================================================================
alignment_fasta_path=/home/grheco/repositorios/stack_protein_prep/data/proteins/2W8Y/fasta/alignments/ATOM_chain_B_vs_UniProt.aln.fasta
output_png_path=/home/grheco/repositorios/stack_protein_prep/data/proteins/2W8Y/fasta/alignments/ATOM_chain_B_vs_UniProt.aln.png
residues_per_line=60
font_size=18
header_font_size=20
label_width=24
timestamp=2026-05-17 15:45:26
cwd=/home/grheco/repositorios/stack_protein_prep
python_executable=/home/grheco/repositorios/stack_protein_prep/.pixi/envs/default/bin/python3
[RENDER METRICS]
record_a_header: PDB|2W8Y|ATOM|chain_B
record_b_header: sp|P06401|PRGR_HUMAN Progesterone receptor OS=Homo sapiens OX=9606 GN=PGR PE=1 SV=4
alignment_length: 933
n_blocks: 16
cell_width: 23
cell_height: 21
image_width: 1748
image_height: 2051
[OUTPUT PNG] /home/grheco/repositorios/stack_protein_prep/data/proteins/2W8Y/fasta/alignments/ATOM_chain_B_vs_UniProt.aln.png
[RESULT] rendered alignment PNG -> /home/grheco/repositorios/stack_protein_prep/data/proteins/2W8Y/fasta/alignments/ATOM_chain_B_vs_UniProt.aln.png
================================================================================
[2026-05-17 17:17:32] module=alignment_visualization pdb_id=2W8Y
================================================================================
alignment_fasta_path=/home/grheco/repositorios/stack_protein_prep/data/proteins/2W8Y/fasta/alignments/SEQRES_chain_A_vs_UniProt.aln.fasta
output_png_path=/home/grheco/repositorios/stack_protein_prep/data/proteins/2W8Y/fasta/alignments/SEQRES_chain_A_vs_UniProt.aln.png
residues_per_line=60
font_size=18
header_font_size=20
label_width=24
timestamp=2026-05-17 17:17:32
cwd=/home/grheco/repositorios/stack_protein_prep
python_executable=/home/grheco/repositorios/stack_protein_prep/.pixi/envs/default/bin/python3
[RENDER METRICS]
record_a_header: PDB|2W8Y|SEQRES|chain_A
record_b_header: sp|P06401|PRGR_HUMAN Progesterone receptor OS=Homo sapiens OX=9606 GN=PGR PE=1 SV=4
alignment_length: 933
n_blocks: 16
cell_width: 23
cell_height: 21
image_width: 1748
image_height: 2051
[OUTPUT PNG] /home/grheco/repositorios/stack_protein_prep/data/proteins/2W8Y/fasta/alignments/SEQRES_chain_A_vs_UniProt.aln.png
[RESULT] rendered alignment PNG -> /home/grheco/repositorios/stack_protein_prep/data/proteins/2W8Y/fasta/alignments/SEQRES_chain_A_vs_UniProt.aln.png
================================================================================
[2026-05-17 17:17:32] module=alignment_visualization pdb_id=2W8Y
================================================================================
alignment_fasta_path=/home/grheco/repositorios/stack_protein_prep/data/proteins/2W8Y/fasta/alignments/SEQRES_chain_B_vs_UniProt.aln.fasta
output_png_path=/home/grheco/repositorios/stack_protein_prep/data/proteins/2W8Y/fasta/alignments/SEQRES_chain_B_vs_UniProt.aln.png
residues_per_line=60
font_size=18
header_font_size=20
label_width=24
timestamp=2026-05-17 17:17:32
cwd=/home/grheco/repositorios/stack_protein_prep
python_executable=/home/grheco/repositorios/stack_protein_prep/.pixi/envs/default/bin/python3
[RENDER METRICS]
record_a_header: PDB|2W8Y|SEQRES|chain_B
record_b_header: sp|P06401|PRGR_HUMAN Progesterone receptor OS=Homo sapiens OX=9606 GN=PGR PE=1 SV=4
alignment_length: 933
n_blocks: 16
cell_width: 23
cell_height: 21
image_width: 1748
image_height: 2051
[OUTPUT PNG] /home/grheco/repositorios/stack_protein_prep/data/proteins/2W8Y/fasta/alignments/SEQRES_chain_B_vs_UniProt.aln.png
[RESULT] rendered alignment PNG -> /home/grheco/repositorios/stack_protein_prep/data/proteins/2W8Y/fasta/alignments/SEQRES_chain_B_vs_UniProt.aln.png
================================================================================
[2026-05-17 17:17:32] module=alignment_visualization pdb_id=2W8Y
================================================================================
alignment_fasta_path=/home/grheco/repositorios/stack_protein_prep/data/proteins/2W8Y/fasta/alignments/ATOM_chain_A_vs_UniProt.aln.fasta
output_png_path=/home/grheco/repositorios/stack_protein_prep/data/proteins/2W8Y/fasta/alignments/ATOM_chain_A_vs_UniProt.aln.png
residues_per_line=60
font_size=18
header_font_size=20
label_width=24
timestamp=2026-05-17 17:17:32
cwd=/home/grheco/repositorios/stack_protein_prep
python_executable=/home/grheco/repositorios/stack_protein_prep/.pixi/envs/default/bin/python3
[RENDER METRICS]
record_a_header: PDB|2W8Y|ATOM|chain_A
record_b_header: sp|P06401|PRGR_HUMAN Progesterone receptor OS=Homo sapiens OX=9606 GN=PGR PE=1 SV=4
alignment_length: 933
n_blocks: 16
cell_width: 23
cell_height: 21
image_width: 1748
image_height: 2051
[OUTPUT PNG] /home/grheco/repositorios/stack_protein_prep/data/proteins/2W8Y/fasta/alignments/ATOM_chain_A_vs_UniProt.aln.png
[RESULT] rendered alignment PNG -> /home/grheco/repositorios/stack_protein_prep/data/proteins/2W8Y/fasta/alignments/ATOM_chain_A_vs_UniProt.aln.png
================================================================================
[2026-05-17 17:17:33] module=alignment_visualization pdb_id=2W8Y
================================================================================
alignment_fasta_path=/home/grheco/repositorios/stack_protein_prep/data/proteins/2W8Y/fasta/alignments/ATOM_chain_B_vs_UniProt.aln.fasta
output_png_path=/home/grheco/repositorios/stack_protein_prep/data/proteins/2W8Y/fasta/alignments/ATOM_chain_B_vs_UniProt.aln.png
residues_per_line=60
font_size=18
header_font_size=20
label_width=24
timestamp=2026-05-17 17:17:33
cwd=/home/grheco/repositorios/stack_protein_prep
python_executable=/home/grheco/repositorios/stack_protein_prep/.pixi/envs/default/bin/python3
[RENDER METRICS]
record_a_header: PDB|2W8Y|ATOM|chain_B
record_b_header: sp|P06401|PRGR_HUMAN Progesterone receptor OS=Homo sapiens OX=9606 GN=PGR PE=1 SV=4
alignment_length: 933
n_blocks: 16
cell_width: 23
cell_height: 21
image_width: 1748
image_height: 2051
[OUTPUT PNG] /home/grheco/repositorios/stack_protein_prep/data/proteins/2W8Y/fasta/alignments/ATOM_chain_B_vs_UniProt.aln.png
[RESULT] rendered alignment PNG -> /home/grheco/repositorios/stack_protein_prep/data/proteins/2W8Y/fasta/alignments/ATOM_chain_B_vs_UniProt.aln.png
================================================================================
[2026-05-17 17:42:43] module=alignment_visualization pdb_id=2W8Y
================================================================================
alignment_fasta_path=/home/grheco/repositorios/stack_protein_prep/data/proteins/2W8Y/fasta/alignments/SEQRES_chain_A_vs_UniProt.aln.fasta
output_png_path=/home/grheco/repositorios/stack_protein_prep/data/proteins/2W8Y/fasta/alignments/SEQRES_chain_A_vs_UniProt.aln.png
residues_per_line=60
font_size=18
header_font_size=20
label_width=24
timestamp=2026-05-17 17:42:43
cwd=/home/grheco/repositorios/stack_protein_prep
python_executable=/home/grheco/repositorios/stack_protein_prep/.pixi/envs/default/bin/python
[RENDER METRICS]
record_a_header: PDB|2W8Y|SEQRES|chain_A
record_b_header: sp|P06401|PRGR_HUMAN Progesterone receptor OS=Homo sapiens OX=9606 GN=PGR PE=1 SV=4
alignment_length: 933
n_blocks: 16
cell_width: 23
cell_height: 21
image_width: 1748
image_height: 2051
[OUTPUT PNG] /home/grheco/repositorios/stack_protein_prep/data/proteins/2W8Y/fasta/alignments/SEQRES_chain_A_vs_UniProt.aln.png
[RESULT] rendered alignment PNG -> /home/grheco/repositorios/stack_protein_prep/data/proteins/2W8Y/fasta/alignments/SEQRES_chain_A_vs_UniProt.aln.png
================================================================================
[2026-05-17 17:42:44] module=alignment_visualization pdb_id=2W8Y
================================================================================
alignment_fasta_path=/home/grheco/repositorios/stack_protein_prep/data/proteins/2W8Y/fasta/alignments/SEQRES_chain_B_vs_UniProt.aln.fasta
output_png_path=/home/grheco/repositorios/stack_protein_prep/data/proteins/2W8Y/fasta/alignments/SEQRES_chain_B_vs_UniProt.aln.png
residues_per_line=60
font_size=18
header_font_size=20
label_width=24
timestamp=2026-05-17 17:42:44
cwd=/home/grheco/repositorios/stack_protein_prep
python_executable=/home/grheco/repositorios/stack_protein_prep/.pixi/envs/default/bin/python
[RENDER METRICS]
record_a_header: PDB|2W8Y|SEQRES|chain_B
record_b_header: sp|P06401|PRGR_HUMAN Progesterone receptor OS=Homo sapiens OX=9606 GN=PGR PE=1 SV=4
alignment_length: 933
n_blocks: 16
cell_width: 23
cell_height: 21
image_width: 1748
image_height: 2051
[OUTPUT PNG] /home/grheco/repositorios/stack_protein_prep/data/proteins/2W8Y/fasta/alignments/SEQRES_chain_B_vs_UniProt.aln.png
[RESULT] rendered alignment PNG -> /home/grheco/repositorios/stack_protein_prep/data/proteins/2W8Y/fasta/alignments/SEQRES_chain_B_vs_UniProt.aln.png
================================================================================
[2026-05-17 17:42:44] module=alignment_visualization pdb_id=2W8Y
================================================================================
alignment_fasta_path=/home/grheco/repositorios/stack_protein_prep/data/proteins/2W8Y/fasta/alignments/ATOM_chain_A_vs_UniProt.aln.fasta
output_png_path=/home/grheco/repositorios/stack_protein_prep/data/proteins/2W8Y/fasta/alignments/ATOM_chain_A_vs_UniProt.aln.png
residues_per_line=60
font_size=18
header_font_size=20
label_width=24
timestamp=2026-05-17 17:42:44
cwd=/home/grheco/repositorios/stack_protein_prep
python_executable=/home/grheco/repositorios/stack_protein_prep/.pixi/envs/default/bin/python
[RENDER METRICS]
record_a_header: PDB|2W8Y|ATOM|chain_A
record_b_header: sp|P06401|PRGR_HUMAN Progesterone receptor OS=Homo sapiens OX=9606 GN=PGR PE=1 SV=4
alignment_length: 933
n_blocks: 16
cell_width: 23
cell_height: 21
image_width: 1748
image_height: 2051
[OUTPUT PNG] /home/grheco/repositorios/stack_protein_prep/data/proteins/2W8Y/fasta/alignments/ATOM_chain_A_vs_UniProt.aln.png
[RESULT] rendered alignment PNG -> /home/grheco/repositorios/stack_protein_prep/data/proteins/2W8Y/fasta/alignments/ATOM_chain_A_vs_UniProt.aln.png
================================================================================
[2026-05-17 17:42:44] module=alignment_visualization pdb_id=2W8Y
================================================================================
alignment_fasta_path=/home/grheco/repositorios/stack_protein_prep/data/proteins/2W8Y/fasta/alignments/ATOM_chain_B_vs_UniProt.aln.fasta
output_png_path=/home/grheco/repositorios/stack_protein_prep/data/proteins/2W8Y/fasta/alignments/ATOM_chain_B_vs_UniProt.aln.png
residues_per_line=60
font_size=18
header_font_size=20
label_width=24
timestamp=2026-05-17 17:42:44
cwd=/home/grheco/repositorios/stack_protein_prep
python_executable=/home/grheco/repositorios/stack_protein_prep/.pixi/envs/default/bin/python
[RENDER METRICS]
record_a_header: PDB|2W8Y|ATOM|chain_B
record_b_header: sp|P06401|PRGR_HUMAN Progesterone receptor OS=Homo sapiens OX=9606 GN=PGR PE=1 SV=4
alignment_length: 933
n_blocks: 16
cell_width: 23
cell_height: 21
image_width: 1748
image_height: 2051
[OUTPUT PNG] /home/grheco/repositorios/stack_protein_prep/data/proteins/2W8Y/fasta/alignments/ATOM_chain_B_vs_UniProt.aln.png
[RESULT] rendered alignment PNG -> /home/grheco/repositorios/stack_protein_prep/data/proteins/2W8Y/fasta/alignments/ATOM_chain_B_vs_UniProt.aln.png
================================================================================
[2026-05-17 17:44:53] module=alignment_visualization pdb_id=2W8Y
================================================================================
alignment_fasta_path=/home/grheco/repositorios/stack_protein_prep/data/proteins/2W8Y/fasta/alignments/SEQRES_chain_A_vs_UniProt.aln.fasta
output_png_path=/home/grheco/repositorios/stack_protein_prep/data/proteins/2W8Y/fasta/alignments/SEQRES_chain_A_vs_UniProt.aln.png
residues_per_line=60
font_size=18
header_font_size=20
label_width=24
timestamp=2026-05-17 17:44:53
cwd=/home/grheco/repositorios/stack_protein_prep
python_executable=/home/grheco/repositorios/stack_protein_prep/.pixi/envs/default/bin/python3
[RENDER METRICS]
record_a_header: PDB|2W8Y|SEQRES|chain_A
record_b_header: sp|P06401|PRGR_HUMAN Progesterone receptor OS=Homo sapiens OX=9606 GN=PGR PE=1 SV=4
alignment_length: 933
n_blocks: 16
cell_width: 23
cell_height: 21
image_width: 1748
image_height: 2051
[OUTPUT PNG] /home/grheco/repositorios/stack_protein_prep/data/proteins/2W8Y/fasta/alignments/SEQRES_chain_A_vs_UniProt.aln.png
[RESULT] rendered alignment PNG -> /home/grheco/repositorios/stack_protein_prep/data/proteins/2W8Y/fasta/alignments/SEQRES_chain_A_vs_UniProt.aln.png
================================================================================
[2026-05-17 17:44:53] module=alignment_visualization pdb_id=2W8Y
================================================================================
alignment_fasta_path=/home/grheco/repositorios/stack_protein_prep/data/proteins/2W8Y/fasta/alignments/SEQRES_chain_B_vs_UniProt.aln.fasta
output_png_path=/home/grheco/repositorios/stack_protein_prep/data/proteins/2W8Y/fasta/alignments/SEQRES_chain_B_vs_UniProt.aln.png
residues_per_line=60
font_size=18
header_font_size=20
label_width=24
timestamp=2026-05-17 17:44:53
cwd=/home/grheco/repositorios/stack_protein_prep
python_executable=/home/grheco/repositorios/stack_protein_prep/.pixi/envs/default/bin/python3
[RENDER METRICS]
record_a_header: PDB|2W8Y|SEQRES|chain_B
record_b_header: sp|P06401|PRGR_HUMAN Progesterone receptor OS=Homo sapiens OX=9606 GN=PGR PE=1 SV=4
alignment_length: 933
n_blocks: 16
cell_width: 23
cell_height: 21
image_width: 1748
image_height: 2051
[OUTPUT PNG] /home/grheco/repositorios/stack_protein_prep/data/proteins/2W8Y/fasta/alignments/SEQRES_chain_B_vs_UniProt.aln.png
[RESULT] rendered alignment PNG -> /home/grheco/repositorios/stack_protein_prep/data/proteins/2W8Y/fasta/alignments/SEQRES_chain_B_vs_UniProt.aln.png
================================================================================
[2026-05-17 17:44:53] module=alignment_visualization pdb_id=2W8Y
================================================================================
alignment_fasta_path=/home/grheco/repositorios/stack_protein_prep/data/proteins/2W8Y/fasta/alignments/ATOM_chain_A_vs_UniProt.aln.fasta
output_png_path=/home/grheco/repositorios/stack_protein_prep/data/proteins/2W8Y/fasta/alignments/ATOM_chain_A_vs_UniProt.aln.png
residues_per_line=60
font_size=18
header_font_size=20
label_width=24
timestamp=2026-05-17 17:44:53
cwd=/home/grheco/repositorios/stack_protein_prep
python_executable=/home/grheco/repositorios/stack_protein_prep/.pixi/envs/default/bin/python3
[RENDER METRICS]
record_a_header: PDB|2W8Y|ATOM|chain_A
record_b_header: sp|P06401|PRGR_HUMAN Progesterone receptor OS=Homo sapiens OX=9606 GN=PGR PE=1 SV=4
alignment_length: 933
n_blocks: 16
cell_width: 23
cell_height: 21
image_width: 1748
image_height: 2051
[OUTPUT PNG] /home/grheco/repositorios/stack_protein_prep/data/proteins/2W8Y/fasta/alignments/ATOM_chain_A_vs_UniProt.aln.png
[RESULT] rendered alignment PNG -> /home/grheco/repositorios/stack_protein_prep/data/proteins/2W8Y/fasta/alignments/ATOM_chain_A_vs_UniProt.aln.png
================================================================================
[2026-05-17 17:44:53] module=alignment_visualization pdb_id=2W8Y
================================================================================
alignment_fasta_path=/home/grheco/repositorios/stack_protein_prep/data/proteins/2W8Y/fasta/alignments/ATOM_chain_B_vs_UniProt.aln.fasta
output_png_path=/home/grheco/repositorios/stack_protein_prep/data/proteins/2W8Y/fasta/alignments/ATOM_chain_B_vs_UniProt.aln.png
residues_per_line=60
font_size=18
header_font_size=20
label_width=24
timestamp=2026-05-17 17:44:53
cwd=/home/grheco/repositorios/stack_protein_prep
python_executable=/home/grheco/repositorios/stack_protein_prep/.pixi/envs/default/bin/python3
[RENDER METRICS]
record_a_header: PDB|2W8Y|ATOM|chain_B
record_b_header: sp|P06401|PRGR_HUMAN Progesterone receptor OS=Homo sapiens OX=9606 GN=PGR PE=1 SV=4
alignment_length: 933
n_blocks: 16
cell_width: 23
cell_height: 21
image_width: 1748
image_height: 2051
[OUTPUT PNG] /home/grheco/repositorios/stack_protein_prep/data/proteins/2W8Y/fasta/alignments/ATOM_chain_B_vs_UniProt.aln.png
[RESULT] rendered alignment PNG -> /home/grheco/repositorios/stack_protein_prep/data/proteins/2W8Y/fasta/alignments/ATOM_chain_B_vs_UniProt.aln.png
