================================================================================
[2026-05-17 14:44:19] module=fasta_files pdb_id=2W8Y
================================================================================
pdb_directory=/home/grheco/repositorios/stack_protein_prep/data/proteins/2W8Y
pdb_file_path=/home/grheco/repositorios/stack_protein_prep/data/proteins/2W8Y/2W8Y.pdb
fasta_directory=/home/grheco/repositorios/stack_protein_prep/data/proteins/2W8Y/fasta
residue_range=683-933
[CHAIN SELECTION]
relevant_chain_ids=A,B
[SEQRES FASTA]
chain_count: 2
chains: A, B
output_path: /home/grheco/repositorios/stack_protein_prep/data/proteins/2W8Y/fasta/PDB-2W8Y-SEQRES.fasta
[ATOM FASTA]
chain_count: 2
chains: A, B
output_path: /home/grheco/repositorios/stack_protein_prep/data/proteins/2W8Y/fasta/PDB-2W8Y-ATOM.fasta
[UNIPROT QUERY]
pdb_id: 2W8Y
query: xref:pdb-2W8Y
request_url: https://rest.uniprot.org/uniprotkb/search?query=xref%3Apdb-2W8Y&format=fasta
[UNIPROT RESULT] entry_count=1
accession=P06401 header=sp|P06401|PRGR_HUMAN Progesterone receptor OS=Homo sapiens OX=9606 GN=PGR PE=1 SV=4
[UNIPROT FASTA]
entry_count: 1
accessions: P06401
================================================================================
[2026-05-17 15:36:37] module=fasta_files pdb_id=2W8Y
================================================================================
pdb_directory=/home/grheco/repositorios/stack_protein_prep/data/proteins/2W8Y
pdb_file_path=/home/grheco/repositorios/stack_protein_prep/data/proteins/2W8Y/2W8Y.pdb
fasta_directory=/home/grheco/repositorios/stack_protein_prep/data/proteins/2W8Y/fasta
residue_range=683-933
[CHAIN SELECTION]
relevant_chain_ids=A,B
[SEQRES FASTA]
chain_count: 2
chains: A, B
output_path: /home/grheco/repositorios/stack_protein_prep/data/proteins/2W8Y/fasta/PDB-2W8Y-SEQRES.fasta
[ATOM FASTA]
chain_count: 2
chains: A, B
output_path: /home/grheco/repositorios/stack_protein_prep/data/proteins/2W8Y/fasta/PDB-2W8Y-ATOM.fasta
[UNIPROT QUERY]
pdb_id: 2W8Y
query: xref:pdb-2W8Y
request_url: https://rest.uniprot.org/uniprotkb/search?query=xref%3Apdb-2W8Y&format=fasta
[UNIPROT RESULT] entry_count=1
accession=P06401 header=sp|P06401|PRGR_HUMAN Progesterone receptor OS=Homo sapiens OX=9606 GN=PGR PE=1 SV=4
[UNIPROT FASTA]
entry_count: 1
accessions: P06401
================================================================================
[2026-05-17 15:45:19] module=fasta_files pdb_id=2W8Y
================================================================================
pdb_directory=/home/grheco/repositorios/stack_protein_prep/data/proteins/2W8Y
pdb_file_path=/home/grheco/repositorios/stack_protein_prep/data/proteins/2W8Y/2W8Y.pdb
fasta_directory=/home/grheco/repositorios/stack_protein_prep/data/proteins/2W8Y/fasta
residue_range=683-933
[CHAIN SELECTION]
relevant_chain_ids=A,B
[SEQRES FASTA]
chain_count: 2
chains: A, B
output_path: /home/grheco/repositorios/stack_protein_prep/data/proteins/2W8Y/fasta/PDB-2W8Y-SEQRES.fasta
[ATOM FASTA]
chain_count: 2
chains: A, B
output_path: /home/grheco/repositorios/stack_protein_prep/data/proteins/2W8Y/fasta/PDB-2W8Y-ATOM.fasta
[UNIPROT QUERY]
pdb_id: 2W8Y
query: xref:pdb-2W8Y
request_url: https://rest.uniprot.org/uniprotkb/search?query=xref%3Apdb-2W8Y&format=fasta
[UNIPROT RESULT] entry_count=1
accession=P06401 header=sp|P06401|PRGR_HUMAN Progesterone receptor OS=Homo sapiens OX=9606 GN=PGR PE=1 SV=4
[UNIPROT FASTA]
entry_count: 1
accessions: P06401
================================================================================
[2026-05-17 17:17:26] module=fasta_files pdb_id=2W8Y
================================================================================
pdb_directory=/home/grheco/repositorios/stack_protein_prep/data/proteins/2W8Y
pdb_file_path=/home/grheco/repositorios/stack_protein_prep/data/proteins/2W8Y/2W8Y.pdb
fasta_directory=/home/grheco/repositorios/stack_protein_prep/data/proteins/2W8Y/fasta
residue_range=683-933
[CHAIN SELECTION]
relevant_chain_ids=A,B
[SEQRES FASTA]
chain_count: 2
chains: A, B
output_path: /home/grheco/repositorios/stack_protein_prep/data/proteins/2W8Y/fasta/PDB-2W8Y-SEQRES.fasta
[ATOM FASTA]
chain_count: 2
chains: A, B
output_path: /home/grheco/repositorios/stack_protein_prep/data/proteins/2W8Y/fasta/PDB-2W8Y-ATOM.fasta
[UNIPROT QUERY]
pdb_id: 2W8Y
query: xref:pdb-2W8Y
request_url: https://rest.uniprot.org/uniprotkb/search?query=xref%3Apdb-2W8Y&format=fasta
[UNIPROT RESULT] entry_count=1
accession=P06401 header=sp|P06401|PRGR_HUMAN Progesterone receptor OS=Homo sapiens OX=9606 GN=PGR PE=1 SV=4
[UNIPROT FASTA]
entry_count: 1
accessions: P06401
================================================================================
[2026-05-17 17:42:35] module=fasta_files pdb_id=2W8Y
================================================================================
pdb_directory=/home/grheco/repositorios/stack_protein_prep/data/proteins/2W8Y
pdb_file_path=/home/grheco/repositorios/stack_protein_prep/data/proteins/2W8Y/2W8Y.pdb
fasta_directory=/home/grheco/repositorios/stack_protein_prep/data/proteins/2W8Y/fasta
residue_range=683-933
[CHAIN SELECTION]
relevant_chain_ids=A,B
[SEQRES FASTA]
chain_count: 2
chains: A, B
output_path: /home/grheco/repositorios/stack_protein_prep/data/proteins/2W8Y/fasta/PDB-2W8Y-SEQRES.fasta
[ATOM FASTA]
chain_count: 2
chains: A, B
output_path: /home/grheco/repositorios/stack_protein_prep/data/proteins/2W8Y/fasta/PDB-2W8Y-ATOM.fasta
[UNIPROT QUERY]
pdb_id: 2W8Y
query: xref:pdb-2W8Y
request_url: https://rest.uniprot.org/uniprotkb/search?query=xref%3Apdb-2W8Y&format=fasta
[UNIPROT RESULT] entry_count=1
accession=P06401 header=sp|P06401|PRGR_HUMAN Progesterone receptor OS=Homo sapiens OX=9606 GN=PGR PE=1 SV=4
[UNIPROT FASTA]
entry_count: 1
accessions: P06401
================================================================================
[2026-05-17 17:44:46] module=fasta_files pdb_id=2W8Y
================================================================================
pdb_directory=/home/grheco/repositorios/stack_protein_prep/data/proteins/2W8Y
pdb_file_path=/home/grheco/repositorios/stack_protein_prep/data/proteins/2W8Y/2W8Y.pdb
fasta_directory=/home/grheco/repositorios/stack_protein_prep/data/proteins/2W8Y/fasta
residue_range=683-933
[CHAIN SELECTION]
relevant_chain_ids=A,B
[SEQRES FASTA]
chain_count: 2
chains: A, B
output_path: /home/grheco/repositorios/stack_protein_prep/data/proteins/2W8Y/fasta/PDB-2W8Y-SEQRES.fasta
[ATOM FASTA]
chain_count: 2
chains: A, B
output_path: /home/grheco/repositorios/stack_protein_prep/data/proteins/2W8Y/fasta/PDB-2W8Y-ATOM.fasta
[UNIPROT QUERY]
pdb_id: 2W8Y
query: xref:pdb-2W8Y
request_url: https://rest.uniprot.org/uniprotkb/search?query=xref%3Apdb-2W8Y&format=fasta
[UNIPROT RESULT] entry_count=1
accession=P06401 header=sp|P06401|PRGR_HUMAN Progesterone receptor OS=Homo sapiens OX=9606 GN=PGR PE=1 SV=4
[UNIPROT FASTA]
entry_count: 1
accessions: P06401
