standard_residue_repair
=======================

input_pdb_path                   : /home/grheco/repositorios/stack_protein_prep/data/proteins/2W8Y/components/2W8Y_protein_monomer.pdb
output_pdb_path                  : /home/grheco/repositorios/stack_protein_prep/data/proteins/2W8Y/components/.tmp_standard_residue_repair/2W8Y_single_standard_repaired.pdb
used_output_path                 : /home/grheco/repositorios/stack_protein_prep/data/proteins/2W8Y/components/2W8Y_protein_monomer.pdb
repair_attempted                 : True
repair_success                   : False
can_continue                     : True
missing_heavy_atom_count_before  : 18
missing_heavy_atom_count_after   : 18
nonstandard_residue_names        : <none>
status                           : failed
message                          : MODELLER complete_pdb repair failed: ImportError('MODELLER is required for minimal standard-heavy-atom repair.'); original input retained.

missing_before
--------------
Residue ILE A 684 is missing expected heavy atoms: CD
Residue ILE A 688 is missing expected heavy atoms: CD
Residue ILE A 694 is missing expected heavy atoms: CD
Residue ILE A 699 is missing expected heavy atoms: CD
Residue ILE A 744 is missing expected heavy atoms: CD
Residue ILE A 748 is missing expected heavy atoms: CD
Residue ILE A 751 is missing expected heavy atoms: CD
Residue ILE A 783 is missing expected heavy atoms: CD
Residue ILE A 804 is missing expected heavy atoms: CD
Residue ILE A 830 is missing expected heavy atoms: CD
Residue ILE A 849 is missing expected heavy atoms: CD
Residue ILE A 853 is missing expected heavy atoms: CD
Residue ILE A 856 is missing expected heavy atoms: CD
Residue ILE A 896 is missing expected heavy atoms: CD
Residue ILE A 913 is missing expected heavy atoms: CD
Residue ILE A 920 is missing expected heavy atoms: CD
Residue LYS A 932 is missing expected heavy atoms: CD, CE, CG, NZ
Residue LYS A 933 is missing expected heavy atoms: C, CA, CB, CD, CE, CG, NZ, O

missing_after
-------------
<none>
