Using the Amber99sb-ildn force field in directory amber99sb-ildn.ff

going to rename amber99sb-ildn.ff/aminoacids.r2b

going to rename amber99sb-ildn.ff/dna.r2b

going to rename amber99sb-ildn.ff/rna.r2b
Reading /home/grheco/repositorios/stack_protein_prep/data/proteins/1UOU/components/.tmp_sanitized_protonation/1UOU_best_complete_sanitized.pdb...
Read '', 3272 atoms

Analyzing pdb file
Splitting chemical chains based on TER records or chain id changing.

There are 1 chains and 0 blocks of water and 448 residues with 3272 atoms

  chain  #res #atoms

  1 'A'   448   3272  

All occupancies are one

Reading residue database... (Amber99sb-ildn)

Preserving residues names by default

Preserving residues names by default

Preserving residues names by default

Processing chain 1 'A' (3272 atoms, 448 residues)

Identified residue PRO33 as a starting terminus.

Identified residue PRO480 as a ending terminus.

Checking for duplicate atoms....

Generating any missing hydrogen atoms and/or adding termini.

Now there are 448 residues with 6645 atoms

Making bonds...

Number of bonds was 6694, now 6693

Generating angles, dihedrals and pairs...

Making cmap torsions...

There are 18238 dihedrals, 1227 impropers, 12185 angles
          17510 pairs,     6693 bonds and     0 virtual sites

Total mass 46672.377 a.m.u.

Total charge -5.000 e

Writing topology

Writing coordinate file...

		--------- PLEASE NOTE ------------

You have successfully generated a topology from: /home/grheco/repositorios/stack_protein_prep/data/proteins/1UOU/components/.tmp_sanitized_protonation/1UOU_best_complete_sanitized.pdb.

The Amber99sb-ildn force field and the tip3p water model are used.

		--------- ETON ESAELP ------------
