================================================================================
[2026-05-17 14:44:33] module=filler pdb_id=1UOU
================================================================================
template_id=1UOU_protein_monomer
target_id=1UOU_A
input_chain_id=A
alignment_directory=/home/grheco/repositorios/stack_protein_prep/data/proteins/1UOU/fasta/alignments
template_pdb_path=/home/grheco/repositorios/stack_protein_prep/data/proteins/1UOU/components/1UOU_protein_monomer.pdb
output_dir=/home/grheco/repositorios/stack_protein_prep/data/proteins/1UOU/fasta/alignments/filler/A
starting_model=1
ending_model=1
skip_if_no_internal_gaps=True
uniprot_id=P19971
residue_range=33-480
[DEBUG] === run_filler_for_chain START ===
[DEBUG] alignment_directory: /home/grheco/repositorios/stack_protein_prep/data/proteins/1UOU/fasta/alignments
[DEBUG] template_pdb_path: /home/grheco/repositorios/stack_protein_prep/data/proteins/1UOU/components/1UOU_protein_monomer.pdb
[DEBUG] output_dir: /home/grheco/repositorios/stack_protein_prep/data/proteins/1UOU/fasta/alignments/filler/A
[DEBUG] template_id: 1UOU_protein_monomer
[DEBUG] target_id: 1UOU_A
[DEBUG] chain_id (input): A
[DEBUG] starting_model: 1
[DEBUG] ending_model: 1
[DEBUG] uniprot_id: P19971
[DEBUG] residue_range: 33-480
[DEBUG] effective_residue_range: 33-480
[DEBUG] Resolved chain_id: A
[DEBUG] Alignment FASTA selected for filler: /home/grheco/repositorios/stack_protein_prep/data/proteins/1UOU/fasta/alignments/ATOM_chain_A_vs_UniProt.aln.fasta
[DEBUG] Template FASTA header selected: PDB|1UOU|ATOM|chain_A
[DEBUG] Target FASTA header selected: sp|P19971|TYPH_HUMAN Thymidine phosphorylase OS=Homo sapiens OX=9606 GN=TYMP PE=1 SV=2
[FILL DECISION]
resolved_chain_id: A
effective_residue_range: 33-480
should_run_modeller: False
overall_classification: alphafold_candidate
alphafold_candidate: True
n_gap_regions: 2
skip_reason: At least one internal gap is 8 residues or longer. Using AlphaFold fallback if possible.
[GAP REGION 1]
alignment_start: 237
alignment_end: 238
gap_length: 2
is_terminal: False
classification: green
[GAP REGION 2]
alignment_start: 406
alignment_end: 413
gap_length: 8
is_terminal: False
classification: alphafold_candidate
[DEBUG] Fill decision: should_run_modeller=False, overall_classification=alphafold_candidate, alphafold_candidate=True
[ALPHAFOLD OUTPUT]
effective_residue_range: 33-480
alphafold_model_path: /home/grheco/repositorios/stack_protein_prep/data/proteins/1UOU/fasta/alignments/filler/A/final_filled_model.pdb
stdout_log: /home/grheco/repositorios/stack_protein_prep/data/proteins/1UOU/fasta/alignments/filler/A/modeller_stdout.log
stderr_log: /home/grheco/repositorios/stack_protein_prep/data/proteins/1UOU/fasta/alignments/filler/A/modeller_stderr.log
[DEBUG] === run_filler_for_chain END (ALPHAFOLD FALLBACK) ===
================================================================================
[2026-05-17 15:36:52] module=filler pdb_id=1UOU
================================================================================
template_id=1UOU_protein_monomer
target_id=1UOU_A
input_chain_id=A
alignment_directory=/home/grheco/repositorios/stack_protein_prep/data/proteins/1UOU/fasta/alignments
template_pdb_path=/home/grheco/repositorios/stack_protein_prep/data/proteins/1UOU/components/1UOU_protein_monomer.pdb
output_dir=/home/grheco/repositorios/stack_protein_prep/data/proteins/1UOU/fasta/alignments/filler/A
starting_model=1
ending_model=1
skip_if_no_internal_gaps=True
uniprot_id=P19971
residue_range=33-480
[DEBUG] === run_filler_for_chain START ===
[DEBUG] alignment_directory: /home/grheco/repositorios/stack_protein_prep/data/proteins/1UOU/fasta/alignments
[DEBUG] template_pdb_path: /home/grheco/repositorios/stack_protein_prep/data/proteins/1UOU/components/1UOU_protein_monomer.pdb
[DEBUG] output_dir: /home/grheco/repositorios/stack_protein_prep/data/proteins/1UOU/fasta/alignments/filler/A
[DEBUG] template_id: 1UOU_protein_monomer
[DEBUG] target_id: 1UOU_A
[DEBUG] chain_id (input): A
[DEBUG] starting_model: 1
[DEBUG] ending_model: 1
[DEBUG] uniprot_id: P19971
[DEBUG] residue_range: 33-480
[DEBUG] effective_residue_range: 33-480
[DEBUG] Resolved chain_id: A
[DEBUG] Alignment FASTA selected for filler: /home/grheco/repositorios/stack_protein_prep/data/proteins/1UOU/fasta/alignments/ATOM_chain_A_vs_UniProt.aln.fasta
[DEBUG] Template FASTA header selected: PDB|1UOU|ATOM|chain_A
[DEBUG] Target FASTA header selected: sp|P19971|TYPH_HUMAN Thymidine phosphorylase OS=Homo sapiens OX=9606 GN=TYMP PE=1 SV=2
[FILL DECISION]
resolved_chain_id: A
effective_residue_range: 33-480
should_run_modeller: False
overall_classification: alphafold_candidate
alphafold_candidate: True
n_gap_regions: 2
skip_reason: At least one internal gap is 8 residues or longer. Using AlphaFold fallback if possible.
[GAP REGION 1]
alignment_start: 237
alignment_end: 238
gap_length: 2
is_terminal: False
classification: green
[GAP REGION 2]
alignment_start: 406
alignment_end: 413
gap_length: 8
is_terminal: False
classification: alphafold_candidate
[DEBUG] Fill decision: should_run_modeller=False, overall_classification=alphafold_candidate, alphafold_candidate=True
[ALPHAFOLD OUTPUT]
effective_residue_range: 33-480
alphafold_model_path: /home/grheco/repositorios/stack_protein_prep/data/proteins/1UOU/fasta/alignments/filler/A/final_filled_model.pdb
stdout_log: /home/grheco/repositorios/stack_protein_prep/data/proteins/1UOU/fasta/alignments/filler/A/modeller_stdout.log
stderr_log: /home/grheco/repositorios/stack_protein_prep/data/proteins/1UOU/fasta/alignments/filler/A/modeller_stderr.log
[DEBUG] === run_filler_for_chain END (ALPHAFOLD FALLBACK) ===
================================================================================
[2026-05-17 15:45:34] module=filler pdb_id=1UOU
================================================================================
template_id=1UOU_protein_monomer
target_id=1UOU_A
input_chain_id=A
alignment_directory=/home/grheco/repositorios/stack_protein_prep/data/proteins/1UOU/fasta/alignments
template_pdb_path=/home/grheco/repositorios/stack_protein_prep/data/proteins/1UOU/components/1UOU_protein_monomer.pdb
output_dir=/home/grheco/repositorios/stack_protein_prep/data/proteins/1UOU/fasta/alignments/filler/A
starting_model=1
ending_model=1
skip_if_no_internal_gaps=True
uniprot_id=P19971
residue_range=33-480
[DEBUG] === run_filler_for_chain START ===
[DEBUG] alignment_directory: /home/grheco/repositorios/stack_protein_prep/data/proteins/1UOU/fasta/alignments
[DEBUG] template_pdb_path: /home/grheco/repositorios/stack_protein_prep/data/proteins/1UOU/components/1UOU_protein_monomer.pdb
[DEBUG] output_dir: /home/grheco/repositorios/stack_protein_prep/data/proteins/1UOU/fasta/alignments/filler/A
[DEBUG] template_id: 1UOU_protein_monomer
[DEBUG] target_id: 1UOU_A
[DEBUG] chain_id (input): A
[DEBUG] starting_model: 1
[DEBUG] ending_model: 1
[DEBUG] uniprot_id: P19971
[DEBUG] residue_range: 33-480
[DEBUG] effective_residue_range: 33-480
[DEBUG] Resolved chain_id: A
[DEBUG] Alignment FASTA selected for filler: /home/grheco/repositorios/stack_protein_prep/data/proteins/1UOU/fasta/alignments/ATOM_chain_A_vs_UniProt.aln.fasta
[DEBUG] Template FASTA header selected: PDB|1UOU|ATOM|chain_A
[DEBUG] Target FASTA header selected: sp|P19971|TYPH_HUMAN Thymidine phosphorylase OS=Homo sapiens OX=9606 GN=TYMP PE=1 SV=2
[FILL DECISION]
resolved_chain_id: A
effective_residue_range: 33-480
should_run_modeller: False
overall_classification: alphafold_candidate
alphafold_candidate: True
n_gap_regions: 2
skip_reason: At least one internal gap is 8 residues or longer. Using AlphaFold fallback if possible.
[GAP REGION 1]
alignment_start: 237
alignment_end: 238
gap_length: 2
is_terminal: False
classification: green
[GAP REGION 2]
alignment_start: 406
alignment_end: 413
gap_length: 8
is_terminal: False
classification: alphafold_candidate
[DEBUG] Fill decision: should_run_modeller=False, overall_classification=alphafold_candidate, alphafold_candidate=True
[ALPHAFOLD OUTPUT]
effective_residue_range: 33-480
alphafold_model_path: /home/grheco/repositorios/stack_protein_prep/data/proteins/1UOU/fasta/alignments/filler/A/final_filled_model.pdb
stdout_log: /home/grheco/repositorios/stack_protein_prep/data/proteins/1UOU/fasta/alignments/filler/A/modeller_stdout.log
stderr_log: /home/grheco/repositorios/stack_protein_prep/data/proteins/1UOU/fasta/alignments/filler/A/modeller_stderr.log
[DEBUG] === run_filler_for_chain END (ALPHAFOLD FALLBACK) ===
================================================================================
[2026-05-17 17:17:40] module=filler pdb_id=1UOU
================================================================================
template_id=1UOU_protein_monomer
target_id=1UOU_A
input_chain_id=A
alignment_directory=/home/grheco/repositorios/stack_protein_prep/data/proteins/1UOU/fasta/alignments
template_pdb_path=/home/grheco/repositorios/stack_protein_prep/data/proteins/1UOU/components/1UOU_protein_monomer.pdb
output_dir=/home/grheco/repositorios/stack_protein_prep/data/proteins/1UOU/fasta/alignments/filler/A
starting_model=1
ending_model=1
skip_if_no_internal_gaps=True
uniprot_id=P19971
residue_range=33-480
[DEBUG] === run_filler_for_chain START ===
[DEBUG] alignment_directory: /home/grheco/repositorios/stack_protein_prep/data/proteins/1UOU/fasta/alignments
[DEBUG] template_pdb_path: /home/grheco/repositorios/stack_protein_prep/data/proteins/1UOU/components/1UOU_protein_monomer.pdb
[DEBUG] output_dir: /home/grheco/repositorios/stack_protein_prep/data/proteins/1UOU/fasta/alignments/filler/A
[DEBUG] template_id: 1UOU_protein_monomer
[DEBUG] target_id: 1UOU_A
[DEBUG] chain_id (input): A
[DEBUG] starting_model: 1
[DEBUG] ending_model: 1
[DEBUG] uniprot_id: P19971
[DEBUG] residue_range: 33-480
[DEBUG] effective_residue_range: 33-480
[DEBUG] Resolved chain_id: A
[DEBUG] Alignment FASTA selected for filler: /home/grheco/repositorios/stack_protein_prep/data/proteins/1UOU/fasta/alignments/ATOM_chain_A_vs_UniProt.aln.fasta
[DEBUG] Template FASTA header selected: PDB|1UOU|ATOM|chain_A
[DEBUG] Target FASTA header selected: sp|P19971|TYPH_HUMAN Thymidine phosphorylase OS=Homo sapiens OX=9606 GN=TYMP PE=1 SV=2
[FILL DECISION]
resolved_chain_id: A
effective_residue_range: 33-480
should_run_modeller: False
overall_classification: alphafold_candidate
alphafold_candidate: True
n_gap_regions: 2
skip_reason: At least one internal gap is 8 residues or longer. Using AlphaFold fallback if possible.
[GAP REGION 1]
alignment_start: 237
alignment_end: 238
gap_length: 2
is_terminal: False
classification: green
[GAP REGION 2]
alignment_start: 406
alignment_end: 413
gap_length: 8
is_terminal: False
classification: alphafold_candidate
[DEBUG] Fill decision: should_run_modeller=False, overall_classification=alphafold_candidate, alphafold_candidate=True
[ALPHAFOLD OUTPUT]
effective_residue_range: 33-480
alphafold_model_path: /home/grheco/repositorios/stack_protein_prep/data/proteins/1UOU/fasta/alignments/filler/A/final_filled_model.pdb
stdout_log: /home/grheco/repositorios/stack_protein_prep/data/proteins/1UOU/fasta/alignments/filler/A/modeller_stdout.log
stderr_log: /home/grheco/repositorios/stack_protein_prep/data/proteins/1UOU/fasta/alignments/filler/A/modeller_stderr.log
[DEBUG] === run_filler_for_chain END (ALPHAFOLD FALLBACK) ===
================================================================================
[2026-05-17 17:42:52] module=filler pdb_id=1UOU
================================================================================
template_id=1UOU_protein_monomer
target_id=1UOU_A
input_chain_id=A
alignment_directory=/home/grheco/repositorios/stack_protein_prep/data/proteins/1UOU/fasta/alignments
template_pdb_path=/home/grheco/repositorios/stack_protein_prep/data/proteins/1UOU/components/1UOU_protein_monomer.pdb
output_dir=/home/grheco/repositorios/stack_protein_prep/data/proteins/1UOU/fasta/alignments/filler/A
starting_model=1
ending_model=1
skip_if_no_internal_gaps=True
uniprot_id=P19971
residue_range=33-480
[DEBUG] === run_filler_for_chain START ===
[DEBUG] alignment_directory: /home/grheco/repositorios/stack_protein_prep/data/proteins/1UOU/fasta/alignments
[DEBUG] template_pdb_path: /home/grheco/repositorios/stack_protein_prep/data/proteins/1UOU/components/1UOU_protein_monomer.pdb
[DEBUG] output_dir: /home/grheco/repositorios/stack_protein_prep/data/proteins/1UOU/fasta/alignments/filler/A
[DEBUG] template_id: 1UOU_protein_monomer
[DEBUG] target_id: 1UOU_A
[DEBUG] chain_id (input): A
[DEBUG] starting_model: 1
[DEBUG] ending_model: 1
[DEBUG] uniprot_id: P19971
[DEBUG] residue_range: 33-480
[DEBUG] effective_residue_range: 33-480
[DEBUG] Resolved chain_id: A
[DEBUG] Alignment FASTA selected for filler: /home/grheco/repositorios/stack_protein_prep/data/proteins/1UOU/fasta/alignments/ATOM_chain_A_vs_UniProt.aln.fasta
[DEBUG] Template FASTA header selected: PDB|1UOU|ATOM|chain_A
[DEBUG] Target FASTA header selected: sp|P19971|TYPH_HUMAN Thymidine phosphorylase OS=Homo sapiens OX=9606 GN=TYMP PE=1 SV=2
[FILL DECISION]
resolved_chain_id: A
effective_residue_range: 33-480
should_run_modeller: False
overall_classification: alphafold_candidate
alphafold_candidate: True
n_gap_regions: 2
skip_reason: At least one internal gap is 8 residues or longer. Using AlphaFold fallback if possible.
[GAP REGION 1]
alignment_start: 237
alignment_end: 238
gap_length: 2
is_terminal: False
classification: green
[GAP REGION 2]
alignment_start: 406
alignment_end: 413
gap_length: 8
is_terminal: False
classification: alphafold_candidate
[DEBUG] Fill decision: should_run_modeller=False, overall_classification=alphafold_candidate, alphafold_candidate=True
[ALPHAFOLD OUTPUT]
effective_residue_range: 33-480
alphafold_model_path: /home/grheco/repositorios/stack_protein_prep/data/proteins/1UOU/fasta/alignments/filler/A/final_filled_model.pdb
stdout_log: /home/grheco/repositorios/stack_protein_prep/data/proteins/1UOU/fasta/alignments/filler/A/modeller_stdout.log
stderr_log: /home/grheco/repositorios/stack_protein_prep/data/proteins/1UOU/fasta/alignments/filler/A/modeller_stderr.log
[DEBUG] === run_filler_for_chain END (ALPHAFOLD FALLBACK) ===
================================================================================
[2026-05-17 17:45:01] module=filler pdb_id=1UOU
================================================================================
template_id=1UOU_protein_monomer
target_id=1UOU_A
input_chain_id=A
alignment_directory=/home/grheco/repositorios/stack_protein_prep/data/proteins/1UOU/fasta/alignments
template_pdb_path=/home/grheco/repositorios/stack_protein_prep/data/proteins/1UOU/components/1UOU_protein_monomer.pdb
output_dir=/home/grheco/repositorios/stack_protein_prep/data/proteins/1UOU/fasta/alignments/filler/A
starting_model=1
ending_model=1
skip_if_no_internal_gaps=True
uniprot_id=P19971
residue_range=33-480
[DEBUG] === run_filler_for_chain START ===
[DEBUG] alignment_directory: /home/grheco/repositorios/stack_protein_prep/data/proteins/1UOU/fasta/alignments
[DEBUG] template_pdb_path: /home/grheco/repositorios/stack_protein_prep/data/proteins/1UOU/components/1UOU_protein_monomer.pdb
[DEBUG] output_dir: /home/grheco/repositorios/stack_protein_prep/data/proteins/1UOU/fasta/alignments/filler/A
[DEBUG] template_id: 1UOU_protein_monomer
[DEBUG] target_id: 1UOU_A
[DEBUG] chain_id (input): A
[DEBUG] starting_model: 1
[DEBUG] ending_model: 1
[DEBUG] uniprot_id: P19971
[DEBUG] residue_range: 33-480
[DEBUG] effective_residue_range: 33-480
[DEBUG] Resolved chain_id: A
[DEBUG] Alignment FASTA selected for filler: /home/grheco/repositorios/stack_protein_prep/data/proteins/1UOU/fasta/alignments/ATOM_chain_A_vs_UniProt.aln.fasta
[DEBUG] Template FASTA header selected: PDB|1UOU|ATOM|chain_A
[DEBUG] Target FASTA header selected: sp|P19971|TYPH_HUMAN Thymidine phosphorylase OS=Homo sapiens OX=9606 GN=TYMP PE=1 SV=2
[FILL DECISION]
resolved_chain_id: A
effective_residue_range: 33-480
should_run_modeller: False
overall_classification: alphafold_candidate
alphafold_candidate: True
n_gap_regions: 2
skip_reason: At least one internal gap is 8 residues or longer. Using AlphaFold fallback if possible.
[GAP REGION 1]
alignment_start: 237
alignment_end: 238
gap_length: 2
is_terminal: False
classification: green
[GAP REGION 2]
alignment_start: 406
alignment_end: 413
gap_length: 8
is_terminal: False
classification: alphafold_candidate
[DEBUG] Fill decision: should_run_modeller=False, overall_classification=alphafold_candidate, alphafold_candidate=True
[ALPHAFOLD OUTPUT]
effective_residue_range: 33-480
alphafold_model_path: /home/grheco/repositorios/stack_protein_prep/data/proteins/1UOU/fasta/alignments/filler/A/final_filled_model.pdb
stdout_log: /home/grheco/repositorios/stack_protein_prep/data/proteins/1UOU/fasta/alignments/filler/A/modeller_stdout.log
stderr_log: /home/grheco/repositorios/stack_protein_prep/data/proteins/1UOU/fasta/alignments/filler/A/modeller_stderr.log
[DEBUG] === run_filler_for_chain END (ALPHAFOLD FALLBACK) ===
