sanitize_pdb_for_gromacs
========================

pdb_id                       : 1UOU
variant_label                : prepared_best_complete
input_pdb_path               : /home/grheco/repositorios/stack_protein_prep/data/proteins/1UOU/prepared/best_complete/1UOU.pdb
output_pdb_path              : /home/grheco/repositorios/stack_protein_prep/data/proteins/1UOU/components/.tmp_sanitized_variant_audit/1UOU_best_complete_prepared_sanitized.pdb
output_written               : True
can_run_gromacs              : True
status                       : warning
atom_count_in                : 6661
atom_count_out               : 6645
residue_count_out            : 448
selected_altloc_count        : 0
dropped_altloc_atom_count    : 0
normalized_occupancy_count   : 0
dropped_heterogen_atom_count : 16
nonstandard_residue_names    : <none>
missing_heavy_atom_count     : 1
force_field_template_path    : /home/grheco/repositorios/stack_protein_prep/.pixi/envs/default/share/gromacs/top/amber99sb-ildn.ff/aminoacids.rtp

issues
------
[warning] missing_standard_heavy_atoms: Residue PRO A 480 is missing expected heavy atoms: O
[info] heterogens_dropped: Dropped 16 non-polymer HETATM atoms from the protein-only route.
