sanitize_pdb_for_gromacs
========================

pdb_id                       : 1UOU
variant_label                : gaps_fragment_02
input_pdb_path               : /home/grheco/repositorios/stack_protein_prep/data/proteins/1UOU/components/.tmp_gaps_fragments/1UOU_chain_A_fragment_02.pdb
output_pdb_path              : /home/grheco/repositorios/stack_protein_prep/data/proteins/1UOU/components/.tmp_sanitized_protonation/1UOU_gaps_fragment_02_sanitized.pdb
output_written               : True
can_run_gromacs              : True
status                       : warning
atom_count_in                : 1198
atom_count_out               : 1207
residue_count_out            : 167
selected_altloc_count        : 9
dropped_altloc_atom_count    : 9
normalized_occupancy_count   : 9
dropped_heterogen_atom_count : 0
nonstandard_residue_names    : <none>
missing_heavy_atom_count     : 1
force_field_template_path    : /home/grheco/repositorios/stack_protein_prep/.pixi/envs/default/share/gromacs/top/amber99sb-ildn.ff/aminoacids.rtp

issues
------
[warning] altloc_selected: Selected one alternate location for 9 disordered atoms; dropped 9 duplicate positions.
[warning] occupancy_normalized: 9 selected atoms had occupancy other than 1.00 and will be written as 1.00.
[warning] missing_standard_heavy_atoms: Residue GLU A 246 is missing expected heavy atoms: CD, CG, OE1, OE2
