standard_residue_repair
=======================

input_pdb_path                   : /home/grheco/repositorios/stack_protein_prep/data/proteins/1UOU/fasta/alignments/filler/A/final_filled_model.pdb
output_pdb_path                  : /home/grheco/repositorios/stack_protein_prep/data/proteins/1UOU/components/.tmp_standard_residue_repair/1UOU_best_complete_standard_repaired.pdb
used_output_path                 : /home/grheco/repositorios/stack_protein_prep/data/proteins/1UOU/fasta/alignments/filler/A/final_filled_model.pdb
repair_attempted                 : True
repair_success                   : False
can_continue                     : True
missing_heavy_atom_count_before  : 11
missing_heavy_atom_count_after   : 11
nonstandard_residue_names        : <none>
status                           : failed
message                          : MODELLER complete_pdb repair failed: ImportError('MODELLER is required for minimal standard-heavy-atom repair.'); original input retained.

missing_before
--------------
Residue ILE A 40 is missing expected heavy atoms: CD
Residue ILE A 54 is missing expected heavy atoms: CD
Residue ILE A 71 is missing expected heavy atoms: CD
Residue ILE A 78 is missing expected heavy atoms: CD
Residue ILE A 143 is missing expected heavy atoms: CD
Residue ILE A 161 is missing expected heavy atoms: CD
Residue ILE A 167 is missing expected heavy atoms: CD
Residue ILE A 184 is missing expected heavy atoms: CD
Residue ILE A 197 is missing expected heavy atoms: CD
Residue ILE A 214 is missing expected heavy atoms: CD
Residue ILE A 218 is missing expected heavy atoms: CD

missing_after
-------------
<none>
