Using the Amber99sb-ildn force field in directory amber99sb-ildn.ff

going to rename amber99sb-ildn.ff/aminoacids.r2b

going to rename amber99sb-ildn.ff/dna.r2b

going to rename amber99sb-ildn.ff/rna.r2b
Reading /home/grheco/repositorios/stack_protein_prep/data/proteins/3BC3/components/.tmp_sanitized_protonation/3BC3_gaps_fragment_02_sanitized.pdb...
Read '', 1139 atoms

Analyzing pdb file
Splitting chemical chains based on TER records or chain id changing.

There are 1 chains and 0 blocks of water and 149 residues with 1139 atoms

  chain  #res #atoms

  1 'A'   149   1139  

All occupancies are one

Reading residue database... (Amber99sb-ildn)

Preserving residues names by default

Preserving residues names by default

Preserving residues names by default

Processing chain 1 'A' (1139 atoms, 149 residues)

Identified residue TRP26 as a starting terminus.

Identified residue SER174 as a ending terminus.

Checking for duplicate atoms....

Generating any missing hydrogen atoms and/or adding termini.

Now there are 149 residues with 2190 atoms

Making bonds...

Number of bonds was 2218, now 2217

Generating angles, dihedrals and pairs...

Making cmap torsions...

There are 6064 dihedrals,  470 impropers, 3979 angles
          5732 pairs,     2217 bonds and     0 virtual sites

Total mass 16213.830 a.m.u.

Total charge -15.000 e

Writing topology

Writing coordinate file...

		--------- PLEASE NOTE ------------

You have successfully generated a topology from: /home/grheco/repositorios/stack_protein_prep/data/proteins/3BC3/components/.tmp_sanitized_protonation/3BC3_gaps_fragment_02_sanitized.pdb.

The Amber99sb-ildn force field and the tip3p water model are used.

		--------- ETON ESAELP ------------
