Using the Amber99sb-ildn force field in directory amber99sb-ildn.ff

going to rename amber99sb-ildn.ff/aminoacids.r2b

going to rename amber99sb-ildn.ff/dna.r2b

going to rename amber99sb-ildn.ff/rna.r2b
Reading /home/grheco/repositorios/stack_protein_prep/data/proteins/3BC3/components/.tmp_sanitized_protonation/3BC3_best_complete_sanitized.pdb...
Read '', 2637 atoms

Analyzing pdb file
Splitting chemical chains based on TER records or chain id changing.

There are 1 chains and 0 blocks of water and 333 residues with 2637 atoms

  chain  #res #atoms

  1 'A'   333   2637  

All occupancies are one

Reading residue database... (Amber99sb-ildn)

Preserving residues names by default

Preserving residues names by default

Preserving residues names by default

Processing chain 1 'A' (2637 atoms, 333 residues)

Identified residue MET1 as a starting terminus.

Identified residue VAL333 as a ending terminus.

Checking for duplicate atoms....

Generating any missing hydrogen atoms and/or adding termini.

Now there are 333 residues with 5115 atoms

Making bonds...

Number of bonds was 5187, now 5186

Generating angles, dihedrals and pairs...

Making cmap torsions...

There are 14090 dihedrals, 1108 impropers, 9305 angles
          13367 pairs,     5186 bonds and     0 virtual sites

Total mass 37548.275 a.m.u.

Total charge -10.000 e

Writing topology

Writing coordinate file...

		--------- PLEASE NOTE ------------

You have successfully generated a topology from: /home/grheco/repositorios/stack_protein_prep/data/proteins/3BC3/components/.tmp_sanitized_protonation/3BC3_best_complete_sanitized.pdb.

The Amber99sb-ildn force field and the tip3p water model are used.

		--------- ETON ESAELP ------------
