Using the Amber99sb-ildn force field in directory amber99sb-ildn.ff

going to rename amber99sb-ildn.ff/aminoacids.r2b

going to rename amber99sb-ildn.ff/dna.r2b

going to rename amber99sb-ildn.ff/rna.r2b
Reading /home/grheco/repositorios/stack_protein_prep/data/proteins/3BC3/components/.tmp_sanitized_protonation/3BC3_gaps_fragment_01_sanitized.pdb...
Read '', 186 atoms

Analyzing pdb file
Splitting chemical chains based on TER records or chain id changing.

There are 1 chains and 0 blocks of water and 24 residues with 186 atoms

  chain  #res #atoms

  1 'A'    24    186  

All occupancies are one

Reading residue database... (Amber99sb-ildn)

Preserving residues names by default

Preserving residues names by default

Preserving residues names by default

Processing chain 1 'A' (186 atoms, 24 residues)

Identified residue ALA1 as a starting terminus.

Identified residue SER24 as a ending terminus.

Checking for duplicate atoms....

Generating any missing hydrogen atoms and/or adding termini.

Now there are 24 residues with 369 atoms

Making bonds...

Number of bonds was 374, now 373

Generating angles, dihedrals and pairs...

Making cmap torsions...

There are 1011 dihedrals,   76 impropers,  671 angles
           965 pairs,      373 bonds and     0 virtual sites

Total mass 2665.016 a.m.u.

Total charge 2.000 e

Writing topology

Writing coordinate file...

		--------- PLEASE NOTE ------------

You have successfully generated a topology from: /home/grheco/repositorios/stack_protein_prep/data/proteins/3BC3/components/.tmp_sanitized_protonation/3BC3_gaps_fragment_01_sanitized.pdb.

The Amber99sb-ildn force field and the tip3p water model are used.

		--------- ETON ESAELP ------------
