metalls_check
============

pdb_id                   : 3RM2
variant_label            : input_inventory
input_model_path         : /home/grheco/repositorios/stack_protein_prep/data/proteins/3RM2/components/3RM2_protein_monomer.pdb
analysis_input_path      : /home/grheco/repositorios/stack_protein_prep/data/proteins/3RM2/components/metals_check/input_inventory/3RM2_input_inventory_metal_analysis_input.pdb
contacts_tsv_path        : /home/grheco/repositorios/stack_protein_prep/data/proteins/3RM2/components/metals_check/input_inventory/3RM2_input_inventory_metal_contacts.tsv
manifest_path            : /home/grheco/repositorios/stack_protein_prep/data/proteins/3RM2/components/metals_check/input_inventory/3RM2_input_inventory_metal_check.json
chimera_status           : skipped
status                   : success
metal_class              : standard_nontransition
ion_type_text            : Na+; Na+
parameter_reference_text : Joung-Cheatham monovalent ion parameters; verify water-model-specific frcmod, e.g. ionsjc_tip3p for TIP3P.
found_geometry_text      : not_required_for_standard_ion; not_required_for_standard_ion
probable_geometry_text   : not_required_for_standard_ion; not_required_for_standard_ion
geometry_match           : n/a
model_metal_ready        : True
message                  : Only supported standard non-transition ions detected.

sites
-----
- NA H 5 NA
  ion_label        : Na+
  metal_class      : standard_nontransition
  coordination     : 2
  found_geometry   : not_required_for_standard_ion
  probable_geometry: not_required_for_standard_ion
  geometry_match   : n/a
  contacts         : 2
- NA H 6 NA
  ion_label        : Na+
  metal_class      : standard_nontransition
  coordination     : 2
  found_geometry   : not_required_for_standard_ion
  probable_geometry: not_required_for_standard_ion
  geometry_match   : n/a
  contacts         : 2
