sanitize_pdb_for_gromacs
========================

pdb_id                       : 3RM2
variant_label                : gaps_fragment_02
input_pdb_path               : /home/grheco/repositorios/stack_protein_prep/data/proteins/3RM2/components/.tmp_gaps_fragments/3RM2_chain_H_fragment_02.pdb
output_pdb_path              : /home/grheco/repositorios/stack_protein_prep/data/proteins/3RM2/components/.tmp_sanitized_protonation/3RM2_gaps_fragment_02_sanitized.pdb
output_written               : True
can_run_gromacs              : True
status                       : warning
atom_count_in                : 819
atom_count_out               : 842
residue_count_out            : 104
selected_altloc_count        : 23
dropped_altloc_atom_count    : 23
normalized_occupancy_count   : 23
dropped_heterogen_atom_count : 0
nonstandard_residue_names    : <none>
missing_heavy_atom_count     : 9
force_field_template_path    : /home/grheco/repositorios/stack_protein_prep/.pixi/envs/default/share/gromacs/top/amber99sb-ildn.ff/aminoacids.rtp

issues
------
[warning] altloc_selected: Selected one alternate location for 23 disordered atoms; dropped 23 duplicate positions.
[warning] occupancy_normalized: 23 selected atoms had occupancy other than 1.00 and will be written as 1.00.
[warning] missing_standard_heavy_atoms: Residue ILE H 177 is missing expected heavy atoms: CD
[warning] missing_standard_heavy_atoms: Residue LYS H 184 is missing expected heavy atoms: CD, CE, CG, NZ
[warning] missing_standard_heavy_atoms: Residue ILE H 189 is missing expected heavy atoms: CD
[warning] missing_standard_heavy_atoms: Residue ILE H 191 is missing expected heavy atoms: CD
[warning] missing_standard_heavy_atoms: Residue ASP H 203 is missing expected heavy atoms: CG, OD1, OD2
[warning] missing_standard_heavy_atoms: Residue ILE H 234 is missing expected heavy atoms: CD
[warning] missing_standard_heavy_atoms: Residue LYS H 259 is missing expected heavy atoms: CD, CE, CG, NZ
[warning] missing_standard_heavy_atoms: Residue ILE H 261 is missing expected heavy atoms: CD
[warning] missing_standard_heavy_atoms: Residue ILE H 265 is missing expected heavy atoms: CD
