sanitize_pdb_for_gromacs
========================

pdb_id                       : 3RM2
variant_label                : gaps_fragment_01
input_pdb_path               : /home/grheco/repositorios/stack_protein_prep/data/proteins/3RM2/components/.tmp_gaps_fragments/3RM2_chain_H_fragment_01.pdb
output_pdb_path              : /home/grheco/repositorios/stack_protein_prep/data/proteins/3RM2/components/.tmp_sanitized_protonation/3RM2_gaps_fragment_01_sanitized.pdb
output_written               : True
can_run_gromacs              : True
status                       : warning
atom_count_in                : 1199
atom_count_out               : 1245
residue_count_out            : 147
selected_altloc_count        : 46
dropped_altloc_atom_count    : 46
normalized_occupancy_count   : 46
dropped_heterogen_atom_count : 0
nonstandard_residue_names    : <none>
missing_heavy_atom_count     : 10
force_field_template_path    : /home/grheco/repositorios/stack_protein_prep/.pixi/envs/default/share/gromacs/top/amber99sb-ildn.ff/aminoacids.rtp

issues
------
[warning] altloc_selected: Selected one alternate location for 46 disordered atoms; dropped 46 duplicate positions.
[warning] occupancy_normalized: 46 selected atoms had occupancy other than 1.00 and will be written as 1.00.
[warning] missing_standard_heavy_atoms: Residue ILE H 16 is missing expected heavy atoms: CD
[warning] missing_standard_heavy_atoms: Residue ILE H 24 is missing expected heavy atoms: CD
[warning] missing_standard_heavy_atoms: Residue ILE H 48 is missing expected heavy atoms: CD
[warning] missing_standard_heavy_atoms: Residue ILE H 78 is missing expected heavy atoms: CD
[warning] missing_standard_heavy_atoms: Residue ILE H 90 is missing expected heavy atoms: CD
[warning] missing_standard_heavy_atoms: Residue ILE H 93 is missing expected heavy atoms: CD
[warning] missing_standard_heavy_atoms: Residue ILE H 99 is missing expected heavy atoms: CD
[warning] missing_standard_heavy_atoms: Residue ILE H 101 is missing expected heavy atoms: CD
[warning] missing_standard_heavy_atoms: Residue ILE H 115 is missing expected heavy atoms: CD
[warning] missing_standard_heavy_atoms: Residue ILE H 130 is missing expected heavy atoms: CD
