standard_residue_repair
=======================

input_pdb_path                   : /home/grheco/repositorios/stack_protein_prep/data/proteins/3RM2/components/.tmp_gaps_fragments/3RM2_chain_I_fragment_01.pdb
output_pdb_path                  : /home/grheco/repositorios/stack_protein_prep/data/proteins/3RM2/components/.tmp_standard_residue_repair/3RM2_gaps_fragment_03_standard_repaired.pdb
used_output_path                 : /home/grheco/repositorios/stack_protein_prep/data/proteins/3RM2/components/.tmp_gaps_fragments/3RM2_chain_I_fragment_01.pdb
repair_attempted                 : True
repair_success                   : False
can_continue                     : True
missing_heavy_atom_count_before  : 3
missing_heavy_atom_count_after   : 3
nonstandard_residue_names        : <none>
status                           : failed
message                          : MODELLER complete_pdb repair failed: ImportError('MODELLER is required for minimal standard-heavy-atom repair.'); original input retained.

missing_before
--------------
Residue GLU I 58 is missing expected heavy atoms: CD, CG, OE1, OE2
Residue ILE I 59 is missing expected heavy atoms: CD
Residue GLU I 61 is missing expected heavy atoms: CD, CG, OE1, OE2

missing_after
-------------
<none>
