standard_residue_repair
=======================

input_pdb_path                   : /home/grheco/repositorios/stack_protein_prep/data/proteins/3RM2/components/.tmp_gaps_fragments/3RM2_chain_H_fragment_01.pdb
output_pdb_path                  : /home/grheco/repositorios/stack_protein_prep/data/proteins/3RM2/components/.tmp_standard_residue_repair/3RM2_gaps_fragment_01_standard_repaired.pdb
used_output_path                 : /home/grheco/repositorios/stack_protein_prep/data/proteins/3RM2/components/.tmp_gaps_fragments/3RM2_chain_H_fragment_01.pdb
repair_attempted                 : True
repair_success                   : False
can_continue                     : True
missing_heavy_atom_count_before  : 10
missing_heavy_atom_count_after   : 10
nonstandard_residue_names        : <none>
status                           : failed
message                          : MODELLER complete_pdb repair failed: ImportError('MODELLER is required for minimal standard-heavy-atom repair.'); original input retained.

missing_before
--------------
Residue ILE H 16 is missing expected heavy atoms: CD
Residue ILE H 24 is missing expected heavy atoms: CD
Residue ILE H 48 is missing expected heavy atoms: CD
Residue ILE H 78 is missing expected heavy atoms: CD
Residue ILE H 90 is missing expected heavy atoms: CD
Residue ILE H 93 is missing expected heavy atoms: CD
Residue ILE H 99 is missing expected heavy atoms: CD
Residue ILE H 101 is missing expected heavy atoms: CD
Residue ILE H 115 is missing expected heavy atoms: CD
Residue ILE H 130 is missing expected heavy atoms: CD

missing_after
-------------
<none>
