Using the Amber99sb-ildn force field in directory amber99sb-ildn.ff

going to rename amber99sb-ildn.ff/aminoacids.r2b

going to rename amber99sb-ildn.ff/dna.r2b

going to rename amber99sb-ildn.ff/rna.r2b
Reading /home/grheco/repositorios/stack_protein_prep/data/proteins/1A5H/components/.tmp_sanitized_protonation/1A5H_single_sanitized.pdb...
Read '', 1967 atoms

Analyzing pdb file
Splitting chemical chains based on TER records or chain id changing.

There are 1 chains and 0 blocks of water and 251 residues with 1967 atoms

  chain  #res #atoms

  1 'A'   251   1967  

All occupancies are one

Reading residue database... (Amber99sb-ildn)

Preserving residues names by default

Preserving residues names by default

Preserving residues names by default

Processing chain 1 'A' (1967 atoms, 251 residues)

Identified residue ILE16 as a starting terminus.

Identified residue ARG267 as a ending terminus.

Checking for duplicate atoms....

Generating any missing hydrogen atoms and/or adding termini.

Now there are 251 residues with 3868 atoms

Making bonds...

Number of bonds was 3922, now 3921

Generating angles, dihedrals and pairs...

Making cmap torsions...

There are 10791 dihedrals,  801 impropers, 7074 angles
          10201 pairs,     3921 bonds and     0 virtual sites

Total mass 28009.880 a.m.u.

Total charge -5.000 e

Writing topology

Writing coordinate file...

		--------- PLEASE NOTE ------------

You have successfully generated a topology from: /home/grheco/repositorios/stack_protein_prep/data/proteins/1A5H/components/.tmp_sanitized_protonation/1A5H_single_sanitized.pdb.

The Amber99sb-ildn force field and the tip3p water model are used.

		--------- ETON ESAELP ------------
