Using the Amber99sb-ildn force field in directory amber99sb-ildn.ff

going to rename amber99sb-ildn.ff/aminoacids.r2b

going to rename amber99sb-ildn.ff/dna.r2b

going to rename amber99sb-ildn.ff/rna.r2b
Reading /home/grheco/repositorios/stack_protein_prep/data/proteins/3K5E/components/.tmp_sanitized_protonation/3K5E_gaps_fragment_02_sanitized.pdb...
Read '', 1685 atoms

Analyzing pdb file
Splitting chemical chains based on TER records or chain id changing.

There are 1 chains and 0 blocks of water and 213 residues with 1685 atoms

  chain  #res #atoms

  1 'A'   213   1685  

All occupancies are one

Reading residue database... (Amber99sb-ildn)

Preserving residues names by default

Preserving residues names by default

Preserving residues names by default

Processing chain 1 'A' (1685 atoms, 213 residues)

Identified residue ASP59 as a starting terminus.

Identified residue ASN271 as a ending terminus.

Checking for duplicate atoms....

Generating any missing hydrogen atoms and/or adding termini.

Now there are 213 residues with 3349 atoms

Making bonds...

Number of bonds was 3378, now 3377

Generating angles, dihedrals and pairs...

Making cmap torsions...

There are 9268 dihedrals,  650 impropers, 6103 angles
          8815 pairs,     3377 bonds and     0 virtual sites

Total mass 23998.164 a.m.u.

Total charge -11.000 e

Writing topology

Writing coordinate file...

		--------- PLEASE NOTE ------------

You have successfully generated a topology from: /home/grheco/repositorios/stack_protein_prep/data/proteins/3K5E/components/.tmp_sanitized_protonation/3K5E_gaps_fragment_02_sanitized.pdb.

The Amber99sb-ildn force field and the tip3p water model are used.

		--------- ETON ESAELP ------------
