Using the Amber99sb-ildn force field in directory amber99sb-ildn.ff

going to rename amber99sb-ildn.ff/aminoacids.r2b

going to rename amber99sb-ildn.ff/dna.r2b

going to rename amber99sb-ildn.ff/rna.r2b
Reading /home/grheco/repositorios/stack_protein_prep/data/proteins/3K5E/components/.tmp_sanitized_protonation/3K5E_gaps_fragment_01_sanitized.pdb...
Read '', 301 atoms

Analyzing pdb file
Splitting chemical chains based on TER records or chain id changing.

There are 1 chains and 0 blocks of water and 39 residues with 301 atoms

  chain  #res #atoms

  1 'A'    39    301  

All occupancies are one

Reading residue database... (Amber99sb-ildn)

Preserving residues names by default

Preserving residues names by default

Preserving residues names by default

Processing chain 1 'A' (301 atoms, 39 residues)

Identified residue ASN18 as a starting terminus.

Identified residue GLY56 as a ending terminus.

Checking for duplicate atoms....

Generating any missing hydrogen atoms and/or adding termini.

Now there are 39 residues with 616 atoms

Making bonds...

Number of bonds was 620, now 619

Generating angles, dihedrals and pairs...

Making cmap torsions...

There are 1671 dihedrals,  117 impropers, 1120 angles
          1614 pairs,      619 bonds and     0 virtual sites

Total mass 4325.082 a.m.u.

Total charge 3.000 e

Writing topology

Writing coordinate file...

		--------- PLEASE NOTE ------------

You have successfully generated a topology from: /home/grheco/repositorios/stack_protein_prep/data/proteins/3K5E/components/.tmp_sanitized_protonation/3K5E_gaps_fragment_01_sanitized.pdb.

The Amber99sb-ildn force field and the tip3p water model are used.

		--------- ETON ESAELP ------------
