Using the Amber99sb-ildn force field in directory amber99sb-ildn.ff

going to rename amber99sb-ildn.ff/aminoacids.r2b

going to rename amber99sb-ildn.ff/dna.r2b

going to rename amber99sb-ildn.ff/rna.r2b
Reading /home/grheco/repositorios/stack_protein_prep/data/proteins/3K5E/components/.tmp_sanitized_protonation/3K5E_gaps_fragment_03_sanitized.pdb...
Read '', 602 atoms

Analyzing pdb file
Splitting chemical chains based on TER records or chain id changing.

There are 1 chains and 0 blocks of water and 77 residues with 602 atoms

  chain  #res #atoms

  1 'A'    77    602  

All occupancies are one

Reading residue database... (Amber99sb-ildn)

Preserving residues names by default

Preserving residues names by default

Preserving residues names by default

Processing chain 1 'A' (602 atoms, 77 residues)

Identified residue ASN287 as a starting terminus.

Identified residue PRO363 as a ending terminus.

Checking for duplicate atoms....

Generating any missing hydrogen atoms and/or adding termini.

Now there are 77 residues with 1243 atoms

Making bonds...

Number of bonds was 1251, now 1250

Generating angles, dihedrals and pairs...

Making cmap torsions...

There are 3422 dihedrals,  221 impropers, 2273 angles
          3290 pairs,     1250 bonds and     0 virtual sites

Total mass 8570.000 a.m.u.

Total charge 4.000 e

Writing topology

Writing coordinate file...

		--------- PLEASE NOTE ------------

You have successfully generated a topology from: /home/grheco/repositorios/stack_protein_prep/data/proteins/3K5E/components/.tmp_sanitized_protonation/3K5E_gaps_fragment_03_sanitized.pdb.

The Amber99sb-ildn force field and the tip3p water model are used.

		--------- ETON ESAELP ------------
