================================================================================
[2026-05-17 14:44:20] module=fasta_files pdb_id=3FRG
================================================================================
pdb_directory=/home/grheco/repositorios/stack_protein_prep/data/proteins/3FRG
pdb_file_path=/home/grheco/repositorios/stack_protein_prep/data/proteins/3FRG/3FRG.pdb
fasta_directory=/home/grheco/repositorios/stack_protein_prep/data/proteins/3FRG/fasta
residue_range=153-505
[CHAIN SELECTION]
relevant_chain_ids=A
[SEQRES FASTA]
chain_count: 1
chains: A
output_path: /home/grheco/repositorios/stack_protein_prep/data/proteins/3FRG/fasta/PDB-3FRG-SEQRES.fasta
[ATOM FASTA]
chain_count: 1
chains: A
output_path: /home/grheco/repositorios/stack_protein_prep/data/proteins/3FRG/fasta/PDB-3FRG-ATOM.fasta
[UNIPROT QUERY]
pdb_id: 3FRG
query: xref:pdb-3FRG
request_url: https://rest.uniprot.org/uniprotkb/search?query=xref%3Apdb-3FRG&format=fasta
[UNIPROT RESULT] entry_count=1
accession=Q07343 header=sp|Q07343|PDE4B_HUMAN 3',5'-cyclic-AMP phosphodiesterase 4B OS=Homo sapiens OX=9606 GN=PDE4B PE=1 SV=1
[UNIPROT FASTA]
entry_count: 1
accessions: Q07343
================================================================================
[2026-05-17 15:36:39] module=fasta_files pdb_id=3FRG
================================================================================
pdb_directory=/home/grheco/repositorios/stack_protein_prep/data/proteins/3FRG
pdb_file_path=/home/grheco/repositorios/stack_protein_prep/data/proteins/3FRG/3FRG.pdb
fasta_directory=/home/grheco/repositorios/stack_protein_prep/data/proteins/3FRG/fasta
residue_range=153-505
[CHAIN SELECTION]
relevant_chain_ids=A
[SEQRES FASTA]
chain_count: 1
chains: A
output_path: /home/grheco/repositorios/stack_protein_prep/data/proteins/3FRG/fasta/PDB-3FRG-SEQRES.fasta
[ATOM FASTA]
chain_count: 1
chains: A
output_path: /home/grheco/repositorios/stack_protein_prep/data/proteins/3FRG/fasta/PDB-3FRG-ATOM.fasta
[UNIPROT QUERY]
pdb_id: 3FRG
query: xref:pdb-3FRG
request_url: https://rest.uniprot.org/uniprotkb/search?query=xref%3Apdb-3FRG&format=fasta
[UNIPROT RESULT] entry_count=1
accession=Q07343 header=sp|Q07343|PDE4B_HUMAN 3',5'-cyclic-AMP phosphodiesterase 4B OS=Homo sapiens OX=9606 GN=PDE4B PE=1 SV=1
[UNIPROT FASTA]
entry_count: 1
accessions: Q07343
================================================================================
[2026-05-17 15:45:20] module=fasta_files pdb_id=3FRG
================================================================================
pdb_directory=/home/grheco/repositorios/stack_protein_prep/data/proteins/3FRG
pdb_file_path=/home/grheco/repositorios/stack_protein_prep/data/proteins/3FRG/3FRG.pdb
fasta_directory=/home/grheco/repositorios/stack_protein_prep/data/proteins/3FRG/fasta
residue_range=153-505
[CHAIN SELECTION]
relevant_chain_ids=A
[SEQRES FASTA]
chain_count: 1
chains: A
output_path: /home/grheco/repositorios/stack_protein_prep/data/proteins/3FRG/fasta/PDB-3FRG-SEQRES.fasta
[ATOM FASTA]
chain_count: 1
chains: A
output_path: /home/grheco/repositorios/stack_protein_prep/data/proteins/3FRG/fasta/PDB-3FRG-ATOM.fasta
[UNIPROT QUERY]
pdb_id: 3FRG
query: xref:pdb-3FRG
request_url: https://rest.uniprot.org/uniprotkb/search?query=xref%3Apdb-3FRG&format=fasta
[UNIPROT RESULT] entry_count=1
accession=Q07343 header=sp|Q07343|PDE4B_HUMAN 3',5'-cyclic-AMP phosphodiesterase 4B OS=Homo sapiens OX=9606 GN=PDE4B PE=1 SV=1
[UNIPROT FASTA]
entry_count: 1
accessions: Q07343
================================================================================
[2026-05-17 17:17:27] module=fasta_files pdb_id=3FRG
================================================================================
pdb_directory=/home/grheco/repositorios/stack_protein_prep/data/proteins/3FRG
pdb_file_path=/home/grheco/repositorios/stack_protein_prep/data/proteins/3FRG/3FRG.pdb
fasta_directory=/home/grheco/repositorios/stack_protein_prep/data/proteins/3FRG/fasta
residue_range=153-505
[CHAIN SELECTION]
relevant_chain_ids=A
[SEQRES FASTA]
chain_count: 1
chains: A
output_path: /home/grheco/repositorios/stack_protein_prep/data/proteins/3FRG/fasta/PDB-3FRG-SEQRES.fasta
[ATOM FASTA]
chain_count: 1
chains: A
output_path: /home/grheco/repositorios/stack_protein_prep/data/proteins/3FRG/fasta/PDB-3FRG-ATOM.fasta
[UNIPROT QUERY]
pdb_id: 3FRG
query: xref:pdb-3FRG
request_url: https://rest.uniprot.org/uniprotkb/search?query=xref%3Apdb-3FRG&format=fasta
[UNIPROT RESULT] entry_count=1
accession=Q07343 header=sp|Q07343|PDE4B_HUMAN 3',5'-cyclic-AMP phosphodiesterase 4B OS=Homo sapiens OX=9606 GN=PDE4B PE=1 SV=1
[UNIPROT FASTA]
entry_count: 1
accessions: Q07343
================================================================================
[2026-05-17 17:42:36] module=fasta_files pdb_id=3FRG
================================================================================
pdb_directory=/home/grheco/repositorios/stack_protein_prep/data/proteins/3FRG
pdb_file_path=/home/grheco/repositorios/stack_protein_prep/data/proteins/3FRG/3FRG.pdb
fasta_directory=/home/grheco/repositorios/stack_protein_prep/data/proteins/3FRG/fasta
residue_range=153-505
[CHAIN SELECTION]
relevant_chain_ids=A
[SEQRES FASTA]
chain_count: 1
chains: A
output_path: /home/grheco/repositorios/stack_protein_prep/data/proteins/3FRG/fasta/PDB-3FRG-SEQRES.fasta
[ATOM FASTA]
chain_count: 1
chains: A
output_path: /home/grheco/repositorios/stack_protein_prep/data/proteins/3FRG/fasta/PDB-3FRG-ATOM.fasta
[UNIPROT QUERY]
pdb_id: 3FRG
query: xref:pdb-3FRG
request_url: https://rest.uniprot.org/uniprotkb/search?query=xref%3Apdb-3FRG&format=fasta
[UNIPROT RESULT] entry_count=1
accession=Q07343 header=sp|Q07343|PDE4B_HUMAN 3',5'-cyclic-AMP phosphodiesterase 4B OS=Homo sapiens OX=9606 GN=PDE4B PE=1 SV=1
[UNIPROT FASTA]
entry_count: 1
accessions: Q07343
================================================================================
[2026-05-17 17:44:47] module=fasta_files pdb_id=3FRG
================================================================================
pdb_directory=/home/grheco/repositorios/stack_protein_prep/data/proteins/3FRG
pdb_file_path=/home/grheco/repositorios/stack_protein_prep/data/proteins/3FRG/3FRG.pdb
fasta_directory=/home/grheco/repositorios/stack_protein_prep/data/proteins/3FRG/fasta
residue_range=153-505
[CHAIN SELECTION]
relevant_chain_ids=A
[SEQRES FASTA]
chain_count: 1
chains: A
output_path: /home/grheco/repositorios/stack_protein_prep/data/proteins/3FRG/fasta/PDB-3FRG-SEQRES.fasta
[ATOM FASTA]
chain_count: 1
chains: A
output_path: /home/grheco/repositorios/stack_protein_prep/data/proteins/3FRG/fasta/PDB-3FRG-ATOM.fasta
[UNIPROT QUERY]
pdb_id: 3FRG
query: xref:pdb-3FRG
request_url: https://rest.uniprot.org/uniprotkb/search?query=xref%3Apdb-3FRG&format=fasta
[UNIPROT RESULT] entry_count=1
accession=Q07343 header=sp|Q07343|PDE4B_HUMAN 3',5'-cyclic-AMP phosphodiesterase 4B OS=Homo sapiens OX=9606 GN=PDE4B PE=1 SV=1
[UNIPROT FASTA]
entry_count: 1
accessions: Q07343
================================================================================
[2026-05-17 18:12:00] module=fasta_files pdb_id=3FRG
================================================================================
pdb_directory=/home/grheco/repositorios/stack_protein_prep/data/proteins/3FRG
pdb_file_path=/home/grheco/repositorios/stack_protein_prep/data/proteins/3FRG/3FRG.pdb
fasta_directory=/home/grheco/repositorios/stack_protein_prep/data/proteins/3FRG/fasta
residue_range=153-505
[CHAIN SELECTION]
relevant_chain_ids=A
[SEQRES FASTA]
chain_count: 1
chains: A
output_path: /home/grheco/repositorios/stack_protein_prep/data/proteins/3FRG/fasta/PDB-3FRG-SEQRES.fasta
[ATOM FASTA]
chain_count: 1
chains: A
output_path: /home/grheco/repositorios/stack_protein_prep/data/proteins/3FRG/fasta/PDB-3FRG-ATOM.fasta
[UNIPROT QUERY]
pdb_id: 3FRG
query: xref:pdb-3FRG
request_url: https://rest.uniprot.org/uniprotkb/search?query=xref%3Apdb-3FRG&format=fasta
[UNIPROT RESULT] entry_count=1
accession=Q07343 header=sp|Q07343|PDE4B_HUMAN 3',5'-cyclic-AMP phosphodiesterase 4B OS=Homo sapiens OX=9606 GN=PDE4B PE=1 SV=1
[UNIPROT FASTA]
entry_count: 1
accessions: Q07343
