metalls_check
============

pdb_id                   : 3FRG
variant_label            : input_inventory
input_model_path         : /home/grheco/repositorios/stack_protein_prep/data/proteins/3FRG/components/3FRG_protein_monomer.pdb
analysis_input_path      : /home/grheco/repositorios/stack_protein_prep/data/proteins/3FRG/components/metals_check/input_inventory/3FRG_input_inventory_metal_analysis_input.pdb
contacts_tsv_path        : /home/grheco/repositorios/stack_protein_prep/data/proteins/3FRG/components/metals_check/input_inventory/3FRG_input_inventory_metal_contacts.tsv
manifest_path            : /home/grheco/repositorios/stack_protein_prep/data/proteins/3FRG/components/metals_check/input_inventory/3FRG_input_inventory_metal_check.json
chimera_status           : skipped
status                   : required
metal_class              : mixed
ion_type_text            : Zn2+; Mg2+
parameter_reference_text : transition-metal parameters required; geometry recorded for Gaussian/RESP/CESGA branch; Standard AMBER divalent-ion route; not a Joung-Cheatham monovalent ion. Verify selected Mg2+ parameters against the water model.
found_geometry_text      : trigonal_bipyramidal; not_required_for_standard_ion
probable_geometry_text   : tetrahedral|trigonal_bipyramidal|octahedral; not_required_for_standard_ion
geometry_match           : yes
model_metal_ready        : False
message                  : Transition-metal site detected; geometry recorded for metal-parameter branch.

sites
-----
- ZN A 504 ZN
  ion_label        : Zn2+
  metal_class      : transition
  coordination     : 5
  found_geometry   : trigonal_bipyramidal
  probable_geometry: tetrahedral|trigonal_bipyramidal|octahedral
  geometry_match   : yes
  contacts         : 5
- MG A 505 MG
  ion_label        : Mg2+
  metal_class      : standard_nontransition
  coordination     : 2
  found_geometry   : not_required_for_standard_ion
  probable_geometry: not_required_for_standard_ion
  geometry_match   : n/a
  contacts         : 2
