sanitize_pdb_for_gromacs
========================

pdb_id                       : 3FRG
variant_label                : single
input_pdb_path               : /home/grheco/repositorios/stack_protein_prep/data/proteins/3FRG/components/3FRG_protein_monomer.pdb
output_pdb_path              : /home/grheco/repositorios/stack_protein_prep/data/proteins/3FRG/components/.tmp_sanitized_protonation/3FRG_single_sanitized.pdb
output_written               : True
can_run_gromacs              : True
status                       : warning
atom_count_in                : 2705
atom_count_out               : 2708
residue_count_out            : 335
selected_altloc_count        : 3
dropped_altloc_atom_count    : 3
normalized_occupancy_count   : 3
dropped_heterogen_atom_count : 0
nonstandard_residue_names    : <none>
missing_heavy_atom_count     : 19
force_field_template_path    : /home/grheco/repositorios/stack_protein_prep/.pixi/envs/default/share/gromacs/top/amber99sb-ildn.ff/aminoacids.rtp

issues
------
[warning] altloc_selected: Selected one alternate location for 3 disordered atoms; dropped 3 duplicate positions.
[warning] occupancy_normalized: 3 selected atoms had occupancy other than 1.00 and will be written as 1.00.
[warning] missing_standard_heavy_atoms: Residue ILE A 153 is missing expected heavy atoms: CD
[warning] missing_standard_heavy_atoms: Residue ILE A 180 is missing expected heavy atoms: CD
[warning] missing_standard_heavy_atoms: Residue ILE A 195 is missing expected heavy atoms: CD
[warning] missing_standard_heavy_atoms: Residue ILE A 199 is missing expected heavy atoms: CD
[warning] missing_standard_heavy_atoms: Residue ILE A 211 is missing expected heavy atoms: CD
[warning] missing_standard_heavy_atoms: Residue ILE A 217 is missing expected heavy atoms: CD
[warning] missing_standard_heavy_atoms: Residue ILE A 264 is missing expected heavy atoms: CD
[warning] missing_standard_heavy_atoms: Residue ILE A 268 is missing expected heavy atoms: CD
[warning] missing_standard_heavy_atoms: Residue ILE A 273 is missing expected heavy atoms: CD
[warning] missing_standard_heavy_atoms: Residue ILE A 287 is missing expected heavy atoms: CD
[warning] missing_standard_heavy_atoms: Residue ILE A 322 is missing expected heavy atoms: CD
[warning] missing_standard_heavy_atoms: Residue ILE A 339 is missing expected heavy atoms: CD
[warning] missing_standard_heavy_atoms: Residue ILE A 381 is missing expected heavy atoms: CD
[warning] missing_standard_heavy_atoms: Residue ILE A 410 is missing expected heavy atoms: CD
[warning] missing_standard_heavy_atoms: Residue ILE A 428 is missing expected heavy atoms: CD
[warning] missing_standard_heavy_atoms: Residue ILE A 447 is missing expected heavy atoms: CD
[warning] missing_standard_heavy_atoms: Residue ILE A 450 is missing expected heavy atoms: CD
[warning] missing_standard_heavy_atoms: Residue ILE A 469 is missing expected heavy atoms: CD
[warning] missing_standard_heavy_atoms: Residue ILE A 484 is missing expected heavy atoms: CD
