sanitize_pdb_for_gromacs
========================

pdb_id                       : 3FRG
variant_label                : prepared_single
input_pdb_path               : /home/grheco/repositorios/stack_protein_prep/data/proteins/3FRG/prepared/single/3FRG.pdb
output_pdb_path              : /home/grheco/repositorios/stack_protein_prep/data/proteins/3FRG/components/.tmp_sanitized_variant_audit/3FRG_single_prepared_sanitized.pdb
output_written               : True
can_run_gromacs              : True
status                       : warning
atom_count_in                : 5372
atom_count_out               : 5341
residue_count_out            : 335
selected_altloc_count        : 1
dropped_altloc_atom_count    : 1
normalized_occupancy_count   : 1
dropped_heterogen_atom_count : 31
nonstandard_residue_names    : <none>
missing_heavy_atom_count     : 1
force_field_template_path    : /home/grheco/repositorios/stack_protein_prep/.pixi/envs/default/share/gromacs/top/amber99sb-ildn.ff/aminoacids.rtp

issues
------
[warning] altloc_selected: Selected one alternate location for 1 disordered atoms; dropped 1 duplicate positions.
[warning] occupancy_normalized: 1 selected atoms had occupancy other than 1.00 and will be written as 1.00.
[warning] missing_standard_heavy_atoms: Residue ALA A 487 is missing expected heavy atoms: O
[info] heterogens_dropped: Dropped 31 non-polymer HETATM atoms from the protein-only route.
