standard_residue_repair
=======================

input_pdb_path                   : /home/grheco/repositorios/stack_protein_prep/data/proteins/3FRG/components/3FRG_protein_monomer.pdb
output_pdb_path                  : /home/grheco/repositorios/stack_protein_prep/data/proteins/3FRG/components/.tmp_standard_residue_repair/3FRG_single_standard_repaired.pdb
used_output_path                 : /home/grheco/repositorios/stack_protein_prep/data/proteins/3FRG/components/3FRG_protein_monomer.pdb
repair_attempted                 : True
repair_success                   : False
can_continue                     : True
missing_heavy_atom_count_before  : 19
missing_heavy_atom_count_after   : 19
nonstandard_residue_names        : <none>
status                           : failed
message                          : MODELLER complete_pdb repair failed: ImportError('MODELLER is required for minimal standard-heavy-atom repair.'); original input retained.

missing_before
--------------
Residue ILE A 153 is missing expected heavy atoms: CD
Residue ILE A 180 is missing expected heavy atoms: CD
Residue ILE A 195 is missing expected heavy atoms: CD
Residue ILE A 199 is missing expected heavy atoms: CD
Residue ILE A 211 is missing expected heavy atoms: CD
Residue ILE A 217 is missing expected heavy atoms: CD
Residue ILE A 264 is missing expected heavy atoms: CD
Residue ILE A 268 is missing expected heavy atoms: CD
Residue ILE A 273 is missing expected heavy atoms: CD
Residue ILE A 287 is missing expected heavy atoms: CD
Residue ILE A 322 is missing expected heavy atoms: CD
Residue ILE A 339 is missing expected heavy atoms: CD
Residue ILE A 381 is missing expected heavy atoms: CD
Residue ILE A 410 is missing expected heavy atoms: CD
Residue ILE A 428 is missing expected heavy atoms: CD
Residue ILE A 447 is missing expected heavy atoms: CD
Residue ILE A 450 is missing expected heavy atoms: CD
Residue ILE A 469 is missing expected heavy atoms: CD
Residue ILE A 484 is missing expected heavy atoms: CD

missing_after
-------------
<none>
