Using the Amber99sb-ildn force field in directory amber99sb-ildn.ff

going to rename amber99sb-ildn.ff/aminoacids.r2b

going to rename amber99sb-ildn.ff/dna.r2b

going to rename amber99sb-ildn.ff/rna.r2b
Reading /home/grheco/repositorios/stack_protein_prep/data/proteins/1B8O/components/.tmp_sanitized_protonation/1B8O_single_sanitized.pdb...
Read '', 2199 atoms

Analyzing pdb file
Splitting chemical chains based on TER records or chain id changing.

There are 1 chains and 0 blocks of water and 280 residues with 2199 atoms

  chain  #res #atoms

  1 'A'   280   2199  

All occupancies are one

Reading residue database... (Amber99sb-ildn)

Preserving residues names by default

Preserving residues names by default

Preserving residues names by default

Processing chain 1 'A' (2199 atoms, 280 residues)

Identified residue ASN3 as a starting terminus.

Identified residue ILE282 as a ending terminus.

Checking for duplicate atoms....

Now there are 2192 atoms. Deleted 7 duplicates.

Generating any missing hydrogen atoms and/or adding termini.

Now there are 280 residues with 4341 atoms

Making bonds...

Long Bond (2594-2595 = 0.344095 nm)

Number of bonds was 4391, now 4390

Generating angles, dihedrals and pairs...

Making cmap torsions...

There are 11905 dihedrals,  907 impropers, 7908 angles
          11359 pairs,     4390 bonds and     0 virtual sites

Total mass 31193.804 a.m.u.

Total charge -5.000 e

Writing topology

Writing coordinate file...

		--------- PLEASE NOTE ------------

You have successfully generated a topology from: /home/grheco/repositorios/stack_protein_prep/data/proteins/1B8O/components/.tmp_sanitized_protonation/1B8O_single_sanitized.pdb.

The Amber99sb-ildn force field and the tip3p water model are used.

		--------- ETON ESAELP ------------
