Using the Amber99sb-ildn force field in directory amber99sb-ildn.ff

going to rename amber99sb-ildn.ff/aminoacids.r2b

going to rename amber99sb-ildn.ff/dna.r2b

going to rename amber99sb-ildn.ff/rna.r2b
Reading /home/grheco/repositorios/stack_protein_prep/data/proteins/2P1T/components/.tmp_sanitized_protonation/2P1T_gaps_fragment_02_sanitized.pdb...
Read '', 1547 atoms

Analyzing pdb file
Splitting chemical chains based on TER records or chain id changing.

There are 1 chains and 0 blocks of water and 196 residues with 1547 atoms

  chain  #res #atoms

  1 'A'   196   1547  

All occupancies are one

Reading residue database... (Amber99sb-ildn)

Preserving residues names by default

Preserving residues names by default

Preserving residues names by default

Processing chain 1 'A' (1547 atoms, 196 residues)

Identified residue ASP263 as a starting terminus.

Identified residue PRO458 as a ending terminus.

Checking for duplicate atoms....

Generating any missing hydrogen atoms and/or adding termini.

Now there are 196 residues with 3136 atoms

Making bonds...

Number of bonds was 3170, now 3169

Generating angles, dihedrals and pairs...

Making cmap torsions...

There are 8720 dihedrals,  599 impropers, 5764 angles
          8294 pairs,     3169 bonds and     0 virtual sites

Total mass 22007.874 a.m.u.

Total charge -1.000 e

Writing topology

Writing coordinate file...

		--------- PLEASE NOTE ------------

You have successfully generated a topology from: /home/grheco/repositorios/stack_protein_prep/data/proteins/2P1T/components/.tmp_sanitized_protonation/2P1T_gaps_fragment_02_sanitized.pdb.

The Amber99sb-ildn force field and the tip3p water model are used.

		--------- ETON ESAELP ------------
