Using the Amber99sb-ildn force field in directory amber99sb-ildn.ff

going to rename amber99sb-ildn.ff/aminoacids.r2b

going to rename amber99sb-ildn.ff/dna.r2b

going to rename amber99sb-ildn.ff/rna.r2b
Reading /home/grheco/repositorios/stack_protein_prep/data/proteins/2P1T/components/.tmp_sanitized_protonation/2P1T_gaps_fragment_01_sanitized.pdb...
Read '', 118 atoms

Analyzing pdb file
Splitting chemical chains based on TER records or chain id changing.

There are 1 chains and 0 blocks of water and 15 residues with 118 atoms

  chain  #res #atoms

  1 'A'    15    118  

All occupancies are one

Reading residue database... (Amber99sb-ildn)

Preserving residues names by default

Preserving residues names by default

Preserving residues names by default

Processing chain 1 'A' (118 atoms, 15 residues)

Identified residue ASP229 as a starting terminus.

Identified residue GLU243 as a ending terminus.

Checking for duplicate atoms....

Generating any missing hydrogen atoms and/or adding termini.

Now there are 15 residues with 239 atoms

Making bonds...

Number of bonds was 240, now 239

Generating angles, dihedrals and pairs...

Making cmap torsions...

There are  652 dihedrals,   38 impropers,  439 angles
           627 pairs,      239 bonds and     0 virtual sites

Total mass 1709.940 a.m.u.

Total charge -4.000 e

Writing topology

Writing coordinate file...

		--------- PLEASE NOTE ------------

You have successfully generated a topology from: /home/grheco/repositorios/stack_protein_prep/data/proteins/2P1T/components/.tmp_sanitized_protonation/2P1T_gaps_fragment_01_sanitized.pdb.

The Amber99sb-ildn force field and the tip3p water model are used.

		--------- ETON ESAELP ------------
