════════════════════════════════════════════════════════════════════════════════════════════════════
[2026-05-17 14:43:52] download_and_prepare_pdb_file:start
────────────────────────────────────────────────────────────────────────────────────────────────────
pdb_id                 : 1A5H
residue_range          : '16-243'
temporary_raw_pdb_path : /home/grheco/repositorios/stack_protein_prep/data/proteins/1A5H/1A5H.raw.pdb
target_pdb_file_path   : /home/grheco/repositorios/stack_protein_prep/data/proteins/1A5H/1A5H.pdb
download_url           : https://files.rcsb.org/download/1A5H.pdb

════════════════════════════════════════════════════════════════════════════════════════════════════
[2026-05-17 14:43:53] download_and_prepare_pdb_file:downloaded_raw
────────────────────────────────────────────────────────────────────────────────────────────────────
temporary_raw_pdb_path : /home/grheco/repositorios/stack_protein_prep/data/proteins/1A5H/1A5H.raw.pdb
exists                 : True
size_bytes             : 482193

════════════════════════════════════════════════════════════════════════════════════════════════════
[2026-05-17 14:43:53] trim_pdb_to_residue_range
────────────────────────────────────────────────────────────────────────────────────────────────────
input_pdb_path        : /home/grheco/repositorios/stack_protein_prep/data/proteins/1A5H/1A5H.raw.pdb
output_pdb_path       : /home/grheco/repositorios/stack_protein_prep/data/proteins/1A5H/1A5H.pdb
residue_range         : '16-243'
parsed_start          : 16
parsed_end            : 243
total_atom_lines      : 4996
kept_atom_lines       : 4828
total_water_hetatm    : 273
kept_water_hetatm     : 273
total_other_hetatm    : 72
kept_other_hetatm     : 72
requested_start       : 16
requested_end         : 243
observed_start        : 16
observed_end          : 243
start_missing         : False
end_missing           : False

════════════════════════════════════════════════════════════════════════════════════════════════════
[2026-05-17 14:43:53] download_and_prepare_pdb_file:done
────────────────────────────────────────────────────────────────────────────────────────────────────
pdb_id          : 1A5H
residue_range   : '16-243'
requested_start : 16
requested_end   : 243
observed_start  : 16
observed_end    : 243
start_missing   : False
end_missing     : False

════════════════════════════════════════════════════════════════════════════════════════════════════
[2026-05-17 14:43:53] download_and_prepare_pdb_file:cleanup
────────────────────────────────────────────────────────────────────────────────────────────────────
removed_temporary_raw_pdb_path : /home/grheco/repositorios/stack_protein_prep/data/proteins/1A5H/1A5H.raw.pdb

════════════════════════════════════════════════════════════════════════════════════════════════════
[2026-05-17 14:43:53] download_missing_pdb_files:summary
────────────────────────────────────────────────────────────────────────────────────────────────────
pdb_id          : 1A5H
residue_range   : '16-243'
pdb_file_path   : /home/grheco/repositorios/stack_protein_prep/data/proteins/1A5H/1A5H.pdb
requested_start : 16
requested_end   : 243
observed_start  : 16
observed_end    : 243
start_missing   : False
end_missing     : False

════════════════════════════════════════════════════════════════════════════════════════════════════
[2026-05-17 15:36:36] download_missing_pdb_files:skip_existing
────────────────────────────────────────────────────────────────────────────────────────────────────
pdb_id        : 1A5H
residue_range : '16-243'
pdb_file_path : /home/grheco/repositorios/stack_protein_prep/data/proteins/1A5H/1A5H.pdb

════════════════════════════════════════════════════════════════════════════════════════════════════
[2026-05-17 15:45:17] download_missing_pdb_files:skip_existing
────────────────────────────────────────────────────────────────────────────────────────────────────
pdb_id        : 1A5H
residue_range : '16-243'
pdb_file_path : /home/grheco/repositorios/stack_protein_prep/data/proteins/1A5H/1A5H.pdb

════════════════════════════════════════════════════════════════════════════════════════════════════
[2026-05-17 17:17:24] download_missing_pdb_files:skip_existing
────────────────────────────────────────────────────────────────────────────────────────────────────
pdb_id        : 1A5H
residue_range : '16-243'
pdb_file_path : /home/grheco/repositorios/stack_protein_prep/data/proteins/1A5H/1A5H.pdb

════════════════════════════════════════════════════════════════════════════════════════════════════
[2026-05-17 17:42:33] download_missing_pdb_files:skip_existing
────────────────────────────────────────────────────────────────────────────────────────────────────
pdb_id        : 1A5H
residue_range : '16-243'
pdb_file_path : /home/grheco/repositorios/stack_protein_prep/data/proteins/1A5H/1A5H.pdb

════════════════════════════════════════════════════════════════════════════════════════════════════
[2026-05-17 17:44:44] download_missing_pdb_files:skip_existing
────────────────────────────────────────────────────────────────────────────────────────────────────
pdb_id        : 1A5H
residue_range : '16-243'
pdb_file_path : /home/grheco/repositorios/stack_protein_prep/data/proteins/1A5H/1A5H.pdb

════════════════════════════════════════════════════════════════════════════════════════════════════
[2026-05-17 18:11:57] download_missing_pdb_files:skip_existing
────────────────────────────────────────────────────────────────────────────────────────────────────
pdb_id        : 1A5H
residue_range : '16-243'
pdb_file_path : /home/grheco/repositorios/stack_protein_prep/data/proteins/1A5H/1A5H.pdb

