════════════════════════════════════════════════════════════════════════════════════════════════════
[2026-05-17 14:43:53] download_and_prepare_pdb_file:start
────────────────────────────────────────────────────────────────────────────────────────────────────
pdb_id                 : 1B8O
residue_range          : '3-283'
temporary_raw_pdb_path : /home/grheco/repositorios/stack_protein_prep/data/proteins/1B8O/1B8O.raw.pdb
target_pdb_file_path   : /home/grheco/repositorios/stack_protein_prep/data/proteins/1B8O/1B8O.pdb
download_url           : https://files.rcsb.org/download/1B8O.pdb

════════════════════════════════════════════════════════════════════════════════════════════════════
[2026-05-17 14:43:55] download_and_prepare_pdb_file:downloaded_raw
────────────────────────────────────────────────────────────────────────────────────────────────────
temporary_raw_pdb_path : /home/grheco/repositorios/stack_protein_prep/data/proteins/1B8O/1B8O.raw.pdb
exists                 : True
size_bytes             : 234900

════════════════════════════════════════════════════════════════════════════════════════════════════
[2026-05-17 14:43:55] trim_pdb_to_residue_range
────────────────────────────────────────────────────────────────────────────────────────────────────
input_pdb_path        : /home/grheco/repositorios/stack_protein_prep/data/proteins/1B8O/1B8O.raw.pdb
output_pdb_path       : /home/grheco/repositorios/stack_protein_prep/data/proteins/1B8O/1B8O.pdb
residue_range         : '3-283'
parsed_start          : 3
parsed_end            : 283
total_atom_lines      : 2199
kept_atom_lines       : 2199
total_water_hetatm    : 197
kept_water_hetatm     : 197
total_other_hetatm    : 25
kept_other_hetatm     : 25
requested_start       : 3
requested_end         : 283
observed_start        : 3
observed_end          : 282
start_missing         : False
end_missing           : True

════════════════════════════════════════════════════════════════════════════════════════════════════
[2026-05-17 14:43:55] download_and_prepare_pdb_file:done
────────────────────────────────────────────────────────────────────────────────────────────────────
pdb_id          : 1B8O
residue_range   : '3-283'
requested_start : 3
requested_end   : 283
observed_start  : 3
observed_end    : 282
start_missing   : False
end_missing     : True

════════════════════════════════════════════════════════════════════════════════════════════════════
[2026-05-17 14:43:55] download_and_prepare_pdb_file:cleanup
────────────────────────────────────────────────────────────────────────────────────────────────────
removed_temporary_raw_pdb_path : /home/grheco/repositorios/stack_protein_prep/data/proteins/1B8O/1B8O.raw.pdb

════════════════════════════════════════════════════════════════════════════════════════════════════
[2026-05-17 14:43:55] download_missing_pdb_files:summary
────────────────────────────────────────────────────────────────────────────────────────────────────
pdb_id          : 1B8O
residue_range   : '3-283'
pdb_file_path   : /home/grheco/repositorios/stack_protein_prep/data/proteins/1B8O/1B8O.pdb
requested_start : 3
requested_end   : 283
observed_start  : 3
observed_end    : 282
start_missing   : False
end_missing     : True

════════════════════════════════════════════════════════════════════════════════════════════════════
[2026-05-17 15:36:36] download_missing_pdb_files:skip_existing
────────────────────────────────────────────────────────────────────────────────────────────────────
pdb_id        : 1B8O
residue_range : '3-283'
pdb_file_path : /home/grheco/repositorios/stack_protein_prep/data/proteins/1B8O/1B8O.pdb

════════════════════════════════════════════════════════════════════════════════════════════════════
[2026-05-17 15:45:17] download_missing_pdb_files:skip_existing
────────────────────────────────────────────────────────────────────────────────────────────────────
pdb_id        : 1B8O
residue_range : '3-283'
pdb_file_path : /home/grheco/repositorios/stack_protein_prep/data/proteins/1B8O/1B8O.pdb

════════════════════════════════════════════════════════════════════════════════════════════════════
[2026-05-17 17:17:24] download_missing_pdb_files:skip_existing
────────────────────────────────────────────────────────────────────────────────────────────────────
pdb_id        : 1B8O
residue_range : '3-283'
pdb_file_path : /home/grheco/repositorios/stack_protein_prep/data/proteins/1B8O/1B8O.pdb

════════════════════════════════════════════════════════════════════════════════════════════════════
[2026-05-17 17:42:33] download_missing_pdb_files:skip_existing
────────────────────────────────────────────────────────────────────────────────────────────────────
pdb_id        : 1B8O
residue_range : '3-283'
pdb_file_path : /home/grheco/repositorios/stack_protein_prep/data/proteins/1B8O/1B8O.pdb

════════════════════════════════════════════════════════════════════════════════════════════════════
[2026-05-17 17:44:44] download_missing_pdb_files:skip_existing
────────────────────────────────────────────────────────────────────────────────────────────────────
pdb_id        : 1B8O
residue_range : '3-283'
pdb_file_path : /home/grheco/repositorios/stack_protein_prep/data/proteins/1B8O/1B8O.pdb

