════════════════════════════════════════════════════════════════════════════════════════════════════
[2026-05-17 14:43:55] download_and_prepare_pdb_file:start
────────────────────────────────────────────────────────────────────────────────────────────────────
pdb_id                 : 1F0R
residue_range          : '16-50'
temporary_raw_pdb_path : /home/grheco/repositorios/stack_protein_prep/data/proteins/1F0R/1F0R.raw.pdb
target_pdb_file_path   : /home/grheco/repositorios/stack_protein_prep/data/proteins/1F0R/1F0R.pdb
download_url           : https://files.rcsb.org/download/1F0R.pdb

════════════════════════════════════════════════════════════════════════════════════════════════════
[2026-05-17 14:43:56] download_and_prepare_pdb_file:downloaded_raw
────────────────────────────────────────────────────────────────────────────────────────────────────
temporary_raw_pdb_path : /home/grheco/repositorios/stack_protein_prep/data/proteins/1F0R/1F0R.raw.pdb
exists                 : True
size_bytes             : 244458

════════════════════════════════════════════════════════════════════════════════════════════════════
[2026-05-17 14:43:56] trim_pdb_to_residue_range
────────────────────────────────────────────────────────────────────────────────────────────────────
input_pdb_path        : /home/grheco/repositorios/stack_protein_prep/data/proteins/1F0R/1F0R.raw.pdb
output_pdb_path       : /home/grheco/repositorios/stack_protein_prep/data/proteins/1F0R/1F0R.pdb
residue_range         : '16-50'
parsed_start          : 16
parsed_end            : 50
total_atom_lines      : 2227
kept_atom_lines       : 514
total_water_hetatm    : 170
kept_water_hetatm     : 170
total_other_hetatm    : 32
kept_other_hetatm     : 32
requested_start       : 16
requested_end         : 50
observed_start        : 16
observed_end          : 50
start_missing         : False
end_missing           : False

════════════════════════════════════════════════════════════════════════════════════════════════════
[2026-05-17 14:43:56] download_and_prepare_pdb_file:done
────────────────────────────────────────────────────────────────────────────────────────────────────
pdb_id          : 1F0R
residue_range   : '16-50'
requested_start : 16
requested_end   : 50
observed_start  : 16
observed_end    : 50
start_missing   : False
end_missing     : False

════════════════════════════════════════════════════════════════════════════════════════════════════
[2026-05-17 14:43:56] download_and_prepare_pdb_file:cleanup
────────────────────────────────────────────────────────────────────────────────────────────────────
removed_temporary_raw_pdb_path : /home/grheco/repositorios/stack_protein_prep/data/proteins/1F0R/1F0R.raw.pdb

════════════════════════════════════════════════════════════════════════════════════════════════════
[2026-05-17 14:43:56] download_missing_pdb_files:summary
────────────────────────────────────────────────────────────────────────────────────────────────────
pdb_id          : 1F0R
residue_range   : '16-50'
pdb_file_path   : /home/grheco/repositorios/stack_protein_prep/data/proteins/1F0R/1F0R.pdb
requested_start : 16
requested_end   : 50
observed_start  : 16
observed_end    : 50
start_missing   : False
end_missing     : False

════════════════════════════════════════════════════════════════════════════════════════════════════
[2026-05-17 15:36:36] download_missing_pdb_files:skip_existing
────────────────────────────────────────────────────────────────────────────────────────────────────
pdb_id        : 1F0R
residue_range : '16-50'
pdb_file_path : /home/grheco/repositorios/stack_protein_prep/data/proteins/1F0R/1F0R.pdb

════════════════════════════════════════════════════════════════════════════════════════════════════
[2026-05-17 15:45:17] download_missing_pdb_files:skip_existing
────────────────────────────────────────────────────────────────────────────────────────────────────
pdb_id        : 1F0R
residue_range : '16-50'
pdb_file_path : /home/grheco/repositorios/stack_protein_prep/data/proteins/1F0R/1F0R.pdb

════════════════════════════════════════════════════════════════════════════════════════════════════
[2026-05-17 17:17:24] download_missing_pdb_files:skip_existing
────────────────────────────────────────────────────────────────────────────────────────────────────
pdb_id        : 1F0R
residue_range : '16-50'
pdb_file_path : /home/grheco/repositorios/stack_protein_prep/data/proteins/1F0R/1F0R.pdb

════════════════════════════════════════════════════════════════════════════════════════════════════
[2026-05-17 17:42:33] download_missing_pdb_files:skip_existing
────────────────────────────────────────────────────────────────────────────────────────────────────
pdb_id        : 1F0R
residue_range : '16-50'
pdb_file_path : /home/grheco/repositorios/stack_protein_prep/data/proteins/1F0R/1F0R.pdb

════════════════════════════════════════════════════════════════════════════════════════════════════
[2026-05-17 17:44:44] download_missing_pdb_files:skip_existing
────────────────────────────────────────────────────────────────────────────────────────────────────
pdb_id        : 1F0R
residue_range : '16-50'
pdb_file_path : /home/grheco/repositorios/stack_protein_prep/data/proteins/1F0R/1F0R.pdb

