════════════════════════════════════════════════════════════════════════════════════════════════════
[2026-05-17 14:43:57] download_and_prepare_pdb_file:start
────────────────────────────────────────────────────────────────────────────────────────────────────
pdb_id                 : 1UOU
residue_range          : '33-480'
temporary_raw_pdb_path : /home/grheco/repositorios/stack_protein_prep/data/proteins/1UOU/1UOU.raw.pdb
target_pdb_file_path   : /home/grheco/repositorios/stack_protein_prep/data/proteins/1UOU/1UOU.pdb
download_url           : https://files.rcsb.org/download/1UOU.pdb

════════════════════════════════════════════════════════════════════════════════════════════════════
[2026-05-17 14:43:58] download_and_prepare_pdb_file:downloaded_raw
────────────────────────────────────────────────────────────────────────────────────────────────────
temporary_raw_pdb_path : /home/grheco/repositorios/stack_protein_prep/data/proteins/1UOU/1UOU.raw.pdb
exists                 : True
size_bytes             : 303588

════════════════════════════════════════════════════════════════════════════════════════════════════
[2026-05-17 14:43:58] trim_pdb_to_residue_range
────────────────────────────────────────────────────────────────────────────────────────────────────
input_pdb_path        : /home/grheco/repositorios/stack_protein_prep/data/proteins/1UOU/1UOU.raw.pdb
output_pdb_path       : /home/grheco/repositorios/stack_protein_prep/data/proteins/1UOU/1UOU.pdb
residue_range         : '33-480'
parsed_start          : 33
parsed_end            : 480
total_atom_lines      : 3197
kept_atom_lines       : 3197
total_water_hetatm    : 75
kept_water_hetatm     : 75
total_other_hetatm    : 16
kept_other_hetatm     : 16
requested_start       : 33
requested_end         : 480
observed_start        : 33
observed_end          : 480
start_missing         : False
end_missing           : False

════════════════════════════════════════════════════════════════════════════════════════════════════
[2026-05-17 14:43:58] download_and_prepare_pdb_file:done
────────────────────────────────────────────────────────────────────────────────────────────────────
pdb_id          : 1UOU
residue_range   : '33-480'
requested_start : 33
requested_end   : 480
observed_start  : 33
observed_end    : 480
start_missing   : False
end_missing     : False

════════════════════════════════════════════════════════════════════════════════════════════════════
[2026-05-17 14:43:58] download_and_prepare_pdb_file:cleanup
────────────────────────────────────────────────────────────────────────────────────────────────────
removed_temporary_raw_pdb_path : /home/grheco/repositorios/stack_protein_prep/data/proteins/1UOU/1UOU.raw.pdb

════════════════════════════════════════════════════════════════════════════════════════════════════
[2026-05-17 14:43:58] download_missing_pdb_files:summary
────────────────────────────────────────────────────────────────────────────────────────────────────
pdb_id          : 1UOU
residue_range   : '33-480'
pdb_file_path   : /home/grheco/repositorios/stack_protein_prep/data/proteins/1UOU/1UOU.pdb
requested_start : 33
requested_end   : 480
observed_start  : 33
observed_end    : 480
start_missing   : False
end_missing     : False

════════════════════════════════════════════════════════════════════════════════════════════════════
[2026-05-17 15:36:36] download_missing_pdb_files:skip_existing
────────────────────────────────────────────────────────────────────────────────────────────────────
pdb_id        : 1UOU
residue_range : '33-480'
pdb_file_path : /home/grheco/repositorios/stack_protein_prep/data/proteins/1UOU/1UOU.pdb

════════════════════════════════════════════════════════════════════════════════════════════════════
[2026-05-17 15:45:17] download_missing_pdb_files:skip_existing
────────────────────────────────────────────────────────────────────────────────────────────────────
pdb_id        : 1UOU
residue_range : '33-480'
pdb_file_path : /home/grheco/repositorios/stack_protein_prep/data/proteins/1UOU/1UOU.pdb

════════════════════════════════════════════════════════════════════════════════════════════════════
[2026-05-17 17:17:24] download_missing_pdb_files:skip_existing
────────────────────────────────────────────────────────────────────────────────────────────────────
pdb_id        : 1UOU
residue_range : '33-480'
pdb_file_path : /home/grheco/repositorios/stack_protein_prep/data/proteins/1UOU/1UOU.pdb

════════════════════════════════════════════════════════════════════════════════════════════════════
[2026-05-17 17:42:33] download_missing_pdb_files:skip_existing
────────────────────────────────────────────────────────────────────────────────────────────────────
pdb_id        : 1UOU
residue_range : '33-480'
pdb_file_path : /home/grheco/repositorios/stack_protein_prep/data/proteins/1UOU/1UOU.pdb

════════════════════════════════════════════════════════════════════════════════════════════════════
[2026-05-17 17:44:44] download_missing_pdb_files:skip_existing
────────────────────────────────────────────────────────────────────────────────────────────────────
pdb_id        : 1UOU
residue_range : '33-480'
pdb_file_path : /home/grheco/repositorios/stack_protein_prep/data/proteins/1UOU/1UOU.pdb

════════════════════════════════════════════════════════════════════════════════════════════════════
[2026-05-17 18:11:57] download_missing_pdb_files:skip_existing
────────────────────────────────────────────────────────────────────────────────────────────────────
pdb_id        : 1UOU
residue_range : '33-480'
pdb_file_path : /home/grheco/repositorios/stack_protein_prep/data/proteins/1UOU/1UOU.pdb

