════════════════════════════════════════════════════════════════════════════════════════════════════
[2026-05-17 14:44:00] download_and_prepare_pdb_file:start
────────────────────────────────────────────────────────────────────────────────────────────────────
pdb_id                 : 2AFX
residue_range          : '33-361'
temporary_raw_pdb_path : /home/grheco/repositorios/stack_protein_prep/data/proteins/2AFX/2AFX.raw.pdb
target_pdb_file_path   : /home/grheco/repositorios/stack_protein_prep/data/proteins/2AFX/2AFX.pdb
download_url           : https://files.rcsb.org/download/2AFX.pdb

════════════════════════════════════════════════════════════════════════════════════════════════════
[2026-05-17 14:44:02] download_and_prepare_pdb_file:downloaded_raw
────────────────────────────────────────────────────────────────────────────────────────────────────
temporary_raw_pdb_path : /home/grheco/repositorios/stack_protein_prep/data/proteins/2AFX/2AFX.raw.pdb
exists                 : True
size_bytes             : 528201

════════════════════════════════════════════════════════════════════════════════════════════════════
[2026-05-17 14:44:02] trim_pdb_to_residue_range
────────────────────────────────────────────────────────────────────────────────────────────────────
input_pdb_path        : /home/grheco/repositorios/stack_protein_prep/data/proteins/2AFX/2AFX.raw.pdb
output_pdb_path       : /home/grheco/repositorios/stack_protein_prep/data/proteins/2AFX/2AFX.pdb
residue_range         : '33-361'
parsed_start          : 33
parsed_end            : 361
total_atom_lines      : 5220
kept_atom_lines       : 5220
total_water_hetatm    : 591
kept_water_hetatm     : 591
total_other_hetatm    : 36
kept_other_hetatm     : 36
requested_start       : 33
requested_end         : 361
observed_start        : 33
observed_end          : 361
start_missing         : False
end_missing           : False

════════════════════════════════════════════════════════════════════════════════════════════════════
[2026-05-17 14:44:02] download_and_prepare_pdb_file:done
────────────────────────────────────────────────────────────────────────────────────────────────────
pdb_id          : 2AFX
residue_range   : '33-361'
requested_start : 33
requested_end   : 361
observed_start  : 33
observed_end    : 361
start_missing   : False
end_missing     : False

════════════════════════════════════════════════════════════════════════════════════════════════════
[2026-05-17 14:44:02] download_and_prepare_pdb_file:cleanup
────────────────────────────────────────────────────────────────────────────────────────────────────
removed_temporary_raw_pdb_path : /home/grheco/repositorios/stack_protein_prep/data/proteins/2AFX/2AFX.raw.pdb

════════════════════════════════════════════════════════════════════════════════════════════════════
[2026-05-17 14:44:02] download_missing_pdb_files:summary
────────────────────────────────────────────────────────────────────────────────────────────────────
pdb_id          : 2AFX
residue_range   : '33-361'
pdb_file_path   : /home/grheco/repositorios/stack_protein_prep/data/proteins/2AFX/2AFX.pdb
requested_start : 33
requested_end   : 361
observed_start  : 33
observed_end    : 361
start_missing   : False
end_missing     : False

════════════════════════════════════════════════════════════════════════════════════════════════════
[2026-05-17 15:36:36] download_missing_pdb_files:skip_existing
────────────────────────────────────────────────────────────────────────────────────────────────────
pdb_id        : 2AFX
residue_range : '33-361'
pdb_file_path : /home/grheco/repositorios/stack_protein_prep/data/proteins/2AFX/2AFX.pdb

════════════════════════════════════════════════════════════════════════════════════════════════════
[2026-05-17 15:45:17] download_missing_pdb_files:skip_existing
────────────────────────────────────────────────────────────────────────────────────────────────────
pdb_id        : 2AFX
residue_range : '33-361'
pdb_file_path : /home/grheco/repositorios/stack_protein_prep/data/proteins/2AFX/2AFX.pdb

════════════════════════════════════════════════════════════════════════════════════════════════════
[2026-05-17 17:17:24] download_missing_pdb_files:skip_existing
────────────────────────────────────────────────────────────────────────────────────────────────────
pdb_id        : 2AFX
residue_range : '33-361'
pdb_file_path : /home/grheco/repositorios/stack_protein_prep/data/proteins/2AFX/2AFX.pdb

════════════════════════════════════════════════════════════════════════════════════════════════════
[2026-05-17 17:42:33] download_missing_pdb_files:skip_existing
────────────────────────────────────────────────────────────────────────────────────────────────────
pdb_id        : 2AFX
residue_range : '33-361'
pdb_file_path : /home/grheco/repositorios/stack_protein_prep/data/proteins/2AFX/2AFX.pdb

════════════════════════════════════════════════════════════════════════════════════════════════════
[2026-05-17 17:44:44] download_missing_pdb_files:skip_existing
────────────────────────────────────────────────────────────────────────────────────────────────────
pdb_id        : 2AFX
residue_range : '33-361'
pdb_file_path : /home/grheco/repositorios/stack_protein_prep/data/proteins/2AFX/2AFX.pdb

════════════════════════════════════════════════════════════════════════════════════════════════════
[2026-05-17 18:11:57] download_missing_pdb_files:skip_existing
────────────────────────────────────────────────────────────────────────────────────────────────────
pdb_id        : 2AFX
residue_range : '33-361'
pdb_file_path : /home/grheco/repositorios/stack_protein_prep/data/proteins/2AFX/2AFX.pdb

