════════════════════════════════════════════════════════════════════════════════════════════════════
[2026-05-17 14:44:02] download_and_prepare_pdb_file:start
────────────────────────────────────────────────────────────────────────────────────────────────────
pdb_id                 : 2P1T
residue_range          : '229-458'
temporary_raw_pdb_path : /home/grheco/repositorios/stack_protein_prep/data/proteins/2P1T/2P1T.raw.pdb
target_pdb_file_path   : /home/grheco/repositorios/stack_protein_prep/data/proteins/2P1T/2P1T.pdb
download_url           : https://files.rcsb.org/download/2P1T.pdb

════════════════════════════════════════════════════════════════════════════════════════════════════
[2026-05-17 14:44:03] download_and_prepare_pdb_file:downloaded_raw
────────────────────────────────────────────────────────────────────────────────────────────────────
temporary_raw_pdb_path : /home/grheco/repositorios/stack_protein_prep/data/proteins/2P1T/2P1T.raw.pdb
exists                 : True
size_bytes             : 191241

════════════════════════════════════════════════════════════════════════════════════════════════════
[2026-05-17 14:44:03] trim_pdb_to_residue_range
────────────────────────────────────────────────────────────────────────────────────────────────────
input_pdb_path        : /home/grheco/repositorios/stack_protein_prep/data/proteins/2P1T/2P1T.raw.pdb
output_pdb_path       : /home/grheco/repositorios/stack_protein_prep/data/proteins/2P1T/2P1T.pdb
residue_range         : '229-458'
parsed_start          : 229
parsed_end            : 458
total_atom_lines      : 1751
kept_atom_lines       : 1665
total_water_hetatm    : 112
kept_water_hetatm     : 112
total_other_hetatm    : 28
kept_other_hetatm     : 28
requested_start       : 229
requested_end         : 458
observed_start        : 229
observed_end          : 458
start_missing         : False
end_missing           : False

════════════════════════════════════════════════════════════════════════════════════════════════════
[2026-05-17 14:44:03] download_and_prepare_pdb_file:done
────────────────────────────────────────────────────────────────────────────────────────────────────
pdb_id          : 2P1T
residue_range   : '229-458'
requested_start : 229
requested_end   : 458
observed_start  : 229
observed_end    : 458
start_missing   : False
end_missing     : False

════════════════════════════════════════════════════════════════════════════════════════════════════
[2026-05-17 14:44:03] download_and_prepare_pdb_file:cleanup
────────────────────────────────────────────────────────────────────────────────────────────────────
removed_temporary_raw_pdb_path : /home/grheco/repositorios/stack_protein_prep/data/proteins/2P1T/2P1T.raw.pdb

════════════════════════════════════════════════════════════════════════════════════════════════════
[2026-05-17 14:44:03] download_missing_pdb_files:summary
────────────────────────────────────────────────────────────────────────────────────────────────────
pdb_id          : 2P1T
residue_range   : '229-458'
pdb_file_path   : /home/grheco/repositorios/stack_protein_prep/data/proteins/2P1T/2P1T.pdb
requested_start : 229
requested_end   : 458
observed_start  : 229
observed_end    : 458
start_missing   : False
end_missing     : False

════════════════════════════════════════════════════════════════════════════════════════════════════
[2026-05-17 15:36:36] download_missing_pdb_files:skip_existing
────────────────────────────────────────────────────────────────────────────────────────────────────
pdb_id        : 2P1T
residue_range : '229-458'
pdb_file_path : /home/grheco/repositorios/stack_protein_prep/data/proteins/2P1T/2P1T.pdb

════════════════════════════════════════════════════════════════════════════════════════════════════
[2026-05-17 15:45:17] download_missing_pdb_files:skip_existing
────────────────────────────────────────────────────────────────────────────────────────────────────
pdb_id        : 2P1T
residue_range : '229-458'
pdb_file_path : /home/grheco/repositorios/stack_protein_prep/data/proteins/2P1T/2P1T.pdb

════════════════════════════════════════════════════════════════════════════════════════════════════
[2026-05-17 17:17:24] download_missing_pdb_files:skip_existing
────────────────────────────────────────────────────────────────────────────────────────────────────
pdb_id        : 2P1T
residue_range : '229-458'
pdb_file_path : /home/grheco/repositorios/stack_protein_prep/data/proteins/2P1T/2P1T.pdb

════════════════════════════════════════════════════════════════════════════════════════════════════
[2026-05-17 17:42:33] download_missing_pdb_files:skip_existing
────────────────────────────────────────────────────────────────────────────────────────────────────
pdb_id        : 2P1T
residue_range : '229-458'
pdb_file_path : /home/grheco/repositorios/stack_protein_prep/data/proteins/2P1T/2P1T.pdb

════════════════════════════════════════════════════════════════════════════════════════════════════
[2026-05-17 17:44:44] download_missing_pdb_files:skip_existing
────────────────────────────────────────────────────────────────────────────────────────────────────
pdb_id        : 2P1T
residue_range : '229-458'
pdb_file_path : /home/grheco/repositorios/stack_protein_prep/data/proteins/2P1T/2P1T.pdb

════════════════════════════════════════════════════════════════════════════════════════════════════
[2026-05-17 18:11:57] download_missing_pdb_files:skip_existing
────────────────────────────────────────────────────────────────────────────────────────────────────
pdb_id        : 2P1T
residue_range : '229-458'
pdb_file_path : /home/grheco/repositorios/stack_protein_prep/data/proteins/2P1T/2P1T.pdb

