════════════════════════════════════════════════════════════════════════════════════════════════════
[2026-05-17 14:44:06] download_and_prepare_pdb_file:start
────────────────────────────────────────────────────────────────────────────────────────────────────
pdb_id                 : 3BC3
residue_range          : '1-220'
temporary_raw_pdb_path : /home/grheco/repositorios/stack_protein_prep/data/proteins/3BC3/3BC3.raw.pdb
target_pdb_file_path   : /home/grheco/repositorios/stack_protein_prep/data/proteins/3BC3/3BC3.pdb
download_url           : https://files.rcsb.org/download/3BC3.pdb

════════════════════════════════════════════════════════════════════════════════════════════════════
[2026-05-17 14:44:07] download_and_prepare_pdb_file:downloaded_raw
────────────────────────────────────────────────────────────────────────────────────────────────────
temporary_raw_pdb_path : /home/grheco/repositorios/stack_protein_prep/data/proteins/3BC3/3BC3.raw.pdb
exists                 : True
size_bytes             : 363771

════════════════════════════════════════════════════════════════════════════════════════════════════
[2026-05-17 14:44:07] trim_pdb_to_residue_range
────────────────────────────────────────────────────────────────────────────────────────────────────
input_pdb_path        : /home/grheco/repositorios/stack_protein_prep/data/proteins/3BC3/3BC3.raw.pdb
output_pdb_path       : /home/grheco/repositorios/stack_protein_prep/data/proteins/3BC3/3BC3.pdb
residue_range         : '1-220'
parsed_start          : 1
parsed_end            : 220
total_atom_lines      : 3306
kept_atom_lines       : 3306
total_water_hetatm    : 423
kept_water_hetatm     : 423
total_other_hetatm    : 136
kept_other_hetatm     : 136
requested_start       : 1
requested_end         : 220
observed_start        : 1
observed_end          : 220
start_missing         : False
end_missing           : False

════════════════════════════════════════════════════════════════════════════════════════════════════
[2026-05-17 14:44:07] download_and_prepare_pdb_file:done
────────────────────────────────────────────────────────────────────────────────────────────────────
pdb_id          : 3BC3
residue_range   : '1-220'
requested_start : 1
requested_end   : 220
observed_start  : 1
observed_end    : 220
start_missing   : False
end_missing     : False

════════════════════════════════════════════════════════════════════════════════════════════════════
[2026-05-17 14:44:07] download_and_prepare_pdb_file:cleanup
────────────────────────────────────────────────────────────────────────────────────────────────────
removed_temporary_raw_pdb_path : /home/grheco/repositorios/stack_protein_prep/data/proteins/3BC3/3BC3.raw.pdb

════════════════════════════════════════════════════════════════════════════════════════════════════
[2026-05-17 14:44:07] download_missing_pdb_files:summary
────────────────────────────────────────────────────────────────────────────────────────────────────
pdb_id          : 3BC3
residue_range   : '1-220'
pdb_file_path   : /home/grheco/repositorios/stack_protein_prep/data/proteins/3BC3/3BC3.pdb
requested_start : 1
requested_end   : 220
observed_start  : 1
observed_end    : 220
start_missing   : False
end_missing     : False

════════════════════════════════════════════════════════════════════════════════════════════════════
[2026-05-17 15:36:36] download_missing_pdb_files:skip_existing
────────────────────────────────────────────────────────────────────────────────────────────────────
pdb_id        : 3BC3
residue_range : '1-220'
pdb_file_path : /home/grheco/repositorios/stack_protein_prep/data/proteins/3BC3/3BC3.pdb

════════════════════════════════════════════════════════════════════════════════════════════════════
[2026-05-17 15:45:17] download_missing_pdb_files:skip_existing
────────────────────────────────────────────────────────────────────────────────────────────────────
pdb_id        : 3BC3
residue_range : '1-220'
pdb_file_path : /home/grheco/repositorios/stack_protein_prep/data/proteins/3BC3/3BC3.pdb

════════════════════════════════════════════════════════════════════════════════════════════════════
[2026-05-17 17:17:24] download_missing_pdb_files:skip_existing
────────────────────────────────────────────────────────────────────────────────────────────────────
pdb_id        : 3BC3
residue_range : '1-220'
pdb_file_path : /home/grheco/repositorios/stack_protein_prep/data/proteins/3BC3/3BC3.pdb

════════════════════════════════════════════════════════════════════════════════════════════════════
[2026-05-17 17:42:33] download_missing_pdb_files:skip_existing
────────────────────────────────────────────────────────────────────────────────────────────────────
pdb_id        : 3BC3
residue_range : '1-220'
pdb_file_path : /home/grheco/repositorios/stack_protein_prep/data/proteins/3BC3/3BC3.pdb

════════════════════════════════════════════════════════════════════════════════════════════════════
[2026-05-17 17:44:44] download_missing_pdb_files:skip_existing
────────────────────────────────────────────────────────────────────────────────────────────────────
pdb_id        : 3BC3
residue_range : '1-220'
pdb_file_path : /home/grheco/repositorios/stack_protein_prep/data/proteins/3BC3/3BC3.pdb

════════════════════════════════════════════════════════════════════════════════════════════════════
[2026-05-17 18:11:57] download_missing_pdb_files:skip_existing
────────────────────────────────────────────────────────────────────────────────────────────────────
pdb_id        : 3BC3
residue_range : '1-220'
pdb_file_path : /home/grheco/repositorios/stack_protein_prep/data/proteins/3BC3/3BC3.pdb

