════════════════════════════════════════════════════════════════════════════════════════════════════
[2026-05-17 14:44:07] download_and_prepare_pdb_file:start
────────────────────────────────────────────────────────────────────────────────────────────────────
pdb_id                 : 3EWJ
residue_range          : '220-474'
temporary_raw_pdb_path : /home/grheco/repositorios/stack_protein_prep/data/proteins/3EWJ/3EWJ.raw.pdb
target_pdb_file_path   : /home/grheco/repositorios/stack_protein_prep/data/proteins/3EWJ/3EWJ.pdb
download_url           : https://files.rcsb.org/download/3EWJ.pdb

════════════════════════════════════════════════════════════════════════════════════════════════════
[2026-05-17 14:44:08] download_and_prepare_pdb_file:downloaded_raw
────────────────────────────────────────────────────────────────────────────────────────────────────
temporary_raw_pdb_path : /home/grheco/repositorios/stack_protein_prep/data/proteins/3EWJ/3EWJ.raw.pdb
exists                 : True
size_bytes             : 418446

════════════════════════════════════════════════════════════════════════════════════════════════════
[2026-05-17 14:44:08] trim_pdb_to_residue_range
────────────────────────────────────────────────────────────────────────────────────────────────────
input_pdb_path        : /home/grheco/repositorios/stack_protein_prep/data/proteins/3EWJ/3EWJ.raw.pdb
output_pdb_path       : /home/grheco/repositorios/stack_protein_prep/data/proteins/3EWJ/3EWJ.pdb
residue_range         : '220-474'
parsed_start          : 220
parsed_end            : 474
total_atom_lines      : 4001
kept_atom_lines       : 3981
total_water_hetatm    : 430
kept_water_hetatm     : 430
total_other_hetatm    : 66
kept_other_hetatm     : 66
requested_start       : 220
requested_end         : 474
observed_start        : 220
observed_end          : 474
start_missing         : False
end_missing           : False

════════════════════════════════════════════════════════════════════════════════════════════════════
[2026-05-17 14:44:08] download_and_prepare_pdb_file:done
────────────────────────────────────────────────────────────────────────────────────────────────────
pdb_id          : 3EWJ
residue_range   : '220-474'
requested_start : 220
requested_end   : 474
observed_start  : 220
observed_end    : 474
start_missing   : False
end_missing     : False

════════════════════════════════════════════════════════════════════════════════════════════════════
[2026-05-17 14:44:08] download_and_prepare_pdb_file:cleanup
────────────────────────────────────────────────────────────────────────────────────────────────────
removed_temporary_raw_pdb_path : /home/grheco/repositorios/stack_protein_prep/data/proteins/3EWJ/3EWJ.raw.pdb

════════════════════════════════════════════════════════════════════════════════════════════════════
[2026-05-17 14:44:08] download_missing_pdb_files:summary
────────────────────────────────────────────────────────────────────────────────────────────────────
pdb_id          : 3EWJ
residue_range   : '220-474'
pdb_file_path   : /home/grheco/repositorios/stack_protein_prep/data/proteins/3EWJ/3EWJ.pdb
requested_start : 220
requested_end   : 474
observed_start  : 220
observed_end    : 474
start_missing   : False
end_missing     : False

════════════════════════════════════════════════════════════════════════════════════════════════════
[2026-05-17 15:36:36] download_missing_pdb_files:skip_existing
────────────────────────────────────────────────────────────────────────────────────────────────────
pdb_id        : 3EWJ
residue_range : '220-474'
pdb_file_path : /home/grheco/repositorios/stack_protein_prep/data/proteins/3EWJ/3EWJ.pdb

════════════════════════════════════════════════════════════════════════════════════════════════════
[2026-05-17 15:45:17] download_missing_pdb_files:skip_existing
────────────────────────────────────────────────────────────────────────────────────────────────────
pdb_id        : 3EWJ
residue_range : '220-474'
pdb_file_path : /home/grheco/repositorios/stack_protein_prep/data/proteins/3EWJ/3EWJ.pdb

════════════════════════════════════════════════════════════════════════════════════════════════════
[2026-05-17 17:17:24] download_missing_pdb_files:skip_existing
────────────────────────────────────────────────────────────────────────────────────────────────────
pdb_id        : 3EWJ
residue_range : '220-474'
pdb_file_path : /home/grheco/repositorios/stack_protein_prep/data/proteins/3EWJ/3EWJ.pdb

════════════════════════════════════════════════════════════════════════════════════════════════════
[2026-05-17 17:42:33] download_missing_pdb_files:skip_existing
────────────────────────────────────────────────────────────────────────────────────────────────────
pdb_id        : 3EWJ
residue_range : '220-474'
pdb_file_path : /home/grheco/repositorios/stack_protein_prep/data/proteins/3EWJ/3EWJ.pdb

════════════════════════════════════════════════════════════════════════════════════════════════════
[2026-05-17 17:44:44] download_missing_pdb_files:skip_existing
────────────────────────────────────────────────────────────────────────────────────────────────────
pdb_id        : 3EWJ
residue_range : '220-474'
pdb_file_path : /home/grheco/repositorios/stack_protein_prep/data/proteins/3EWJ/3EWJ.pdb

════════════════════════════════════════════════════════════════════════════════════════════════════
[2026-05-17 18:11:57] download_missing_pdb_files:skip_existing
────────────────────────────────────────────────────────────────────────────────────────────────────
pdb_id        : 3EWJ
residue_range : '220-474'
pdb_file_path : /home/grheco/repositorios/stack_protein_prep/data/proteins/3EWJ/3EWJ.pdb

