════════════════════════════════════════════════════════════════════════════════════════════════════
[2026-05-17 14:44:08] download_and_prepare_pdb_file:start
────────────────────────────────────────────────────────────────────────────────────────────────────
pdb_id                 : 3FDN
residue_range          : '126-394'
temporary_raw_pdb_path : /home/grheco/repositorios/stack_protein_prep/data/proteins/3FDN/3FDN.raw.pdb
target_pdb_file_path   : /home/grheco/repositorios/stack_protein_prep/data/proteins/3FDN/3FDN.pdb
download_url           : https://files.rcsb.org/download/3FDN.pdb

════════════════════════════════════════════════════════════════════════════════════════════════════
[2026-05-17 14:44:09] download_and_prepare_pdb_file:downloaded_raw
────────────────────────────────────────────────────────────────────────────────────────────────────
temporary_raw_pdb_path : /home/grheco/repositorios/stack_protein_prep/data/proteins/3FDN/3FDN.raw.pdb
exists                 : True
size_bytes             : 230931

════════════════════════════════════════════════════════════════════════════════════════════════════
[2026-05-17 14:44:09] trim_pdb_to_residue_range
────────────────────────────────────────────────────────────────────────────────────────────────────
input_pdb_path        : /home/grheco/repositorios/stack_protein_prep/data/proteins/3FDN/3FDN.raw.pdb
output_pdb_path       : /home/grheco/repositorios/stack_protein_prep/data/proteins/3FDN/3FDN.pdb
residue_range         : '126-394'
parsed_start          : 126
parsed_end            : 394
total_atom_lines      : 2134
kept_atom_lines       : 2134
total_water_hetatm    : 199
kept_water_hetatm     : 199
total_other_hetatm    : 30
kept_other_hetatm     : 30
requested_start       : 126
requested_end         : 394
observed_start        : 126
observed_end          : 394
start_missing         : False
end_missing           : False

════════════════════════════════════════════════════════════════════════════════════════════════════
[2026-05-17 14:44:09] download_and_prepare_pdb_file:done
────────────────────────────────────────────────────────────────────────────────────────────────────
pdb_id          : 3FDN
residue_range   : '126-394'
requested_start : 126
requested_end   : 394
observed_start  : 126
observed_end    : 394
start_missing   : False
end_missing     : False

════════════════════════════════════════════════════════════════════════════════════════════════════
[2026-05-17 14:44:09] download_and_prepare_pdb_file:cleanup
────────────────────────────────────────────────────────────────────────────────────────────────────
removed_temporary_raw_pdb_path : /home/grheco/repositorios/stack_protein_prep/data/proteins/3FDN/3FDN.raw.pdb

════════════════════════════════════════════════════════════════════════════════════════════════════
[2026-05-17 14:44:09] download_missing_pdb_files:summary
────────────────────────────────────────────────────────────────────────────────────────────────────
pdb_id          : 3FDN
residue_range   : '126-394'
pdb_file_path   : /home/grheco/repositorios/stack_protein_prep/data/proteins/3FDN/3FDN.pdb
requested_start : 126
requested_end   : 394
observed_start  : 126
observed_end    : 394
start_missing   : False
end_missing     : False

════════════════════════════════════════════════════════════════════════════════════════════════════
[2026-05-17 15:36:36] download_missing_pdb_files:skip_existing
────────────────────────────────────────────────────────────────────────────────────────────────────
pdb_id        : 3FDN
residue_range : '126-394'
pdb_file_path : /home/grheco/repositorios/stack_protein_prep/data/proteins/3FDN/3FDN.pdb

════════════════════════════════════════════════════════════════════════════════════════════════════
[2026-05-17 15:45:17] download_missing_pdb_files:skip_existing
────────────────────────────────────────────────────────────────────────────────────────────────────
pdb_id        : 3FDN
residue_range : '126-394'
pdb_file_path : /home/grheco/repositorios/stack_protein_prep/data/proteins/3FDN/3FDN.pdb

════════════════════════════════════════════════════════════════════════════════════════════════════
[2026-05-17 17:17:24] download_missing_pdb_files:skip_existing
────────────────────────────────────────────────────────────────────────────────────────────────────
pdb_id        : 3FDN
residue_range : '126-394'
pdb_file_path : /home/grheco/repositorios/stack_protein_prep/data/proteins/3FDN/3FDN.pdb

════════════════════════════════════════════════════════════════════════════════════════════════════
[2026-05-17 17:42:33] download_missing_pdb_files:skip_existing
────────────────────────────────────────────────────────────────────────────────────────────────────
pdb_id        : 3FDN
residue_range : '126-394'
pdb_file_path : /home/grheco/repositorios/stack_protein_prep/data/proteins/3FDN/3FDN.pdb

════════════════════════════════════════════════════════════════════════════════════════════════════
[2026-05-17 17:44:44] download_missing_pdb_files:skip_existing
────────────────────────────────────────────────────────────────────────────────────────────────────
pdb_id        : 3FDN
residue_range : '126-394'
pdb_file_path : /home/grheco/repositorios/stack_protein_prep/data/proteins/3FDN/3FDN.pdb

════════════════════════════════════════════════════════════════════════════════════════════════════
[2026-05-17 18:11:57] download_missing_pdb_files:skip_existing
────────────────────────────────────────────────────────────────────────────────────────────────────
pdb_id        : 3FDN
residue_range : '126-394'
pdb_file_path : /home/grheco/repositorios/stack_protein_prep/data/proteins/3FDN/3FDN.pdb

