════════════════════════════════════════════════════════════════════════════════════════════════════
[2026-05-17 14:44:09] download_and_prepare_pdb_file:start
────────────────────────────────────────────────────────────────────────────────────────────────────
pdb_id                 : 3FRG
residue_range          : '153-505'
temporary_raw_pdb_path : /home/grheco/repositorios/stack_protein_prep/data/proteins/3FRG/3FRG.raw.pdb
target_pdb_file_path   : /home/grheco/repositorios/stack_protein_prep/data/proteins/3FRG/3FRG.pdb
download_url           : https://files.rcsb.org/download/3FRG.pdb

════════════════════════════════════════════════════════════════════════════════════════════════════
[2026-05-17 14:44:10] download_and_prepare_pdb_file:downloaded_raw
────────────────────────────────────────────────────────────────────────────────────────────────────
temporary_raw_pdb_path : /home/grheco/repositorios/stack_protein_prep/data/proteins/3FRG/3FRG.raw.pdb
exists                 : True
size_bytes             : 297999

════════════════════════════════════════════════════════════════════════════════════════════════════
[2026-05-17 14:44:10] trim_pdb_to_residue_range
────────────────────────────────────────────────────────────────────────────────────────────────────
input_pdb_path        : /home/grheco/repositorios/stack_protein_prep/data/proteins/3FRG/3FRG.raw.pdb
output_pdb_path       : /home/grheco/repositorios/stack_protein_prep/data/proteins/3FRG/3FRG.pdb
residue_range         : '153-505'
parsed_start          : 153
parsed_end            : 505
total_atom_lines      : 2708
kept_atom_lines       : 2708
total_water_hetatm    : 325
kept_water_hetatm     : 325
total_other_hetatm    : 44
kept_other_hetatm     : 44
requested_start       : 153
requested_end         : 505
observed_start        : 153
observed_end          : 487
start_missing         : False
end_missing           : True

════════════════════════════════════════════════════════════════════════════════════════════════════
[2026-05-17 14:44:10] download_and_prepare_pdb_file:done
────────────────────────────────────────────────────────────────────────────────────────────────────
pdb_id          : 3FRG
residue_range   : '153-505'
requested_start : 153
requested_end   : 505
observed_start  : 153
observed_end    : 487
start_missing   : False
end_missing     : True

════════════════════════════════════════════════════════════════════════════════════════════════════
[2026-05-17 14:44:10] download_and_prepare_pdb_file:cleanup
────────────────────────────────────────────────────────────────────────────────────────────────────
removed_temporary_raw_pdb_path : /home/grheco/repositorios/stack_protein_prep/data/proteins/3FRG/3FRG.raw.pdb

════════════════════════════════════════════════════════════════════════════════════════════════════
[2026-05-17 14:44:10] download_missing_pdb_files:summary
────────────────────────────────────────────────────────────────────────────────────────────────────
pdb_id          : 3FRG
residue_range   : '153-505'
pdb_file_path   : /home/grheco/repositorios/stack_protein_prep/data/proteins/3FRG/3FRG.pdb
requested_start : 153
requested_end   : 505
observed_start  : 153
observed_end    : 487
start_missing   : False
end_missing     : True

════════════════════════════════════════════════════════════════════════════════════════════════════
[2026-05-17 15:36:36] download_missing_pdb_files:skip_existing
────────────────────────────────────────────────────────────────────────────────────────────────────
pdb_id        : 3FRG
residue_range : '153-505'
pdb_file_path : /home/grheco/repositorios/stack_protein_prep/data/proteins/3FRG/3FRG.pdb

════════════════════════════════════════════════════════════════════════════════════════════════════
[2026-05-17 15:45:17] download_missing_pdb_files:skip_existing
────────────────────────────────────────────────────────────────────────────────────────────────────
pdb_id        : 3FRG
residue_range : '153-505'
pdb_file_path : /home/grheco/repositorios/stack_protein_prep/data/proteins/3FRG/3FRG.pdb

════════════════════════════════════════════════════════════════════════════════════════════════════
[2026-05-17 17:17:24] download_missing_pdb_files:skip_existing
────────────────────────────────────────────────────────────────────────────────────────────────────
pdb_id        : 3FRG
residue_range : '153-505'
pdb_file_path : /home/grheco/repositorios/stack_protein_prep/data/proteins/3FRG/3FRG.pdb

════════════════════════════════════════════════════════════════════════════════════════════════════
[2026-05-17 17:42:33] download_missing_pdb_files:skip_existing
────────────────────────────────────────────────────────────────────────────────────────────────────
pdb_id        : 3FRG
residue_range : '153-505'
pdb_file_path : /home/grheco/repositorios/stack_protein_prep/data/proteins/3FRG/3FRG.pdb

════════════════════════════════════════════════════════════════════════════════════════════════════
[2026-05-17 17:44:44] download_missing_pdb_files:skip_existing
────────────────────────────────────────────────────────────────────────────────────────────────────
pdb_id        : 3FRG
residue_range : '153-505'
pdb_file_path : /home/grheco/repositorios/stack_protein_prep/data/proteins/3FRG/3FRG.pdb

════════════════════════════════════════════════════════════════════════════════════════════════════
[2026-05-17 18:11:57] download_missing_pdb_files:skip_existing
────────────────────────────────────────────────────────────────────────────────────────────────────
pdb_id        : 3FRG
residue_range : '153-505'
pdb_file_path : /home/grheco/repositorios/stack_protein_prep/data/proteins/3FRG/3FRG.pdb

