════════════════════════════════════════════════════════════════════════════════════════════════════
[2026-05-17 14:44:10] download_and_prepare_pdb_file:start
────────────────────────────────────────────────────────────────────────────────────────────────────
pdb_id                 : 3K5E
residue_range          : '18-363'
temporary_raw_pdb_path : /home/grheco/repositorios/stack_protein_prep/data/proteins/3K5E/3K5E.raw.pdb
target_pdb_file_path   : /home/grheco/repositorios/stack_protein_prep/data/proteins/3K5E/3K5E.pdb
download_url           : https://files.rcsb.org/download/3K5E.pdb

════════════════════════════════════════════════════════════════════════════════════════════════════
[2026-05-17 14:44:11] download_and_prepare_pdb_file:downloaded_raw
────────────────────────────────────────────────────────────────────────────────────────────────────
temporary_raw_pdb_path : /home/grheco/repositorios/stack_protein_prep/data/proteins/3K5E/3K5E.raw.pdb
exists                 : True
size_bytes             : 522936

════════════════════════════════════════════════════════════════════════════════════════════════════
[2026-05-17 14:44:11] trim_pdb_to_residue_range
────────────────────────────────────────────────────────────────────────────────────────────────────
input_pdb_path        : /home/grheco/repositorios/stack_protein_prep/data/proteins/3K5E/3K5E.raw.pdb
output_pdb_path       : /home/grheco/repositorios/stack_protein_prep/data/proteins/3K5E/3K5E.pdb
residue_range         : '18-363'
parsed_start          : 18
parsed_end            : 363
total_atom_lines      : 5153
kept_atom_lines       : 5153
total_water_hetatm    : 454
kept_water_hetatm     : 454
total_other_hetatm    : 94
kept_other_hetatm     : 94
requested_start       : 18
requested_end         : 363
observed_start        : 18
observed_end          : 363
start_missing         : False
end_missing           : False

════════════════════════════════════════════════════════════════════════════════════════════════════
[2026-05-17 14:44:11] download_and_prepare_pdb_file:done
────────────────────────────────────────────────────────────────────────────────────────────────────
pdb_id          : 3K5E
residue_range   : '18-363'
requested_start : 18
requested_end   : 363
observed_start  : 18
observed_end    : 363
start_missing   : False
end_missing     : False

════════════════════════════════════════════════════════════════════════════════════════════════════
[2026-05-17 14:44:11] download_and_prepare_pdb_file:cleanup
────────────────────────────────────────────────────────────────────────────────────────────────────
removed_temporary_raw_pdb_path : /home/grheco/repositorios/stack_protein_prep/data/proteins/3K5E/3K5E.raw.pdb

════════════════════════════════════════════════════════════════════════════════════════════════════
[2026-05-17 14:44:11] download_missing_pdb_files:summary
────────────────────────────────────────────────────────────────────────────────────────────────────
pdb_id          : 3K5E
residue_range   : '18-363'
pdb_file_path   : /home/grheco/repositorios/stack_protein_prep/data/proteins/3K5E/3K5E.pdb
requested_start : 18
requested_end   : 363
observed_start  : 18
observed_end    : 363
start_missing   : False
end_missing     : False

════════════════════════════════════════════════════════════════════════════════════════════════════
[2026-05-17 15:36:36] download_missing_pdb_files:skip_existing
────────────────────────────────────────────────────────────────────────────────────────────────────
pdb_id        : 3K5E
residue_range : '18-363'
pdb_file_path : /home/grheco/repositorios/stack_protein_prep/data/proteins/3K5E/3K5E.pdb

════════════════════════════════════════════════════════════════════════════════════════════════════
[2026-05-17 15:45:17] download_missing_pdb_files:skip_existing
────────────────────────────────────────────────────────────────────────────────────────────────────
pdb_id        : 3K5E
residue_range : '18-363'
pdb_file_path : /home/grheco/repositorios/stack_protein_prep/data/proteins/3K5E/3K5E.pdb

════════════════════════════════════════════════════════════════════════════════════════════════════
[2026-05-17 17:17:24] download_missing_pdb_files:skip_existing
────────────────────────────────────────────────────────────────────────────────────────────────────
pdb_id        : 3K5E
residue_range : '18-363'
pdb_file_path : /home/grheco/repositorios/stack_protein_prep/data/proteins/3K5E/3K5E.pdb

════════════════════════════════════════════════════════════════════════════════════════════════════
[2026-05-17 17:42:33] download_missing_pdb_files:skip_existing
────────────────────────────────────────────────────────────────────────────────────────────────────
pdb_id        : 3K5E
residue_range : '18-363'
pdb_file_path : /home/grheco/repositorios/stack_protein_prep/data/proteins/3K5E/3K5E.pdb

════════════════════════════════════════════════════════════════════════════════════════════════════
[2026-05-17 17:44:44] download_missing_pdb_files:skip_existing
────────────────────────────────────────────────────────────────────────────────────────────────────
pdb_id        : 3K5E
residue_range : '18-363'
pdb_file_path : /home/grheco/repositorios/stack_protein_prep/data/proteins/3K5E/3K5E.pdb

════════════════════════════════════════════════════════════════════════════════════════════════════
[2026-05-17 18:11:57] download_missing_pdb_files:skip_existing
────────────────────────────────────────────────────────────────────────────────────────────────────
pdb_id        : 3K5E
residue_range : '18-363'
pdb_file_path : /home/grheco/repositorios/stack_protein_prep/data/proteins/3K5E/3K5E.pdb

