════════════════════════════════════════════════════════════════════════════════════════════════════
[2026-05-17 14:44:12] download_and_prepare_pdb_file:start
────────────────────────────────────────────────────────────────────────────────────────────────────
pdb_id                 : 3LBK
residue_range          : '26-110'
temporary_raw_pdb_path : /home/grheco/repositorios/stack_protein_prep/data/proteins/3LBK/3LBK.raw.pdb
target_pdb_file_path   : /home/grheco/repositorios/stack_protein_prep/data/proteins/3LBK/3LBK.pdb
download_url           : https://files.rcsb.org/download/3LBK.pdb

════════════════════════════════════════════════════════════════════════════════════════════════════
[2026-05-17 14:44:13] download_and_prepare_pdb_file:downloaded_raw
────────────────────────────────────────────────────────────────────────────────────────────────────
temporary_raw_pdb_path : /home/grheco/repositorios/stack_protein_prep/data/proteins/3LBK/3LBK.raw.pdb
exists                 : True
size_bytes             : 97686

════════════════════════════════════════════════════════════════════════════════════════════════════
[2026-05-17 14:44:13] trim_pdb_to_residue_range
────────────────────────────────────────────────────────────────────────────────────────────────────
input_pdb_path        : /home/grheco/repositorios/stack_protein_prep/data/proteins/3LBK/3LBK.raw.pdb
output_pdb_path       : /home/grheco/repositorios/stack_protein_prep/data/proteins/3LBK/3LBK.pdb
residue_range         : '26-110'
parsed_start          : 26
parsed_end            : 110
total_atom_lines      : 695
kept_atom_lines       : 695
total_water_hetatm    : 20
kept_water_hetatm     : 20
total_other_hetatm    : 37
kept_other_hetatm     : 37
requested_start       : 26
requested_end         : 110
observed_start        : 26
observed_end          : 110
start_missing         : False
end_missing           : False

════════════════════════════════════════════════════════════════════════════════════════════════════
[2026-05-17 14:44:13] download_and_prepare_pdb_file:done
────────────────────────────────────────────────────────────────────────────────────────────────────
pdb_id          : 3LBK
residue_range   : '26-110'
requested_start : 26
requested_end   : 110
observed_start  : 26
observed_end    : 110
start_missing   : False
end_missing     : False

════════════════════════════════════════════════════════════════════════════════════════════════════
[2026-05-17 14:44:13] download_and_prepare_pdb_file:cleanup
────────────────────────────────────────────────────────────────────────────────────────────────────
removed_temporary_raw_pdb_path : /home/grheco/repositorios/stack_protein_prep/data/proteins/3LBK/3LBK.raw.pdb

════════════════════════════════════════════════════════════════════════════════════════════════════
[2026-05-17 14:44:13] download_missing_pdb_files:summary
────────────────────────────────────────────────────────────────────────────────────────────────────
pdb_id          : 3LBK
residue_range   : '26-110'
pdb_file_path   : /home/grheco/repositorios/stack_protein_prep/data/proteins/3LBK/3LBK.pdb
requested_start : 26
requested_end   : 110
observed_start  : 26
observed_end    : 110
start_missing   : False
end_missing     : False

════════════════════════════════════════════════════════════════════════════════════════════════════
[2026-05-17 15:36:36] download_missing_pdb_files:skip_existing
────────────────────────────────────────────────────────────────────────────────────────────────────
pdb_id        : 3LBK
residue_range : '26-110'
pdb_file_path : /home/grheco/repositorios/stack_protein_prep/data/proteins/3LBK/3LBK.pdb

════════════════════════════════════════════════════════════════════════════════════════════════════
[2026-05-17 15:45:17] download_missing_pdb_files:skip_existing
────────────────────────────────────────────────────────────────────────────────────────────────────
pdb_id        : 3LBK
residue_range : '26-110'
pdb_file_path : /home/grheco/repositorios/stack_protein_prep/data/proteins/3LBK/3LBK.pdb

════════════════════════════════════════════════════════════════════════════════════════════════════
[2026-05-17 17:17:24] download_missing_pdb_files:skip_existing
────────────────────────────────────────────────────────────────────────────────────────────────────
pdb_id        : 3LBK
residue_range : '26-110'
pdb_file_path : /home/grheco/repositorios/stack_protein_prep/data/proteins/3LBK/3LBK.pdb

════════════════════════════════════════════════════════════════════════════════════════════════════
[2026-05-17 17:42:33] download_missing_pdb_files:skip_existing
────────────────────────────────────────────────────────────────────────────────────────────────────
pdb_id        : 3LBK
residue_range : '26-110'
pdb_file_path : /home/grheco/repositorios/stack_protein_prep/data/proteins/3LBK/3LBK.pdb

════════════════════════════════════════════════════════════════════════════════════════════════════
[2026-05-17 17:44:44] download_missing_pdb_files:skip_existing
────────────────────────────────────────────────────────────────────────────────────────────────────
pdb_id        : 3LBK
residue_range : '26-110'
pdb_file_path : /home/grheco/repositorios/stack_protein_prep/data/proteins/3LBK/3LBK.pdb

