════════════════════════════════════════════════════════════════════════════════════════════════════
[2026-05-17 14:44:13] download_and_prepare_pdb_file:start
────────────────────────────────────────────────────────────────────────────────────────────────────
pdb_id                 : 3OLL
residue_range          : '262-498'
temporary_raw_pdb_path : /home/grheco/repositorios/stack_protein_prep/data/proteins/3OLL/3OLL.raw.pdb
target_pdb_file_path   : /home/grheco/repositorios/stack_protein_prep/data/proteins/3OLL/3OLL.pdb
download_url           : https://files.rcsb.org/download/3OLL.pdb

════════════════════════════════════════════════════════════════════════════════════════════════════
[2026-05-17 14:44:15] download_and_prepare_pdb_file:downloaded_raw
────────────────────────────────────────────────────────────────────────────────────────────────────
temporary_raw_pdb_path : /home/grheco/repositorios/stack_protein_prep/data/proteins/3OLL/3OLL.raw.pdb
exists                 : True
size_bytes             : 788697

════════════════════════════════════════════════════════════════════════════════════════════════════
[2026-05-17 14:44:15] trim_pdb_to_residue_range
────────────────────────────────────────────────────────────────────────────────────────────────────
input_pdb_path        : /home/grheco/repositorios/stack_protein_prep/data/proteins/3OLL/3OLL.raw.pdb
output_pdb_path       : /home/grheco/repositorios/stack_protein_prep/data/proteins/3OLL/3OLL.pdb
residue_range         : '262-498'
parsed_start          : 262
parsed_end            : 498
total_atom_lines      : 3939
kept_atom_lines       : 3755
total_water_hetatm    : 510
kept_water_hetatm     : 510
total_other_hetatm    : 72
kept_other_hetatm     : 72
requested_start       : 262
requested_end         : 498
observed_start        : 262
observed_end          : 498
start_missing         : False
end_missing           : False

════════════════════════════════════════════════════════════════════════════════════════════════════
[2026-05-17 14:44:15] download_and_prepare_pdb_file:done
────────────────────────────────────────────────────────────────────────────────────────────────────
pdb_id          : 3OLL
residue_range   : '262-498'
requested_start : 262
requested_end   : 498
observed_start  : 262
observed_end    : 498
start_missing   : False
end_missing     : False

════════════════════════════════════════════════════════════════════════════════════════════════════
[2026-05-17 14:44:15] download_and_prepare_pdb_file:cleanup
────────────────────────────────────────────────────────────────────────────────────────────────────
removed_temporary_raw_pdb_path : /home/grheco/repositorios/stack_protein_prep/data/proteins/3OLL/3OLL.raw.pdb

════════════════════════════════════════════════════════════════════════════════════════════════════
[2026-05-17 14:44:15] download_missing_pdb_files:summary
────────────────────────────────────────────────────────────────────────────────────────────────────
pdb_id          : 3OLL
residue_range   : '262-498'
pdb_file_path   : /home/grheco/repositorios/stack_protein_prep/data/proteins/3OLL/3OLL.pdb
requested_start : 262
requested_end   : 498
observed_start  : 262
observed_end    : 498
start_missing   : False
end_missing     : False

════════════════════════════════════════════════════════════════════════════════════════════════════
[2026-05-17 15:36:36] download_missing_pdb_files:skip_existing
────────────────────────────────────────────────────────────────────────────────────────────────────
pdb_id        : 3OLL
residue_range : '262-498'
pdb_file_path : /home/grheco/repositorios/stack_protein_prep/data/proteins/3OLL/3OLL.pdb

════════════════════════════════════════════════════════════════════════════════════════════════════
[2026-05-17 15:45:17] download_missing_pdb_files:skip_existing
────────────────────────────────────────────────────────────────────────────────────────────────────
pdb_id        : 3OLL
residue_range : '262-498'
pdb_file_path : /home/grheco/repositorios/stack_protein_prep/data/proteins/3OLL/3OLL.pdb

════════════════════════════════════════════════════════════════════════════════════════════════════
[2026-05-17 17:17:24] download_missing_pdb_files:skip_existing
────────────────────────────────────────────────────────────────────────────────────────────────────
pdb_id        : 3OLL
residue_range : '262-498'
pdb_file_path : /home/grheco/repositorios/stack_protein_prep/data/proteins/3OLL/3OLL.pdb

════════════════════════════════════════════════════════════════════════════════════════════════════
[2026-05-17 17:42:33] download_missing_pdb_files:skip_existing
────────────────────────────────────────────────────────────────────────────────────────────────────
pdb_id        : 3OLL
residue_range : '262-498'
pdb_file_path : /home/grheco/repositorios/stack_protein_prep/data/proteins/3OLL/3OLL.pdb

════════════════════════════════════════════════════════════════════════════════════════════════════
[2026-05-17 17:44:44] download_missing_pdb_files:skip_existing
────────────────────────────────────────────────────────────────────────────────────────────────────
pdb_id        : 3OLL
residue_range : '262-498'
pdb_file_path : /home/grheco/repositorios/stack_protein_prep/data/proteins/3OLL/3OLL.pdb

════════════════════════════════════════════════════════════════════════════════════════════════════
[2026-05-17 18:11:57] download_missing_pdb_files:skip_existing
────────────────────────────────────────────────────────────────────────────────────────────────────
pdb_id        : 3OLL
residue_range : '262-498'
pdb_file_path : /home/grheco/repositorios/stack_protein_prep/data/proteins/3OLL/3OLL.pdb

