════════════════════════════════════════════════════════════════════════════════════════════════════
[2026-05-17 14:44:15] download_and_prepare_pdb_file:start
────────────────────────────────────────────────────────────────────────────────────────────────────
pdb_id                 : 3R04
residue_range          : '35-305'
temporary_raw_pdb_path : /home/grheco/repositorios/stack_protein_prep/data/proteins/3R04/3R04.raw.pdb
target_pdb_file_path   : /home/grheco/repositorios/stack_protein_prep/data/proteins/3R04/3R04.pdb
download_url           : https://files.rcsb.org/download/3R04.pdb

════════════════════════════════════════════════════════════════════════════════════════════════════
[2026-05-17 14:44:16] download_and_prepare_pdb_file:downloaded_raw
────────────────────────────────────────────────────────────────────────────────────────────────────
temporary_raw_pdb_path : /home/grheco/repositorios/stack_protein_prep/data/proteins/3R04/3R04.raw.pdb
exists                 : True
size_bytes             : 431730

════════════════════════════════════════════════════════════════════════════════════════════════════
[2026-05-17 14:44:16] trim_pdb_to_residue_range
────────────────────────────────────────────────────────────────────────────────────────────────────
input_pdb_path        : /home/grheco/repositorios/stack_protein_prep/data/proteins/3R04/3R04.raw.pdb
output_pdb_path       : /home/grheco/repositorios/stack_protein_prep/data/proteins/3R04/3R04.pdb
residue_range         : '35-305'
parsed_start          : 35
parsed_end            : 305
total_atom_lines      : 2225
kept_atom_lines       : 2225
total_water_hetatm    : 231
kept_water_hetatm     : 231
total_other_hetatm    : 41
kept_other_hetatm     : 41
requested_start       : 35
requested_end         : 305
observed_start        : 35
observed_end          : 305
start_missing         : False
end_missing           : False

════════════════════════════════════════════════════════════════════════════════════════════════════
[2026-05-17 14:44:16] download_and_prepare_pdb_file:done
────────────────────────────────────────────────────────────────────────────────────────────────────
pdb_id          : 3R04
residue_range   : '35-305'
requested_start : 35
requested_end   : 305
observed_start  : 35
observed_end    : 305
start_missing   : False
end_missing     : False

════════════════════════════════════════════════════════════════════════════════════════════════════
[2026-05-17 14:44:16] download_and_prepare_pdb_file:cleanup
────────────────────────────────────────────────────────────────────────────────────────────────────
removed_temporary_raw_pdb_path : /home/grheco/repositorios/stack_protein_prep/data/proteins/3R04/3R04.raw.pdb

════════════════════════════════════════════════════════════════════════════════════════════════════
[2026-05-17 14:44:16] download_missing_pdb_files:summary
────────────────────────────────────────────────────────────────────────────────────────────────────
pdb_id          : 3R04
residue_range   : '35-305'
pdb_file_path   : /home/grheco/repositorios/stack_protein_prep/data/proteins/3R04/3R04.pdb
requested_start : 35
requested_end   : 305
observed_start  : 35
observed_end    : 305
start_missing   : False
end_missing     : False

════════════════════════════════════════════════════════════════════════════════════════════════════
[2026-05-17 15:36:36] download_missing_pdb_files:skip_existing
────────────────────────────────────────────────────────────────────────────────────────────────────
pdb_id        : 3R04
residue_range : '35-305'
pdb_file_path : /home/grheco/repositorios/stack_protein_prep/data/proteins/3R04/3R04.pdb

════════════════════════════════════════════════════════════════════════════════════════════════════
[2026-05-17 15:45:17] download_missing_pdb_files:skip_existing
────────────────────────────────────────────────────────────────────────────────────────────────────
pdb_id        : 3R04
residue_range : '35-305'
pdb_file_path : /home/grheco/repositorios/stack_protein_prep/data/proteins/3R04/3R04.pdb

════════════════════════════════════════════════════════════════════════════════════════════════════
[2026-05-17 17:17:24] download_missing_pdb_files:skip_existing
────────────────────────────────────────────────────────────────────────────────────────────────────
pdb_id        : 3R04
residue_range : '35-305'
pdb_file_path : /home/grheco/repositorios/stack_protein_prep/data/proteins/3R04/3R04.pdb

════════════════════════════════════════════════════════════════════════════════════════════════════
[2026-05-17 17:42:33] download_missing_pdb_files:skip_existing
────────────────────────────────────────────────────────────────────────────────────────────────────
pdb_id        : 3R04
residue_range : '35-305'
pdb_file_path : /home/grheco/repositorios/stack_protein_prep/data/proteins/3R04/3R04.pdb

════════════════════════════════════════════════════════════════════════════════════════════════════
[2026-05-17 17:44:44] download_missing_pdb_files:skip_existing
────────────────────────────────────────────────────────────────────────────────────────────────────
pdb_id        : 3R04
residue_range : '35-305'
pdb_file_path : /home/grheco/repositorios/stack_protein_prep/data/proteins/3R04/3R04.pdb

