════════════════════════════════════════════════════════════════════════════════════════════════════
[2026-05-17 14:44:16] download_and_prepare_pdb_file:start
────────────────────────────────────────────────────────────────────────────────────────────────────
pdb_id                 : 3RM2
residue_range          : '16-246'
temporary_raw_pdb_path : /home/grheco/repositorios/stack_protein_prep/data/proteins/3RM2/3RM2.raw.pdb
target_pdb_file_path   : /home/grheco/repositorios/stack_protein_prep/data/proteins/3RM2/3RM2.pdb
download_url           : https://files.rcsb.org/download/3RM2.pdb

════════════════════════════════════════════════════════════════════════════════════════════════════
[2026-05-17 14:44:18] download_and_prepare_pdb_file:downloaded_raw
────────────────────────────────────────────────────────────────────────────────────────────────────
temporary_raw_pdb_path : /home/grheco/repositorios/stack_protein_prep/data/proteins/3RM2/3RM2.raw.pdb
exists                 : True
size_bytes             : 512001

════════════════════════════════════════════════════════════════════════════════════════════════════
[2026-05-17 14:44:18] trim_pdb_to_residue_range
────────────────────────────────────────────────────────────────────────────────────────────────────
input_pdb_path        : /home/grheco/repositorios/stack_protein_prep/data/proteins/3RM2/3RM2.raw.pdb
output_pdb_path       : /home/grheco/repositorios/stack_protein_prep/data/proteins/3RM2/3RM2.pdb
residue_range         : '16-246'
parsed_start          : 16
parsed_end            : 246
total_atom_lines      : 2410
kept_atom_lines       : 2163
total_water_hetatm    : 390
kept_water_hetatm     : 390
total_other_hetatm    : 88
kept_other_hetatm     : 88
requested_start       : 16
requested_end         : 246
observed_start        : 16
observed_end          : 246
start_missing         : False
end_missing           : False

════════════════════════════════════════════════════════════════════════════════════════════════════
[2026-05-17 14:44:18] download_and_prepare_pdb_file:done
────────────────────────────────────────────────────────────────────────────────────────────────────
pdb_id          : 3RM2
residue_range   : '16-246'
requested_start : 16
requested_end   : 246
observed_start  : 16
observed_end    : 246
start_missing   : False
end_missing     : False

════════════════════════════════════════════════════════════════════════════════════════════════════
[2026-05-17 14:44:18] download_and_prepare_pdb_file:cleanup
────────────────────────────────────────────────────────────────────────────────────────────────────
removed_temporary_raw_pdb_path : /home/grheco/repositorios/stack_protein_prep/data/proteins/3RM2/3RM2.raw.pdb

════════════════════════════════════════════════════════════════════════════════════════════════════
[2026-05-17 14:44:18] download_missing_pdb_files:summary
────────────────────────────────────────────────────────────────────────────────────────────────────
pdb_id          : 3RM2
residue_range   : '16-246'
pdb_file_path   : /home/grheco/repositorios/stack_protein_prep/data/proteins/3RM2/3RM2.pdb
requested_start : 16
requested_end   : 246
observed_start  : 16
observed_end    : 246
start_missing   : False
end_missing     : False

════════════════════════════════════════════════════════════════════════════════════════════════════
[2026-05-17 15:36:36] download_missing_pdb_files:skip_existing
────────────────────────────────────────────────────────────────────────────────────────────────────
pdb_id        : 3RM2
residue_range : '16-246'
pdb_file_path : /home/grheco/repositorios/stack_protein_prep/data/proteins/3RM2/3RM2.pdb

════════════════════════════════════════════════════════════════════════════════════════════════════
[2026-05-17 15:45:17] download_missing_pdb_files:skip_existing
────────────────────────────────────────────────────────────────────────────────────────────────────
pdb_id        : 3RM2
residue_range : '16-246'
pdb_file_path : /home/grheco/repositorios/stack_protein_prep/data/proteins/3RM2/3RM2.pdb

════════════════════════════════════════════════════════════════════════════════════════════════════
[2026-05-17 17:17:24] download_missing_pdb_files:skip_existing
────────────────────────────────────────────────────────────────────────────────────────────────────
pdb_id        : 3RM2
residue_range : '16-246'
pdb_file_path : /home/grheco/repositorios/stack_protein_prep/data/proteins/3RM2/3RM2.pdb

════════════════════════════════════════════════════════════════════════════════════════════════════
[2026-05-17 17:42:33] download_missing_pdb_files:skip_existing
────────────────────────────────────────────────────────────────────────────────────────────────────
pdb_id        : 3RM2
residue_range : '16-246'
pdb_file_path : /home/grheco/repositorios/stack_protein_prep/data/proteins/3RM2/3RM2.pdb

════════════════════════════════════════════════════════════════════════════════════════════════════
[2026-05-17 17:44:44] download_missing_pdb_files:skip_existing
────────────────────────────────────────────────────────────────────────────────────────────────────
pdb_id        : 3RM2
residue_range : '16-246'
pdb_file_path : /home/grheco/repositorios/stack_protein_prep/data/proteins/3RM2/3RM2.pdb

════════════════════════════════════════════════════════════════════════════════════════════════════
[2026-05-17 18:11:57] download_missing_pdb_files:skip_existing
────────────────────────────────────────────────────────────────────────────────────────────────────
pdb_id        : 3RM2
residue_range : '16-246'
pdb_file_path : /home/grheco/repositorios/stack_protein_prep/data/proteins/3RM2/3RM2.pdb

