================================================================================
[2026-05-17 14:44:22] module=alignment_visualization pdb_id=1A5H
================================================================================
alignment_fasta_path=/home/grheco/repositorios/stack_protein_prep/data/proteins/1A5H/fasta/alignments/SEQRES_chain_A_vs_UniProt.aln.fasta
output_png_path=/home/grheco/repositorios/stack_protein_prep/data/proteins/1A5H/fasta/alignments/SEQRES_chain_A_vs_UniProt.aln.png
residues_per_line=60
font_size=18
header_font_size=20
label_width=24
timestamp=2026-05-17 14:44:22
cwd=/home/grheco/repositorios/stack_protein_prep
python_executable=/home/grheco/repositorios/stack_protein_prep/.pixi/envs/default/bin/python3
[RENDER METRICS]
record_a_header: PDB|1A5H|SEQRES|chain_A
record_b_header: sp|P00750|TPA_HUMAN Tissue-type plasminogen activator OS=Homo sapiens OX=9606 GN=PLAT PE=1 SV=1
alignment_length: 562
n_blocks: 10
cell_width: 23
cell_height: 21
image_width: 1748
image_height: 1313
[OUTPUT PNG] /home/grheco/repositorios/stack_protein_prep/data/proteins/1A5H/fasta/alignments/SEQRES_chain_A_vs_UniProt.aln.png
[RESULT] rendered alignment PNG -> /home/grheco/repositorios/stack_protein_prep/data/proteins/1A5H/fasta/alignments/SEQRES_chain_A_vs_UniProt.aln.png
================================================================================
[2026-05-17 14:44:22] module=alignment_visualization pdb_id=1A5H
================================================================================
alignment_fasta_path=/home/grheco/repositorios/stack_protein_prep/data/proteins/1A5H/fasta/alignments/SEQRES_chain_B_vs_UniProt.aln.fasta
output_png_path=/home/grheco/repositorios/stack_protein_prep/data/proteins/1A5H/fasta/alignments/SEQRES_chain_B_vs_UniProt.aln.png
residues_per_line=60
font_size=18
header_font_size=20
label_width=24
timestamp=2026-05-17 14:44:22
cwd=/home/grheco/repositorios/stack_protein_prep
python_executable=/home/grheco/repositorios/stack_protein_prep/.pixi/envs/default/bin/python3
[RENDER METRICS]
record_a_header: PDB|1A5H|SEQRES|chain_B
record_b_header: sp|P00750|TPA_HUMAN Tissue-type plasminogen activator OS=Homo sapiens OX=9606 GN=PLAT PE=1 SV=1
alignment_length: 562
n_blocks: 10
cell_width: 23
cell_height: 21
image_width: 1748
image_height: 1313
[OUTPUT PNG] /home/grheco/repositorios/stack_protein_prep/data/proteins/1A5H/fasta/alignments/SEQRES_chain_B_vs_UniProt.aln.png
[RESULT] rendered alignment PNG -> /home/grheco/repositorios/stack_protein_prep/data/proteins/1A5H/fasta/alignments/SEQRES_chain_B_vs_UniProt.aln.png
================================================================================
[2026-05-17 14:44:22] module=alignment_visualization pdb_id=1A5H
================================================================================
alignment_fasta_path=/home/grheco/repositorios/stack_protein_prep/data/proteins/1A5H/fasta/alignments/ATOM_chain_A_vs_UniProt.aln.fasta
output_png_path=/home/grheco/repositorios/stack_protein_prep/data/proteins/1A5H/fasta/alignments/ATOM_chain_A_vs_UniProt.aln.png
residues_per_line=60
font_size=18
header_font_size=20
label_width=24
timestamp=2026-05-17 14:44:22
cwd=/home/grheco/repositorios/stack_protein_prep
python_executable=/home/grheco/repositorios/stack_protein_prep/.pixi/envs/default/bin/python3
[RENDER METRICS]
record_a_header: PDB|1A5H|ATOM|chain_A
record_b_header: sp|P00750|TPA_HUMAN Tissue-type plasminogen activator OS=Homo sapiens OX=9606 GN=PLAT PE=1 SV=1
alignment_length: 562
n_blocks: 10
cell_width: 23
cell_height: 21
image_width: 1748
image_height: 1313
[OUTPUT PNG] /home/grheco/repositorios/stack_protein_prep/data/proteins/1A5H/fasta/alignments/ATOM_chain_A_vs_UniProt.aln.png
[RESULT] rendered alignment PNG -> /home/grheco/repositorios/stack_protein_prep/data/proteins/1A5H/fasta/alignments/ATOM_chain_A_vs_UniProt.aln.png
================================================================================
[2026-05-17 14:44:22] module=alignment_visualization pdb_id=1A5H
================================================================================
alignment_fasta_path=/home/grheco/repositorios/stack_protein_prep/data/proteins/1A5H/fasta/alignments/ATOM_chain_B_vs_UniProt.aln.fasta
output_png_path=/home/grheco/repositorios/stack_protein_prep/data/proteins/1A5H/fasta/alignments/ATOM_chain_B_vs_UniProt.aln.png
residues_per_line=60
font_size=18
header_font_size=20
label_width=24
timestamp=2026-05-17 14:44:22
cwd=/home/grheco/repositorios/stack_protein_prep
python_executable=/home/grheco/repositorios/stack_protein_prep/.pixi/envs/default/bin/python3
[RENDER METRICS]
record_a_header: PDB|1A5H|ATOM|chain_B
record_b_header: sp|P00750|TPA_HUMAN Tissue-type plasminogen activator OS=Homo sapiens OX=9606 GN=PLAT PE=1 SV=1
alignment_length: 562
n_blocks: 10
cell_width: 23
cell_height: 21
image_width: 1748
image_height: 1313
[OUTPUT PNG] /home/grheco/repositorios/stack_protein_prep/data/proteins/1A5H/fasta/alignments/ATOM_chain_B_vs_UniProt.aln.png
[RESULT] rendered alignment PNG -> /home/grheco/repositorios/stack_protein_prep/data/proteins/1A5H/fasta/alignments/ATOM_chain_B_vs_UniProt.aln.png
================================================================================
[2026-05-17 15:36:40] module=alignment_visualization pdb_id=1A5H
================================================================================
alignment_fasta_path=/home/grheco/repositorios/stack_protein_prep/data/proteins/1A5H/fasta/alignments/SEQRES_chain_A_vs_UniProt.aln.fasta
output_png_path=/home/grheco/repositorios/stack_protein_prep/data/proteins/1A5H/fasta/alignments/SEQRES_chain_A_vs_UniProt.aln.png
residues_per_line=60
font_size=18
header_font_size=20
label_width=24
timestamp=2026-05-17 15:36:40
cwd=/home/grheco/repositorios/stack_protein_prep
python_executable=/home/grheco/repositorios/stack_protein_prep/.pixi/envs/default/bin/python3
[RENDER METRICS]
record_a_header: PDB|1A5H|SEQRES|chain_A
record_b_header: sp|P00750|TPA_HUMAN Tissue-type plasminogen activator OS=Homo sapiens OX=9606 GN=PLAT PE=1 SV=1
alignment_length: 562
n_blocks: 10
cell_width: 23
cell_height: 21
image_width: 1748
image_height: 1313
[OUTPUT PNG] /home/grheco/repositorios/stack_protein_prep/data/proteins/1A5H/fasta/alignments/SEQRES_chain_A_vs_UniProt.aln.png
[RESULT] rendered alignment PNG -> /home/grheco/repositorios/stack_protein_prep/data/proteins/1A5H/fasta/alignments/SEQRES_chain_A_vs_UniProt.aln.png
================================================================================
[2026-05-17 15:36:41] module=alignment_visualization pdb_id=1A5H
================================================================================
alignment_fasta_path=/home/grheco/repositorios/stack_protein_prep/data/proteins/1A5H/fasta/alignments/SEQRES_chain_B_vs_UniProt.aln.fasta
output_png_path=/home/grheco/repositorios/stack_protein_prep/data/proteins/1A5H/fasta/alignments/SEQRES_chain_B_vs_UniProt.aln.png
residues_per_line=60
font_size=18
header_font_size=20
label_width=24
timestamp=2026-05-17 15:36:41
cwd=/home/grheco/repositorios/stack_protein_prep
python_executable=/home/grheco/repositorios/stack_protein_prep/.pixi/envs/default/bin/python3
[RENDER METRICS]
record_a_header: PDB|1A5H|SEQRES|chain_B
record_b_header: sp|P00750|TPA_HUMAN Tissue-type plasminogen activator OS=Homo sapiens OX=9606 GN=PLAT PE=1 SV=1
alignment_length: 562
n_blocks: 10
cell_width: 23
cell_height: 21
image_width: 1748
image_height: 1313
[OUTPUT PNG] /home/grheco/repositorios/stack_protein_prep/data/proteins/1A5H/fasta/alignments/SEQRES_chain_B_vs_UniProt.aln.png
[RESULT] rendered alignment PNG -> /home/grheco/repositorios/stack_protein_prep/data/proteins/1A5H/fasta/alignments/SEQRES_chain_B_vs_UniProt.aln.png
================================================================================
[2026-05-17 15:36:41] module=alignment_visualization pdb_id=1A5H
================================================================================
alignment_fasta_path=/home/grheco/repositorios/stack_protein_prep/data/proteins/1A5H/fasta/alignments/ATOM_chain_A_vs_UniProt.aln.fasta
output_png_path=/home/grheco/repositorios/stack_protein_prep/data/proteins/1A5H/fasta/alignments/ATOM_chain_A_vs_UniProt.aln.png
residues_per_line=60
font_size=18
header_font_size=20
label_width=24
timestamp=2026-05-17 15:36:41
cwd=/home/grheco/repositorios/stack_protein_prep
python_executable=/home/grheco/repositorios/stack_protein_prep/.pixi/envs/default/bin/python3
[RENDER METRICS]
record_a_header: PDB|1A5H|ATOM|chain_A
record_b_header: sp|P00750|TPA_HUMAN Tissue-type plasminogen activator OS=Homo sapiens OX=9606 GN=PLAT PE=1 SV=1
alignment_length: 562
n_blocks: 10
cell_width: 23
cell_height: 21
image_width: 1748
image_height: 1313
[OUTPUT PNG] /home/grheco/repositorios/stack_protein_prep/data/proteins/1A5H/fasta/alignments/ATOM_chain_A_vs_UniProt.aln.png
[RESULT] rendered alignment PNG -> /home/grheco/repositorios/stack_protein_prep/data/proteins/1A5H/fasta/alignments/ATOM_chain_A_vs_UniProt.aln.png
================================================================================
[2026-05-17 15:36:41] module=alignment_visualization pdb_id=1A5H
================================================================================
alignment_fasta_path=/home/grheco/repositorios/stack_protein_prep/data/proteins/1A5H/fasta/alignments/ATOM_chain_B_vs_UniProt.aln.fasta
output_png_path=/home/grheco/repositorios/stack_protein_prep/data/proteins/1A5H/fasta/alignments/ATOM_chain_B_vs_UniProt.aln.png
residues_per_line=60
font_size=18
header_font_size=20
label_width=24
timestamp=2026-05-17 15:36:41
cwd=/home/grheco/repositorios/stack_protein_prep
python_executable=/home/grheco/repositorios/stack_protein_prep/.pixi/envs/default/bin/python3
[RENDER METRICS]
record_a_header: PDB|1A5H|ATOM|chain_B
record_b_header: sp|P00750|TPA_HUMAN Tissue-type plasminogen activator OS=Homo sapiens OX=9606 GN=PLAT PE=1 SV=1
alignment_length: 562
n_blocks: 10
cell_width: 23
cell_height: 21
image_width: 1748
image_height: 1313
[OUTPUT PNG] /home/grheco/repositorios/stack_protein_prep/data/proteins/1A5H/fasta/alignments/ATOM_chain_B_vs_UniProt.aln.png
[RESULT] rendered alignment PNG -> /home/grheco/repositorios/stack_protein_prep/data/proteins/1A5H/fasta/alignments/ATOM_chain_B_vs_UniProt.aln.png
================================================================================
[2026-05-17 15:45:22] module=alignment_visualization pdb_id=1A5H
================================================================================
alignment_fasta_path=/home/grheco/repositorios/stack_protein_prep/data/proteins/1A5H/fasta/alignments/SEQRES_chain_A_vs_UniProt.aln.fasta
output_png_path=/home/grheco/repositorios/stack_protein_prep/data/proteins/1A5H/fasta/alignments/SEQRES_chain_A_vs_UniProt.aln.png
residues_per_line=60
font_size=18
header_font_size=20
label_width=24
timestamp=2026-05-17 15:45:22
cwd=/home/grheco/repositorios/stack_protein_prep
python_executable=/home/grheco/repositorios/stack_protein_prep/.pixi/envs/default/bin/python3
[RENDER METRICS]
record_a_header: PDB|1A5H|SEQRES|chain_A
record_b_header: sp|P00750|TPA_HUMAN Tissue-type plasminogen activator OS=Homo sapiens OX=9606 GN=PLAT PE=1 SV=1
alignment_length: 562
n_blocks: 10
cell_width: 23
cell_height: 21
image_width: 1748
image_height: 1313
[OUTPUT PNG] /home/grheco/repositorios/stack_protein_prep/data/proteins/1A5H/fasta/alignments/SEQRES_chain_A_vs_UniProt.aln.png
[RESULT] rendered alignment PNG -> /home/grheco/repositorios/stack_protein_prep/data/proteins/1A5H/fasta/alignments/SEQRES_chain_A_vs_UniProt.aln.png
================================================================================
[2026-05-17 15:45:22] module=alignment_visualization pdb_id=1A5H
================================================================================
alignment_fasta_path=/home/grheco/repositorios/stack_protein_prep/data/proteins/1A5H/fasta/alignments/SEQRES_chain_B_vs_UniProt.aln.fasta
output_png_path=/home/grheco/repositorios/stack_protein_prep/data/proteins/1A5H/fasta/alignments/SEQRES_chain_B_vs_UniProt.aln.png
residues_per_line=60
font_size=18
header_font_size=20
label_width=24
timestamp=2026-05-17 15:45:22
cwd=/home/grheco/repositorios/stack_protein_prep
python_executable=/home/grheco/repositorios/stack_protein_prep/.pixi/envs/default/bin/python3
[RENDER METRICS]
record_a_header: PDB|1A5H|SEQRES|chain_B
record_b_header: sp|P00750|TPA_HUMAN Tissue-type plasminogen activator OS=Homo sapiens OX=9606 GN=PLAT PE=1 SV=1
alignment_length: 562
n_blocks: 10
cell_width: 23
cell_height: 21
image_width: 1748
image_height: 1313
[OUTPUT PNG] /home/grheco/repositorios/stack_protein_prep/data/proteins/1A5H/fasta/alignments/SEQRES_chain_B_vs_UniProt.aln.png
[RESULT] rendered alignment PNG -> /home/grheco/repositorios/stack_protein_prep/data/proteins/1A5H/fasta/alignments/SEQRES_chain_B_vs_UniProt.aln.png
================================================================================
[2026-05-17 15:45:22] module=alignment_visualization pdb_id=1A5H
================================================================================
alignment_fasta_path=/home/grheco/repositorios/stack_protein_prep/data/proteins/1A5H/fasta/alignments/ATOM_chain_A_vs_UniProt.aln.fasta
output_png_path=/home/grheco/repositorios/stack_protein_prep/data/proteins/1A5H/fasta/alignments/ATOM_chain_A_vs_UniProt.aln.png
residues_per_line=60
font_size=18
header_font_size=20
label_width=24
timestamp=2026-05-17 15:45:22
cwd=/home/grheco/repositorios/stack_protein_prep
python_executable=/home/grheco/repositorios/stack_protein_prep/.pixi/envs/default/bin/python3
[RENDER METRICS]
record_a_header: PDB|1A5H|ATOM|chain_A
record_b_header: sp|P00750|TPA_HUMAN Tissue-type plasminogen activator OS=Homo sapiens OX=9606 GN=PLAT PE=1 SV=1
alignment_length: 562
n_blocks: 10
cell_width: 23
cell_height: 21
image_width: 1748
image_height: 1313
[OUTPUT PNG] /home/grheco/repositorios/stack_protein_prep/data/proteins/1A5H/fasta/alignments/ATOM_chain_A_vs_UniProt.aln.png
[RESULT] rendered alignment PNG -> /home/grheco/repositorios/stack_protein_prep/data/proteins/1A5H/fasta/alignments/ATOM_chain_A_vs_UniProt.aln.png
================================================================================
[2026-05-17 15:45:23] module=alignment_visualization pdb_id=1A5H
================================================================================
alignment_fasta_path=/home/grheco/repositorios/stack_protein_prep/data/proteins/1A5H/fasta/alignments/ATOM_chain_B_vs_UniProt.aln.fasta
output_png_path=/home/grheco/repositorios/stack_protein_prep/data/proteins/1A5H/fasta/alignments/ATOM_chain_B_vs_UniProt.aln.png
residues_per_line=60
font_size=18
header_font_size=20
label_width=24
timestamp=2026-05-17 15:45:23
cwd=/home/grheco/repositorios/stack_protein_prep
python_executable=/home/grheco/repositorios/stack_protein_prep/.pixi/envs/default/bin/python3
[RENDER METRICS]
record_a_header: PDB|1A5H|ATOM|chain_B
record_b_header: sp|P00750|TPA_HUMAN Tissue-type plasminogen activator OS=Homo sapiens OX=9606 GN=PLAT PE=1 SV=1
alignment_length: 562
n_blocks: 10
cell_width: 23
cell_height: 21
image_width: 1748
image_height: 1313
[OUTPUT PNG] /home/grheco/repositorios/stack_protein_prep/data/proteins/1A5H/fasta/alignments/ATOM_chain_B_vs_UniProt.aln.png
[RESULT] rendered alignment PNG -> /home/grheco/repositorios/stack_protein_prep/data/proteins/1A5H/fasta/alignments/ATOM_chain_B_vs_UniProt.aln.png
================================================================================
[2026-05-17 17:17:29] module=alignment_visualization pdb_id=1A5H
================================================================================
alignment_fasta_path=/home/grheco/repositorios/stack_protein_prep/data/proteins/1A5H/fasta/alignments/SEQRES_chain_A_vs_UniProt.aln.fasta
output_png_path=/home/grheco/repositorios/stack_protein_prep/data/proteins/1A5H/fasta/alignments/SEQRES_chain_A_vs_UniProt.aln.png
residues_per_line=60
font_size=18
header_font_size=20
label_width=24
timestamp=2026-05-17 17:17:29
cwd=/home/grheco/repositorios/stack_protein_prep
python_executable=/home/grheco/repositorios/stack_protein_prep/.pixi/envs/default/bin/python3
[RENDER METRICS]
record_a_header: PDB|1A5H|SEQRES|chain_A
record_b_header: sp|P00750|TPA_HUMAN Tissue-type plasminogen activator OS=Homo sapiens OX=9606 GN=PLAT PE=1 SV=1
alignment_length: 562
n_blocks: 10
cell_width: 23
cell_height: 21
image_width: 1748
image_height: 1313
[OUTPUT PNG] /home/grheco/repositorios/stack_protein_prep/data/proteins/1A5H/fasta/alignments/SEQRES_chain_A_vs_UniProt.aln.png
[RESULT] rendered alignment PNG -> /home/grheco/repositorios/stack_protein_prep/data/proteins/1A5H/fasta/alignments/SEQRES_chain_A_vs_UniProt.aln.png
================================================================================
[2026-05-17 17:17:29] module=alignment_visualization pdb_id=1A5H
================================================================================
alignment_fasta_path=/home/grheco/repositorios/stack_protein_prep/data/proteins/1A5H/fasta/alignments/SEQRES_chain_B_vs_UniProt.aln.fasta
output_png_path=/home/grheco/repositorios/stack_protein_prep/data/proteins/1A5H/fasta/alignments/SEQRES_chain_B_vs_UniProt.aln.png
residues_per_line=60
font_size=18
header_font_size=20
label_width=24
timestamp=2026-05-17 17:17:29
cwd=/home/grheco/repositorios/stack_protein_prep
python_executable=/home/grheco/repositorios/stack_protein_prep/.pixi/envs/default/bin/python3
[RENDER METRICS]
record_a_header: PDB|1A5H|SEQRES|chain_B
record_b_header: sp|P00750|TPA_HUMAN Tissue-type plasminogen activator OS=Homo sapiens OX=9606 GN=PLAT PE=1 SV=1
alignment_length: 562
n_blocks: 10
cell_width: 23
cell_height: 21
image_width: 1748
image_height: 1313
[OUTPUT PNG] /home/grheco/repositorios/stack_protein_prep/data/proteins/1A5H/fasta/alignments/SEQRES_chain_B_vs_UniProt.aln.png
[RESULT] rendered alignment PNG -> /home/grheco/repositorios/stack_protein_prep/data/proteins/1A5H/fasta/alignments/SEQRES_chain_B_vs_UniProt.aln.png
================================================================================
[2026-05-17 17:17:29] module=alignment_visualization pdb_id=1A5H
================================================================================
alignment_fasta_path=/home/grheco/repositorios/stack_protein_prep/data/proteins/1A5H/fasta/alignments/ATOM_chain_A_vs_UniProt.aln.fasta
output_png_path=/home/grheco/repositorios/stack_protein_prep/data/proteins/1A5H/fasta/alignments/ATOM_chain_A_vs_UniProt.aln.png
residues_per_line=60
font_size=18
header_font_size=20
label_width=24
timestamp=2026-05-17 17:17:29
cwd=/home/grheco/repositorios/stack_protein_prep
python_executable=/home/grheco/repositorios/stack_protein_prep/.pixi/envs/default/bin/python3
[RENDER METRICS]
record_a_header: PDB|1A5H|ATOM|chain_A
record_b_header: sp|P00750|TPA_HUMAN Tissue-type plasminogen activator OS=Homo sapiens OX=9606 GN=PLAT PE=1 SV=1
alignment_length: 562
n_blocks: 10
cell_width: 23
cell_height: 21
image_width: 1748
image_height: 1313
[OUTPUT PNG] /home/grheco/repositorios/stack_protein_prep/data/proteins/1A5H/fasta/alignments/ATOM_chain_A_vs_UniProt.aln.png
[RESULT] rendered alignment PNG -> /home/grheco/repositorios/stack_protein_prep/data/proteins/1A5H/fasta/alignments/ATOM_chain_A_vs_UniProt.aln.png
================================================================================
[2026-05-17 17:17:29] module=alignment_visualization pdb_id=1A5H
================================================================================
alignment_fasta_path=/home/grheco/repositorios/stack_protein_prep/data/proteins/1A5H/fasta/alignments/ATOM_chain_B_vs_UniProt.aln.fasta
output_png_path=/home/grheco/repositorios/stack_protein_prep/data/proteins/1A5H/fasta/alignments/ATOM_chain_B_vs_UniProt.aln.png
residues_per_line=60
font_size=18
header_font_size=20
label_width=24
timestamp=2026-05-17 17:17:29
cwd=/home/grheco/repositorios/stack_protein_prep
python_executable=/home/grheco/repositorios/stack_protein_prep/.pixi/envs/default/bin/python3
[RENDER METRICS]
record_a_header: PDB|1A5H|ATOM|chain_B
record_b_header: sp|P00750|TPA_HUMAN Tissue-type plasminogen activator OS=Homo sapiens OX=9606 GN=PLAT PE=1 SV=1
alignment_length: 562
n_blocks: 10
cell_width: 23
cell_height: 21
image_width: 1748
image_height: 1313
[OUTPUT PNG] /home/grheco/repositorios/stack_protein_prep/data/proteins/1A5H/fasta/alignments/ATOM_chain_B_vs_UniProt.aln.png
[RESULT] rendered alignment PNG -> /home/grheco/repositorios/stack_protein_prep/data/proteins/1A5H/fasta/alignments/ATOM_chain_B_vs_UniProt.aln.png
================================================================================
[2026-05-17 17:42:38] module=alignment_visualization pdb_id=1A5H
================================================================================
alignment_fasta_path=/home/grheco/repositorios/stack_protein_prep/data/proteins/1A5H/fasta/alignments/SEQRES_chain_A_vs_UniProt.aln.fasta
output_png_path=/home/grheco/repositorios/stack_protein_prep/data/proteins/1A5H/fasta/alignments/SEQRES_chain_A_vs_UniProt.aln.png
residues_per_line=60
font_size=18
header_font_size=20
label_width=24
timestamp=2026-05-17 17:42:38
cwd=/home/grheco/repositorios/stack_protein_prep
python_executable=/home/grheco/repositorios/stack_protein_prep/.pixi/envs/default/bin/python
[RENDER METRICS]
record_a_header: PDB|1A5H|SEQRES|chain_A
record_b_header: sp|P00750|TPA_HUMAN Tissue-type plasminogen activator OS=Homo sapiens OX=9606 GN=PLAT PE=1 SV=1
alignment_length: 562
n_blocks: 10
cell_width: 23
cell_height: 21
image_width: 1748
image_height: 1313
[OUTPUT PNG] /home/grheco/repositorios/stack_protein_prep/data/proteins/1A5H/fasta/alignments/SEQRES_chain_A_vs_UniProt.aln.png
[RESULT] rendered alignment PNG -> /home/grheco/repositorios/stack_protein_prep/data/proteins/1A5H/fasta/alignments/SEQRES_chain_A_vs_UniProt.aln.png
================================================================================
[2026-05-17 17:42:39] module=alignment_visualization pdb_id=1A5H
================================================================================
alignment_fasta_path=/home/grheco/repositorios/stack_protein_prep/data/proteins/1A5H/fasta/alignments/SEQRES_chain_B_vs_UniProt.aln.fasta
output_png_path=/home/grheco/repositorios/stack_protein_prep/data/proteins/1A5H/fasta/alignments/SEQRES_chain_B_vs_UniProt.aln.png
residues_per_line=60
font_size=18
header_font_size=20
label_width=24
timestamp=2026-05-17 17:42:39
cwd=/home/grheco/repositorios/stack_protein_prep
python_executable=/home/grheco/repositorios/stack_protein_prep/.pixi/envs/default/bin/python
[RENDER METRICS]
record_a_header: PDB|1A5H|SEQRES|chain_B
record_b_header: sp|P00750|TPA_HUMAN Tissue-type plasminogen activator OS=Homo sapiens OX=9606 GN=PLAT PE=1 SV=1
alignment_length: 562
n_blocks: 10
cell_width: 23
cell_height: 21
image_width: 1748
image_height: 1313
[OUTPUT PNG] /home/grheco/repositorios/stack_protein_prep/data/proteins/1A5H/fasta/alignments/SEQRES_chain_B_vs_UniProt.aln.png
[RESULT] rendered alignment PNG -> /home/grheco/repositorios/stack_protein_prep/data/proteins/1A5H/fasta/alignments/SEQRES_chain_B_vs_UniProt.aln.png
================================================================================
[2026-05-17 17:42:39] module=alignment_visualization pdb_id=1A5H
================================================================================
alignment_fasta_path=/home/grheco/repositorios/stack_protein_prep/data/proteins/1A5H/fasta/alignments/ATOM_chain_A_vs_UniProt.aln.fasta
output_png_path=/home/grheco/repositorios/stack_protein_prep/data/proteins/1A5H/fasta/alignments/ATOM_chain_A_vs_UniProt.aln.png
residues_per_line=60
font_size=18
header_font_size=20
label_width=24
timestamp=2026-05-17 17:42:39
cwd=/home/grheco/repositorios/stack_protein_prep
python_executable=/home/grheco/repositorios/stack_protein_prep/.pixi/envs/default/bin/python
[RENDER METRICS]
record_a_header: PDB|1A5H|ATOM|chain_A
record_b_header: sp|P00750|TPA_HUMAN Tissue-type plasminogen activator OS=Homo sapiens OX=9606 GN=PLAT PE=1 SV=1
alignment_length: 562
n_blocks: 10
cell_width: 23
cell_height: 21
image_width: 1748
image_height: 1313
[OUTPUT PNG] /home/grheco/repositorios/stack_protein_prep/data/proteins/1A5H/fasta/alignments/ATOM_chain_A_vs_UniProt.aln.png
[RESULT] rendered alignment PNG -> /home/grheco/repositorios/stack_protein_prep/data/proteins/1A5H/fasta/alignments/ATOM_chain_A_vs_UniProt.aln.png
================================================================================
[2026-05-17 17:42:39] module=alignment_visualization pdb_id=1A5H
================================================================================
alignment_fasta_path=/home/grheco/repositorios/stack_protein_prep/data/proteins/1A5H/fasta/alignments/ATOM_chain_B_vs_UniProt.aln.fasta
output_png_path=/home/grheco/repositorios/stack_protein_prep/data/proteins/1A5H/fasta/alignments/ATOM_chain_B_vs_UniProt.aln.png
residues_per_line=60
font_size=18
header_font_size=20
label_width=24
timestamp=2026-05-17 17:42:39
cwd=/home/grheco/repositorios/stack_protein_prep
python_executable=/home/grheco/repositorios/stack_protein_prep/.pixi/envs/default/bin/python
[RENDER METRICS]
record_a_header: PDB|1A5H|ATOM|chain_B
record_b_header: sp|P00750|TPA_HUMAN Tissue-type plasminogen activator OS=Homo sapiens OX=9606 GN=PLAT PE=1 SV=1
alignment_length: 562
n_blocks: 10
cell_width: 23
cell_height: 21
image_width: 1748
image_height: 1313
[OUTPUT PNG] /home/grheco/repositorios/stack_protein_prep/data/proteins/1A5H/fasta/alignments/ATOM_chain_B_vs_UniProt.aln.png
[RESULT] rendered alignment PNG -> /home/grheco/repositorios/stack_protein_prep/data/proteins/1A5H/fasta/alignments/ATOM_chain_B_vs_UniProt.aln.png
================================================================================
[2026-05-17 17:44:49] module=alignment_visualization pdb_id=1A5H
================================================================================
alignment_fasta_path=/home/grheco/repositorios/stack_protein_prep/data/proteins/1A5H/fasta/alignments/SEQRES_chain_A_vs_UniProt.aln.fasta
output_png_path=/home/grheco/repositorios/stack_protein_prep/data/proteins/1A5H/fasta/alignments/SEQRES_chain_A_vs_UniProt.aln.png
residues_per_line=60
font_size=18
header_font_size=20
label_width=24
timestamp=2026-05-17 17:44:49
cwd=/home/grheco/repositorios/stack_protein_prep
python_executable=/home/grheco/repositorios/stack_protein_prep/.pixi/envs/default/bin/python3
[RENDER METRICS]
record_a_header: PDB|1A5H|SEQRES|chain_A
record_b_header: sp|P00750|TPA_HUMAN Tissue-type plasminogen activator OS=Homo sapiens OX=9606 GN=PLAT PE=1 SV=1
alignment_length: 562
n_blocks: 10
cell_width: 23
cell_height: 21
image_width: 1748
image_height: 1313
[OUTPUT PNG] /home/grheco/repositorios/stack_protein_prep/data/proteins/1A5H/fasta/alignments/SEQRES_chain_A_vs_UniProt.aln.png
[RESULT] rendered alignment PNG -> /home/grheco/repositorios/stack_protein_prep/data/proteins/1A5H/fasta/alignments/SEQRES_chain_A_vs_UniProt.aln.png
================================================================================
[2026-05-17 17:44:50] module=alignment_visualization pdb_id=1A5H
================================================================================
alignment_fasta_path=/home/grheco/repositorios/stack_protein_prep/data/proteins/1A5H/fasta/alignments/SEQRES_chain_B_vs_UniProt.aln.fasta
output_png_path=/home/grheco/repositorios/stack_protein_prep/data/proteins/1A5H/fasta/alignments/SEQRES_chain_B_vs_UniProt.aln.png
residues_per_line=60
font_size=18
header_font_size=20
label_width=24
timestamp=2026-05-17 17:44:50
cwd=/home/grheco/repositorios/stack_protein_prep
python_executable=/home/grheco/repositorios/stack_protein_prep/.pixi/envs/default/bin/python3
[RENDER METRICS]
record_a_header: PDB|1A5H|SEQRES|chain_B
record_b_header: sp|P00750|TPA_HUMAN Tissue-type plasminogen activator OS=Homo sapiens OX=9606 GN=PLAT PE=1 SV=1
alignment_length: 562
n_blocks: 10
cell_width: 23
cell_height: 21
image_width: 1748
image_height: 1313
[OUTPUT PNG] /home/grheco/repositorios/stack_protein_prep/data/proteins/1A5H/fasta/alignments/SEQRES_chain_B_vs_UniProt.aln.png
[RESULT] rendered alignment PNG -> /home/grheco/repositorios/stack_protein_prep/data/proteins/1A5H/fasta/alignments/SEQRES_chain_B_vs_UniProt.aln.png
================================================================================
[2026-05-17 17:44:50] module=alignment_visualization pdb_id=1A5H
================================================================================
alignment_fasta_path=/home/grheco/repositorios/stack_protein_prep/data/proteins/1A5H/fasta/alignments/ATOM_chain_A_vs_UniProt.aln.fasta
output_png_path=/home/grheco/repositorios/stack_protein_prep/data/proteins/1A5H/fasta/alignments/ATOM_chain_A_vs_UniProt.aln.png
residues_per_line=60
font_size=18
header_font_size=20
label_width=24
timestamp=2026-05-17 17:44:50
cwd=/home/grheco/repositorios/stack_protein_prep
python_executable=/home/grheco/repositorios/stack_protein_prep/.pixi/envs/default/bin/python3
[RENDER METRICS]
record_a_header: PDB|1A5H|ATOM|chain_A
record_b_header: sp|P00750|TPA_HUMAN Tissue-type plasminogen activator OS=Homo sapiens OX=9606 GN=PLAT PE=1 SV=1
alignment_length: 562
n_blocks: 10
cell_width: 23
cell_height: 21
image_width: 1748
image_height: 1313
[OUTPUT PNG] /home/grheco/repositorios/stack_protein_prep/data/proteins/1A5H/fasta/alignments/ATOM_chain_A_vs_UniProt.aln.png
[RESULT] rendered alignment PNG -> /home/grheco/repositorios/stack_protein_prep/data/proteins/1A5H/fasta/alignments/ATOM_chain_A_vs_UniProt.aln.png
================================================================================
[2026-05-17 17:44:50] module=alignment_visualization pdb_id=1A5H
================================================================================
alignment_fasta_path=/home/grheco/repositorios/stack_protein_prep/data/proteins/1A5H/fasta/alignments/ATOM_chain_B_vs_UniProt.aln.fasta
output_png_path=/home/grheco/repositorios/stack_protein_prep/data/proteins/1A5H/fasta/alignments/ATOM_chain_B_vs_UniProt.aln.png
residues_per_line=60
font_size=18
header_font_size=20
label_width=24
timestamp=2026-05-17 17:44:50
cwd=/home/grheco/repositorios/stack_protein_prep
python_executable=/home/grheco/repositorios/stack_protein_prep/.pixi/envs/default/bin/python3
[RENDER METRICS]
record_a_header: PDB|1A5H|ATOM|chain_B
record_b_header: sp|P00750|TPA_HUMAN Tissue-type plasminogen activator OS=Homo sapiens OX=9606 GN=PLAT PE=1 SV=1
alignment_length: 562
n_blocks: 10
cell_width: 23
cell_height: 21
image_width: 1748
image_height: 1313
[OUTPUT PNG] /home/grheco/repositorios/stack_protein_prep/data/proteins/1A5H/fasta/alignments/ATOM_chain_B_vs_UniProt.aln.png
[RESULT] rendered alignment PNG -> /home/grheco/repositorios/stack_protein_prep/data/proteins/1A5H/fasta/alignments/ATOM_chain_B_vs_UniProt.aln.png
================================================================================
[2026-05-17 18:12:02] module=alignment_visualization pdb_id=1A5H
================================================================================
alignment_fasta_path=/home/grheco/repositorios/stack_protein_prep/data/proteins/1A5H/fasta/alignments/SEQRES_chain_A_vs_UniProt.aln.fasta
output_png_path=/home/grheco/repositorios/stack_protein_prep/data/proteins/1A5H/fasta/alignments/SEQRES_chain_A_vs_UniProt.aln.png
residues_per_line=60
font_size=18
header_font_size=20
label_width=24
timestamp=2026-05-17 18:12:02
cwd=/home/grheco/repositorios/stack_protein_prep
python_executable=/home/grheco/repositorios/stack_protein_prep/.pixi/envs/default/bin/python
[RENDER METRICS]
record_a_header: PDB|1A5H|SEQRES|chain_A
record_b_header: sp|P00750|TPA_HUMAN Tissue-type plasminogen activator OS=Homo sapiens OX=9606 GN=PLAT PE=1 SV=1
alignment_length: 562
n_blocks: 10
cell_width: 23
cell_height: 21
image_width: 1748
image_height: 1313
[OUTPUT PNG] /home/grheco/repositorios/stack_protein_prep/data/proteins/1A5H/fasta/alignments/SEQRES_chain_A_vs_UniProt.aln.png
[RESULT] rendered alignment PNG -> /home/grheco/repositorios/stack_protein_prep/data/proteins/1A5H/fasta/alignments/SEQRES_chain_A_vs_UniProt.aln.png
================================================================================
[2026-05-17 18:12:02] module=alignment_visualization pdb_id=1A5H
================================================================================
alignment_fasta_path=/home/grheco/repositorios/stack_protein_prep/data/proteins/1A5H/fasta/alignments/SEQRES_chain_B_vs_UniProt.aln.fasta
output_png_path=/home/grheco/repositorios/stack_protein_prep/data/proteins/1A5H/fasta/alignments/SEQRES_chain_B_vs_UniProt.aln.png
residues_per_line=60
font_size=18
header_font_size=20
label_width=24
timestamp=2026-05-17 18:12:02
cwd=/home/grheco/repositorios/stack_protein_prep
python_executable=/home/grheco/repositorios/stack_protein_prep/.pixi/envs/default/bin/python
[RENDER METRICS]
record_a_header: PDB|1A5H|SEQRES|chain_B
record_b_header: sp|P00750|TPA_HUMAN Tissue-type plasminogen activator OS=Homo sapiens OX=9606 GN=PLAT PE=1 SV=1
alignment_length: 562
n_blocks: 10
cell_width: 23
cell_height: 21
image_width: 1748
image_height: 1313
[OUTPUT PNG] /home/grheco/repositorios/stack_protein_prep/data/proteins/1A5H/fasta/alignments/SEQRES_chain_B_vs_UniProt.aln.png
[RESULT] rendered alignment PNG -> /home/grheco/repositorios/stack_protein_prep/data/proteins/1A5H/fasta/alignments/SEQRES_chain_B_vs_UniProt.aln.png
================================================================================
[2026-05-17 18:12:02] module=alignment_visualization pdb_id=1A5H
================================================================================
alignment_fasta_path=/home/grheco/repositorios/stack_protein_prep/data/proteins/1A5H/fasta/alignments/ATOM_chain_A_vs_UniProt.aln.fasta
output_png_path=/home/grheco/repositorios/stack_protein_prep/data/proteins/1A5H/fasta/alignments/ATOM_chain_A_vs_UniProt.aln.png
residues_per_line=60
font_size=18
header_font_size=20
label_width=24
timestamp=2026-05-17 18:12:02
cwd=/home/grheco/repositorios/stack_protein_prep
python_executable=/home/grheco/repositorios/stack_protein_prep/.pixi/envs/default/bin/python
[RENDER METRICS]
record_a_header: PDB|1A5H|ATOM|chain_A
record_b_header: sp|P00750|TPA_HUMAN Tissue-type plasminogen activator OS=Homo sapiens OX=9606 GN=PLAT PE=1 SV=1
alignment_length: 562
n_blocks: 10
cell_width: 23
cell_height: 21
image_width: 1748
image_height: 1313
[OUTPUT PNG] /home/grheco/repositorios/stack_protein_prep/data/proteins/1A5H/fasta/alignments/ATOM_chain_A_vs_UniProt.aln.png
[RESULT] rendered alignment PNG -> /home/grheco/repositorios/stack_protein_prep/data/proteins/1A5H/fasta/alignments/ATOM_chain_A_vs_UniProt.aln.png
================================================================================
[2026-05-17 18:12:02] module=alignment_visualization pdb_id=1A5H
================================================================================
alignment_fasta_path=/home/grheco/repositorios/stack_protein_prep/data/proteins/1A5H/fasta/alignments/ATOM_chain_B_vs_UniProt.aln.fasta
output_png_path=/home/grheco/repositorios/stack_protein_prep/data/proteins/1A5H/fasta/alignments/ATOM_chain_B_vs_UniProt.aln.png
residues_per_line=60
font_size=18
header_font_size=20
label_width=24
timestamp=2026-05-17 18:12:02
cwd=/home/grheco/repositorios/stack_protein_prep
python_executable=/home/grheco/repositorios/stack_protein_prep/.pixi/envs/default/bin/python
[RENDER METRICS]
record_a_header: PDB|1A5H|ATOM|chain_B
record_b_header: sp|P00750|TPA_HUMAN Tissue-type plasminogen activator OS=Homo sapiens OX=9606 GN=PLAT PE=1 SV=1
alignment_length: 562
n_blocks: 10
cell_width: 23
cell_height: 21
image_width: 1748
image_height: 1313
[OUTPUT PNG] /home/grheco/repositorios/stack_protein_prep/data/proteins/1A5H/fasta/alignments/ATOM_chain_B_vs_UniProt.aln.png
[RESULT] rendered alignment PNG -> /home/grheco/repositorios/stack_protein_prep/data/proteins/1A5H/fasta/alignments/ATOM_chain_B_vs_UniProt.aln.png
