================================================================================
[2026-05-17 14:44:18] module=fasta_files pdb_id=1A5H
================================================================================
pdb_directory=/home/grheco/repositorios/stack_protein_prep/data/proteins/1A5H
pdb_file_path=/home/grheco/repositorios/stack_protein_prep/data/proteins/1A5H/1A5H.pdb
fasta_directory=/home/grheco/repositorios/stack_protein_prep/data/proteins/1A5H/fasta
residue_range=16-243
[CHAIN SELECTION]
relevant_chain_ids=A,B
[SEQRES FASTA]
chain_count: 2
chains: A, B
output_path: /home/grheco/repositorios/stack_protein_prep/data/proteins/1A5H/fasta/PDB-1A5H-SEQRES.fasta
[ATOM FASTA]
chain_count: 2
chains: A, B
output_path: /home/grheco/repositorios/stack_protein_prep/data/proteins/1A5H/fasta/PDB-1A5H-ATOM.fasta
[UNIPROT QUERY]
pdb_id: 1A5H
query: xref:pdb-1A5H
request_url: https://rest.uniprot.org/uniprotkb/search?query=xref%3Apdb-1A5H&format=fasta
[UNIPROT RESULT] entry_count=1
accession=P00750 header=sp|P00750|TPA_HUMAN Tissue-type plasminogen activator OS=Homo sapiens OX=9606 GN=PLAT PE=1 SV=1
[UNIPROT FASTA]
entry_count: 1
accessions: P00750
================================================================================
[2026-05-17 15:36:36] module=fasta_files pdb_id=1A5H
================================================================================
pdb_directory=/home/grheco/repositorios/stack_protein_prep/data/proteins/1A5H
pdb_file_path=/home/grheco/repositorios/stack_protein_prep/data/proteins/1A5H/1A5H.pdb
fasta_directory=/home/grheco/repositorios/stack_protein_prep/data/proteins/1A5H/fasta
residue_range=16-243
[CHAIN SELECTION]
relevant_chain_ids=A,B
[SEQRES FASTA]
chain_count: 2
chains: A, B
output_path: /home/grheco/repositorios/stack_protein_prep/data/proteins/1A5H/fasta/PDB-1A5H-SEQRES.fasta
[ATOM FASTA]
chain_count: 2
chains: A, B
output_path: /home/grheco/repositorios/stack_protein_prep/data/proteins/1A5H/fasta/PDB-1A5H-ATOM.fasta
[UNIPROT QUERY]
pdb_id: 1A5H
query: xref:pdb-1A5H
request_url: https://rest.uniprot.org/uniprotkb/search?query=xref%3Apdb-1A5H&format=fasta
[UNIPROT RESULT] entry_count=1
accession=P00750 header=sp|P00750|TPA_HUMAN Tissue-type plasminogen activator OS=Homo sapiens OX=9606 GN=PLAT PE=1 SV=1
[UNIPROT FASTA]
entry_count: 1
accessions: P00750
================================================================================
[2026-05-17 15:45:17] module=fasta_files pdb_id=1A5H
================================================================================
pdb_directory=/home/grheco/repositorios/stack_protein_prep/data/proteins/1A5H
pdb_file_path=/home/grheco/repositorios/stack_protein_prep/data/proteins/1A5H/1A5H.pdb
fasta_directory=/home/grheco/repositorios/stack_protein_prep/data/proteins/1A5H/fasta
residue_range=16-243
[CHAIN SELECTION]
relevant_chain_ids=A,B
[SEQRES FASTA]
chain_count: 2
chains: A, B
output_path: /home/grheco/repositorios/stack_protein_prep/data/proteins/1A5H/fasta/PDB-1A5H-SEQRES.fasta
[ATOM FASTA]
chain_count: 2
chains: A, B
output_path: /home/grheco/repositorios/stack_protein_prep/data/proteins/1A5H/fasta/PDB-1A5H-ATOM.fasta
[UNIPROT QUERY]
pdb_id: 1A5H
query: xref:pdb-1A5H
request_url: https://rest.uniprot.org/uniprotkb/search?query=xref%3Apdb-1A5H&format=fasta
[UNIPROT RESULT] entry_count=1
accession=P00750 header=sp|P00750|TPA_HUMAN Tissue-type plasminogen activator OS=Homo sapiens OX=9606 GN=PLAT PE=1 SV=1
[UNIPROT FASTA]
entry_count: 1
accessions: P00750
================================================================================
[2026-05-17 17:17:24] module=fasta_files pdb_id=1A5H
================================================================================
pdb_directory=/home/grheco/repositorios/stack_protein_prep/data/proteins/1A5H
pdb_file_path=/home/grheco/repositorios/stack_protein_prep/data/proteins/1A5H/1A5H.pdb
fasta_directory=/home/grheco/repositorios/stack_protein_prep/data/proteins/1A5H/fasta
residue_range=16-243
[CHAIN SELECTION]
relevant_chain_ids=A,B
[SEQRES FASTA]
chain_count: 2
chains: A, B
output_path: /home/grheco/repositorios/stack_protein_prep/data/proteins/1A5H/fasta/PDB-1A5H-SEQRES.fasta
[ATOM FASTA]
chain_count: 2
chains: A, B
output_path: /home/grheco/repositorios/stack_protein_prep/data/proteins/1A5H/fasta/PDB-1A5H-ATOM.fasta
[UNIPROT QUERY]
pdb_id: 1A5H
query: xref:pdb-1A5H
request_url: https://rest.uniprot.org/uniprotkb/search?query=xref%3Apdb-1A5H&format=fasta
[UNIPROT RESULT] entry_count=1
accession=P00750 header=sp|P00750|TPA_HUMAN Tissue-type plasminogen activator OS=Homo sapiens OX=9606 GN=PLAT PE=1 SV=1
[UNIPROT FASTA]
entry_count: 1
accessions: P00750
================================================================================
[2026-05-17 17:42:33] module=fasta_files pdb_id=1A5H
================================================================================
pdb_directory=/home/grheco/repositorios/stack_protein_prep/data/proteins/1A5H
pdb_file_path=/home/grheco/repositorios/stack_protein_prep/data/proteins/1A5H/1A5H.pdb
fasta_directory=/home/grheco/repositorios/stack_protein_prep/data/proteins/1A5H/fasta
residue_range=16-243
[CHAIN SELECTION]
relevant_chain_ids=A,B
[SEQRES FASTA]
chain_count: 2
chains: A, B
output_path: /home/grheco/repositorios/stack_protein_prep/data/proteins/1A5H/fasta/PDB-1A5H-SEQRES.fasta
[ATOM FASTA]
chain_count: 2
chains: A, B
output_path: /home/grheco/repositorios/stack_protein_prep/data/proteins/1A5H/fasta/PDB-1A5H-ATOM.fasta
[UNIPROT QUERY]
pdb_id: 1A5H
query: xref:pdb-1A5H
request_url: https://rest.uniprot.org/uniprotkb/search?query=xref%3Apdb-1A5H&format=fasta
[UNIPROT RESULT] entry_count=1
accession=P00750 header=sp|P00750|TPA_HUMAN Tissue-type plasminogen activator OS=Homo sapiens OX=9606 GN=PLAT PE=1 SV=1
[UNIPROT FASTA]
entry_count: 1
accessions: P00750
================================================================================
[2026-05-17 17:44:44] module=fasta_files pdb_id=1A5H
================================================================================
pdb_directory=/home/grheco/repositorios/stack_protein_prep/data/proteins/1A5H
pdb_file_path=/home/grheco/repositorios/stack_protein_prep/data/proteins/1A5H/1A5H.pdb
fasta_directory=/home/grheco/repositorios/stack_protein_prep/data/proteins/1A5H/fasta
residue_range=16-243
[CHAIN SELECTION]
relevant_chain_ids=A,B
[SEQRES FASTA]
chain_count: 2
chains: A, B
output_path: /home/grheco/repositorios/stack_protein_prep/data/proteins/1A5H/fasta/PDB-1A5H-SEQRES.fasta
[ATOM FASTA]
chain_count: 2
chains: A, B
output_path: /home/grheco/repositorios/stack_protein_prep/data/proteins/1A5H/fasta/PDB-1A5H-ATOM.fasta
[UNIPROT QUERY]
pdb_id: 1A5H
query: xref:pdb-1A5H
request_url: https://rest.uniprot.org/uniprotkb/search?query=xref%3Apdb-1A5H&format=fasta
[UNIPROT RESULT] entry_count=1
accession=P00750 header=sp|P00750|TPA_HUMAN Tissue-type plasminogen activator OS=Homo sapiens OX=9606 GN=PLAT PE=1 SV=1
[UNIPROT FASTA]
entry_count: 1
accessions: P00750
