sanitize_pdb_for_gromacs
========================

pdb_id                       : 1A5H
variant_label                : single
input_pdb_path               : /home/grheco/repositorios/stack_protein_prep/data/proteins/1A5H/components/1A5H_protein_monomer.pdb
output_pdb_path              : /home/grheco/repositorios/stack_protein_prep/data/proteins/1A5H/components/.tmp_sanitized_protonation/1A5H_single_sanitized.pdb
output_written               : True
can_run_gromacs              : True
status                       : warning
atom_count_in                : 2414
atom_count_out               : 2414
residue_count_out            : 251
selected_altloc_count        : 0
dropped_altloc_atom_count    : 0
normalized_occupancy_count   : 593
dropped_heterogen_atom_count : 0
nonstandard_residue_names    : <none>
missing_heavy_atom_count     : 12
force_field_template_path    : /home/grheco/repositorios/stack_protein_prep/.pixi/envs/default/share/gromacs/top/amber99sb-ildn.ff/aminoacids.rtp

issues
------
[warning] occupancy_normalized: 593 selected atoms had occupancy other than 1.00 and will be written as 1.00.
[warning] missing_standard_heavy_atoms: Residue ILE A 16 is missing expected heavy atoms: CD
[warning] missing_standard_heavy_atoms: Residue ILE A 24 is missing expected heavy atoms: CD
[warning] missing_standard_heavy_atoms: Residue ILE A 33 is missing expected heavy atoms: CD
[warning] missing_standard_heavy_atoms: Residue ILE A 50 is missing expected heavy atoms: CD
[warning] missing_standard_heavy_atoms: Residue ILE A 52 is missing expected heavy atoms: CD
[warning] missing_standard_heavy_atoms: Residue ILE A 57 is missing expected heavy atoms: CD
[warning] missing_standard_heavy_atoms: Residue ILE A 76 is missing expected heavy atoms: CD
[warning] missing_standard_heavy_atoms: Residue ILE A 98 is missing expected heavy atoms: CD
[warning] missing_standard_heavy_atoms: Residue ILE A 112 is missing expected heavy atoms: CD
[warning] missing_standard_heavy_atoms: Residue ILE A 235 is missing expected heavy atoms: CD
[warning] missing_standard_heavy_atoms: Residue ILE A 236 is missing expected heavy atoms: CD
[warning] missing_standard_heavy_atoms: Residue ILE A 262 is missing expected heavy atoms: CD
