sanitize_pdb_for_gromacs
========================

pdb_id                       : 1A5H
variant_label                : prepared_single
input_pdb_path               : /home/grheco/repositorios/stack_protein_prep/data/proteins/1A5H/prepared/single/1A5H.pdb
output_pdb_path              : /home/grheco/repositorios/stack_protein_prep/data/proteins/1A5H/components/.tmp_sanitized_variant_audit/1A5H_single_prepared_sanitized.pdb
output_written               : True
can_run_gromacs              : True
status                       : warning
atom_count_in                : 3904
atom_count_out               : 3868
residue_count_out            : 251
selected_altloc_count        : 0
dropped_altloc_atom_count    : 0
normalized_occupancy_count   : 8
dropped_heterogen_atom_count : 36
nonstandard_residue_names    : <none>
missing_heavy_atom_count     : 1
force_field_template_path    : /home/grheco/repositorios/stack_protein_prep/.pixi/envs/default/share/gromacs/top/amber99sb-ildn.ff/aminoacids.rtp

issues
------
[warning] occupancy_normalized: 8 selected atoms had occupancy other than 1.00 and will be written as 1.00.
[warning] missing_standard_heavy_atoms: Residue ARG A 267 is missing expected heavy atoms: O
[info] heterogens_dropped: Dropped 36 non-polymer HETATM atoms from the protein-only route.
