               :-) GROMACS - gmx pdb2gmx, 2026.0-conda_forge (-:

Executable:   /home/grheco/repositorios/stack_protein_prep/.pixi/envs/default/bin.AVX2_256/gmx
Data prefix:  /home/grheco/repositorios/stack_protein_prep/.pixi/envs/default
Working dir:  /home/grheco/repositorios/stack_protein_prep/data/proteins/3RM2/components
Command line:
  gmx pdb2gmx -f /home/grheco/repositorios/stack_protein_prep/data/proteins/3RM2/components/.tmp_sanitized_protonation/3RM2_gaps_fragment_04_sanitized.pdb -o 3RM2_proteinH_gaps_fragment_04.pdb -p 3RM2_proteinH_gaps_fragment_04.top -i 3RM2_proteinH_gaps_fragment_04_posre.itp -ff amber99sb-ildn -water tip3p -chainsep id_or_ter -merge no -ignh

Opening force field file /home/grheco/repositorios/stack_protein_prep/.pixi/envs/default/share/gromacs/top/amber99sb-ildn.ff/aminoacids.r2b
Opening force field file /home/grheco/repositorios/stack_protein_prep/.pixi/envs/default/share/gromacs/top/amber99sb-ildn.ff/dna.r2b
Opening force field file /home/grheco/repositorios/stack_protein_prep/.pixi/envs/default/share/gromacs/top/amber99sb-ildn.ff/rna.r2b
All occupancies are one
Opening force field file /home/grheco/repositorios/stack_protein_prep/.pixi/envs/default/share/gromacs/top/amber99sb-ildn.ff/atomtypes.atp
Opening force field file /home/grheco/repositorios/stack_protein_prep/.pixi/envs/default/share/gromacs/top/amber99sb-ildn.ff/aminoacids.rtp
Opening force field file /home/grheco/repositorios/stack_protein_prep/.pixi/envs/default/share/gromacs/top/amber99sb-ildn.ff/dna.rtp
Opening force field file /home/grheco/repositorios/stack_protein_prep/.pixi/envs/default/share/gromacs/top/amber99sb-ildn.ff/rna.rtp
Opening force field file /home/grheco/repositorios/stack_protein_prep/.pixi/envs/default/share/gromacs/top/amber99sb-ildn.ff/aminoacids.hdb
Opening force field file /home/grheco/repositorios/stack_protein_prep/.pixi/envs/default/share/gromacs/top/amber99sb-ildn.ff/dna.hdb
Opening force field file /home/grheco/repositorios/stack_protein_prep/.pixi/envs/default/share/gromacs/top/amber99sb-ildn.ff/rna.hdb
Opening force field file /home/grheco/repositorios/stack_protein_prep/.pixi/envs/default/share/gromacs/top/amber99sb-ildn.ff/aminoacids.n.tdb
Opening force field file /home/grheco/repositorios/stack_protein_prep/.pixi/envs/default/share/gromacs/top/amber99sb-ildn.ff/aminoacids.c.tdb
9 out of 9 lines of specbond.dat converted successfully
Opening force field file /home/grheco/repositorios/stack_protein_prep/.pixi/envs/default/share/gromacs/top/amber99sb-ildn.ff/aminoacids.arn
Opening force field file /home/grheco/repositorios/stack_protein_prep/.pixi/envs/default/share/gromacs/top/amber99sb-ildn.ff/dna.arn
Opening force field file /home/grheco/repositorios/stack_protein_prep/.pixi/envs/default/share/gromacs/top/amber99sb-ildn.ff/rna.arn

-------------------------------------------------------
Program:     gmx pdb2gmx, version 2026.0-conda_forge
Source file: src/gromacs/gmxpreprocess/pgutil.cpp (line 156)

Fatal error:
Residue 2 named GLN of a molecule in the input file was mapped
to an entry in the topology database, but the atom CG used in
that entry is not found in the input file. Perhaps your atom
and/or residue naming needs to be fixed.

For more information and tips for troubleshooting, please check the GROMACS
website at https://manual.gromacs.org/current/user-guide/run-time-errors.html
-------------------------------------------------------
