               :-) GROMACS - gmx pdb2gmx, 2026.0-conda_forge (-:

Executable:   /home/grheco/repositorios/stack_protein_prep/.pixi/envs/default/bin.AVX2_256/gmx
Data prefix:  /home/grheco/repositorios/stack_protein_prep/.pixi/envs/default
Working dir:  /home/grheco/repositorios/stack_protein_prep/data/proteins/3RM2/components
Command line:
  gmx pdb2gmx -f /home/grheco/repositorios/stack_protein_prep/data/proteins/3RM2/components/.tmp_sanitized_protonation/3RM2_gaps_fragment_01_sanitized.pdb -o 3RM2_proteinH_gaps_fragment_01.pdb -p 3RM2_proteinH_gaps_fragment_01.top -i 3RM2_proteinH_gaps_fragment_01_posre.itp -ff amber99sb-ildn -water tip3p -chainsep id_or_ter -merge no -ignh

Opening force field file /home/grheco/repositorios/stack_protein_prep/.pixi/envs/default/share/gromacs/top/amber99sb-ildn.ff/aminoacids.r2b
Opening force field file /home/grheco/repositorios/stack_protein_prep/.pixi/envs/default/share/gromacs/top/amber99sb-ildn.ff/dna.r2b
Opening force field file /home/grheco/repositorios/stack_protein_prep/.pixi/envs/default/share/gromacs/top/amber99sb-ildn.ff/rna.r2b
All occupancies are one
Opening force field file /home/grheco/repositorios/stack_protein_prep/.pixi/envs/default/share/gromacs/top/amber99sb-ildn.ff/atomtypes.atp
Opening force field file /home/grheco/repositorios/stack_protein_prep/.pixi/envs/default/share/gromacs/top/amber99sb-ildn.ff/aminoacids.rtp
Opening force field file /home/grheco/repositorios/stack_protein_prep/.pixi/envs/default/share/gromacs/top/amber99sb-ildn.ff/dna.rtp
Opening force field file /home/grheco/repositorios/stack_protein_prep/.pixi/envs/default/share/gromacs/top/amber99sb-ildn.ff/rna.rtp
Opening force field file /home/grheco/repositorios/stack_protein_prep/.pixi/envs/default/share/gromacs/top/amber99sb-ildn.ff/aminoacids.hdb
Opening force field file /home/grheco/repositorios/stack_protein_prep/.pixi/envs/default/share/gromacs/top/amber99sb-ildn.ff/dna.hdb
Opening force field file /home/grheco/repositorios/stack_protein_prep/.pixi/envs/default/share/gromacs/top/amber99sb-ildn.ff/rna.hdb
Opening force field file /home/grheco/repositorios/stack_protein_prep/.pixi/envs/default/share/gromacs/top/amber99sb-ildn.ff/aminoacids.n.tdb
Opening force field file /home/grheco/repositorios/stack_protein_prep/.pixi/envs/default/share/gromacs/top/amber99sb-ildn.ff/aminoacids.c.tdb
Analysing hydrogen-bonding network for automated assignment of histidine
 protonation. 243 donors and 217 acceptors were found.
There are 349 hydrogen bonds
Will use HISD for residue 58
Will use HISE for residue 81
Will use HISE for residue 102
Will use HISE for residue 131
9 out of 9 lines of specbond.dat converted successfully
Special Atom Distance matrix:
                   MET26   MET32   CYS43   HIS58   CYS59   HIS81   MET95
                    SD75   SD135   SG238  NE2358   SG364  NE2553   SD686
   MET32   SD135   1.701
   CYS43   SG238   2.046   1.049
   HIS58  NE2358   2.209   1.508   0.497
   CYS59   SG364   2.071   1.189   0.204   0.441
   HIS81  NE2553   0.900   1.291   2.046   2.349   2.145
   MET95   SD686   2.974   1.609   1.954   2.401   1.982   2.638
  HIS102  NE2756   3.009   2.663   1.816   1.630   1.614   3.421   2.771
  MET118   SD899   2.293   1.237   0.882   1.225   0.808   2.293   1.305
  HIS131 NE21009   1.553   2.114   2.390   2.636   2.326   1.935   2.463
  CYS134  SG1029   1.691   2.373   2.316   2.424   2.201   2.312   2.801
                  HIS102  MET118  HIS131
                  NE2756   SD899 NE21009
  MET118   SD899   1.613
  HIS131 NE21009   2.643   2.028
  CYS134  SG1029   2.149   2.031   0.763
Linking CYS-43 SG-238 and CYS-59 SG-364...
Opening force field file /home/grheco/repositorios/stack_protein_prep/.pixi/envs/default/share/gromacs/top/amber99sb-ildn.ff/aminoacids.arn
Opening force field file /home/grheco/repositorios/stack_protein_prep/.pixi/envs/default/share/gromacs/top/amber99sb-ildn.ff/dna.arn
Opening force field file /home/grheco/repositorios/stack_protein_prep/.pixi/envs/default/share/gromacs/top/amber99sb-ildn.ff/rna.arn

Long Bond (544-548 = 0.426071 nm)

Long Bond (1109-1112 = 0.47096 nm)
Before cleaning: 6404 pairs
Before cleaning: 6713 dihedrals

GROMACS reminds you: "Out Of Register Space (Ugh)" (Vi)

