Using the Amber99sb-ildn force field in directory amber99sb-ildn.ff

going to rename amber99sb-ildn.ff/aminoacids.r2b

going to rename amber99sb-ildn.ff/dna.r2b

going to rename amber99sb-ildn.ff/rna.r2b
Reading /home/grheco/repositorios/stack_protein_prep/data/proteins/3RM2/components/.tmp_sanitized_protonation/3RM2_gaps_fragment_01_sanitized.pdb...
Read '', 1245 atoms

Analyzing pdb file
Splitting chemical chains based on TER records or chain id changing.

There are 1 chains and 0 blocks of water and 147 residues with 1245 atoms

  chain  #res #atoms

  1 'H'   147   1245  

All occupancies are one

Reading residue database... (Amber99sb-ildn)

Preserving residues names by default

Preserving residues names by default

Preserving residues names by default

Processing chain 1 'H' (1245 atoms, 147 residues)

Identified residue ILE16 as a starting terminus.

Identified residue THR162 as a ending terminus.

Checking for duplicate atoms....

Now there are 1199 atoms. Deleted 46 duplicates.

Generating any missing hydrogen atoms and/or adding termini.

Now there are 147 residues with 2407 atoms

Making bonds...

Long Bond (544-548 = 0.426071 nm)

Long Bond (1109-1112 = 0.47096 nm)

Number of bonds was 2439, now 2438

Generating angles, dihedrals and pairs...

Making cmap torsions...

There are 6713 dihedrals,  478 impropers, 4418 angles
          6362 pairs,     2438 bonds and     0 virtual sites

Total mass 17046.866 a.m.u.

Total charge 3.000 e

Writing topology

Writing coordinate file...

		--------- PLEASE NOTE ------------

You have successfully generated a topology from: /home/grheco/repositorios/stack_protein_prep/data/proteins/3RM2/components/.tmp_sanitized_protonation/3RM2_gaps_fragment_01_sanitized.pdb.

The Amber99sb-ildn force field and the tip3p water model are used.

		--------- ETON ESAELP ------------
