================================================================================
[2026-05-17 14:44:27] module=alignment_visualization pdb_id=3EWJ
================================================================================
alignment_fasta_path=/home/grheco/repositorios/stack_protein_prep/data/proteins/3EWJ/fasta/alignments/SEQRES_chain_B_vs_UniProt.aln.fasta
output_png_path=/home/grheco/repositorios/stack_protein_prep/data/proteins/3EWJ/fasta/alignments/SEQRES_chain_B_vs_UniProt.aln.png
residues_per_line=60
font_size=18
header_font_size=20
label_width=24
timestamp=2026-05-17 14:44:27
cwd=/home/grheco/repositorios/stack_protein_prep
python_executable=/home/grheco/repositorios/stack_protein_prep/.pixi/envs/default/bin/python3
[RENDER METRICS]
record_a_header: PDB|3EWJ|SEQRES|chain_B
record_b_header: sp|P78536|ADA17_HUMAN Disintegrin and metalloproteinase domain-containing protein 17 OS=Homo sapiens OX=9606 GN=ADAM17 PE=1 SV=1
alignment_length: 824
n_blocks: 14
cell_width: 23
cell_height: 21
image_width: 1748
image_height: 1805
[OUTPUT PNG] /home/grheco/repositorios/stack_protein_prep/data/proteins/3EWJ/fasta/alignments/SEQRES_chain_B_vs_UniProt.aln.png
[RESULT] rendered alignment PNG -> /home/grheco/repositorios/stack_protein_prep/data/proteins/3EWJ/fasta/alignments/SEQRES_chain_B_vs_UniProt.aln.png
================================================================================
[2026-05-17 14:44:27] module=alignment_visualization pdb_id=3EWJ
================================================================================
alignment_fasta_path=/home/grheco/repositorios/stack_protein_prep/data/proteins/3EWJ/fasta/alignments/ATOM_chain_B_vs_UniProt.aln.fasta
output_png_path=/home/grheco/repositorios/stack_protein_prep/data/proteins/3EWJ/fasta/alignments/ATOM_chain_B_vs_UniProt.aln.png
residues_per_line=60
font_size=18
header_font_size=20
label_width=24
timestamp=2026-05-17 14:44:27
cwd=/home/grheco/repositorios/stack_protein_prep
python_executable=/home/grheco/repositorios/stack_protein_prep/.pixi/envs/default/bin/python3
[RENDER METRICS]
record_a_header: PDB|3EWJ|ATOM|chain_B
record_b_header: sp|P78536|ADA17_HUMAN Disintegrin and metalloproteinase domain-containing protein 17 OS=Homo sapiens OX=9606 GN=ADAM17 PE=1 SV=1
alignment_length: 824
n_blocks: 14
cell_width: 23
cell_height: 21
image_width: 1748
image_height: 1805
[OUTPUT PNG] /home/grheco/repositorios/stack_protein_prep/data/proteins/3EWJ/fasta/alignments/ATOM_chain_B_vs_UniProt.aln.png
[RESULT] rendered alignment PNG -> /home/grheco/repositorios/stack_protein_prep/data/proteins/3EWJ/fasta/alignments/ATOM_chain_B_vs_UniProt.aln.png
================================================================================
[2026-05-17 15:36:46] module=alignment_visualization pdb_id=3EWJ
================================================================================
alignment_fasta_path=/home/grheco/repositorios/stack_protein_prep/data/proteins/3EWJ/fasta/alignments/SEQRES_chain_B_vs_UniProt.aln.fasta
output_png_path=/home/grheco/repositorios/stack_protein_prep/data/proteins/3EWJ/fasta/alignments/SEQRES_chain_B_vs_UniProt.aln.png
residues_per_line=60
font_size=18
header_font_size=20
label_width=24
timestamp=2026-05-17 15:36:46
cwd=/home/grheco/repositorios/stack_protein_prep
python_executable=/home/grheco/repositorios/stack_protein_prep/.pixi/envs/default/bin/python3
[RENDER METRICS]
record_a_header: PDB|3EWJ|SEQRES|chain_B
record_b_header: sp|P78536|ADA17_HUMAN Disintegrin and metalloproteinase domain-containing protein 17 OS=Homo sapiens OX=9606 GN=ADAM17 PE=1 SV=1
alignment_length: 824
n_blocks: 14
cell_width: 23
cell_height: 21
image_width: 1748
image_height: 1805
[OUTPUT PNG] /home/grheco/repositorios/stack_protein_prep/data/proteins/3EWJ/fasta/alignments/SEQRES_chain_B_vs_UniProt.aln.png
[RESULT] rendered alignment PNG -> /home/grheco/repositorios/stack_protein_prep/data/proteins/3EWJ/fasta/alignments/SEQRES_chain_B_vs_UniProt.aln.png
================================================================================
[2026-05-17 15:36:46] module=alignment_visualization pdb_id=3EWJ
================================================================================
alignment_fasta_path=/home/grheco/repositorios/stack_protein_prep/data/proteins/3EWJ/fasta/alignments/ATOM_chain_B_vs_UniProt.aln.fasta
output_png_path=/home/grheco/repositorios/stack_protein_prep/data/proteins/3EWJ/fasta/alignments/ATOM_chain_B_vs_UniProt.aln.png
residues_per_line=60
font_size=18
header_font_size=20
label_width=24
timestamp=2026-05-17 15:36:46
cwd=/home/grheco/repositorios/stack_protein_prep
python_executable=/home/grheco/repositorios/stack_protein_prep/.pixi/envs/default/bin/python3
[RENDER METRICS]
record_a_header: PDB|3EWJ|ATOM|chain_B
record_b_header: sp|P78536|ADA17_HUMAN Disintegrin and metalloproteinase domain-containing protein 17 OS=Homo sapiens OX=9606 GN=ADAM17 PE=1 SV=1
alignment_length: 824
n_blocks: 14
cell_width: 23
cell_height: 21
image_width: 1748
image_height: 1805
[OUTPUT PNG] /home/grheco/repositorios/stack_protein_prep/data/proteins/3EWJ/fasta/alignments/ATOM_chain_B_vs_UniProt.aln.png
[RESULT] rendered alignment PNG -> /home/grheco/repositorios/stack_protein_prep/data/proteins/3EWJ/fasta/alignments/ATOM_chain_B_vs_UniProt.aln.png
================================================================================
[2026-05-17 15:45:27] module=alignment_visualization pdb_id=3EWJ
================================================================================
alignment_fasta_path=/home/grheco/repositorios/stack_protein_prep/data/proteins/3EWJ/fasta/alignments/SEQRES_chain_B_vs_UniProt.aln.fasta
output_png_path=/home/grheco/repositorios/stack_protein_prep/data/proteins/3EWJ/fasta/alignments/SEQRES_chain_B_vs_UniProt.aln.png
residues_per_line=60
font_size=18
header_font_size=20
label_width=24
timestamp=2026-05-17 15:45:27
cwd=/home/grheco/repositorios/stack_protein_prep
python_executable=/home/grheco/repositorios/stack_protein_prep/.pixi/envs/default/bin/python3
[RENDER METRICS]
record_a_header: PDB|3EWJ|SEQRES|chain_B
record_b_header: sp|P78536|ADA17_HUMAN Disintegrin and metalloproteinase domain-containing protein 17 OS=Homo sapiens OX=9606 GN=ADAM17 PE=1 SV=1
alignment_length: 824
n_blocks: 14
cell_width: 23
cell_height: 21
image_width: 1748
image_height: 1805
[OUTPUT PNG] /home/grheco/repositorios/stack_protein_prep/data/proteins/3EWJ/fasta/alignments/SEQRES_chain_B_vs_UniProt.aln.png
[RESULT] rendered alignment PNG -> /home/grheco/repositorios/stack_protein_prep/data/proteins/3EWJ/fasta/alignments/SEQRES_chain_B_vs_UniProt.aln.png
================================================================================
[2026-05-17 15:45:27] module=alignment_visualization pdb_id=3EWJ
================================================================================
alignment_fasta_path=/home/grheco/repositorios/stack_protein_prep/data/proteins/3EWJ/fasta/alignments/ATOM_chain_B_vs_UniProt.aln.fasta
output_png_path=/home/grheco/repositorios/stack_protein_prep/data/proteins/3EWJ/fasta/alignments/ATOM_chain_B_vs_UniProt.aln.png
residues_per_line=60
font_size=18
header_font_size=20
label_width=24
timestamp=2026-05-17 15:45:27
cwd=/home/grheco/repositorios/stack_protein_prep
python_executable=/home/grheco/repositorios/stack_protein_prep/.pixi/envs/default/bin/python3
[RENDER METRICS]
record_a_header: PDB|3EWJ|ATOM|chain_B
record_b_header: sp|P78536|ADA17_HUMAN Disintegrin and metalloproteinase domain-containing protein 17 OS=Homo sapiens OX=9606 GN=ADAM17 PE=1 SV=1
alignment_length: 824
n_blocks: 14
cell_width: 23
cell_height: 21
image_width: 1748
image_height: 1805
[OUTPUT PNG] /home/grheco/repositorios/stack_protein_prep/data/proteins/3EWJ/fasta/alignments/ATOM_chain_B_vs_UniProt.aln.png
[RESULT] rendered alignment PNG -> /home/grheco/repositorios/stack_protein_prep/data/proteins/3EWJ/fasta/alignments/ATOM_chain_B_vs_UniProt.aln.png
================================================================================
[2026-05-17 17:17:34] module=alignment_visualization pdb_id=3EWJ
================================================================================
alignment_fasta_path=/home/grheco/repositorios/stack_protein_prep/data/proteins/3EWJ/fasta/alignments/SEQRES_chain_B_vs_UniProt.aln.fasta
output_png_path=/home/grheco/repositorios/stack_protein_prep/data/proteins/3EWJ/fasta/alignments/SEQRES_chain_B_vs_UniProt.aln.png
residues_per_line=60
font_size=18
header_font_size=20
label_width=24
timestamp=2026-05-17 17:17:34
cwd=/home/grheco/repositorios/stack_protein_prep
python_executable=/home/grheco/repositorios/stack_protein_prep/.pixi/envs/default/bin/python3
[RENDER METRICS]
record_a_header: PDB|3EWJ|SEQRES|chain_B
record_b_header: sp|P78536|ADA17_HUMAN Disintegrin and metalloproteinase domain-containing protein 17 OS=Homo sapiens OX=9606 GN=ADAM17 PE=1 SV=1
alignment_length: 824
n_blocks: 14
cell_width: 23
cell_height: 21
image_width: 1748
image_height: 1805
[OUTPUT PNG] /home/grheco/repositorios/stack_protein_prep/data/proteins/3EWJ/fasta/alignments/SEQRES_chain_B_vs_UniProt.aln.png
[RESULT] rendered alignment PNG -> /home/grheco/repositorios/stack_protein_prep/data/proteins/3EWJ/fasta/alignments/SEQRES_chain_B_vs_UniProt.aln.png
================================================================================
[2026-05-17 17:17:34] module=alignment_visualization pdb_id=3EWJ
================================================================================
alignment_fasta_path=/home/grheco/repositorios/stack_protein_prep/data/proteins/3EWJ/fasta/alignments/ATOM_chain_B_vs_UniProt.aln.fasta
output_png_path=/home/grheco/repositorios/stack_protein_prep/data/proteins/3EWJ/fasta/alignments/ATOM_chain_B_vs_UniProt.aln.png
residues_per_line=60
font_size=18
header_font_size=20
label_width=24
timestamp=2026-05-17 17:17:34
cwd=/home/grheco/repositorios/stack_protein_prep
python_executable=/home/grheco/repositorios/stack_protein_prep/.pixi/envs/default/bin/python3
[RENDER METRICS]
record_a_header: PDB|3EWJ|ATOM|chain_B
record_b_header: sp|P78536|ADA17_HUMAN Disintegrin and metalloproteinase domain-containing protein 17 OS=Homo sapiens OX=9606 GN=ADAM17 PE=1 SV=1
alignment_length: 824
n_blocks: 14
cell_width: 23
cell_height: 21
image_width: 1748
image_height: 1805
[OUTPUT PNG] /home/grheco/repositorios/stack_protein_prep/data/proteins/3EWJ/fasta/alignments/ATOM_chain_B_vs_UniProt.aln.png
[RESULT] rendered alignment PNG -> /home/grheco/repositorios/stack_protein_prep/data/proteins/3EWJ/fasta/alignments/ATOM_chain_B_vs_UniProt.aln.png
================================================================================
[2026-05-17 17:42:45] module=alignment_visualization pdb_id=3EWJ
================================================================================
alignment_fasta_path=/home/grheco/repositorios/stack_protein_prep/data/proteins/3EWJ/fasta/alignments/SEQRES_chain_B_vs_UniProt.aln.fasta
output_png_path=/home/grheco/repositorios/stack_protein_prep/data/proteins/3EWJ/fasta/alignments/SEQRES_chain_B_vs_UniProt.aln.png
residues_per_line=60
font_size=18
header_font_size=20
label_width=24
timestamp=2026-05-17 17:42:45
cwd=/home/grheco/repositorios/stack_protein_prep
python_executable=/home/grheco/repositorios/stack_protein_prep/.pixi/envs/default/bin/python
[RENDER METRICS]
record_a_header: PDB|3EWJ|SEQRES|chain_B
record_b_header: sp|P78536|ADA17_HUMAN Disintegrin and metalloproteinase domain-containing protein 17 OS=Homo sapiens OX=9606 GN=ADAM17 PE=1 SV=1
alignment_length: 824
n_blocks: 14
cell_width: 23
cell_height: 21
image_width: 1748
image_height: 1805
[OUTPUT PNG] /home/grheco/repositorios/stack_protein_prep/data/proteins/3EWJ/fasta/alignments/SEQRES_chain_B_vs_UniProt.aln.png
[RESULT] rendered alignment PNG -> /home/grheco/repositorios/stack_protein_prep/data/proteins/3EWJ/fasta/alignments/SEQRES_chain_B_vs_UniProt.aln.png
================================================================================
[2026-05-17 17:42:45] module=alignment_visualization pdb_id=3EWJ
================================================================================
alignment_fasta_path=/home/grheco/repositorios/stack_protein_prep/data/proteins/3EWJ/fasta/alignments/ATOM_chain_B_vs_UniProt.aln.fasta
output_png_path=/home/grheco/repositorios/stack_protein_prep/data/proteins/3EWJ/fasta/alignments/ATOM_chain_B_vs_UniProt.aln.png
residues_per_line=60
font_size=18
header_font_size=20
label_width=24
timestamp=2026-05-17 17:42:45
cwd=/home/grheco/repositorios/stack_protein_prep
python_executable=/home/grheco/repositorios/stack_protein_prep/.pixi/envs/default/bin/python
[RENDER METRICS]
record_a_header: PDB|3EWJ|ATOM|chain_B
record_b_header: sp|P78536|ADA17_HUMAN Disintegrin and metalloproteinase domain-containing protein 17 OS=Homo sapiens OX=9606 GN=ADAM17 PE=1 SV=1
alignment_length: 824
n_blocks: 14
cell_width: 23
cell_height: 21
image_width: 1748
image_height: 1805
[OUTPUT PNG] /home/grheco/repositorios/stack_protein_prep/data/proteins/3EWJ/fasta/alignments/ATOM_chain_B_vs_UniProt.aln.png
[RESULT] rendered alignment PNG -> /home/grheco/repositorios/stack_protein_prep/data/proteins/3EWJ/fasta/alignments/ATOM_chain_B_vs_UniProt.aln.png
================================================================================
[2026-05-17 17:44:54] module=alignment_visualization pdb_id=3EWJ
================================================================================
alignment_fasta_path=/home/grheco/repositorios/stack_protein_prep/data/proteins/3EWJ/fasta/alignments/SEQRES_chain_B_vs_UniProt.aln.fasta
output_png_path=/home/grheco/repositorios/stack_protein_prep/data/proteins/3EWJ/fasta/alignments/SEQRES_chain_B_vs_UniProt.aln.png
residues_per_line=60
font_size=18
header_font_size=20
label_width=24
timestamp=2026-05-17 17:44:54
cwd=/home/grheco/repositorios/stack_protein_prep
python_executable=/home/grheco/repositorios/stack_protein_prep/.pixi/envs/default/bin/python3
[RENDER METRICS]
record_a_header: PDB|3EWJ|SEQRES|chain_B
record_b_header: sp|P78536|ADA17_HUMAN Disintegrin and metalloproteinase domain-containing protein 17 OS=Homo sapiens OX=9606 GN=ADAM17 PE=1 SV=1
alignment_length: 824
n_blocks: 14
cell_width: 23
cell_height: 21
image_width: 1748
image_height: 1805
[OUTPUT PNG] /home/grheco/repositorios/stack_protein_prep/data/proteins/3EWJ/fasta/alignments/SEQRES_chain_B_vs_UniProt.aln.png
[RESULT] rendered alignment PNG -> /home/grheco/repositorios/stack_protein_prep/data/proteins/3EWJ/fasta/alignments/SEQRES_chain_B_vs_UniProt.aln.png
================================================================================
[2026-05-17 17:44:55] module=alignment_visualization pdb_id=3EWJ
================================================================================
alignment_fasta_path=/home/grheco/repositorios/stack_protein_prep/data/proteins/3EWJ/fasta/alignments/ATOM_chain_B_vs_UniProt.aln.fasta
output_png_path=/home/grheco/repositorios/stack_protein_prep/data/proteins/3EWJ/fasta/alignments/ATOM_chain_B_vs_UniProt.aln.png
residues_per_line=60
font_size=18
header_font_size=20
label_width=24
timestamp=2026-05-17 17:44:55
cwd=/home/grheco/repositorios/stack_protein_prep
python_executable=/home/grheco/repositorios/stack_protein_prep/.pixi/envs/default/bin/python3
[RENDER METRICS]
record_a_header: PDB|3EWJ|ATOM|chain_B
record_b_header: sp|P78536|ADA17_HUMAN Disintegrin and metalloproteinase domain-containing protein 17 OS=Homo sapiens OX=9606 GN=ADAM17 PE=1 SV=1
alignment_length: 824
n_blocks: 14
cell_width: 23
cell_height: 21
image_width: 1748
image_height: 1805
[OUTPUT PNG] /home/grheco/repositorios/stack_protein_prep/data/proteins/3EWJ/fasta/alignments/ATOM_chain_B_vs_UniProt.aln.png
[RESULT] rendered alignment PNG -> /home/grheco/repositorios/stack_protein_prep/data/proteins/3EWJ/fasta/alignments/ATOM_chain_B_vs_UniProt.aln.png
================================================================================
[2026-05-17 18:12:07] module=alignment_visualization pdb_id=3EWJ
================================================================================
alignment_fasta_path=/home/grheco/repositorios/stack_protein_prep/data/proteins/3EWJ/fasta/alignments/SEQRES_chain_B_vs_UniProt.aln.fasta
output_png_path=/home/grheco/repositorios/stack_protein_prep/data/proteins/3EWJ/fasta/alignments/SEQRES_chain_B_vs_UniProt.aln.png
residues_per_line=60
font_size=18
header_font_size=20
label_width=24
timestamp=2026-05-17 18:12:07
cwd=/home/grheco/repositorios/stack_protein_prep
python_executable=/home/grheco/repositorios/stack_protein_prep/.pixi/envs/default/bin/python
[RENDER METRICS]
record_a_header: PDB|3EWJ|SEQRES|chain_B
record_b_header: sp|P78536|ADA17_HUMAN Disintegrin and metalloproteinase domain-containing protein 17 OS=Homo sapiens OX=9606 GN=ADAM17 PE=1 SV=1
alignment_length: 824
n_blocks: 14
cell_width: 23
cell_height: 21
image_width: 1748
image_height: 1805
[OUTPUT PNG] /home/grheco/repositorios/stack_protein_prep/data/proteins/3EWJ/fasta/alignments/SEQRES_chain_B_vs_UniProt.aln.png
[RESULT] rendered alignment PNG -> /home/grheco/repositorios/stack_protein_prep/data/proteins/3EWJ/fasta/alignments/SEQRES_chain_B_vs_UniProt.aln.png
================================================================================
[2026-05-17 18:12:07] module=alignment_visualization pdb_id=3EWJ
================================================================================
alignment_fasta_path=/home/grheco/repositorios/stack_protein_prep/data/proteins/3EWJ/fasta/alignments/ATOM_chain_B_vs_UniProt.aln.fasta
output_png_path=/home/grheco/repositorios/stack_protein_prep/data/proteins/3EWJ/fasta/alignments/ATOM_chain_B_vs_UniProt.aln.png
residues_per_line=60
font_size=18
header_font_size=20
label_width=24
timestamp=2026-05-17 18:12:07
cwd=/home/grheco/repositorios/stack_protein_prep
python_executable=/home/grheco/repositorios/stack_protein_prep/.pixi/envs/default/bin/python
[RENDER METRICS]
record_a_header: PDB|3EWJ|ATOM|chain_B
record_b_header: sp|P78536|ADA17_HUMAN Disintegrin and metalloproteinase domain-containing protein 17 OS=Homo sapiens OX=9606 GN=ADAM17 PE=1 SV=1
alignment_length: 824
n_blocks: 14
cell_width: 23
cell_height: 21
image_width: 1748
image_height: 1805
[OUTPUT PNG] /home/grheco/repositorios/stack_protein_prep/data/proteins/3EWJ/fasta/alignments/ATOM_chain_B_vs_UniProt.aln.png
[RESULT] rendered alignment PNG -> /home/grheco/repositorios/stack_protein_prep/data/proteins/3EWJ/fasta/alignments/ATOM_chain_B_vs_UniProt.aln.png
