================================================================================
[2026-05-17 14:44:20] module=fasta_files pdb_id=3EWJ
================================================================================
pdb_directory=/home/grheco/repositorios/stack_protein_prep/data/proteins/3EWJ
pdb_file_path=/home/grheco/repositorios/stack_protein_prep/data/proteins/3EWJ/3EWJ.pdb
fasta_directory=/home/grheco/repositorios/stack_protein_prep/data/proteins/3EWJ/fasta
residue_range=220-474
[CHAIN SELECTION]
relevant_chain_ids=B
[SEQRES FASTA]
chain_count: 1
chains: B
output_path: /home/grheco/repositorios/stack_protein_prep/data/proteins/3EWJ/fasta/PDB-3EWJ-SEQRES.fasta
[ATOM FASTA]
chain_count: 1
chains: B
output_path: /home/grheco/repositorios/stack_protein_prep/data/proteins/3EWJ/fasta/PDB-3EWJ-ATOM.fasta
[UNIPROT QUERY]
pdb_id: 3EWJ
query: xref:pdb-3EWJ
request_url: https://rest.uniprot.org/uniprotkb/search?query=xref%3Apdb-3EWJ&format=fasta
[UNIPROT RESULT] entry_count=1
accession=P78536 header=sp|P78536|ADA17_HUMAN Disintegrin and metalloproteinase domain-containing protein 17 OS=Homo sapiens OX=9606 GN=ADAM17 PE=1 SV=1
[UNIPROT FASTA]
entry_count: 1
accessions: P78536
================================================================================
[2026-05-17 15:36:38] module=fasta_files pdb_id=3EWJ
================================================================================
pdb_directory=/home/grheco/repositorios/stack_protein_prep/data/proteins/3EWJ
pdb_file_path=/home/grheco/repositorios/stack_protein_prep/data/proteins/3EWJ/3EWJ.pdb
fasta_directory=/home/grheco/repositorios/stack_protein_prep/data/proteins/3EWJ/fasta
residue_range=220-474
[CHAIN SELECTION]
relevant_chain_ids=B
[SEQRES FASTA]
chain_count: 1
chains: B
output_path: /home/grheco/repositorios/stack_protein_prep/data/proteins/3EWJ/fasta/PDB-3EWJ-SEQRES.fasta
[ATOM FASTA]
chain_count: 1
chains: B
output_path: /home/grheco/repositorios/stack_protein_prep/data/proteins/3EWJ/fasta/PDB-3EWJ-ATOM.fasta
[UNIPROT QUERY]
pdb_id: 3EWJ
query: xref:pdb-3EWJ
request_url: https://rest.uniprot.org/uniprotkb/search?query=xref%3Apdb-3EWJ&format=fasta
[UNIPROT RESULT] entry_count=1
accession=P78536 header=sp|P78536|ADA17_HUMAN Disintegrin and metalloproteinase domain-containing protein 17 OS=Homo sapiens OX=9606 GN=ADAM17 PE=1 SV=1
[UNIPROT FASTA]
entry_count: 1
accessions: P78536
================================================================================
[2026-05-17 15:45:20] module=fasta_files pdb_id=3EWJ
================================================================================
pdb_directory=/home/grheco/repositorios/stack_protein_prep/data/proteins/3EWJ
pdb_file_path=/home/grheco/repositorios/stack_protein_prep/data/proteins/3EWJ/3EWJ.pdb
fasta_directory=/home/grheco/repositorios/stack_protein_prep/data/proteins/3EWJ/fasta
residue_range=220-474
[CHAIN SELECTION]
relevant_chain_ids=B
[SEQRES FASTA]
chain_count: 1
chains: B
output_path: /home/grheco/repositorios/stack_protein_prep/data/proteins/3EWJ/fasta/PDB-3EWJ-SEQRES.fasta
[ATOM FASTA]
chain_count: 1
chains: B
output_path: /home/grheco/repositorios/stack_protein_prep/data/proteins/3EWJ/fasta/PDB-3EWJ-ATOM.fasta
[UNIPROT QUERY]
pdb_id: 3EWJ
query: xref:pdb-3EWJ
request_url: https://rest.uniprot.org/uniprotkb/search?query=xref%3Apdb-3EWJ&format=fasta
[UNIPROT RESULT] entry_count=1
accession=P78536 header=sp|P78536|ADA17_HUMAN Disintegrin and metalloproteinase domain-containing protein 17 OS=Homo sapiens OX=9606 GN=ADAM17 PE=1 SV=1
[UNIPROT FASTA]
entry_count: 1
accessions: P78536
================================================================================
[2026-05-17 17:17:27] module=fasta_files pdb_id=3EWJ
================================================================================
pdb_directory=/home/grheco/repositorios/stack_protein_prep/data/proteins/3EWJ
pdb_file_path=/home/grheco/repositorios/stack_protein_prep/data/proteins/3EWJ/3EWJ.pdb
fasta_directory=/home/grheco/repositorios/stack_protein_prep/data/proteins/3EWJ/fasta
residue_range=220-474
[CHAIN SELECTION]
relevant_chain_ids=B
[SEQRES FASTA]
chain_count: 1
chains: B
output_path: /home/grheco/repositorios/stack_protein_prep/data/proteins/3EWJ/fasta/PDB-3EWJ-SEQRES.fasta
[ATOM FASTA]
chain_count: 1
chains: B
output_path: /home/grheco/repositorios/stack_protein_prep/data/proteins/3EWJ/fasta/PDB-3EWJ-ATOM.fasta
[UNIPROT QUERY]
pdb_id: 3EWJ
query: xref:pdb-3EWJ
request_url: https://rest.uniprot.org/uniprotkb/search?query=xref%3Apdb-3EWJ&format=fasta
[UNIPROT RESULT] entry_count=1
accession=P78536 header=sp|P78536|ADA17_HUMAN Disintegrin and metalloproteinase domain-containing protein 17 OS=Homo sapiens OX=9606 GN=ADAM17 PE=1 SV=1
[UNIPROT FASTA]
entry_count: 1
accessions: P78536
================================================================================
[2026-05-17 17:42:36] module=fasta_files pdb_id=3EWJ
================================================================================
pdb_directory=/home/grheco/repositorios/stack_protein_prep/data/proteins/3EWJ
pdb_file_path=/home/grheco/repositorios/stack_protein_prep/data/proteins/3EWJ/3EWJ.pdb
fasta_directory=/home/grheco/repositorios/stack_protein_prep/data/proteins/3EWJ/fasta
residue_range=220-474
[CHAIN SELECTION]
relevant_chain_ids=B
[SEQRES FASTA]
chain_count: 1
chains: B
output_path: /home/grheco/repositorios/stack_protein_prep/data/proteins/3EWJ/fasta/PDB-3EWJ-SEQRES.fasta
[ATOM FASTA]
chain_count: 1
chains: B
output_path: /home/grheco/repositorios/stack_protein_prep/data/proteins/3EWJ/fasta/PDB-3EWJ-ATOM.fasta
[UNIPROT QUERY]
pdb_id: 3EWJ
query: xref:pdb-3EWJ
request_url: https://rest.uniprot.org/uniprotkb/search?query=xref%3Apdb-3EWJ&format=fasta
[UNIPROT RESULT] entry_count=1
accession=P78536 header=sp|P78536|ADA17_HUMAN Disintegrin and metalloproteinase domain-containing protein 17 OS=Homo sapiens OX=9606 GN=ADAM17 PE=1 SV=1
[UNIPROT FASTA]
entry_count: 1
accessions: P78536
================================================================================
[2026-05-17 17:44:47] module=fasta_files pdb_id=3EWJ
================================================================================
pdb_directory=/home/grheco/repositorios/stack_protein_prep/data/proteins/3EWJ
pdb_file_path=/home/grheco/repositorios/stack_protein_prep/data/proteins/3EWJ/3EWJ.pdb
fasta_directory=/home/grheco/repositorios/stack_protein_prep/data/proteins/3EWJ/fasta
residue_range=220-474
[CHAIN SELECTION]
relevant_chain_ids=B
[SEQRES FASTA]
chain_count: 1
chains: B
output_path: /home/grheco/repositorios/stack_protein_prep/data/proteins/3EWJ/fasta/PDB-3EWJ-SEQRES.fasta
[ATOM FASTA]
chain_count: 1
chains: B
output_path: /home/grheco/repositorios/stack_protein_prep/data/proteins/3EWJ/fasta/PDB-3EWJ-ATOM.fasta
[UNIPROT QUERY]
pdb_id: 3EWJ
query: xref:pdb-3EWJ
request_url: https://rest.uniprot.org/uniprotkb/search?query=xref%3Apdb-3EWJ&format=fasta
[UNIPROT RESULT] entry_count=1
accession=P78536 header=sp|P78536|ADA17_HUMAN Disintegrin and metalloproteinase domain-containing protein 17 OS=Homo sapiens OX=9606 GN=ADAM17 PE=1 SV=1
[UNIPROT FASTA]
entry_count: 1
accessions: P78536
================================================================================
[2026-05-17 18:12:00] module=fasta_files pdb_id=3EWJ
================================================================================
pdb_directory=/home/grheco/repositorios/stack_protein_prep/data/proteins/3EWJ
pdb_file_path=/home/grheco/repositorios/stack_protein_prep/data/proteins/3EWJ/3EWJ.pdb
fasta_directory=/home/grheco/repositorios/stack_protein_prep/data/proteins/3EWJ/fasta
residue_range=220-474
[CHAIN SELECTION]
relevant_chain_ids=B
[SEQRES FASTA]
chain_count: 1
chains: B
output_path: /home/grheco/repositorios/stack_protein_prep/data/proteins/3EWJ/fasta/PDB-3EWJ-SEQRES.fasta
[ATOM FASTA]
chain_count: 1
chains: B
output_path: /home/grheco/repositorios/stack_protein_prep/data/proteins/3EWJ/fasta/PDB-3EWJ-ATOM.fasta
[UNIPROT QUERY]
pdb_id: 3EWJ
query: xref:pdb-3EWJ
request_url: https://rest.uniprot.org/uniprotkb/search?query=xref%3Apdb-3EWJ&format=fasta
[UNIPROT RESULT] entry_count=1
accession=P78536 header=sp|P78536|ADA17_HUMAN Disintegrin and metalloproteinase domain-containing protein 17 OS=Homo sapiens OX=9606 GN=ADAM17 PE=1 SV=1
[UNIPROT FASTA]
entry_count: 1
accessions: P78536
