sanitize_pdb_for_gromacs
========================

pdb_id                       : 3EWJ
variant_label                : single
input_pdb_path               : /home/grheco/repositorios/stack_protein_prep/data/proteins/3EWJ/components/3EWJ_protein_monomer.pdb
output_pdb_path              : /home/grheco/repositorios/stack_protein_prep/data/proteins/3EWJ/components/.tmp_sanitized_protonation/3EWJ_single_sanitized.pdb
output_written               : True
can_run_gromacs              : True
status                       : warning
atom_count_in                : 1997
atom_count_out               : 1999
residue_count_out            : 255
selected_altloc_count        : 2
dropped_altloc_atom_count    : 2
normalized_occupancy_count   : 2
dropped_heterogen_atom_count : 0
nonstandard_residue_names    : <none>
missing_heavy_atom_count     : 20
force_field_template_path    : /home/grheco/repositorios/stack_protein_prep/.pixi/envs/default/share/gromacs/top/amber99sb-ildn.ff/aminoacids.rtp

issues
------
[warning] altloc_selected: Selected one alternate location for 2 disordered atoms; dropped 2 duplicate positions.
[warning] occupancy_normalized: 2 selected atoms had occupancy other than 1.00 and will be written as 1.00.
[warning] missing_standard_heavy_atoms: Residue ILE B 252 is missing expected heavy atoms: CD
[warning] missing_standard_heavy_atoms: Residue ILE B 255 is missing expected heavy atoms: CD
[warning] missing_standard_heavy_atoms: Residue ILE B 261 is missing expected heavy atoms: CD
[warning] missing_standard_heavy_atoms: Residue ILE B 277 is missing expected heavy atoms: CD
[warning] missing_standard_heavy_atoms: Residue ILE B 279 is missing expected heavy atoms: CD
[warning] missing_standard_heavy_atoms: Residue ILE B 282 is missing expected heavy atoms: CD
[warning] missing_standard_heavy_atoms: Residue ILE B 284 is missing expected heavy atoms: CD
[warning] missing_standard_heavy_atoms: Residue LYS B 292 is missing expected heavy atoms: CE, NZ
[warning] missing_standard_heavy_atoms: Residue LYS B 302 is missing expected heavy atoms: CD, CE, NZ
[warning] missing_standard_heavy_atoms: Residue GLU B 308 is missing expected heavy atoms: CD, OE1, OE2
[warning] missing_standard_heavy_atoms: Residue ILE B 325 is missing expected heavy atoms: CD
[warning] missing_standard_heavy_atoms: Residue ARG B 357 is missing expected heavy atoms: CD, CG, CZ, NE, NH1, NH2
[warning] missing_standard_heavy_atoms: Residue HIS B 361 is missing expected heavy atoms: CD2, CE1, CG, ND1, NE2
[warning] missing_standard_heavy_atoms: Residue ILE B 378 is missing expected heavy atoms: CD
[warning] missing_standard_heavy_atoms: Residue ILE B 394 is missing expected heavy atoms: CD
[warning] missing_standard_heavy_atoms: Residue ILE B 438 is missing expected heavy atoms: CD
[warning] missing_standard_heavy_atoms: Residue ILE B 458 is missing expected heavy atoms: CD
[warning] missing_standard_heavy_atoms: Residue LYS B 460 is missing expected heavy atoms: CD, CE, NZ
[warning] missing_standard_heavy_atoms: Residue ILE B 462 is missing expected heavy atoms: CD
[warning] missing_standard_heavy_atoms: Residue SER B 474 is missing expected heavy atoms: OG
