standard_residue_repair
=======================

input_pdb_path                   : /home/grheco/repositorios/stack_protein_prep/data/proteins/3EWJ/components/3EWJ_protein_monomer.pdb
output_pdb_path                  : /home/grheco/repositorios/stack_protein_prep/data/proteins/3EWJ/components/.tmp_standard_residue_repair/3EWJ_single_standard_repaired.pdb
used_output_path                 : /home/grheco/repositorios/stack_protein_prep/data/proteins/3EWJ/components/3EWJ_protein_monomer.pdb
repair_attempted                 : True
repair_success                   : False
can_continue                     : True
missing_heavy_atom_count_before  : 20
missing_heavy_atom_count_after   : 20
nonstandard_residue_names        : <none>
status                           : failed
message                          : MODELLER complete_pdb repair failed: ImportError('MODELLER is required for minimal standard-heavy-atom repair.'); original input retained.

missing_before
--------------
Residue ILE B 252 is missing expected heavy atoms: CD
Residue ILE B 255 is missing expected heavy atoms: CD
Residue ILE B 261 is missing expected heavy atoms: CD
Residue ILE B 277 is missing expected heavy atoms: CD
Residue ILE B 279 is missing expected heavy atoms: CD
Residue ILE B 282 is missing expected heavy atoms: CD
Residue ILE B 284 is missing expected heavy atoms: CD
Residue LYS B 292 is missing expected heavy atoms: CE, NZ
Residue LYS B 302 is missing expected heavy atoms: CD, CE, NZ
Residue GLU B 308 is missing expected heavy atoms: CD, OE1, OE2
Residue ILE B 325 is missing expected heavy atoms: CD
Residue ARG B 357 is missing expected heavy atoms: CD, CG, CZ, NE, NH1, NH2
Residue HIS B 361 is missing expected heavy atoms: CD2, CE1, CG, ND1, NE2
Residue ILE B 378 is missing expected heavy atoms: CD
Residue ILE B 394 is missing expected heavy atoms: CD
Residue ILE B 438 is missing expected heavy atoms: CD
Residue ILE B 458 is missing expected heavy atoms: CD
Residue LYS B 460 is missing expected heavy atoms: CD, CE, NZ
Residue ILE B 462 is missing expected heavy atoms: CD
Residue SER B 474 is missing expected heavy atoms: OG

missing_after
-------------
<none>
