================================================================================
[2026-05-17 14:44:19] module=fasta_files pdb_id=1W4R
================================================================================
pdb_directory=/home/grheco/repositorios/stack_protein_prep/data/proteins/1W4R
pdb_file_path=/home/grheco/repositorios/stack_protein_prep/data/proteins/1W4R/1W4R.pdb
fasta_directory=/home/grheco/repositorios/stack_protein_prep/data/proteins/1W4R/fasta
residue_range=18-191
[CHAIN SELECTION]
relevant_chain_ids=A
[SEQRES FASTA]
chain_count: 1
chains: A
output_path: /home/grheco/repositorios/stack_protein_prep/data/proteins/1W4R/fasta/PDB-1W4R-SEQRES.fasta
[ATOM FASTA]
chain_count: 1
chains: A
output_path: /home/grheco/repositorios/stack_protein_prep/data/proteins/1W4R/fasta/PDB-1W4R-ATOM.fasta
[UNIPROT QUERY]
pdb_id: 1W4R
query: xref:pdb-1W4R
request_url: https://rest.uniprot.org/uniprotkb/search?query=xref%3Apdb-1W4R&format=fasta
[UNIPROT RESULT] entry_count=1
accession=P04183 header=sp|P04183|KITH_HUMAN Thymidine kinase, cytosolic OS=Homo sapiens OX=9606 GN=TK1 PE=1 SV=2
[UNIPROT FASTA]
entry_count: 1
accessions: P04183
================================================================================
[2026-05-17 15:36:37] module=fasta_files pdb_id=1W4R
================================================================================
pdb_directory=/home/grheco/repositorios/stack_protein_prep/data/proteins/1W4R
pdb_file_path=/home/grheco/repositorios/stack_protein_prep/data/proteins/1W4R/1W4R.pdb
fasta_directory=/home/grheco/repositorios/stack_protein_prep/data/proteins/1W4R/fasta
residue_range=18-191
[CHAIN SELECTION]
relevant_chain_ids=A
[SEQRES FASTA]
chain_count: 1
chains: A
output_path: /home/grheco/repositorios/stack_protein_prep/data/proteins/1W4R/fasta/PDB-1W4R-SEQRES.fasta
[ATOM FASTA]
chain_count: 1
chains: A
output_path: /home/grheco/repositorios/stack_protein_prep/data/proteins/1W4R/fasta/PDB-1W4R-ATOM.fasta
[UNIPROT QUERY]
pdb_id: 1W4R
query: xref:pdb-1W4R
request_url: https://rest.uniprot.org/uniprotkb/search?query=xref%3Apdb-1W4R&format=fasta
[UNIPROT RESULT] entry_count=1
accession=P04183 header=sp|P04183|KITH_HUMAN Thymidine kinase, cytosolic OS=Homo sapiens OX=9606 GN=TK1 PE=1 SV=2
[UNIPROT FASTA]
entry_count: 1
accessions: P04183
================================================================================
[2026-05-17 15:45:19] module=fasta_files pdb_id=1W4R
================================================================================
pdb_directory=/home/grheco/repositorios/stack_protein_prep/data/proteins/1W4R
pdb_file_path=/home/grheco/repositorios/stack_protein_prep/data/proteins/1W4R/1W4R.pdb
fasta_directory=/home/grheco/repositorios/stack_protein_prep/data/proteins/1W4R/fasta
residue_range=18-191
[CHAIN SELECTION]
relevant_chain_ids=A
[SEQRES FASTA]
chain_count: 1
chains: A
output_path: /home/grheco/repositorios/stack_protein_prep/data/proteins/1W4R/fasta/PDB-1W4R-SEQRES.fasta
[ATOM FASTA]
chain_count: 1
chains: A
output_path: /home/grheco/repositorios/stack_protein_prep/data/proteins/1W4R/fasta/PDB-1W4R-ATOM.fasta
[UNIPROT QUERY]
pdb_id: 1W4R
query: xref:pdb-1W4R
request_url: https://rest.uniprot.org/uniprotkb/search?query=xref%3Apdb-1W4R&format=fasta
[UNIPROT RESULT] entry_count=1
accession=P04183 header=sp|P04183|KITH_HUMAN Thymidine kinase, cytosolic OS=Homo sapiens OX=9606 GN=TK1 PE=1 SV=2
[UNIPROT FASTA]
entry_count: 1
accessions: P04183
================================================================================
[2026-05-17 17:17:25] module=fasta_files pdb_id=1W4R
================================================================================
pdb_directory=/home/grheco/repositorios/stack_protein_prep/data/proteins/1W4R
pdb_file_path=/home/grheco/repositorios/stack_protein_prep/data/proteins/1W4R/1W4R.pdb
fasta_directory=/home/grheco/repositorios/stack_protein_prep/data/proteins/1W4R/fasta
residue_range=18-191
[CHAIN SELECTION]
relevant_chain_ids=A
[SEQRES FASTA]
chain_count: 1
chains: A
output_path: /home/grheco/repositorios/stack_protein_prep/data/proteins/1W4R/fasta/PDB-1W4R-SEQRES.fasta
[ATOM FASTA]
chain_count: 1
chains: A
output_path: /home/grheco/repositorios/stack_protein_prep/data/proteins/1W4R/fasta/PDB-1W4R-ATOM.fasta
[UNIPROT QUERY]
pdb_id: 1W4R
query: xref:pdb-1W4R
request_url: https://rest.uniprot.org/uniprotkb/search?query=xref%3Apdb-1W4R&format=fasta
[UNIPROT RESULT] entry_count=1
accession=P04183 header=sp|P04183|KITH_HUMAN Thymidine kinase, cytosolic OS=Homo sapiens OX=9606 GN=TK1 PE=1 SV=2
[UNIPROT FASTA]
entry_count: 1
accessions: P04183
================================================================================
[2026-05-17 17:42:34] module=fasta_files pdb_id=1W4R
================================================================================
pdb_directory=/home/grheco/repositorios/stack_protein_prep/data/proteins/1W4R
pdb_file_path=/home/grheco/repositorios/stack_protein_prep/data/proteins/1W4R/1W4R.pdb
fasta_directory=/home/grheco/repositorios/stack_protein_prep/data/proteins/1W4R/fasta
residue_range=18-191
[CHAIN SELECTION]
relevant_chain_ids=A
[SEQRES FASTA]
chain_count: 1
chains: A
output_path: /home/grheco/repositorios/stack_protein_prep/data/proteins/1W4R/fasta/PDB-1W4R-SEQRES.fasta
[ATOM FASTA]
chain_count: 1
chains: A
output_path: /home/grheco/repositorios/stack_protein_prep/data/proteins/1W4R/fasta/PDB-1W4R-ATOM.fasta
[UNIPROT QUERY]
pdb_id: 1W4R
query: xref:pdb-1W4R
request_url: https://rest.uniprot.org/uniprotkb/search?query=xref%3Apdb-1W4R&format=fasta
[UNIPROT RESULT] entry_count=1
accession=P04183 header=sp|P04183|KITH_HUMAN Thymidine kinase, cytosolic OS=Homo sapiens OX=9606 GN=TK1 PE=1 SV=2
[UNIPROT FASTA]
entry_count: 1
accessions: P04183
================================================================================
[2026-05-17 17:44:45] module=fasta_files pdb_id=1W4R
================================================================================
pdb_directory=/home/grheco/repositorios/stack_protein_prep/data/proteins/1W4R
pdb_file_path=/home/grheco/repositorios/stack_protein_prep/data/proteins/1W4R/1W4R.pdb
fasta_directory=/home/grheco/repositorios/stack_protein_prep/data/proteins/1W4R/fasta
residue_range=18-191
[CHAIN SELECTION]
relevant_chain_ids=A
[SEQRES FASTA]
chain_count: 1
chains: A
output_path: /home/grheco/repositorios/stack_protein_prep/data/proteins/1W4R/fasta/PDB-1W4R-SEQRES.fasta
[ATOM FASTA]
chain_count: 1
chains: A
output_path: /home/grheco/repositorios/stack_protein_prep/data/proteins/1W4R/fasta/PDB-1W4R-ATOM.fasta
[UNIPROT QUERY]
pdb_id: 1W4R
query: xref:pdb-1W4R
request_url: https://rest.uniprot.org/uniprotkb/search?query=xref%3Apdb-1W4R&format=fasta
[UNIPROT RESULT] entry_count=1
accession=P04183 header=sp|P04183|KITH_HUMAN Thymidine kinase, cytosolic OS=Homo sapiens OX=9606 GN=TK1 PE=1 SV=2
[UNIPROT FASTA]
entry_count: 1
accessions: P04183
