sanitize_pdb_for_gromacs
========================

pdb_id                       : 1W4R
variant_label                : single
input_pdb_path               : /home/grheco/repositorios/stack_protein_prep/data/proteins/1W4R/components/1W4R_protein_monomer.pdb
output_pdb_path              : /home/grheco/repositorios/stack_protein_prep/data/proteins/1W4R/components/.tmp_sanitized_protonation/1W4R_single_sanitized.pdb
output_written               : True
can_run_gromacs              : True
status                       : warning
atom_count_in                : 1354
atom_count_out               : 1365
residue_count_out            : 174
selected_altloc_count        : 11
dropped_altloc_atom_count    : 11
normalized_occupancy_count   : 11
dropped_heterogen_atom_count : 0
nonstandard_residue_names    : <none>
missing_heavy_atom_count     : 10
force_field_template_path    : /home/grheco/repositorios/stack_protein_prep/.pixi/envs/default/share/gromacs/top/amber99sb-ildn.ff/aminoacids.rtp

issues
------
[warning] altloc_selected: Selected one alternate location for 11 disordered atoms; dropped 11 duplicate positions.
[warning] occupancy_normalized: 11 selected atoms had occupancy other than 1.00 and will be written as 1.00.
[warning] missing_standard_heavy_atoms: Residue ILE A 21 is missing expected heavy atoms: CD
[warning] missing_standard_heavy_atoms: Residue ILE A 24 is missing expected heavy atoms: CD
[warning] missing_standard_heavy_atoms: Residue ILE A 45 is missing expected heavy atoms: CD
[warning] missing_standard_heavy_atoms: Residue ILE A 53 is missing expected heavy atoms: CD
[warning] missing_standard_heavy_atoms: Residue ILE A 94 is missing expected heavy atoms: CD
[warning] missing_standard_heavy_atoms: Residue ILE A 96 is missing expected heavy atoms: CD
[warning] missing_standard_heavy_atoms: Residue ILE A 105 is missing expected heavy atoms: CD
[warning] missing_standard_heavy_atoms: Residue ILE A 120 is missing expected heavy atoms: CD
[warning] missing_standard_heavy_atoms: Residue ILE A 136 is missing expected heavy atoms: CD
[warning] missing_standard_heavy_atoms: Residue ILE A 175 is missing expected heavy atoms: CD
