sanitize_pdb_for_gromacs
========================

pdb_id                       : 3LBK
variant_label                : single
input_pdb_path               : /home/grheco/repositorios/stack_protein_prep/data/proteins/3LBK/components/3LBK_protein_monomer.pdb
output_pdb_path              : /home/grheco/repositorios/stack_protein_prep/data/proteins/3LBK/components/.tmp_sanitized_protonation/3LBK_single_sanitized.pdb
output_written               : True
can_run_gromacs              : True
status                       : warning
atom_count_in                : 695
atom_count_out               : 695
residue_count_out            : 85
selected_altloc_count        : 0
dropped_altloc_atom_count    : 0
normalized_occupancy_count   : 0
dropped_heterogen_atom_count : 0
nonstandard_residue_names    : <none>
missing_heavy_atom_count     : 7
force_field_template_path    : /home/grheco/repositorios/stack_protein_prep/.pixi/envs/default/share/gromacs/top/amber99sb-ildn.ff/aminoacids.rtp

issues
------
[warning] missing_standard_heavy_atoms: Residue GLN A 44 is missing expected heavy atoms: CD, CG, NE2, OE1
[warning] missing_standard_heavy_atoms: Residue ILE A 61 is missing expected heavy atoms: CD
[warning] missing_standard_heavy_atoms: Residue GLN A 72 is missing expected heavy atoms: CD, NE2, OE1
[warning] missing_standard_heavy_atoms: Residue ILE A 74 is missing expected heavy atoms: CD
[warning] missing_standard_heavy_atoms: Residue ILE A 99 is missing expected heavy atoms: CD
[warning] missing_standard_heavy_atoms: Residue ILE A 103 is missing expected heavy atoms: CD
[warning] missing_standard_heavy_atoms: Residue VAL A 110 is missing expected heavy atoms: CG1, CG2
