standard_residue_repair
=======================

input_pdb_path                   : /home/grheco/repositorios/stack_protein_prep/data/proteins/3LBK/components/3LBK_protein_monomer.pdb
output_pdb_path                  : /home/grheco/repositorios/stack_protein_prep/data/proteins/3LBK/components/.tmp_standard_residue_repair/3LBK_single_standard_repaired.pdb
used_output_path                 : /home/grheco/repositorios/stack_protein_prep/data/proteins/3LBK/components/3LBK_protein_monomer.pdb
repair_attempted                 : True
repair_success                   : False
can_continue                     : True
missing_heavy_atom_count_before  : 7
missing_heavy_atom_count_after   : 7
nonstandard_residue_names        : <none>
status                           : failed
message                          : MODELLER complete_pdb repair failed: ImportError('MODELLER is required for minimal standard-heavy-atom repair.'); original input retained.

missing_before
--------------
Residue GLN A 44 is missing expected heavy atoms: CD, CG, NE2, OE1
Residue ILE A 61 is missing expected heavy atoms: CD
Residue GLN A 72 is missing expected heavy atoms: CD, NE2, OE1
Residue ILE A 74 is missing expected heavy atoms: CD
Residue ILE A 99 is missing expected heavy atoms: CD
Residue ILE A 103 is missing expected heavy atoms: CD
Residue VAL A 110 is missing expected heavy atoms: CG1, CG2

missing_after
-------------
<none>
