Using the Amber99sb-ildn force field in directory amber99sb-ildn.ff

going to rename amber99sb-ildn.ff/aminoacids.r2b

going to rename amber99sb-ildn.ff/dna.r2b

going to rename amber99sb-ildn.ff/rna.r2b
Reading /home/grheco/repositorios/stack_protein_prep/data/proteins/3FDN/components/.tmp_sanitized_protonation/3FDN_best_complete_sanitized.pdb...
Read '', 2204 atoms

Analyzing pdb file
Splitting chemical chains based on TER records or chain id changing.

There are 1 chains and 0 blocks of water and 269 residues with 2204 atoms

  chain  #res #atoms

  1 'A'   269   2204  

All occupancies are one

Reading residue database... (Amber99sb-ildn)

Preserving residues names by default

Preserving residues names by default

Preserving residues names by default

Processing chain 1 'A' (2204 atoms, 269 residues)

Identified residue ARG126 as a starting terminus.

Identified residue GLN394 as a ending terminus.

Checking for duplicate atoms....

Generating any missing hydrogen atoms and/or adding termini.

Now there are 269 residues with 4417 atoms

Making bonds...

Number of bonds was 4473, now 4472

Generating angles, dihedrals and pairs...

Making cmap torsions...

There are 12209 dihedrals,  902 impropers, 8086 angles
          11674 pairs,     4472 bonds and     0 virtual sites

Total mass 31210.146 a.m.u.

Total charge 5.000 e

Writing topology

Writing coordinate file...

		--------- PLEASE NOTE ------------

You have successfully generated a topology from: /home/grheco/repositorios/stack_protein_prep/data/proteins/3FDN/components/.tmp_sanitized_protonation/3FDN_best_complete_sanitized.pdb.

The Amber99sb-ildn force field and the tip3p water model are used.

		--------- ETON ESAELP ------------
