               :-) GROMACS - gmx pdb2gmx, 2026.0-conda_forge (-:

Executable:   /home/grheco/repositorios/stack_protein_prep/.pixi/envs/default/bin.AVX2_256/gmx
Data prefix:  /home/grheco/repositorios/stack_protein_prep/.pixi/envs/default
Working dir:  /home/grheco/repositorios/stack_protein_prep/data/proteins/3FDN/components
Command line:
  gmx pdb2gmx -f /home/grheco/repositorios/stack_protein_prep/data/proteins/3FDN/components/.tmp_sanitized_protonation/3FDN_gaps_fragment_01_sanitized.pdb -o 3FDN_proteinH_gaps_fragment_01.pdb -p 3FDN_proteinH_gaps_fragment_01.top -i 3FDN_proteinH_gaps_fragment_01_posre.itp -ff amber99sb-ildn -water tip3p -chainsep id_or_ter -merge no -ignh

Opening force field file /home/grheco/repositorios/stack_protein_prep/.pixi/envs/default/share/gromacs/top/amber99sb-ildn.ff/aminoacids.r2b
Opening force field file /home/grheco/repositorios/stack_protein_prep/.pixi/envs/default/share/gromacs/top/amber99sb-ildn.ff/dna.r2b
Opening force field file /home/grheco/repositorios/stack_protein_prep/.pixi/envs/default/share/gromacs/top/amber99sb-ildn.ff/rna.r2b
All occupancies are one
Opening force field file /home/grheco/repositorios/stack_protein_prep/.pixi/envs/default/share/gromacs/top/amber99sb-ildn.ff/atomtypes.atp
Opening force field file /home/grheco/repositorios/stack_protein_prep/.pixi/envs/default/share/gromacs/top/amber99sb-ildn.ff/aminoacids.rtp
Opening force field file /home/grheco/repositorios/stack_protein_prep/.pixi/envs/default/share/gromacs/top/amber99sb-ildn.ff/dna.rtp
Opening force field file /home/grheco/repositorios/stack_protein_prep/.pixi/envs/default/share/gromacs/top/amber99sb-ildn.ff/rna.rtp
Opening force field file /home/grheco/repositorios/stack_protein_prep/.pixi/envs/default/share/gromacs/top/amber99sb-ildn.ff/aminoacids.hdb
Opening force field file /home/grheco/repositorios/stack_protein_prep/.pixi/envs/default/share/gromacs/top/amber99sb-ildn.ff/dna.hdb
Opening force field file /home/grheco/repositorios/stack_protein_prep/.pixi/envs/default/share/gromacs/top/amber99sb-ildn.ff/rna.hdb
Opening force field file /home/grheco/repositorios/stack_protein_prep/.pixi/envs/default/share/gromacs/top/amber99sb-ildn.ff/aminoacids.n.tdb
Opening force field file /home/grheco/repositorios/stack_protein_prep/.pixi/envs/default/share/gromacs/top/amber99sb-ildn.ff/aminoacids.c.tdb
Analysing hydrogen-bonding network for automated assignment of histidine
 protonation. 248 donors and 223 acceptors were found.
There are 351 hydrogen bonds
Will use HISE for residue 176
Will use HISE for residue 187
Will use HISE for residue 190
Will use HISE for residue 201
Will use HISE for residue 248
Will use HISE for residue 254
Will use HISE for residue 280
9 out of 9 lines of specbond.dat converted successfully
Special Atom Distance matrix:
                  HIS176  HIS187  HIS190  HIS201  CYS247  HIS248  HIS254
                  NE2409  NE2506  NE2535  NE2634  SG1009 NE21019 NE21070
  HIS187  NE2506   1.385
  HIS190  NE2535   2.680   1.677
  HIS201  NE2634   1.682   2.005   3.236
  CYS247  SG1009   1.960   1.182   0.759   2.766
  HIS248 NE21019   2.136   1.667   1.191   3.273   0.718
  HIS254 NE21070   1.788   1.659   1.430   2.644   0.877   0.994
  HIS280 NE21272   1.479   1.701   2.154   3.021   1.455   1.086   1.375
                
                
Opening force field file /home/grheco/repositorios/stack_protein_prep/.pixi/envs/default/share/gromacs/top/amber99sb-ildn.ff/aminoacids.arn
Opening force field file /home/grheco/repositorios/stack_protein_prep/.pixi/envs/default/share/gromacs/top/amber99sb-ildn.ff/dna.arn
Opening force field file /home/grheco/repositorios/stack_protein_prep/.pixi/envs/default/share/gromacs/top/amber99sb-ildn.ff/rna.arn

-------------------------------------------------------
Program:     gmx pdb2gmx, version 2026.0-conda_forge
Source file: src/gromacs/gmxpreprocess/pgutil.cpp (line 156)

Fatal error:
Residue 1 named ARG of a molecule in the input file was mapped
to an entry in the topology database, but the atom CG used in
that entry is not found in the input file. Perhaps your atom
and/or residue naming needs to be fixed.

For more information and tips for troubleshooting, please check the GROMACS
website at https://manual.gromacs.org/current/user-guide/run-time-errors.html
-------------------------------------------------------
