================================================================================
[2026-05-17 14:44:47] module=filler pdb_id=3FDN
================================================================================
template_id=3FDN_protein_monomer
target_id=3FDN_A
input_chain_id=A
alignment_directory=/home/grheco/repositorios/stack_protein_prep/data/proteins/3FDN/fasta/alignments
template_pdb_path=/home/grheco/repositorios/stack_protein_prep/data/proteins/3FDN/components/3FDN_protein_monomer.pdb
output_dir=/home/grheco/repositorios/stack_protein_prep/data/proteins/3FDN/fasta/alignments/filler/A
starting_model=1
ending_model=1
skip_if_no_internal_gaps=True
uniprot_id=O14965
residue_range=126-394
[DEBUG] === run_filler_for_chain START ===
[DEBUG] alignment_directory: /home/grheco/repositorios/stack_protein_prep/data/proteins/3FDN/fasta/alignments
[DEBUG] template_pdb_path: /home/grheco/repositorios/stack_protein_prep/data/proteins/3FDN/components/3FDN_protein_monomer.pdb
[DEBUG] output_dir: /home/grheco/repositorios/stack_protein_prep/data/proteins/3FDN/fasta/alignments/filler/A
[DEBUG] template_id: 3FDN_protein_monomer
[DEBUG] target_id: 3FDN_A
[DEBUG] chain_id (input): A
[DEBUG] starting_model: 1
[DEBUG] ending_model: 1
[DEBUG] uniprot_id: O14965
[DEBUG] residue_range: 126-394
[DEBUG] effective_residue_range: 126-394
[DEBUG] Resolved chain_id: A
[DEBUG] Alignment FASTA selected for filler: /home/grheco/repositorios/stack_protein_prep/data/proteins/3FDN/fasta/alignments/ATOM_chain_A_vs_UniProt.aln.fasta
[DEBUG] Template FASTA header selected: PDB|3FDN|ATOM|chain_A
[DEBUG] Target FASTA header selected: sp|O14965|AURKA_HUMAN Aurora kinase A OS=Homo sapiens OX=9606 GN=AURKA PE=1 SV=3
[FILL DECISION]
resolved_chain_id: A
effective_residue_range: 126-394
should_run_modeller: False
overall_classification: alphafold_candidate
alphafold_candidate: True
n_gap_regions: 1
skip_reason: At least one internal gap is 8 residues or longer. Using AlphaFold fallback if possible.
[GAP REGION 1]
alignment_start: 281
alignment_end: 288
gap_length: 8
is_terminal: False
classification: alphafold_candidate
[DEBUG] Fill decision: should_run_modeller=False, overall_classification=alphafold_candidate, alphafold_candidate=True
[ALPHAFOLD OUTPUT]
effective_residue_range: 126-394
alphafold_model_path: /home/grheco/repositorios/stack_protein_prep/data/proteins/3FDN/fasta/alignments/filler/A/final_filled_model.pdb
stdout_log: /home/grheco/repositorios/stack_protein_prep/data/proteins/3FDN/fasta/alignments/filler/A/modeller_stdout.log
stderr_log: /home/grheco/repositorios/stack_protein_prep/data/proteins/3FDN/fasta/alignments/filler/A/modeller_stderr.log
[DEBUG] === run_filler_for_chain END (ALPHAFOLD FALLBACK) ===
================================================================================
[2026-05-17 15:37:11] module=filler pdb_id=3FDN
================================================================================
template_id=3FDN_protein_monomer
target_id=3FDN_A
input_chain_id=A
alignment_directory=/home/grheco/repositorios/stack_protein_prep/data/proteins/3FDN/fasta/alignments
template_pdb_path=/home/grheco/repositorios/stack_protein_prep/data/proteins/3FDN/components/3FDN_protein_monomer.pdb
output_dir=/home/grheco/repositorios/stack_protein_prep/data/proteins/3FDN/fasta/alignments/filler/A
starting_model=1
ending_model=1
skip_if_no_internal_gaps=True
uniprot_id=O14965
residue_range=126-394
[DEBUG] === run_filler_for_chain START ===
[DEBUG] alignment_directory: /home/grheco/repositorios/stack_protein_prep/data/proteins/3FDN/fasta/alignments
[DEBUG] template_pdb_path: /home/grheco/repositorios/stack_protein_prep/data/proteins/3FDN/components/3FDN_protein_monomer.pdb
[DEBUG] output_dir: /home/grheco/repositorios/stack_protein_prep/data/proteins/3FDN/fasta/alignments/filler/A
[DEBUG] template_id: 3FDN_protein_monomer
[DEBUG] target_id: 3FDN_A
[DEBUG] chain_id (input): A
[DEBUG] starting_model: 1
[DEBUG] ending_model: 1
[DEBUG] uniprot_id: O14965
[DEBUG] residue_range: 126-394
[DEBUG] effective_residue_range: 126-394
[DEBUG] Resolved chain_id: A
[DEBUG] Alignment FASTA selected for filler: /home/grheco/repositorios/stack_protein_prep/data/proteins/3FDN/fasta/alignments/ATOM_chain_A_vs_UniProt.aln.fasta
[DEBUG] Template FASTA header selected: PDB|3FDN|ATOM|chain_A
[DEBUG] Target FASTA header selected: sp|O14965|AURKA_HUMAN Aurora kinase A OS=Homo sapiens OX=9606 GN=AURKA PE=1 SV=3
[FILL DECISION]
resolved_chain_id: A
effective_residue_range: 126-394
should_run_modeller: False
overall_classification: alphafold_candidate
alphafold_candidate: True
n_gap_regions: 1
skip_reason: At least one internal gap is 8 residues or longer. Using AlphaFold fallback if possible.
[GAP REGION 1]
alignment_start: 281
alignment_end: 288
gap_length: 8
is_terminal: False
classification: alphafold_candidate
[DEBUG] Fill decision: should_run_modeller=False, overall_classification=alphafold_candidate, alphafold_candidate=True
[ALPHAFOLD OUTPUT]
effective_residue_range: 126-394
alphafold_model_path: /home/grheco/repositorios/stack_protein_prep/data/proteins/3FDN/fasta/alignments/filler/A/final_filled_model.pdb
stdout_log: /home/grheco/repositorios/stack_protein_prep/data/proteins/3FDN/fasta/alignments/filler/A/modeller_stdout.log
stderr_log: /home/grheco/repositorios/stack_protein_prep/data/proteins/3FDN/fasta/alignments/filler/A/modeller_stderr.log
[DEBUG] === run_filler_for_chain END (ALPHAFOLD FALLBACK) ===
================================================================================
[2026-05-17 15:45:53] module=filler pdb_id=3FDN
================================================================================
template_id=3FDN_protein_monomer
target_id=3FDN_A
input_chain_id=A
alignment_directory=/home/grheco/repositorios/stack_protein_prep/data/proteins/3FDN/fasta/alignments
template_pdb_path=/home/grheco/repositorios/stack_protein_prep/data/proteins/3FDN/components/3FDN_protein_monomer.pdb
output_dir=/home/grheco/repositorios/stack_protein_prep/data/proteins/3FDN/fasta/alignments/filler/A
starting_model=1
ending_model=1
skip_if_no_internal_gaps=True
uniprot_id=O14965
residue_range=126-394
[DEBUG] === run_filler_for_chain START ===
[DEBUG] alignment_directory: /home/grheco/repositorios/stack_protein_prep/data/proteins/3FDN/fasta/alignments
[DEBUG] template_pdb_path: /home/grheco/repositorios/stack_protein_prep/data/proteins/3FDN/components/3FDN_protein_monomer.pdb
[DEBUG] output_dir: /home/grheco/repositorios/stack_protein_prep/data/proteins/3FDN/fasta/alignments/filler/A
[DEBUG] template_id: 3FDN_protein_monomer
[DEBUG] target_id: 3FDN_A
[DEBUG] chain_id (input): A
[DEBUG] starting_model: 1
[DEBUG] ending_model: 1
[DEBUG] uniprot_id: O14965
[DEBUG] residue_range: 126-394
[DEBUG] effective_residue_range: 126-394
[DEBUG] Resolved chain_id: A
[DEBUG] Alignment FASTA selected for filler: /home/grheco/repositorios/stack_protein_prep/data/proteins/3FDN/fasta/alignments/ATOM_chain_A_vs_UniProt.aln.fasta
[DEBUG] Template FASTA header selected: PDB|3FDN|ATOM|chain_A
[DEBUG] Target FASTA header selected: sp|O14965|AURKA_HUMAN Aurora kinase A OS=Homo sapiens OX=9606 GN=AURKA PE=1 SV=3
[FILL DECISION]
resolved_chain_id: A
effective_residue_range: 126-394
should_run_modeller: False
overall_classification: alphafold_candidate
alphafold_candidate: True
n_gap_regions: 1
skip_reason: At least one internal gap is 8 residues or longer. Using AlphaFold fallback if possible.
[GAP REGION 1]
alignment_start: 281
alignment_end: 288
gap_length: 8
is_terminal: False
classification: alphafold_candidate
[DEBUG] Fill decision: should_run_modeller=False, overall_classification=alphafold_candidate, alphafold_candidate=True
[ALPHAFOLD OUTPUT]
effective_residue_range: 126-394
alphafold_model_path: /home/grheco/repositorios/stack_protein_prep/data/proteins/3FDN/fasta/alignments/filler/A/final_filled_model.pdb
stdout_log: /home/grheco/repositorios/stack_protein_prep/data/proteins/3FDN/fasta/alignments/filler/A/modeller_stdout.log
stderr_log: /home/grheco/repositorios/stack_protein_prep/data/proteins/3FDN/fasta/alignments/filler/A/modeller_stderr.log
[DEBUG] === run_filler_for_chain END (ALPHAFOLD FALLBACK) ===
================================================================================
[2026-05-17 17:17:54] module=filler pdb_id=3FDN
================================================================================
template_id=3FDN_protein_monomer
target_id=3FDN_A
input_chain_id=A
alignment_directory=/home/grheco/repositorios/stack_protein_prep/data/proteins/3FDN/fasta/alignments
template_pdb_path=/home/grheco/repositorios/stack_protein_prep/data/proteins/3FDN/components/3FDN_protein_monomer.pdb
output_dir=/home/grheco/repositorios/stack_protein_prep/data/proteins/3FDN/fasta/alignments/filler/A
starting_model=1
ending_model=1
skip_if_no_internal_gaps=True
uniprot_id=O14965
residue_range=126-394
[DEBUG] === run_filler_for_chain START ===
[DEBUG] alignment_directory: /home/grheco/repositorios/stack_protein_prep/data/proteins/3FDN/fasta/alignments
[DEBUG] template_pdb_path: /home/grheco/repositorios/stack_protein_prep/data/proteins/3FDN/components/3FDN_protein_monomer.pdb
[DEBUG] output_dir: /home/grheco/repositorios/stack_protein_prep/data/proteins/3FDN/fasta/alignments/filler/A
[DEBUG] template_id: 3FDN_protein_monomer
[DEBUG] target_id: 3FDN_A
[DEBUG] chain_id (input): A
[DEBUG] starting_model: 1
[DEBUG] ending_model: 1
[DEBUG] uniprot_id: O14965
[DEBUG] residue_range: 126-394
[DEBUG] effective_residue_range: 126-394
[DEBUG] Resolved chain_id: A
[DEBUG] Alignment FASTA selected for filler: /home/grheco/repositorios/stack_protein_prep/data/proteins/3FDN/fasta/alignments/ATOM_chain_A_vs_UniProt.aln.fasta
[DEBUG] Template FASTA header selected: PDB|3FDN|ATOM|chain_A
[DEBUG] Target FASTA header selected: sp|O14965|AURKA_HUMAN Aurora kinase A OS=Homo sapiens OX=9606 GN=AURKA PE=1 SV=3
[FILL DECISION]
resolved_chain_id: A
effective_residue_range: 126-394
should_run_modeller: False
overall_classification: alphafold_candidate
alphafold_candidate: True
n_gap_regions: 1
skip_reason: At least one internal gap is 8 residues or longer. Using AlphaFold fallback if possible.
[GAP REGION 1]
alignment_start: 281
alignment_end: 288
gap_length: 8
is_terminal: False
classification: alphafold_candidate
[DEBUG] Fill decision: should_run_modeller=False, overall_classification=alphafold_candidate, alphafold_candidate=True
[ALPHAFOLD OUTPUT]
effective_residue_range: 126-394
alphafold_model_path: /home/grheco/repositorios/stack_protein_prep/data/proteins/3FDN/fasta/alignments/filler/A/final_filled_model.pdb
stdout_log: /home/grheco/repositorios/stack_protein_prep/data/proteins/3FDN/fasta/alignments/filler/A/modeller_stdout.log
stderr_log: /home/grheco/repositorios/stack_protein_prep/data/proteins/3FDN/fasta/alignments/filler/A/modeller_stderr.log
[DEBUG] === run_filler_for_chain END (ALPHAFOLD FALLBACK) ===
================================================================================
[2026-05-17 17:43:10] module=filler pdb_id=3FDN
================================================================================
template_id=3FDN_protein_monomer
target_id=3FDN_A
input_chain_id=A
alignment_directory=/home/grheco/repositorios/stack_protein_prep/data/proteins/3FDN/fasta/alignments
template_pdb_path=/home/grheco/repositorios/stack_protein_prep/data/proteins/3FDN/components/3FDN_protein_monomer.pdb
output_dir=/home/grheco/repositorios/stack_protein_prep/data/proteins/3FDN/fasta/alignments/filler/A
starting_model=1
ending_model=1
skip_if_no_internal_gaps=True
uniprot_id=O14965
residue_range=126-394
[DEBUG] === run_filler_for_chain START ===
[DEBUG] alignment_directory: /home/grheco/repositorios/stack_protein_prep/data/proteins/3FDN/fasta/alignments
[DEBUG] template_pdb_path: /home/grheco/repositorios/stack_protein_prep/data/proteins/3FDN/components/3FDN_protein_monomer.pdb
[DEBUG] output_dir: /home/grheco/repositorios/stack_protein_prep/data/proteins/3FDN/fasta/alignments/filler/A
[DEBUG] template_id: 3FDN_protein_monomer
[DEBUG] target_id: 3FDN_A
[DEBUG] chain_id (input): A
[DEBUG] starting_model: 1
[DEBUG] ending_model: 1
[DEBUG] uniprot_id: O14965
[DEBUG] residue_range: 126-394
[DEBUG] effective_residue_range: 126-394
[DEBUG] Resolved chain_id: A
[DEBUG] Alignment FASTA selected for filler: /home/grheco/repositorios/stack_protein_prep/data/proteins/3FDN/fasta/alignments/ATOM_chain_A_vs_UniProt.aln.fasta
[DEBUG] Template FASTA header selected: PDB|3FDN|ATOM|chain_A
[DEBUG] Target FASTA header selected: sp|O14965|AURKA_HUMAN Aurora kinase A OS=Homo sapiens OX=9606 GN=AURKA PE=1 SV=3
[FILL DECISION]
resolved_chain_id: A
effective_residue_range: 126-394
should_run_modeller: False
overall_classification: alphafold_candidate
alphafold_candidate: True
n_gap_regions: 1
skip_reason: At least one internal gap is 8 residues or longer. Using AlphaFold fallback if possible.
[GAP REGION 1]
alignment_start: 281
alignment_end: 288
gap_length: 8
is_terminal: False
classification: alphafold_candidate
[DEBUG] Fill decision: should_run_modeller=False, overall_classification=alphafold_candidate, alphafold_candidate=True
[ALPHAFOLD OUTPUT]
effective_residue_range: 126-394
alphafold_model_path: /home/grheco/repositorios/stack_protein_prep/data/proteins/3FDN/fasta/alignments/filler/A/final_filled_model.pdb
stdout_log: /home/grheco/repositorios/stack_protein_prep/data/proteins/3FDN/fasta/alignments/filler/A/modeller_stdout.log
stderr_log: /home/grheco/repositorios/stack_protein_prep/data/proteins/3FDN/fasta/alignments/filler/A/modeller_stderr.log
[DEBUG] === run_filler_for_chain END (ALPHAFOLD FALLBACK) ===
================================================================================
[2026-05-17 17:45:17] module=filler pdb_id=3FDN
================================================================================
template_id=3FDN_protein_monomer
target_id=3FDN_A
input_chain_id=A
alignment_directory=/home/grheco/repositorios/stack_protein_prep/data/proteins/3FDN/fasta/alignments
template_pdb_path=/home/grheco/repositorios/stack_protein_prep/data/proteins/3FDN/components/3FDN_protein_monomer.pdb
output_dir=/home/grheco/repositorios/stack_protein_prep/data/proteins/3FDN/fasta/alignments/filler/A
starting_model=1
ending_model=1
skip_if_no_internal_gaps=True
uniprot_id=O14965
residue_range=126-394
[DEBUG] === run_filler_for_chain START ===
[DEBUG] alignment_directory: /home/grheco/repositorios/stack_protein_prep/data/proteins/3FDN/fasta/alignments
[DEBUG] template_pdb_path: /home/grheco/repositorios/stack_protein_prep/data/proteins/3FDN/components/3FDN_protein_monomer.pdb
[DEBUG] output_dir: /home/grheco/repositorios/stack_protein_prep/data/proteins/3FDN/fasta/alignments/filler/A
[DEBUG] template_id: 3FDN_protein_monomer
[DEBUG] target_id: 3FDN_A
[DEBUG] chain_id (input): A
[DEBUG] starting_model: 1
[DEBUG] ending_model: 1
[DEBUG] uniprot_id: O14965
[DEBUG] residue_range: 126-394
[DEBUG] effective_residue_range: 126-394
[DEBUG] Resolved chain_id: A
[DEBUG] Alignment FASTA selected for filler: /home/grheco/repositorios/stack_protein_prep/data/proteins/3FDN/fasta/alignments/ATOM_chain_A_vs_UniProt.aln.fasta
[DEBUG] Template FASTA header selected: PDB|3FDN|ATOM|chain_A
[DEBUG] Target FASTA header selected: sp|O14965|AURKA_HUMAN Aurora kinase A OS=Homo sapiens OX=9606 GN=AURKA PE=1 SV=3
[FILL DECISION]
resolved_chain_id: A
effective_residue_range: 126-394
should_run_modeller: False
overall_classification: alphafold_candidate
alphafold_candidate: True
n_gap_regions: 1
skip_reason: At least one internal gap is 8 residues or longer. Using AlphaFold fallback if possible.
[GAP REGION 1]
alignment_start: 281
alignment_end: 288
gap_length: 8
is_terminal: False
classification: alphafold_candidate
[DEBUG] Fill decision: should_run_modeller=False, overall_classification=alphafold_candidate, alphafold_candidate=True
[ALPHAFOLD OUTPUT]
effective_residue_range: 126-394
alphafold_model_path: /home/grheco/repositorios/stack_protein_prep/data/proteins/3FDN/fasta/alignments/filler/A/final_filled_model.pdb
stdout_log: /home/grheco/repositorios/stack_protein_prep/data/proteins/3FDN/fasta/alignments/filler/A/modeller_stdout.log
stderr_log: /home/grheco/repositorios/stack_protein_prep/data/proteins/3FDN/fasta/alignments/filler/A/modeller_stderr.log
[DEBUG] === run_filler_for_chain END (ALPHAFOLD FALLBACK) ===
================================================================================
[2026-05-17 18:12:28] module=filler pdb_id=3FDN
================================================================================
template_id=3FDN_protein_monomer
target_id=3FDN_A
input_chain_id=A
alignment_directory=/home/grheco/repositorios/stack_protein_prep/data/proteins/3FDN/fasta/alignments
template_pdb_path=/home/grheco/repositorios/stack_protein_prep/data/proteins/3FDN/components/3FDN_protein_monomer.pdb
output_dir=/home/grheco/repositorios/stack_protein_prep/data/proteins/3FDN/fasta/alignments/filler/A
starting_model=1
ending_model=1
skip_if_no_internal_gaps=True
uniprot_id=O14965
residue_range=126-394
[DEBUG] === run_filler_for_chain START ===
[DEBUG] alignment_directory: /home/grheco/repositorios/stack_protein_prep/data/proteins/3FDN/fasta/alignments
[DEBUG] template_pdb_path: /home/grheco/repositorios/stack_protein_prep/data/proteins/3FDN/components/3FDN_protein_monomer.pdb
[DEBUG] output_dir: /home/grheco/repositorios/stack_protein_prep/data/proteins/3FDN/fasta/alignments/filler/A
[DEBUG] template_id: 3FDN_protein_monomer
[DEBUG] target_id: 3FDN_A
[DEBUG] chain_id (input): A
[DEBUG] starting_model: 1
[DEBUG] ending_model: 1
[DEBUG] uniprot_id: O14965
[DEBUG] residue_range: 126-394
[DEBUG] effective_residue_range: 126-394
[DEBUG] Resolved chain_id: A
[DEBUG] Alignment FASTA selected for filler: /home/grheco/repositorios/stack_protein_prep/data/proteins/3FDN/fasta/alignments/ATOM_chain_A_vs_UniProt.aln.fasta
[DEBUG] Template FASTA header selected: PDB|3FDN|ATOM|chain_A
[DEBUG] Target FASTA header selected: sp|O14965|AURKA_HUMAN Aurora kinase A OS=Homo sapiens OX=9606 GN=AURKA PE=1 SV=3
[FILL DECISION]
resolved_chain_id: A
effective_residue_range: 126-394
should_run_modeller: False
overall_classification: alphafold_candidate
alphafold_candidate: True
n_gap_regions: 1
skip_reason: At least one internal gap is 8 residues or longer. Using AlphaFold fallback if possible.
[GAP REGION 1]
alignment_start: 281
alignment_end: 288
gap_length: 8
is_terminal: False
classification: alphafold_candidate
[DEBUG] Fill decision: should_run_modeller=False, overall_classification=alphafold_candidate, alphafold_candidate=True
[ALPHAFOLD OUTPUT]
effective_residue_range: 126-394
alphafold_model_path: /home/grheco/repositorios/stack_protein_prep/data/proteins/3FDN/fasta/alignments/filler/A/final_filled_model.pdb
stdout_log: /home/grheco/repositorios/stack_protein_prep/data/proteins/3FDN/fasta/alignments/filler/A/modeller_stdout.log
stderr_log: /home/grheco/repositorios/stack_protein_prep/data/proteins/3FDN/fasta/alignments/filler/A/modeller_stderr.log
[DEBUG] === run_filler_for_chain END (ALPHAFOLD FALLBACK) ===
