sanitize_pdb_for_gromacs
========================

pdb_id                       : 3FDN
variant_label                : gaps_fragment_01
input_pdb_path               : /home/grheco/repositorios/stack_protein_prep/data/proteins/3FDN/components/.tmp_gaps_fragments/3FDN_chain_A_fragment_01.pdb
output_pdb_path              : /home/grheco/repositorios/stack_protein_prep/data/proteins/3FDN/components/.tmp_sanitized_protonation/3FDN_gaps_fragment_01_sanitized.pdb
output_written               : True
can_run_gromacs              : True
status                       : warning
atom_count_in                : 1277
atom_count_out               : 1277
residue_count_out            : 156
selected_altloc_count        : 0
dropped_altloc_atom_count    : 0
normalized_occupancy_count   : 0
dropped_heterogen_atom_count : 0
nonstandard_residue_names    : <none>
missing_heavy_atom_count     : 10
force_field_template_path    : /home/grheco/repositorios/stack_protein_prep/.pixi/envs/default/share/gromacs/top/amber99sb-ildn.ff/aminoacids.rtp

issues
------
[warning] missing_standard_heavy_atoms: Residue ARG A 126 is missing expected heavy atoms: CD, CG, CZ, NE, NH1, NH2
[warning] missing_standard_heavy_atoms: Residue ILE A 135 is missing expected heavy atoms: CD
[warning] missing_standard_heavy_atoms: Residue ILE A 158 is missing expected heavy atoms: CD
[warning] missing_standard_heavy_atoms: Residue ILE A 184 is missing expected heavy atoms: CD
[warning] missing_standard_heavy_atoms: Residue ILE A 193 is missing expected heavy atoms: CD
[warning] missing_standard_heavy_atoms: Residue ILE A 209 is missing expected heavy atoms: CD
[warning] missing_standard_heavy_atoms: Residue ILE A 237 is missing expected heavy atoms: CD
[warning] missing_standard_heavy_atoms: Residue ILE A 253 is missing expected heavy atoms: CD
[warning] missing_standard_heavy_atoms: Residue ILE A 257 is missing expected heavy atoms: CD
[warning] missing_standard_heavy_atoms: Residue ILE A 272 is missing expected heavy atoms: CD
