sanitize_pdb_for_gromacs
========================

pdb_id                       : 3FDN
variant_label                : gaps_fragment_02
input_pdb_path               : /home/grheco/repositorios/stack_protein_prep/data/proteins/3FDN/components/.tmp_gaps_fragments/3FDN_chain_A_fragment_02.pdb
output_pdb_path              : /home/grheco/repositorios/stack_protein_prep/data/proteins/3FDN/components/.tmp_sanitized_protonation/3FDN_gaps_fragment_02_sanitized.pdb
output_written               : True
can_run_gromacs              : True
status                       : warning
atom_count_in                : 857
atom_count_out               : 857
residue_count_out            : 105
selected_altloc_count        : 0
dropped_altloc_atom_count    : 0
normalized_occupancy_count   : 0
dropped_heterogen_atom_count : 0
nonstandard_residue_names    : <none>
missing_heavy_atom_count     : 5
force_field_template_path    : /home/grheco/repositorios/stack_protein_prep/.pixi/envs/default/share/gromacs/top/amber99sb-ildn.ff/aminoacids.rtp

issues
------
[warning] missing_standard_heavy_atoms: Residue ILE A 301 is missing expected heavy atoms: CD
[warning] missing_standard_heavy_atoms: Residue ILE A 341 is missing expected heavy atoms: CD
[warning] missing_standard_heavy_atoms: Residue ILE A 360 is missing expected heavy atoms: CD
[warning] missing_standard_heavy_atoms: Residue ILE A 383 is missing expected heavy atoms: CD
[warning] missing_standard_heavy_atoms: Residue GLN A 394 is missing expected heavy atoms: O
