sanitize_pdb_for_gromacs
========================

pdb_id                       : 3FDN
variant_label                : best_complete
input_pdb_path               : /home/grheco/repositorios/stack_protein_prep/data/proteins/3FDN/fasta/alignments/filler/A/final_filled_model.pdb
output_pdb_path              : /home/grheco/repositorios/stack_protein_prep/data/proteins/3FDN/components/.tmp_sanitized_protonation/3FDN_best_complete_sanitized.pdb
output_written               : True
can_run_gromacs              : True
status                       : warning
atom_count_in                : 2204
atom_count_out               : 2204
residue_count_out            : 269
selected_altloc_count        : 0
dropped_altloc_atom_count    : 0
normalized_occupancy_count   : 0
dropped_heterogen_atom_count : 0
nonstandard_residue_names    : <none>
missing_heavy_atom_count     : 13
force_field_template_path    : /home/grheco/repositorios/stack_protein_prep/.pixi/envs/default/share/gromacs/top/amber99sb-ildn.ff/aminoacids.rtp

issues
------
[warning] missing_standard_heavy_atoms: Residue ILE A 135 is missing expected heavy atoms: CD
[warning] missing_standard_heavy_atoms: Residue ILE A 158 is missing expected heavy atoms: CD
[warning] missing_standard_heavy_atoms: Residue ILE A 184 is missing expected heavy atoms: CD
[warning] missing_standard_heavy_atoms: Residue ILE A 193 is missing expected heavy atoms: CD
[warning] missing_standard_heavy_atoms: Residue ILE A 209 is missing expected heavy atoms: CD
[warning] missing_standard_heavy_atoms: Residue ILE A 237 is missing expected heavy atoms: CD
[warning] missing_standard_heavy_atoms: Residue ILE A 253 is missing expected heavy atoms: CD
[warning] missing_standard_heavy_atoms: Residue ILE A 257 is missing expected heavy atoms: CD
[warning] missing_standard_heavy_atoms: Residue ILE A 272 is missing expected heavy atoms: CD
[warning] missing_standard_heavy_atoms: Residue ILE A 301 is missing expected heavy atoms: CD
[warning] missing_standard_heavy_atoms: Residue ILE A 341 is missing expected heavy atoms: CD
[warning] missing_standard_heavy_atoms: Residue ILE A 360 is missing expected heavy atoms: CD
[warning] missing_standard_heavy_atoms: Residue ILE A 383 is missing expected heavy atoms: CD
