standard_residue_repair
=======================

input_pdb_path                   : /home/grheco/repositorios/stack_protein_prep/data/proteins/3FDN/fasta/alignments/filler/A/final_filled_model.pdb
output_pdb_path                  : /home/grheco/repositorios/stack_protein_prep/data/proteins/3FDN/components/.tmp_standard_residue_repair/3FDN_best_complete_standard_repaired.pdb
used_output_path                 : /home/grheco/repositorios/stack_protein_prep/data/proteins/3FDN/fasta/alignments/filler/A/final_filled_model.pdb
repair_attempted                 : True
repair_success                   : False
can_continue                     : True
missing_heavy_atom_count_before  : 13
missing_heavy_atom_count_after   : 13
nonstandard_residue_names        : <none>
status                           : failed
message                          : MODELLER complete_pdb repair failed: ImportError('MODELLER is required for minimal standard-heavy-atom repair.'); original input retained.

missing_before
--------------
Residue ILE A 135 is missing expected heavy atoms: CD
Residue ILE A 158 is missing expected heavy atoms: CD
Residue ILE A 184 is missing expected heavy atoms: CD
Residue ILE A 193 is missing expected heavy atoms: CD
Residue ILE A 209 is missing expected heavy atoms: CD
Residue ILE A 237 is missing expected heavy atoms: CD
Residue ILE A 253 is missing expected heavy atoms: CD
Residue ILE A 257 is missing expected heavy atoms: CD
Residue ILE A 272 is missing expected heavy atoms: CD
Residue ILE A 301 is missing expected heavy atoms: CD
Residue ILE A 341 is missing expected heavy atoms: CD
Residue ILE A 360 is missing expected heavy atoms: CD
Residue ILE A 383 is missing expected heavy atoms: CD

missing_after
-------------
<none>
