
                         MODELLER 10.8, 2025/11/04, r13157

     PROTEIN STRUCTURE MODELLING BY SATISFACTION OF SPATIAL RESTRAINTS


                     Copyright(c) 1989-2025 Andrej Sali
                            All Rights Reserved

                             Written by A. Sali
                               with help from
              B. Webb, M.S. Madhusudhan, M-Y. Shen, G.Q. Dong,
          M.A. Marti-Renom, N. Eswar, F. Alber, M. Topf, B. Oliva,
             A. Fiser, R. Sanchez, B. Yerkovich, A. Badretdinov,
                     F. Melo, J.P. Overington, E. Feyfant
                 University of California, San Francisco, USA
                    Rockefeller University, New York, USA
                      Harvard University, Cambridge, USA
                   Imperial Cancer Research Fund, London, UK
              Birkbeck College, University of London, London, UK


Kind, OS, HostName, Kernel, Processor: 4, Linux grheco 6.8.0-111-generic x86_64
Date and time of compilation         : 2025/11/04 18:30:22
MODELLER executable type             : x86_64-intel8
Job starting time (YY/MM/DD HH:MM:SS): 2026/05/17 17:45:06

environ____W> The class 'environ' is deprecated; use 'Environ' instead
openf___224_> Open           $(LIB)/restyp.lib
openf___224_> Open           ${MODINSTALL10v8}/modlib/restyp_cif.lib
openf___224_> Open           ${MODINSTALL10v8}/modlib/resgrp.lib
rdresgr_266_> Number of residue groups:        2
openf___224_> Open           ${MODINSTALL10v8}/modlib/sstruc.lib

Dynamically allocated memory at   amaxlibraries [B,KiB,MiB]:       194446     189.889     0.185

Dynamically allocated memory at   amaxlibraries [B,KiB,MiB]:       194974     190.404     0.186
openf___224_> Open           ${MODINSTALL10v8}/modlib/resdih.lib

Dynamically allocated memory at   amaxlibraries [B,KiB,MiB]:       243574     237.865     0.232
rdrdih__263_> Number of dihedral angle types         :        9
              Maximal number of dihedral angle optima:        3
              Dihedral angle names                   :  Alph Phi Psi Omeg chi1 chi2 chi3 chi4 chi5
openf___224_> Open           ${MODINSTALL10v8}/modlib/radii.lib

Dynamically allocated memory at   amaxlibraries [B,KiB,MiB]:       256874     250.854     0.245
openf___224_> Open           ${MODINSTALL10v8}/modlib/af_mnchdef.lib
rdwilmo_274_> Mainchain residue conformation classes:  APBLE
openf___224_> Open           ${MODINSTALL10v8}/modlib/mnch.lib
rdclass_257_> Number of classes:        5
openf___224_> Open           ${MODINSTALL10v8}/modlib/mnch1.lib
openf___224_> Open           ${MODINSTALL10v8}/modlib/mnch2.lib
openf___224_> Open           ${MODINSTALL10v8}/modlib/mnch3.lib
openf___224_> Open           ${MODINSTALL10v8}/modlib/xs4.mat
rdrrwgh_268_> Number of residue types:       21
automodel__W> The class 'automodel' is deprecated; use 'AutoModel' instead
openf___224_> Open           chain_alignment.ali

Dynamically allocated memory at   amaxalignment [B,KiB,MiB]:       268855     262.554     0.256

Dynamically allocated memory at   amaxalignment [B,KiB,MiB]:       270305     263.970     0.258

Dynamically allocated memory at   amaxalignment [B,KiB,MiB]:       273205     266.802     0.261

Dynamically allocated memory at   amaxalignment [B,KiB,MiB]:       279005     272.466     0.266

Dynamically allocated memory at   amaxalignment [B,KiB,MiB]:       408461     398.888     0.390

Dynamically allocated memory at    amaxsequence [B,KiB,MiB]:       409313     399.720     0.390

Dynamically allocated memory at    amaxsequence [B,KiB,MiB]:       410641     401.017     0.392

Read the alignment from file       : chain_alignment.ali

Total number of alignment positions:   333

  #  Code        #_Res #_Segm PDB_code    Name
-------------------------------------------------------------------------------
  1  3BC3_prot     214      1 3BC3_protei
  2     3BC3_A     333      1      3BC3_A
check_a_343_> >> BEGINNING OF COMMAND
openf___224_> Open           ./3BC3_protein_monomer.pdb

Dynamically allocated memory at amaxcoordinates [B,KiB,MiB]:       476566     465.396     0.454

Dynamically allocated memory at    amaxsequence [B,KiB,MiB]:       476566     465.396     0.454

Dynamically allocated memory at amaxcoordinates [B,KiB,MiB]:       476737     465.563     0.455

Dynamically allocated memory at amaxcoordinates [B,KiB,MiB]:       477587     466.394     0.455

Dynamically allocated memory at amaxcoordinates [B,KiB,MiB]:       478845     467.622     0.457

Dynamically allocated memory at amaxcoordinates [B,KiB,MiB]:       480749     469.481     0.458

Dynamically allocated memory at    amaxsequence [B,KiB,MiB]:       480749     469.481     0.458

Dynamically allocated memory at amaxcoordinates [B,KiB,MiB]:       480839     469.569     0.459

Dynamically allocated memory at amaxcoordinates [B,KiB,MiB]:       483695     472.358     0.461

Dynamically allocated memory at    amaxsequence [B,KiB,MiB]:       483695     472.358     0.461

Dynamically allocated memory at amaxcoordinates [B,KiB,MiB]:       483830     472.490     0.461

Dynamically allocated memory at amaxcoordinates [B,KiB,MiB]:       488114     476.674     0.466

Dynamically allocated memory at    amaxsequence [B,KiB,MiB]:       488114     476.674     0.466

Dynamically allocated memory at amaxcoordinates [B,KiB,MiB]:       488312     476.867     0.466

Dynamically allocated memory at amaxcoordinates [B,KiB,MiB]:       494738     483.143     0.472

Dynamically allocated memory at    amaxsequence [B,KiB,MiB]:       494738     483.143     0.472

Dynamically allocated memory at amaxcoordinates [B,KiB,MiB]:       495035     483.433     0.472

Dynamically allocated memory at amaxcoordinates [B,KiB,MiB]:       504657     492.829     0.481

Dynamically allocated memory at    amaxsequence [B,KiB,MiB]:       504657     492.829     0.481

Dynamically allocated memory at amaxcoordinates [B,KiB,MiB]:       505107     493.269     0.482

Dynamically allocated memory at amaxcoordinates [B,KiB,MiB]:       519557     507.380     0.495

Dynamically allocated memory at    amaxsequence [B,KiB,MiB]:       519557     507.380     0.495

Dynamically allocated memory at amaxcoordinates [B,KiB,MiB]:       520232     508.039     0.496

Dynamically allocated memory at amaxcoordinates [B,KiB,MiB]:       541890     529.189     0.517
readlinef__W> File: ./3BC3_protein_monomer.pdb, Line: 1654
              Modeller will only read the first 80 characters of this line.


Dynamically allocated memory at   amaxstructure [B,KiB,MiB]:       541791     529.093     0.517

check_ali___> Checking the sequence-structure alignment. 

Implied intrachain target CA(i)-CA(i+1) distances longer than  8.0 angstroms:

ALN_POS  TMPL  RID1  RID2  NAM1  NAM2     DIST
----------------------------------------------
END OF TABLE
check_a_344_> << END OF COMMAND
openf___224_> Open           ${LIB}/top_heav.lib
read_to_681_> topology.submodel read from topology file:        3
openf___224_> Open           ${LIB}/par.lib

Dynamically allocated memory at  amaxparameters [B,KiB,MiB]:       681043     665.081     0.649

Dynamically allocated memory at  amaxparameters [B,KiB,MiB]:       682643     666.644     0.651

Dynamically allocated memory at  amaxparameters [B,KiB,MiB]:       686623     670.530     0.655

Dynamically allocated memory at  amaxparameters [B,KiB,MiB]:       688623     672.483     0.657

Dynamically allocated memory at  amaxparameters [B,KiB,MiB]:       691623     675.413     0.660

Dynamically allocated memory at  amaxparameters [B,KiB,MiB]:       696123     679.808     0.664

Dynamically allocated memory at  amaxparameters [B,KiB,MiB]:       701695     685.249     0.669

Dynamically allocated memory at  amaxparameters [B,KiB,MiB]:       704495     687.983     0.672

Dynamically allocated memory at  amaxparameters [B,KiB,MiB]:       708695     692.085     0.676

Dynamically allocated memory at  amaxparameters [B,KiB,MiB]:       714995     698.237     0.682

Dynamically allocated memory at  amaxparameters [B,KiB,MiB]:       717767     700.944     0.685

Dynamically allocated memory at  amaxparameters [B,KiB,MiB]:       719167     702.312     0.686
read_pa_232_> parameters    BONDS   ANGLS  DIHEDS IMPROPS    MODE
                              227     561     661     112       0

Dynamically allocated memory at       amaxmodel [B,KiB,MiB]:       771291     753.214     0.736

Dynamically allocated memory at       amaxmodel [B,KiB,MiB]:      1031481    1007.306     0.984

Dynamically allocated memory at       amaxmodel [B,KiB,MiB]:      1071593    1046.478     1.022

mkilst______> segment topology constructed from sequence and RTF:
              segments residues  atoms  bonds angles dihedrals impropers:
                     1      333   2636   2704      0         0      1155

Dynamically allocated memory at       amaxmodel [B,KiB,MiB]:      1184349    1156.591     1.129

patch_______> segment topology patched using RTF:  1 ;  MET  ;  NTER
              segments residues  atoms  bonds angles dihedrals impropers:
                     1      333   2636   2704   3648      4313      1155


Dynamically allocated memory at       amaxmodel [B,KiB,MiB]:      1294845    1264.497     1.235
patch_______> segment topology patched using RTF:  333 ;  VAL  ;  CTER
              segments residues  atoms  bonds angles dihedrals impropers:
                     1      333   2637   2705   3650      4315      1156

genseg______> segment topology constructed from sequence and RTF:
              segments residues  atoms  bonds angles dihedrals impropers:
                     1      333   2637   2705   3650      4315      1156

Dynamically allocated memory at       amaxmodel [B,KiB,MiB]:      1321741    1290.763     1.261
patch_______> segment topology patched using RTF:  135 178 ;  CYS  CYS  ;  DISU
              segments residues  atoms  bonds angles dihedrals impropers:
                     1      333   2637   2706   3652      4318      1156
patch_______> segment topology patched using RTF:  169 211 ;  CYS  CYS  ;  DISU
              segments residues  atoms  bonds angles dihedrals impropers:
                     1      333   2637   2707   3654      4321      1156

Dynamically allocated memory at       amaxmodel [B,KiB,MiB]:      1321989    1291.005     1.261
patch_______> segment topology patched using RTF:  269 322 ;  CYS  CYS  ;  DISU
              segments residues  atoms  bonds angles dihedrals impropers:
                     1      333   2637   2708   3656      4324      1156
patch_s_522_> Number of disulfides patched in MODEL:        3
transfe_506_> MODEL is an average of all templates.
transfe_511_> Number of templates for coordinate transfer:        1
              After transferring coordinates of the equivalent template atoms,
              there are defined, undefined atoms in MODEL:     1653      984
openf___224_> Open           3BC3_A.ini
wrpdb___568_> Residues, atoms, selected atoms:      333     2637     2637
make_re_417_> Restraint type to be calculated:  stereo

Dynamically allocated memory at  amaxrestraints [B,KiB,MiB]:      1429446    1395.943     1.363

Dynamically allocated memory at  amaxrestraints [B,KiB,MiB]:      1437638    1403.943     1.371

Dynamically allocated memory at  amaxrestraints [B,KiB,MiB]:      1454022    1419.943     1.387

Dynamically allocated memory at  amaxrestraints [B,KiB,MiB]:      1486790    1451.943     1.418

Dynamically allocated memory at  amaxrestraints [B,KiB,MiB]:      1519558    1483.943     1.449

Dynamically allocated memory at  amaxrestraints [B,KiB,MiB]:      1585094    1547.943     1.512

Dynamically allocated memory at  amaxrestraints [B,KiB,MiB]:      1617862    1579.943     1.543

Dynamically allocated memory at  amaxrestraints [B,KiB,MiB]:      1650630    1611.943     1.574

Dynamically allocated memory at  amaxrestraints [B,KiB,MiB]:      1716166    1675.943     1.637

Dynamically allocated memory at  amaxrestraints [B,KiB,MiB]:      1847238    1803.943     1.762

Dynamically allocated memory at  amaxrestraints [B,KiB,MiB]:      1912774    1867.943     1.824

Dynamically allocated memory at  amaxrestraints [B,KiB,MiB]:      1978310    1931.943     1.887

Dynamically allocated memory at  amaxrestraints [B,KiB,MiB]:      2109382    2059.943     2.012

Dynamically allocated memory at  amaxrestraints [B,KiB,MiB]:      2371526    2315.943     2.262

Dynamically allocated memory at  amaxrestraints [B,KiB,MiB]:      2502598    2443.943     2.387
r_stere_606_> Stereochemical restraints were constructed from RTF & PRMF.
              Added bond,angle,dihedral,improper restraints  :     2708    3656    4123    1144
              Total number of restraints before, now         :        0    11631
make_re_422_> Number of previous, current restraints         :        0    11631
make_re_423_> Number of previous, current selected restraints:        0    11631
make_re_417_> Restraint type to be calculated:  phi-psi_binormal

Dynamically allocated memory at   amaxstructure [B,KiB,MiB]:      2694180    2631.035     2.569
openf___224_> Open           ${MODINSTALL10v8}/modlib/mnch1.bin
openf___224_> Open           ${MODINSTALL10v8}/modlib/mnch1.mdt
getdata_643_> Protein accepted:  3BC3_protein_monomer
getdata_289_> Proteins (all/accepted):        1        1
make_re_422_> Number of previous, current restraints         :    11631    11962
make_re_423_> Number of previous, current selected restraints:    11631    11962
make_re_417_> Restraint type to be calculated:  omega_dihedral

Dynamically allocated memory at   amaxstructure [B,KiB,MiB]:      2694196    2631.051     2.569
openf___224_> Open           ${MODINSTALL10v8}/modlib/omega.bin
openf___224_> Open           ${MODINSTALL10v8}/modlib/omega.mdt
getdata_643_> Protein accepted:  3BC3_protein_monomer
getdata_289_> Proteins (all/accepted):        1        1
omgdel__425_> Unselected all O C +N +CA dihedrals:      344
              (This is to avoid clashes between STEREO
              and OMEGA_DIHEDRAL restraints)
make_re_422_> Number of previous, current restraints         :    11962    12294
make_re_423_> Number of previous, current selected restraints:    11962    11950
make_re_417_> Restraint type to be calculated:  chi1_dihedral

Dynamically allocated memory at   amaxstructure [B,KiB,MiB]:      2694196    2631.051     2.569
openf___224_> Open           ${MODINSTALL10v8}/modlib/chi1234.bin
openf___224_> Open           ${MODINSTALL10v8}/modlib/chi1.mdt
getdata_643_> Protein accepted:  3BC3_protein_monomer
getdata_289_> Proteins (all/accepted):        1        1

Dynamically allocated memory at  amaxrestraints [B,KiB,MiB]:      2825268    2759.051     2.694
make_re_422_> Number of previous, current restraints         :    12294    12570
make_re_423_> Number of previous, current selected restraints:    11950    12226
make_re_417_> Restraint type to be calculated:  chi2_dihedral

Dynamically allocated memory at   amaxstructure [B,KiB,MiB]:      2825268    2759.051     2.694
openf___224_> Open           ${MODINSTALL10v8}/modlib/chi1234.bin
openf___224_> Open           ${MODINSTALL10v8}/modlib/chi2.mdt
getdata_643_> Protein accepted:  3BC3_protein_monomer
getdata_289_> Proteins (all/accepted):        1        1
make_re_422_> Number of previous, current restraints         :    12570    12782
make_re_423_> Number of previous, current selected restraints:    12226    12438
make_re_417_> Restraint type to be calculated:  chi3_dihedral

Dynamically allocated memory at   amaxstructure [B,KiB,MiB]:      2825268    2759.051     2.694
openf___224_> Open           ${MODINSTALL10v8}/modlib/chi1234.bin
openf___224_> Open           ${MODINSTALL10v8}/modlib/chi3.mdt
getdata_643_> Protein accepted:  3BC3_protein_monomer
getdata_289_> Proteins (all/accepted):        1        1
make_re_422_> Number of previous, current restraints         :    12782    12885
make_re_423_> Number of previous, current selected restraints:    12438    12541
make_re_417_> Restraint type to be calculated:  chi4_dihedral

Dynamically allocated memory at   amaxstructure [B,KiB,MiB]:      2825268    2759.051     2.694
openf___224_> Open           ${MODINSTALL10v8}/modlib/chi1234.bin
openf___224_> Open           ${MODINSTALL10v8}/modlib/chi4.mdt
mdtrsr__446W> A potential that relies on one protein is used, yet you have at
              least one known structure available. MDT, not library, potential is used.
getdata_643_> Protein accepted:  3BC3_protein_monomer
getdata_289_> Proteins (all/accepted):        1        1
make_re_422_> Number of previous, current restraints         :    12885    12919
make_re_423_> Number of previous, current selected restraints:    12541    12575
make_re_417_> Restraint type to be calculated:  DISTANCE

Dynamically allocated memory at amaxhash_contac [B,KiB,MiB]:      3584688    3500.672     3.419

Dynamically allocated memory at  amaxrestraints [B,KiB,MiB]:      3846832    3756.672     3.669

Dynamically allocated memory at  amaxrestraints [B,KiB,MiB]:      4108976    4012.672     3.919
make_re_422_> Number of previous, current restraints         :    12919    17643
make_re_423_> Number of previous, current selected restraints:    12575    17299
make_re_417_> Restraint type to be calculated:  DISTANCE

Dynamically allocated memory at  amaxrestraints [B,KiB,MiB]:      4633264    4524.672     4.419
make_re_422_> Number of previous, current restraints         :    17643    22567
make_re_423_> Number of previous, current selected restraints:    17299    22223
make_re_417_> Restraint type to be calculated:  DISTANCE

Dynamically allocated memory at  amaxrestraints [B,KiB,MiB]:      4895408    4780.672     4.669
make_re_422_> Number of previous, current restraints         :    22567    26086
make_re_423_> Number of previous, current selected restraints:    22223    25742
make_re_417_> Restraint type to be calculated:  DISTANCE
make_re_422_> Number of previous, current restraints         :    26086    28480
make_re_423_> Number of previous, current selected restraints:    25742    28136
0 atoms in HETATM/BLK residues constrained
to protein atoms within 2.30 angstroms
and protein CA atoms within 10.00 angstroms
make_re_417_> Restraint type to be calculated:  DISTANCE
make_re_422_> Number of previous, current restraints         :    28480    28480
make_re_423_> Number of previous, current selected restraints:    28136    28136
make_re_417_> Restraint type to be calculated:  DISTANCE
make_re_422_> Number of previous, current restraints         :    28480    28480
make_re_423_> Number of previous, current selected restraints:    28136    28136
make_re_417_> Restraint type to be calculated:  DISTANCE
make_re_422_> Number of previous, current restraints         :    28480    28480
make_re_423_> Number of previous, current selected restraints:    28136    28136
make_re_417_> Restraint type to be calculated:  DISTANCE
make_re_422_> Number of previous, current restraints         :    28480    28480
make_re_423_> Number of previous, current selected restraints:    28136    28136
0 atoms in residues without defined topology
constrained to be rigid bodies
make_re_417_> Restraint type to be calculated:  DISTANCE
make_re_422_> Number of previous, current restraints         :    28480    28480
make_re_423_> Number of previous, current selected restraints:    28136    28136
rmdupl__427_>     2026 redundant cosine dihedral restraints were unselected.
condens_443_> Restraints marked for deletion were removed.
              Total number of restraints before, now:    28480    26110
openf___224_> Open           3BC3_A.rsr
openf___224_> Open           3BC3_A.rsr

Dynamically allocated memory at  amaxrestraints [B,KiB,MiB]:      4951763    4835.706     4.722
rdcsr2__307_> Number of restraints read    :    26110
              Number of excluded pairs read:        0
              Number of pseudo atoms read  :        0
rdcsrs__304_> Restraints in memory, selected restraints:    26110    26110
              Explicitly excluded atom pairs in memory :        0
              Pseudo atoms in memory                   :        0
openf___224_> Open           3BC3_A.ini

Dynamically allocated memory at       amaxmodel [B,KiB,MiB]:      4951795    4835.737     4.722
read_mo_297_> Segments, residues, atoms:        1      333     2637
read_mo_298_> Segment:        1  1:A  333:A     2637
randomi_498_> Atoms,selected atoms,random_seed,amplitude:     2637     2637        1        4.0000
randomi_496_> Amplitude is > 0; randomization is done.
pick_re_612_> Number of MODEL atoms, selected restraints;     2637    14875
pick_re_612_> Number of MODEL atoms, selected restraints;     2637    16189
pick_re_612_> Number of MODEL atoms, selected restraints;     2637    16914
pick_re_612_> Number of MODEL atoms, selected restraints;     2637    17643
pick_re_612_> Number of MODEL atoms, selected restraints;     2637    19001
pick_re_612_> Number of MODEL atoms, selected restraints;     2637    20164
pick_re_612_> Number of MODEL atoms, selected restraints;     2637    22450
pick_re_612_> Number of MODEL atoms, selected restraints;     2637    23707
pick_re_612_> Number of MODEL atoms, selected restraints;     2637    24729

Dynamically allocated memory at  amaxrestraints [B,KiB,MiB]:      5307655    5183.257     5.062
pick_re_612_> Number of MODEL atoms, selected restraints;     2637    26107
pick_re_612_> Number of MODEL atoms, selected restraints;     2637    26110
pick_re_612_> Number of MODEL atoms, selected restraints;     2637    26110
iupac_m_483_> CD1/2 CE1/2 swapped:       90.2703       21  21
iupac_m_397W> Atoms were not swapped because of the uncertainty of how to handle the H atom.
iupac_m_485_> OD1/2 will be swapped:      163.1928       22  22
iupac_m_487_> NH1/2 swapped:     -179.6841       38  38
iupac_m_486_> OE1/2 will be swapped:      173.8466       44  44
iupac_m_486_> OE1/2 will be swapped:     -159.0756       45  45
iupac_m_487_> NH1/2 swapped:      178.5760       48  48
iupac_m_487_> NH1/2 swapped:     -178.3431       49  49
iupac_m_486_> OE1/2 will be swapped:     -160.5678       53  53
iupac_m_486_> OE1/2 will be swapped:     -170.7265       60  60
iupac_m_486_> OE1/2 will be swapped:     -179.4507       65  65
iupac_m_486_> OE1/2 will be swapped:      177.9610       87  87
iupac_m_483_> CD1/2 CE1/2 swapped:       90.2844       95  95
iupac_m_397W> Atoms were not swapped because of the uncertainty of how to handle the H atom.
iupac_m_487_> NH1/2 swapped:      175.7267      101  101
iupac_m_486_> OE1/2 will be swapped:      167.8245      108  108
iupac_m_486_> OE1/2 will be swapped:      174.0044      113  113
iupac_m_487_> NH1/2 swapped:     -178.7933      157  157
iupac_m_486_> OE1/2 will be swapped:     -160.8037      205  205
iupac_m_486_> OE1/2 will be swapped:      166.2796      208  208
iupac_m_486_> OE1/2 will be swapped:     -175.6819      209  209
iupac_m_486_> OE1/2 will be swapped:     -162.5284      289  289
iupac_m_485_> OD1/2 will be swapped:      129.2642      291  291
iupac_m_486_> OE1/2 will be swapped:      155.2838      305  305
iupac_m_487_> NH1/2 swapped:     -179.3306      318  318
iupac_m_487_> NH1/2 swapped:     -178.7764      319  319
openf___224_> Open           ${LIB}/atmcls-mf.lib

Dynamically allocated memory at amaxgroup_restr [B,KiB,MiB]:      5308083    5183.675     5.062

Dynamically allocated memory at amaxgroup_restr [B,KiB,MiB]:      5308147    5183.737     5.062

Dynamically allocated memory at amaxgroup_restr [B,KiB,MiB]:      5308205    5183.794     5.062

Dynamically allocated memory at amaxgroup_restr [B,KiB,MiB]:      5308269    5183.856     5.062

Dynamically allocated memory at amaxgroup_restr [B,KiB,MiB]:      5308335    5183.921     5.062

Dynamically allocated memory at amaxgroup_restr [B,KiB,MiB]:      5308399    5183.983     5.062

Dynamically allocated memory at amaxgroup_restr [B,KiB,MiB]:      5308555    5184.136     5.063

Dynamically allocated memory at amaxgroup_restr [B,KiB,MiB]:      5308683    5184.261     5.063

Dynamically allocated memory at amaxgroup_restr [B,KiB,MiB]:      5308977    5184.548     5.063

Dynamically allocated memory at amaxgroup_restr [B,KiB,MiB]:      5309169    5184.735     5.063

Dynamically allocated memory at amaxgroup_restr [B,KiB,MiB]:      5309673    5185.228     5.064

Dynamically allocated memory at amaxgroup_restr [B,KiB,MiB]:      5309929    5185.478     5.064

Dynamically allocated memory at amaxgroup_restr [B,KiB,MiB]:      5310925    5186.450     5.065

Dynamically allocated memory at amaxgroup_restr [B,KiB,MiB]:      5311309    5186.825     5.065

Dynamically allocated memory at amaxgroup_restr [B,KiB,MiB]:      5311885    5187.388     5.066

Dynamically allocated memory at amaxgroup_restr [B,KiB,MiB]:      5313919    5189.374     5.068

Dynamically allocated memory at amaxgroup_restr [B,KiB,MiB]:      5314815    5190.249     5.069

Dynamically allocated memory at amaxgroup_restr [B,KiB,MiB]:      5319267    5194.597     5.073

Dynamically allocated memory at amaxgroup_restr [B,KiB,MiB]:      5320611    5195.909     5.074

Dynamically allocated memory at amaxgroup_restr [B,KiB,MiB]:      5330229    5205.302     5.083

Dynamically allocated memory at amaxgroup_restr [B,KiB,MiB]:      5332213    5207.239     5.085

Dynamically allocated memory at amaxgroup_restr [B,KiB,MiB]:      5352859    5227.401     5.105

Dynamically allocated memory at amaxgroup_restr [B,KiB,MiB]:      5355867    5230.339     5.108

Dynamically allocated memory at amaxgroup_restr [B,KiB,MiB]:      5401833    5275.228     5.152

Dynamically allocated memory at amaxgroup_restr [B,KiB,MiB]:      5406313    5279.603     5.156

Dynamically allocated memory at amaxgroup_restr [B,KiB,MiB]:      5507533    5378.450     5.252
openf___224_> Open           ${LIB}/dist-mf.lib

Dynamically allocated memory at amaxgroup_restr [B,KiB,MiB]:      5507929    5378.837     5.253

Dynamically allocated memory at amaxgroup_restr [B,KiB,MiB]:      5508725    5379.614     5.254

Dynamically allocated memory at amaxgroup_restr [B,KiB,MiB]:      5509521    5380.392     5.254

Dynamically allocated memory at amaxgroup_restr [B,KiB,MiB]:      5510709    5381.552     5.255

Dynamically allocated memory at amaxgroup_restr [B,KiB,MiB]:      5511109    5381.942     5.256

Dynamically allocated memory at amaxgroup_restr [B,KiB,MiB]:      5511709    5382.528     5.256

Dynamically allocated memory at amaxgroup_restr [B,KiB,MiB]:      5512609    5383.407     5.257

Dynamically allocated memory at amaxgroup_restr [B,KiB,MiB]:      5513957    5384.724     5.259

Dynamically allocated memory at amaxgroup_restr [B,KiB,MiB]:      5514157    5384.919     5.259

Dynamically allocated memory at amaxgroup_restr [B,KiB,MiB]:      5516181    5386.896     5.261

Dynamically allocated memory at amaxgroup_restr [B,KiB,MiB]:      5516481    5387.188     5.261

Dynamically allocated memory at amaxgroup_restr [B,KiB,MiB]:      5519517    5390.153     5.264

Dynamically allocated memory at amaxgroup_restr [B,KiB,MiB]:      5519965    5390.591     5.264

Dynamically allocated memory at amaxgroup_restr [B,KiB,MiB]:      5524517    5395.036     5.269

Dynamically allocated memory at amaxgroup_restr [B,KiB,MiB]:      5525189    5395.692     5.269

Dynamically allocated memory at amaxgroup_restr [B,KiB,MiB]:      5532017    5402.360     5.276

Dynamically allocated memory at amaxgroup_restr [B,KiB,MiB]:      5533025    5403.345     5.277

Dynamically allocated memory at amaxgroup_restr [B,KiB,MiB]:      5543269    5413.349     5.286

Dynamically allocated memory at amaxgroup_restr [B,KiB,MiB]:      5543869    5413.935     5.287

Dynamically allocated memory at amaxgroup_restr [B,KiB,MiB]:      5544269    5414.325     5.287

Dynamically allocated memory at amaxgroup_restr [B,KiB,MiB]:      5545781    5415.802     5.289

Dynamically allocated memory at amaxgroup_restr [B,KiB,MiB]:      5561145    5430.806     5.304

Dynamically allocated memory at amaxgroup_restr [B,KiB,MiB]:      5562045    5431.685     5.304

Dynamically allocated memory at amaxgroup_restr [B,KiB,MiB]:      5562645    5432.271     5.305

Dynamically allocated memory at amaxgroup_restr [B,KiB,MiB]:      5564913    5434.485     5.307

Dynamically allocated memory at amaxgroup_restr [B,KiB,MiB]:      5587961    5456.993     5.329

Dynamically allocated memory at amaxgroup_restr [B,KiB,MiB]:      5589305    5458.306     5.330

Dynamically allocated memory at amaxgroup_restr [B,KiB,MiB]:      5590205    5459.185     5.331

Dynamically allocated memory at amaxgroup_restr [B,KiB,MiB]:      5593609    5462.509     5.334

Dynamically allocated memory at amaxgroup_restr [B,KiB,MiB]:      5628181    5496.271     5.367

Dynamically allocated memory at amaxgroup_restr [B,KiB,MiB]:      5630197    5498.239     5.369

Dynamically allocated memory at amaxgroup_restr [B,KiB,MiB]:      5631545    5499.556     5.371

Dynamically allocated memory at amaxgroup_restr [B,KiB,MiB]:      5636649    5504.540     5.376

Dynamically allocated memory at amaxgroup_restr [B,KiB,MiB]:      5688505    5555.181     5.425

Dynamically allocated memory at amaxgroup_restr [B,KiB,MiB]:      5691529    5558.134     5.428

Dynamically allocated memory at amaxgroup_restr [B,KiB,MiB]:      5693553    5560.110     5.430

Dynamically allocated memory at amaxgroup_restr [B,KiB,MiB]:      5701209    5567.587     5.437

Dynamically allocated memory at amaxgroup_restr [B,KiB,MiB]:      5778993    5643.548     5.511

Dynamically allocated memory at amaxgroup_restr [B,KiB,MiB]:      5783529    5647.978     5.516

Dynamically allocated memory at amaxgroup_restr [B,KiB,MiB]:      5786565    5650.942     5.518

Dynamically allocated memory at amaxgroup_restr [B,KiB,MiB]:      5798049    5662.157     5.529

Dynamically allocated memory at amaxgroup_restr [B,KiB,MiB]:      5914725    5776.099     5.641

Dynamically allocated memory at amaxgroup_restr [B,KiB,MiB]:      5921529    5782.743     5.647

Dynamically allocated memory at amaxgroup_restr [B,KiB,MiB]:      5926081    5787.188     5.652

Dynamically allocated memory at amaxgroup_restr [B,KiB,MiB]:      5943309    5804.013     5.668

Dynamically allocated memory at amaxgroup_restr [B,KiB,MiB]:      6118325    5974.927     5.835

Dynamically allocated memory at amaxgroup_restr [B,KiB,MiB]:      6128537    5984.899     5.845

Dynamically allocated memory at amaxgroup_restr [B,KiB,MiB]:      6135365    5991.567     5.851

Dynamically allocated memory at amaxgroup_restr [B,KiB,MiB]:      6161205    6016.802     5.876

Dynamically allocated memory at amaxgroup_restr [B,KiB,MiB]:      6423729    6273.173     6.126

Dynamically allocated memory at amaxgroup_restr [B,KiB,MiB]:      6439041    6288.126     6.141

Dynamically allocated memory at amaxgroup_restr [B,KiB,MiB]:      6449285    6298.130     6.151

Dynamically allocated memory at amaxgroup_restr [B,KiB,MiB]:      6488045    6335.981     6.187

Dynamically allocated memory at amaxgroup_restr [B,KiB,MiB]:      6881829    6720.536     6.563

Dynamically allocated memory at amaxgroup_restr [B,KiB,MiB]:      6904797    6742.966     6.585

Dynamically allocated memory at amaxgroup_restr [B,KiB,MiB]:      6920161    6757.970     6.600

Dynamically allocated memory at amaxgroup_restr [B,KiB,MiB]:      6978301    6814.747     6.655

Dynamically allocated memory at amaxgroup_restr [B,KiB,MiB]:      7568977    7391.579     7.218

Dynamically allocated memory at amaxgroup_restr [B,KiB,MiB]:      7603429    7425.224     7.251

Dynamically allocated memory at amaxgroup_restr [B,KiB,MiB]:      7626477    7447.731     7.273

Dynamically allocated memory at amaxgroup_restr [B,KiB,MiB]:      7713689    7532.899     7.356

Dynamically allocated memory at amaxgroup_restr [B,KiB,MiB]:      8599705    8398.149     8.201

Dynamically allocated memory at amaxgroup_restr [B,KiB,MiB]:      8651389    8448.622     8.251

Dynamically allocated memory at amaxgroup_restr [B,KiB,MiB]:      8685961    8482.384     8.284

Dynamically allocated memory at amaxgroup_restr [B,KiB,MiB]:      8816777    8610.134     8.408

Dynamically allocated memory at amaxgroup_restr [B,KiB,MiB]:     10145801    9908.009     9.676
read_pa_232_> parameters    BONDS   ANGLS  DIHEDS IMPROPS    MODE
                                0       0       0       0   12561
>> Model assessment by DOPE potential
iatmcls_286W> MODEL atom not classified:  VAL:OXT  VAL

Dynamically allocated memory at  amaxrestraints [B,KiB,MiB]:     10501861   10255.724    10.015

Dynamically allocated memory at  amaxrestraints [B,KiB,MiB]:     10628437   10379.333    10.136

Dynamically allocated memory at  amaxrestraints [B,KiB,MiB]:     10881589   10626.552    10.377

Dynamically allocated memory at  amaxrestraints [B,KiB,MiB]:     11387893   11120.989    10.860

Dynamically allocated memory at  amaxrestraints [B,KiB,MiB]:     12400501   12109.864    11.826

Dynamically allocated memory at  amaxrestraints [B,KiB,MiB]:     14425717   14087.614    13.757


>> ENERGY; Differences between the model's features and restraints:
Number of all residues in MODEL                   :      333
Number of all, selected real atoms                :     2637    2637
Number of all, selected pseudo atoms              :        0       0
Number of all static, selected restraints         :    26110   26110
COVALENT_CYS                                      :        F
NONBONDED_SEL_ATOMS                               :        1
Number of non-bonded pairs (excluding 1-2,1-3,1-4):   374752
Dynamic pairs routine                             : 1, NATM x NATM double loop
Atomic shift for contacts update (UPDATE_DYNAMIC) :    0.390
LENNARD_JONES_SWITCH                              :    6.500   7.500
COULOMB_JONES_SWITCH                              :    6.500   7.500
RESIDUE_SPAN_RANGE                                :        1    9999
NLOGN_USE                                         :       15
CONTACT_SHELL                                     :   15.000
DYNAMIC_PAIRS,_SPHERE,_COULOMB,_LENNARD,_MODELLER :        T       F       F       F       T
SPHERE_STDV                                       :    0.050
RADII_FACTOR                                      :    0.820
Current energy                                    :      -26227.9297




<< end of ENERGY.
DOPE score               : -26227.929688
>> Model assessment by GA341 potential

Surface library          : /usr/lib/modeller10.8/modlib/surf5.de
Pair library             : /usr/lib/modeller10.8/modlib/pair9.de
Chain identifier         : _
% sequence identity      :   100.000000
Sequence length          :          333
Compactness              :     0.001350
Native energy (pair)     :  -123.826796
Native energy (surface)  :    -0.574009
Native energy (combined) :    -3.374126
Z score (pair)           :    -6.397602
Z score (surface)        :    -4.760286
Z score (combined)       :    -7.984975
GA341 score              :     1.000000



>> ENERGY; Differences between the model's features and restraints:
Number of all residues in MODEL                   :      333
Number of all, selected real atoms                :     2637    2637
Number of all, selected pseudo atoms              :        0       0
Number of all static, selected restraints         :    26110   26110
COVALENT_CYS                                      :        F
NONBONDED_SEL_ATOMS                               :        1
Number of non-bonded pairs (excluding 1-2,1-3,1-4):     4673
Dynamic pairs routine                             : 2, NATM x NATM cell sorting
Atomic shift for contacts update (UPDATE_DYNAMIC) :    0.390
LENNARD_JONES_SWITCH                              :    6.500   7.500
COULOMB_JONES_SWITCH                              :    6.500   7.500
RESIDUE_SPAN_RANGE                                :        0   99999
NLOGN_USE                                         :       15
CONTACT_SHELL                                     :    4.000
DYNAMIC_PAIRS,_SPHERE,_COULOMB,_LENNARD,_MODELLER :        T       T       F       F       F
SPHERE_STDV                                       :    0.050
RADII_FACTOR                                      :    0.820
Current energy                                    :        1764.1348





Summary of the restraint violations: 

   NUM     ... number of restraints.
   NUMVI   ... number of restraints with RVIOL > VIOL_REPORT_CUT[i].
   RVIOL   ... relative difference from the best value.
   NUMVP   ... number of restraints with -Ln(pdf) > VIOL_REPORT_CUT2[i].
   RMS_1   ... RMS(feature, minimally_violated_basis_restraint, NUMB).
   RMS_2   ... RMS(feature, best_value, NUMB).
   MOL.PDF ... scaled contribution to -Ln(Molecular pdf).

 #                     RESTRAINT_GROUP      NUM   NUMVI  NUMVP   RMS_1   RMS_2         MOL.PDF     S_i
------------------------------------------------------------------------------------------------------
 1 Bond length potential              :    2705       0      0   0.005   0.005      17.301       1.000
 2 Bond angle potential               :    3650       0      9   1.812   1.812      235.38       1.000
 3 Stereochemical cosine torsion poten:    1750       0     62  49.609  49.609      687.53       1.000
 4 Stereochemical improper torsion pot:    1144       0      0   0.993   0.993      28.973       1.000
 5 Soft-sphere overlap restraints     :    4673       0      0   0.001   0.001     0.78766       1.000
 6 Lennard-Jones 6-12 potential       :       0       0      0   0.000   0.000      0.0000       1.000
 7 Coulomb point-point electrostatic p:       0       0      0   0.000   0.000      0.0000       1.000
 8 H-bonding potential                :       0       0      0   0.000   0.000      0.0000       1.000
 9 Distance restraints 1 (CA-CA)      :    4724       0      0   0.111   0.111      57.606       1.000
10 Distance restraints 2 (N-O)        :    4924       0      1   0.172   0.172      131.58       1.000
11 Mainchain Phi dihedral restraints  :       0       0      0   0.000   0.000      0.0000       1.000
12 Mainchain Psi dihedral restraints  :       0       0      0   0.000   0.000      0.0000       1.000
13 Mainchain Omega dihedral restraints:     332       0      4   3.471   3.471      46.232       1.000
14 Sidechain Chi_1 dihedral restraints:     276       0      2  63.847  63.847      38.570       1.000
15 Sidechain Chi_2 dihedral restraints:     212       0      0  67.714  67.714      64.391       1.000
16 Sidechain Chi_3 dihedral restraints:     103       0      0  89.433  89.433      72.770       1.000
17 Sidechain Chi_4 dihedral restraints:      34       0      0  88.695  88.695      21.793       1.000
18 Disulfide distance restraints      :       3       0      0   0.008   0.008     0.35514E-01   1.000
19 Disulfide angle restraints         :       6       0      0   2.068   2.068     0.56639       1.000
20 Disulfide dihedral angle restraints:       3       0      0  44.933  44.933      4.4762       1.000
21 Lower bound distance restraints    :       0       0      0   0.000   0.000      0.0000       1.000
22 Upper bound distance restraints    :       0       0      0   0.000   0.000      0.0000       1.000
23 Distance restraints 3 (SDCH-MNCH)  :    3519       0      0   0.328   0.328      59.528       1.000
24 Sidechain Chi_5 dihedral restraints:       0       0      0   0.000   0.000      0.0000       1.000
25 Phi/Psi pair of dihedral restraints:     331     109     36  26.944 106.496      224.54       1.000
26 Distance restraints 4 (SDCH-SDCH)  :    2394       0      0   0.555   0.555      72.069       1.000
27 Distance restraints 5 (X-Y)        :       0       0      0   0.000   0.000      0.0000       1.000
28 NMR distance restraints 6 (X-Y)    :       0       0      0   0.000   0.000      0.0000       1.000
29 NMR distance restraints 7 (X-Y)    :       0       0      0   0.000   0.000      0.0000       1.000
30 Minimal distance restraints        :       0       0      0   0.000   0.000      0.0000       1.000
31 Non-bonded restraints              :       0       0      0   0.000   0.000      0.0000       1.000
32 Atomic accessibility restraints    :       0       0      0   0.000   0.000      0.0000       1.000
33 Atomic density restraints          :       0       0      0   0.000   0.000      0.0000       1.000
34 Absolute position restraints       :       0       0      0   0.000   0.000      0.0000       1.000
35 Dihedral angle difference restraint:       0       0      0   0.000   0.000      0.0000       1.000
36 GBSA implicit solvent potential    :       0       0      0   0.000   0.000      0.0000       1.000
37 EM density fitting potential       :       0       0      0   0.000   0.000      0.0000       1.000
38 SAXS restraints                    :       0       0      0   0.000   0.000      0.0000       1.000
39 Symmetry restraints                :       0       0      0   0.000   0.000      0.0000       1.000



openf___224_> Open           3BC3_A.V99990001
# Heavy relative violation of each residue is written to: 3BC3_A.V99990001
# The profile is NOT normalized by the number of restraints.
# The profiles are smoothed over a window of residues:    1
# The sum of all numbers in the file:   45049.9727



List of the violated restraints:
   A restraint is violated when the relative difference
   from the best value (RVIOL) is larger than CUTOFF.

   ICSR   ... index of a restraint in the current set.
   RESNO  ... residue numbers of the first two atoms.
   ATM    ... IUPAC atom names of the first two atoms.
   FEAT   ... the value of the feature in the model.
   restr  ... the mean of the basis restraint with the smallest
              difference from the model (local minimum).
   viol   ... difference from the local minimum.
   rviol  ... relative difference from the local minimum.
   RESTR  ... the best value (global minimum).
   VIOL   ... difference from the best value.
   RVIOL  ... relative difference from the best value.


-------------------------------------------------------------------------------------------------

Feature 25                           : Phi/Psi pair of dihedral restraints     
List of the RVIOL violations larger than   :       6.5000

    #   ICSR  RESNO1/2 ATM1/2   INDATM1/2    FEAT   restr    viol   rviol   RESTR    VIOL   RVIOL
    1   9262   1M   2N C   N       7    9  -78.84  -71.20    9.44    0.53  -63.20  171.28   22.29
    1          2N   2N N   CA      9   10  148.34  142.80                  -41.10
    2   9264   3P   4T C   N      22   24 -122.81 -124.80    7.95    0.40  -63.20  177.04   26.65
    2          4T   4T N   CA     24   25  151.20  143.50                  -42.10
    3   9265   4T   5L C   N      29   31  -78.71  -70.70   12.80    1.25  -63.50  173.49   23.26
    3          5L   5L N   CA     31   32  131.62  141.60                  -41.20
    4   9267   6I   7L C   N      45   47  -84.70  -70.70   16.50    1.66  -63.50  175.35   23.21
    4          7L   7L N   CA     47   48  132.86  141.60                  -41.20
    5   9268   7L   8A C   N      53   55 -131.09 -134.00    3.92    0.11  -62.50 -172.28   34.44
    5          8A   8A N   CA     55   56  144.36  147.00                  -40.90
    6   9269   8A   9A C   N      58   60 -144.26 -134.00   13.67    0.38  -62.50 -177.58   34.27
    6          9A   9A N   CA     60   61  156.04  147.00                  -40.90
    7   9270   9A  10F C   N      63   65 -132.16 -124.20   16.88    0.56  -63.20  171.95   28.37
    7         10F  10F N   CA     65   66  158.18  143.30                  -44.30
    8   9272  11C  12L C   N      80   82 -112.59 -108.50   19.31    1.00  -63.50  174.48   27.25
    8         12L  12L N   CA     82   83  151.37  132.50                  -41.20
    9   9275  14I  15A C   N     100  102 -139.10 -134.00    5.11    0.16  -62.50 -171.90   34.93
    9         15A  15A N   CA    102  103  147.31  147.00                  -40.90
   10   9276  15A  16S C   N     105  107  -82.73  -72.40   15.83    0.73  -64.10  161.68   12.91
   10         16S  16S N   CA    107  108  164.39  152.40                  -35.00
   11   9277  16S  17A C   N     111  113 -104.65 -134.00   30.12    0.77  -62.50 -176.24   32.33
   11         17A  17A N   CA    113  114  140.24  147.00                  -40.90
   12   9278  17A  18T C   N     116  118  -85.34  -78.10   14.97    0.49  -63.20  156.57   21.55
   12         18T  18T N   CA    118  119  162.90  149.80                  -42.10
   13   9279  18T  19L C   N     123  125  -82.64  -70.70   15.46    1.55  -63.50  174.04   23.14
   13         19L  19L N   CA    125  126  131.78  141.60                  -41.20
   14   9280  19L  20T C   N     131  133 -118.94 -124.80    8.08    0.26  -63.20 -171.59   27.87
   14         20T  20T N   CA    133  134  137.93  143.50                  -42.10
   15   9281  20T  21F C   N     138  140 -101.13 -124.20   29.10    0.75  -63.20  174.06   21.76
   15         21F  21F N   CA    140  141  125.58  143.30                  -44.30
   16   9282  21F  22D C   N     149  151 -116.44  -96.50   31.52    1.30  -63.30  140.25   15.00
   16         22D  22D N   CA    151  152   89.80  114.20                  -40.00
   17   9283  22D  23H C   N     157  159 -122.51 -125.60   17.32    0.60  -63.20  174.45   18.93
   17         23H  23H N   CA    159  160  121.75  138.80                  -42.30
   18   9284  23H  24S C   N     167  169 -120.76 -136.60   19.22    0.59  -64.10 -175.76   11.35
   18         24S  24S N   CA    169  170  140.31  151.20                  -35.00
   19   9285  24S  25L C   N     173  175 -113.33 -108.50   13.16    0.75  -63.50  168.98   21.18
   19         25L  25L N   CA    175  176  120.26  132.50                  -41.20
   20   9286  25L  26E C   N     181  183 -114.32 -117.80    3.52    0.12  -63.60 -176.25   22.12
   20         26E  26E N   CA    183  184  136.31  136.80                  -40.30
   21   9287  26E  27A C   N     190  192 -113.66 -134.00   23.25    0.54  -62.50 -176.10   28.11
   21         27A  27A N   CA    192  193  135.74  147.00                  -40.90
   22   9288  27A  28Q C   N     195  197  -95.99  -73.00   23.07    1.68  -63.80 -178.04   25.17
   22         28Q  28Q N   CA    197  198  138.78  140.70                  -40.30
   23   9289  28Q  29W C   N     204  206 -112.63 -124.90   17.63    0.57  -63.00 -178.16   20.41
   23         29W  29W N   CA    206  207  130.74  143.40                  -44.20
   24   9290  29W  30T C   N     218  220 -133.28 -124.80    8.80    0.51  -63.20 -169.85   29.01
   24         30T  30T N   CA    220  221  141.14  143.50                  -42.10
   25   9291  30T  31K C   N     225  227 -122.30 -118.00   13.65    0.70  -62.90  177.20   20.60
   25         31K  31K N   CA    227  228  126.15  139.10                  -40.80
   26   9292  31K  32W C   N     234  236 -131.51 -124.90   31.51    1.67  -63.00  171.10   18.80
   26         32W  32W N   CA    236  237  112.59  143.40                  -44.20
   27   9293  32W  33K C   N     248  250  172.22 -118.00   70.06    2.76  -62.90 -146.18   24.90
   27         33K  33K N   CA    250  251  132.77  139.10                  -40.80
   28   9294  33K  34A C   N     257  259 -170.25 -134.00   36.96    0.98  -62.50 -163.02   38.00
   28         34A  34A N   CA    259  260  154.21  147.00                  -40.90
   29   9295  34A  35M C   N     262  264 -142.14 -125.60   16.75    0.73  -63.40 -165.00   24.42
   29         35M  35M N   CA    264  265  137.89  140.50                  -40.50
   30   9296  35M  36H C   N     270  272 -134.20 -125.60   35.12    1.48  -63.20  163.30   17.41
   30         36H  36H N   CA    272  273  104.75  138.80                  -42.30
   31   9297  36H  37N C   N     280  282 -129.99 -119.90   16.13    0.88  -63.20  178.48   19.49
   31         37N  37N N   CA    282  283  124.41  137.00                  -41.10
   32   9298  37N  38R C   N     288  290 -139.63 -125.20   22.44    0.71  -63.00  178.40   29.32
   32         38R  38R N   CA    290  291  157.79  140.60                  -41.10
   33   9299  38R  39L C   N     299  301 -113.00 -108.50    5.15    0.28  -63.50  178.21   22.44
   33         39L  39L N   CA    301  302  129.99  132.50                  -41.20
   34   9300  39L  40Y C   N     307  309 -117.71 -124.30   11.85    0.47  -63.50  177.44   25.64
   34         40Y  40Y N   CA    309  310  125.56  135.40                  -43.40
   35   9301  40Y  41G C   N     319  321   92.54   78.70   51.32    0.93   82.20  136.37    7.14
   35         41G  41G N   CA    321  322  144.48 -166.10                    8.50
   36   9302  41G  42M C   N     323  325 -132.08 -125.60   12.17    0.42  -63.40 -177.86   32.63
   36         42M  42M N   CA    325  326  150.81  140.50                  -40.50
   37   9303  42M  43N C   N     331  333 -112.32 -119.90    8.54    0.26  -63.20 -179.04   20.32
   37         43N  43N N   CA    333  334  133.07  137.00                  -41.10
   38   9304  43N  44E C   N     339  341 -105.44 -117.80   14.08    0.41  -63.60  175.42   21.37
   38         44E  44E N   CA    341  342  130.06  136.80                  -40.30
   39   9305  44E  45E C   N     348  350 -126.07 -117.80   15.90    0.60  -63.60 -179.52   27.59
   39         45E  45E N   CA    350  351  150.38  136.80                  -40.30
   40   9306  45E  46G C   N     357  359  163.73 -167.20   41.92    1.58   82.20  158.48   11.30
   40         46G  46G N   CA    359  360  144.40  174.60                    8.50
   41   9307  46G  47W C   N     361  363 -149.56 -124.90   26.06    0.94  -63.00 -174.60   29.01
   41         47W  47W N   CA    363  364  151.84  143.40                  -44.20
   42   9308  47W  48R C   N     375  377 -140.48 -125.20   16.33    0.52  -63.00 -170.87   30.85
   42         48R  48R N   CA    377  378  146.37  140.60                  -41.10
   43   9309  48R  49R C   N     386  388 -158.48 -125.20   35.53    1.13  -63.00 -168.63   32.27
   43         49R  49R N   CA    388  389  153.05  140.60                  -41.10
   44   9310  49R  50A C   N     397  399 -156.40 -134.00   22.44    0.79  -62.50 -162.81   37.34
   44         50A  50A N   CA    399  400  145.70  147.00                  -40.90
   45   9312  51V  52W C   N     409  411 -138.85 -124.90   14.41    0.72  -63.00 -168.34   29.06
   45         52W  52W N   CA    411  412  139.79  143.40                  -44.20
   46   9313  52W  53E C   N     423  425 -126.55 -117.80   10.45    0.53  -63.60 -177.43   21.58
   46         53E  53E N   CA    425  426  131.07  136.80                  -40.30
   47   9314  53E  54K C   N     432  434 -139.19 -118.00   21.24    0.83  -62.90 -166.01   22.36
   47         54K  54K N   CA    434  435  137.56  139.10                  -40.80
   48   9315  54K  55N C   N     441  443 -131.98 -119.90   12.12    0.53  -63.20 -169.97   20.81
   48         55N  55N N   CA    443  444  136.05  137.00                  -41.10
   49   9316  55N  56M C   N     449  451 -135.83 -125.60   18.73    0.64  -63.40  178.65   32.39
   49         56M  56M N   CA    451  452  156.19  140.50                  -40.50
   50   9317  56M  57K C   N     457  459  -97.11 -118.00   38.63    1.50  -62.90  151.33   18.07
   50         57K  57K N   CA    459  460  106.61  139.10                  -40.80
   51   9320  59I  60E C   N     482  484 -105.71 -117.80   30.78    1.68  -63.60  160.23   23.75
   51         60E  60E N   CA    484  485  165.10  136.80                  -40.30
   52   9321  60E  61L C   N     491  493  -66.42  -70.70    4.43    0.43  -63.50  176.04   24.61
   52         61L  61L N   CA    493  494  142.79  141.60                  -41.20
   53   9322  61L  62H C   N     499  501  -76.98  -67.60   10.47    0.65  -63.20  173.58   22.58
   53         62H  62H N   CA    501  502  144.66  140.00                  -42.30
   54   9323  62H  63N C   N     509  511  -76.54  -71.20    9.90    0.53  -63.20  168.30   21.78
   54         63N  63N N   CA    511  512  151.13  142.80                  -41.10
   55   9324  63N  64Q C   N     517  519 -100.73 -121.10   20.96    0.89  -63.80  178.90   28.28
   55         64Q  64Q N   CA    519  520  144.65  139.70                  -40.30
   56   9325  64Q  65E C   N     526  528 -131.56 -117.80   14.54    0.65  -63.60 -174.68   21.79
   56         65E  65E N   CA    528  529  132.11  136.80                  -40.30
   57   9326  65E  66Y C   N     535  537 -136.65 -124.30   17.85    0.78  -63.50 -176.48   32.75
   57         66Y  66Y N   CA    537  538  148.29  135.40                  -43.40
   58   9327  66Y  67R C   N     547  549 -137.37 -125.20   12.34    0.44  -63.00 -168.72   30.94
   58         67R  67R N   CA    549  550  142.67  140.60                  -41.10
   59   9328  67R  68E C   N     558  560 -163.79 -117.80   52.46    1.53  -63.60 -173.19   30.39
   59         68E  68E N   CA    560  561  162.04  136.80                  -40.30
   60   9329  68E  69G C   N     567  569  106.74   78.70   69.55    1.05   82.20  124.20    7.23
   60         69G  69G N   CA    569  570  130.25 -166.10                    8.50
   61   9330  69G  70K C   N     571  573 -164.64 -118.00   47.60    1.65  -62.90 -161.40   31.85
   61         70K  70K N   CA    573  574  148.64  139.10                  -40.80
   62   9331  70K  71H C   N     580  582 -129.22 -125.60    3.65    0.14  -63.20 -168.87   28.22
   62         71H  71H N   CA    582  583  138.33  138.80                  -42.30
   63   9332  71H  72S C   N     590  592 -137.06 -136.60   17.96    0.92  -64.10 -176.61   11.44
   63         72S  72S N   CA    592  593  133.25  151.20                  -35.00
   64   9333  72S  73F C   N     596  598 -155.81 -124.20   31.98    1.39  -63.20 -160.01   33.69
   64         73F  73F N   CA    598  599  138.45  143.30                  -44.30
   65   9334  73F  74T C   N     607  609 -154.86 -124.80   30.26    1.68  -63.20 -159.88   31.60
   65         74T  74T N   CA    609  610  140.01  143.50                  -42.10
   66   9335  74T  75M C   N     614  616 -165.32 -125.60   40.87    1.39  -63.40 -162.32   37.37
   66         75M  75M N   CA    616  617  150.12  140.50                  -40.50
   67   9336  75M  76A C   N     622  624 -154.39 -134.00   20.52    0.77  -62.50 -162.88   37.22
   67         76A  76A N   CA    624  625  144.71  147.00                  -40.90
   68   9337  76A  77M C   N     627  629 -137.45 -125.60   24.98    1.36  -63.40  175.42   21.88
   68         77M  77M N   CA    629  630  118.52  140.50                  -40.50
   69   9338  77M  78N C   N     635  637 -135.00 -119.90   16.22    0.81  -63.20 -173.45   20.32
   69         78N  78N N   CA    637  638  131.08  137.00                  -41.10
   70   9339  78N  79A C   N     643  645 -137.87 -134.00    8.97    0.55  -62.50 -165.04   29.35
   70         79A  79A N   CA    645  646  138.91  147.00                  -40.90
   71   9340  79A  80F C   N     648  650 -150.59 -124.20   30.75    0.81  -63.20  179.35   30.45
   71         80F  80F N   CA    650  651  159.08  143.30                  -44.30
   72   9341  80F  81G C   N     659  661 -119.80  -80.20   73.78    4.77   82.20 -171.20   14.75
   72         81G  81G N   CA    661  662  111.85  174.10                    8.50
   73   9342  81G  82D C   N     663  665  -74.26  -70.90    3.74    0.31  -63.30  171.69   21.87
   73         82D  82D N   CA    665  666  148.66  150.30                  -40.00
   74   9343  82D  83M C   N     671  673 -118.29 -125.60    9.50    0.28  -63.40 -176.66   23.72
   74         83M  83M N   CA    673  674  134.43  140.50                  -40.50
   75   9344  83M  84T C   N     679  681 -120.76 -124.80   17.90    0.65  -63.20  177.74   19.59
   75         84T  84T N   CA    681  682  126.06  143.50                  -42.10
   76   9345  84T  85S C   N     686  688 -139.75 -136.60    9.56    0.53  -64.10 -167.36   11.99
   76         85S  85S N   CA    688  689  142.17  151.20                  -35.00
   77   9346  85S  86E C   N     692  694 -124.28 -117.80    8.16    0.25  -63.60 -172.00   28.50
   77         86E  86E N   CA    694  695  141.76  136.80                  -40.30
   78   9347  86E  87E C   N     701  703 -114.88 -117.80    7.75    0.32  -63.60  177.49   21.29
   78         87E  87E N   CA    703  704  129.62  136.80                  -40.30
   79   9348  87E  88F C   N     710  712 -142.67 -124.20   18.84    0.84  -63.20 -166.80   31.99
   79         88F  88F N   CA    712  713  139.60  143.30                  -44.30
   80   9349  88F  89R C   N     721  723 -150.16 -125.20   27.15    0.85  -63.00 -171.07   31.43
   80         89R  89R N   CA    723  724  151.28  140.60                  -41.10
   81   9350  89R  90Q C   N     732  734 -115.48 -121.10    5.74    0.19  -63.80 -173.86   24.97
   81         90Q  90Q N   CA    734  735  138.52  139.70                  -40.30
   82   9352  91V  92M C   N     748  750 -141.39 -125.60   17.97    0.54  -63.40 -172.58   34.12
   82         92M  92M N   CA    750  751  149.08  140.50                  -40.50
   83   9353  92M  93N C   N     756  758 -123.54 -119.90   16.39    0.66  -63.20  176.56   25.51
   83         93N  93N N   CA    758  759  152.98  137.00                  -41.10
   84   9354  93N  94G C   N     764  766 -138.26 -167.20   60.03    1.78   82.20  179.87   13.99
   84         94G  94G N   CA    766  767  122.00  174.60                    8.50
   85   9355  94G  95F C   N     768  770 -127.46 -124.20    4.50    0.25  -63.20 -173.11   30.19
   85         95F  95F N   CA    770  771  140.20  143.30                  -44.30
   86   9356  95F  96Q C   N     779  781 -132.22 -121.10   20.54    0.74  -63.80  176.53   29.56
   86         96Q  96Q N   CA    781  782  156.97  139.70                  -40.30
   87   9357  96Q  97N C   N     788  790 -130.16 -119.90   24.43    0.85  -63.20  173.20   25.45
   87         97N  97N N   CA    790  791  159.17  137.00                  -41.10
   88   9358  97N  98R C   N     796  798 -139.35 -125.20   30.48    1.11  -63.00  169.48   28.08
   88         98R  98R N   CA    798  799  167.59  140.60                  -41.10
   89   9359  98R  99K C   N     807  809  -88.32  -70.20   39.50    3.22  -62.90  148.29   18.02
   89         99K  99K N   CA    809  810  105.30  140.40                  -40.80
   90   9360  99K 100P C   N     816  818  -50.23  -58.70   14.76    0.90  -64.50  170.81   13.51
   90        100P 100P N   CA    818  819  -42.59  -30.50                  147.20
   91   9361 100P 101R C   N     823  825 -118.74 -125.20   23.25    0.97  -63.00  168.82   19.73
   91        101R 101R N   CA    825  826  118.26  140.60                  -41.10
   92   9362 101R 102K C   N     834  836 -118.95 -118.00    2.95    0.15  -62.90 -174.23   21.74
   92        102K 102K N   CA    836  837  136.31  139.10                  -40.80
   93   9363 102K 103G C   N     843  845 -138.56 -167.20   30.73    0.45   82.20 -151.68   15.80
   93        103G 103G N   CA    845  846  163.45  174.60                    8.50
   94   9364 103G 104K C   N     847  849  -93.79  -70.20   33.29    1.99  -62.90  158.35   22.37
   94        104K 104K N   CA    849  850  163.89  140.40                  -40.80
   95   9366 105V 106F C   N     863  865 -102.85 -124.20   37.82    1.15  -63.20  161.34   19.92
   95        106F 106F N   CA    865  866  112.09  143.30                  -44.30
   96   9367 106F 107Q C   N     874  876 -120.64 -121.10   50.55    2.40  -63.80  141.38   18.41
   96        107Q 107Q N   CA    876  877   89.15  139.70                  -40.30
   97   9368 107Q 108E C   N     883  885 -165.19 -117.80   47.41    1.70  -63.60 -154.46   23.75
   97        108E 108E N   CA    885  886  138.38  136.80                  -40.30
   98   9370 109P 110L C   N     899  901 -130.30 -108.50   22.09    1.10  -63.50 -177.19   22.60
   98        110L 110L N   CA    901  902  128.97  132.50                  -41.20
   99   9371 110L 111F C   N     907  909 -131.13 -124.20   21.25    0.81  -63.20  166.78   27.57
   99        111F 111F N   CA    909  910  163.39  143.30                  -44.30
  100   9372 111F 112Y C   N     918  920 -123.72 -124.30    5.08    0.29  -63.50 -173.84   32.58
  100        112Y 112Y N   CA    920  921  140.45  135.40                  -43.40
  101   9373 112Y 113E C   N     930  932  -86.74  -69.30   18.59    1.18  -63.60  172.34   24.27
  101        113E 113E N   CA    932  933  148.92  142.50                  -40.30
  102   9374 113E 114A C   N     939  941  179.04 -134.00   49.34    1.17  -62.50 -163.34   38.44
  102        114A 114A N   CA    941  942  162.12  147.00                  -40.90
  103   9399 138C 139W C   N    1131 1133  -60.35  -63.00    8.04    1.18   58.80  138.00   14.20
  103        139W 139W N   CA   1133 1134  -36.61  -44.20                   33.00
  104   9547 286E 287S C   N    2264 2266 -101.58 -136.60   58.77    2.06  -64.10  143.97    8.93
  104        287S 287S N   CA   2266 2267  104.00  151.20                  -35.00
  105   9548 287S 288T C   N    2270 2272 -149.29 -124.80   25.48    1.15  -63.20 -171.78   29.72
  105        288T 288T N   CA   2272 2273  150.53  143.50                  -42.10
  106   9549 288T 289E C   N    2277 2279   55.22  -69.30  130.42   11.12  -63.60 -177.58   21.39
  106        289E 289E N   CA   2279 2280 -178.72  142.50                  -40.30
  107   9551 290S 291D C   N    2292 2294 -137.29  -96.50   44.57    1.84  -63.30 -172.61   19.99
  107        291D 291D N   CA   2294 2295  132.16  114.20                  -40.00
  108   9552 291D 292N C   N    2300 2302 -130.49 -119.90   41.63    1.63  -63.20  156.82   23.40
  108        292N 292N N   CA   2302 2303  177.26  137.00                  -41.10
  109   9553 292N 293N C   N    2308 2310 -119.92 -119.90   55.48    2.52   55.90 -126.94   15.01
  109        293N 293N N   CA   2310 2311 -167.52  137.00                   39.50


report______> Distribution of short non-bonded contacts:


DISTANCE1:  0.00 2.10 2.20 2.30 2.40 2.50 2.60 2.70 2.80 2.90 3.00 3.10 3.20 3.30 3.40
DISTANCE2:  2.10 2.20 2.30 2.40 2.50 2.60 2.70 2.80 2.90 3.00 3.10 3.20 3.30 3.40 3.50
FREQUENCY:     0    0    0    0    0    9   31   83   98  166  162  271  296  308  377


<< end of ENERGY.
openf___224_> Open           3BC3_A.B99990001.pdb
wrpdb___568_> Residues, atoms, selected atoms:      333     2637     2637

>> Summary of successfully produced models:
Filename                          molpdf     DOPE score    GA341 score
----------------------------------------------------------------------
3BC3_A.B99990001.pdb          1764.13477   -26227.92969        1.00000

