Using the Amber99sb-ildn force field in directory amber99sb-ildn.ff

going to rename amber99sb-ildn.ff/aminoacids.r2b

going to rename amber99sb-ildn.ff/dna.r2b

going to rename amber99sb-ildn.ff/rna.r2b
Reading /home/grheco/repositorios/stack_protein_prep/data/proteins/2WCG/components/.tmp_sanitized_protonation/2WCG_gaps_fragment_02_sanitized.pdb...
Read '', 3660 atoms

Analyzing pdb file
Splitting chemical chains based on TER records or chain id changing.

There are 1 chains and 0 blocks of water and 465 residues with 3660 atoms

  chain  #res #atoms

  1 'B'   465   3660  

All occupancies are one

Reading residue database... (Amber99sb-ildn)

Preserving residues names by default

Preserving residues names by default

Preserving residues names by default

Processing chain 1 'B' (3660 atoms, 465 residues)

Identified residue ALA33 as a starting terminus.

Identified residue GLN497 as a ending terminus.

Checking for duplicate atoms....

Generating any missing hydrogen atoms and/or adding termini.
