Using the Amber99sb-ildn force field in directory amber99sb-ildn.ff

going to rename amber99sb-ildn.ff/aminoacids.r2b

going to rename amber99sb-ildn.ff/dna.r2b

going to rename amber99sb-ildn.ff/rna.r2b
Reading /home/grheco/repositorios/stack_protein_prep/data/proteins/2WCG/components/.tmp_sanitized_protonation/2WCG_best_complete_sanitized.pdb...
Read '', 3902 atoms

Analyzing pdb file
Splitting chemical chains based on TER records or chain id changing.

There are 1 chains and 0 blocks of water and 497 residues with 3902 atoms

  chain  #res #atoms

  1 'A'   497   3902  

All occupancies are one

Reading residue database... (Amber99sb-ildn)

Preserving residues names by default

Preserving residues names by default

Preserving residues names by default

Processing chain 1 'A' (3902 atoms, 497 residues)

Identified residue MET1 as a starting terminus.

Identified residue VAL497 as a ending terminus.

Checking for duplicate atoms....

Generating any missing hydrogen atoms and/or adding termini.

Now there are 497 residues with 7724 atoms

Making bonds...

Number of bonds was 7844, now 7843

Generating angles, dihedrals and pairs...

Making cmap torsions...

There are 21550 dihedrals, 1607 impropers, 14171 angles
          20399 pairs,     7843 bonds and     0 virtual sites

Total mass 55270.449 a.m.u.

Total charge -2.000 e

Writing topology

Writing coordinate file...

		--------- PLEASE NOTE ------------

You have successfully generated a topology from: /home/grheco/repositorios/stack_protein_prep/data/proteins/2WCG/components/.tmp_sanitized_protonation/2WCG_best_complete_sanitized.pdb.

The Amber99sb-ildn force field and the tip3p water model are used.

		--------- ETON ESAELP ------------
