================================================================================
[2026-05-17 14:44:23] module=alignment_visualization pdb_id=1F0R
================================================================================
alignment_fasta_path=/home/grheco/repositorios/stack_protein_prep/data/proteins/1F0R/fasta/alignments/SEQRES_chain_A_vs_UniProt.aln.fasta
output_png_path=/home/grheco/repositorios/stack_protein_prep/data/proteins/1F0R/fasta/alignments/SEQRES_chain_A_vs_UniProt.aln.png
residues_per_line=60
font_size=18
header_font_size=20
label_width=24
timestamp=2026-05-17 14:44:23
cwd=/home/grheco/repositorios/stack_protein_prep
python_executable=/home/grheco/repositorios/stack_protein_prep/.pixi/envs/default/bin/python3
[RENDER METRICS]
record_a_header: PDB|1F0R|SEQRES|chain_A
record_b_header: sp|P00742|FA10_HUMAN Coagulation factor X OS=Homo sapiens OX=9606 GN=F10 PE=1 SV=2
alignment_length: 488
n_blocks: 9
cell_width: 23
cell_height: 21
image_width: 1748
image_height: 1190
[OUTPUT PNG] /home/grheco/repositorios/stack_protein_prep/data/proteins/1F0R/fasta/alignments/SEQRES_chain_A_vs_UniProt.aln.png
[RESULT] rendered alignment PNG -> /home/grheco/repositorios/stack_protein_prep/data/proteins/1F0R/fasta/alignments/SEQRES_chain_A_vs_UniProt.aln.png
================================================================================
[2026-05-17 14:44:23] module=alignment_visualization pdb_id=1F0R
================================================================================
alignment_fasta_path=/home/grheco/repositorios/stack_protein_prep/data/proteins/1F0R/fasta/alignments/SEQRES_chain_B_vs_UniProt.aln.fasta
output_png_path=/home/grheco/repositorios/stack_protein_prep/data/proteins/1F0R/fasta/alignments/SEQRES_chain_B_vs_UniProt.aln.png
residues_per_line=60
font_size=18
header_font_size=20
label_width=24
timestamp=2026-05-17 14:44:23
cwd=/home/grheco/repositorios/stack_protein_prep
python_executable=/home/grheco/repositorios/stack_protein_prep/.pixi/envs/default/bin/python3
[RENDER METRICS]
record_a_header: PDB|1F0R|SEQRES|chain_B
record_b_header: sp|P00742|FA10_HUMAN Coagulation factor X OS=Homo sapiens OX=9606 GN=F10 PE=1 SV=2
alignment_length: 488
n_blocks: 9
cell_width: 23
cell_height: 21
image_width: 1748
image_height: 1190
[OUTPUT PNG] /home/grheco/repositorios/stack_protein_prep/data/proteins/1F0R/fasta/alignments/SEQRES_chain_B_vs_UniProt.aln.png
[RESULT] rendered alignment PNG -> /home/grheco/repositorios/stack_protein_prep/data/proteins/1F0R/fasta/alignments/SEQRES_chain_B_vs_UniProt.aln.png
================================================================================
[2026-05-17 14:44:23] module=alignment_visualization pdb_id=1F0R
================================================================================
alignment_fasta_path=/home/grheco/repositorios/stack_protein_prep/data/proteins/1F0R/fasta/alignments/ATOM_chain_A_vs_UniProt.aln.fasta
output_png_path=/home/grheco/repositorios/stack_protein_prep/data/proteins/1F0R/fasta/alignments/ATOM_chain_A_vs_UniProt.aln.png
residues_per_line=60
font_size=18
header_font_size=20
label_width=24
timestamp=2026-05-17 14:44:23
cwd=/home/grheco/repositorios/stack_protein_prep
python_executable=/home/grheco/repositorios/stack_protein_prep/.pixi/envs/default/bin/python3
[RENDER METRICS]
record_a_header: PDB|1F0R|ATOM|chain_A
record_b_header: sp|P00742|FA10_HUMAN Coagulation factor X OS=Homo sapiens OX=9606 GN=F10 PE=1 SV=2
alignment_length: 488
n_blocks: 9
cell_width: 23
cell_height: 21
image_width: 1748
image_height: 1190
[OUTPUT PNG] /home/grheco/repositorios/stack_protein_prep/data/proteins/1F0R/fasta/alignments/ATOM_chain_A_vs_UniProt.aln.png
[RESULT] rendered alignment PNG -> /home/grheco/repositorios/stack_protein_prep/data/proteins/1F0R/fasta/alignments/ATOM_chain_A_vs_UniProt.aln.png
================================================================================
[2026-05-17 14:44:23] module=alignment_visualization pdb_id=1F0R
================================================================================
alignment_fasta_path=/home/grheco/repositorios/stack_protein_prep/data/proteins/1F0R/fasta/alignments/ATOM_chain_B_vs_UniProt.aln.fasta
output_png_path=/home/grheco/repositorios/stack_protein_prep/data/proteins/1F0R/fasta/alignments/ATOM_chain_B_vs_UniProt.aln.png
residues_per_line=60
font_size=18
header_font_size=20
label_width=24
timestamp=2026-05-17 14:44:23
cwd=/home/grheco/repositorios/stack_protein_prep
python_executable=/home/grheco/repositorios/stack_protein_prep/.pixi/envs/default/bin/python3
[RENDER METRICS]
record_a_header: PDB|1F0R|ATOM|chain_B
record_b_header: sp|P00742|FA10_HUMAN Coagulation factor X OS=Homo sapiens OX=9606 GN=F10 PE=1 SV=2
alignment_length: 488
n_blocks: 9
cell_width: 23
cell_height: 21
image_width: 1748
image_height: 1190
[OUTPUT PNG] /home/grheco/repositorios/stack_protein_prep/data/proteins/1F0R/fasta/alignments/ATOM_chain_B_vs_UniProt.aln.png
[RESULT] rendered alignment PNG -> /home/grheco/repositorios/stack_protein_prep/data/proteins/1F0R/fasta/alignments/ATOM_chain_B_vs_UniProt.aln.png
================================================================================
[2026-05-17 15:36:41] module=alignment_visualization pdb_id=1F0R
================================================================================
alignment_fasta_path=/home/grheco/repositorios/stack_protein_prep/data/proteins/1F0R/fasta/alignments/SEQRES_chain_A_vs_UniProt.aln.fasta
output_png_path=/home/grheco/repositorios/stack_protein_prep/data/proteins/1F0R/fasta/alignments/SEQRES_chain_A_vs_UniProt.aln.png
residues_per_line=60
font_size=18
header_font_size=20
label_width=24
timestamp=2026-05-17 15:36:41
cwd=/home/grheco/repositorios/stack_protein_prep
python_executable=/home/grheco/repositorios/stack_protein_prep/.pixi/envs/default/bin/python3
[RENDER METRICS]
record_a_header: PDB|1F0R|SEQRES|chain_A
record_b_header: sp|P00742|FA10_HUMAN Coagulation factor X OS=Homo sapiens OX=9606 GN=F10 PE=1 SV=2
alignment_length: 488
n_blocks: 9
cell_width: 23
cell_height: 21
image_width: 1748
image_height: 1190
[OUTPUT PNG] /home/grheco/repositorios/stack_protein_prep/data/proteins/1F0R/fasta/alignments/SEQRES_chain_A_vs_UniProt.aln.png
[RESULT] rendered alignment PNG -> /home/grheco/repositorios/stack_protein_prep/data/proteins/1F0R/fasta/alignments/SEQRES_chain_A_vs_UniProt.aln.png
================================================================================
[2026-05-17 15:36:41] module=alignment_visualization pdb_id=1F0R
================================================================================
alignment_fasta_path=/home/grheco/repositorios/stack_protein_prep/data/proteins/1F0R/fasta/alignments/SEQRES_chain_B_vs_UniProt.aln.fasta
output_png_path=/home/grheco/repositorios/stack_protein_prep/data/proteins/1F0R/fasta/alignments/SEQRES_chain_B_vs_UniProt.aln.png
residues_per_line=60
font_size=18
header_font_size=20
label_width=24
timestamp=2026-05-17 15:36:41
cwd=/home/grheco/repositorios/stack_protein_prep
python_executable=/home/grheco/repositorios/stack_protein_prep/.pixi/envs/default/bin/python3
[RENDER METRICS]
record_a_header: PDB|1F0R|SEQRES|chain_B
record_b_header: sp|P00742|FA10_HUMAN Coagulation factor X OS=Homo sapiens OX=9606 GN=F10 PE=1 SV=2
alignment_length: 488
n_blocks: 9
cell_width: 23
cell_height: 21
image_width: 1748
image_height: 1190
[OUTPUT PNG] /home/grheco/repositorios/stack_protein_prep/data/proteins/1F0R/fasta/alignments/SEQRES_chain_B_vs_UniProt.aln.png
[RESULT] rendered alignment PNG -> /home/grheco/repositorios/stack_protein_prep/data/proteins/1F0R/fasta/alignments/SEQRES_chain_B_vs_UniProt.aln.png
================================================================================
[2026-05-17 15:36:42] module=alignment_visualization pdb_id=1F0R
================================================================================
alignment_fasta_path=/home/grheco/repositorios/stack_protein_prep/data/proteins/1F0R/fasta/alignments/ATOM_chain_A_vs_UniProt.aln.fasta
output_png_path=/home/grheco/repositorios/stack_protein_prep/data/proteins/1F0R/fasta/alignments/ATOM_chain_A_vs_UniProt.aln.png
residues_per_line=60
font_size=18
header_font_size=20
label_width=24
timestamp=2026-05-17 15:36:42
cwd=/home/grheco/repositorios/stack_protein_prep
python_executable=/home/grheco/repositorios/stack_protein_prep/.pixi/envs/default/bin/python3
[RENDER METRICS]
record_a_header: PDB|1F0R|ATOM|chain_A
record_b_header: sp|P00742|FA10_HUMAN Coagulation factor X OS=Homo sapiens OX=9606 GN=F10 PE=1 SV=2
alignment_length: 488
n_blocks: 9
cell_width: 23
cell_height: 21
image_width: 1748
image_height: 1190
[OUTPUT PNG] /home/grheco/repositorios/stack_protein_prep/data/proteins/1F0R/fasta/alignments/ATOM_chain_A_vs_UniProt.aln.png
[RESULT] rendered alignment PNG -> /home/grheco/repositorios/stack_protein_prep/data/proteins/1F0R/fasta/alignments/ATOM_chain_A_vs_UniProt.aln.png
================================================================================
[2026-05-17 15:36:42] module=alignment_visualization pdb_id=1F0R
================================================================================
alignment_fasta_path=/home/grheco/repositorios/stack_protein_prep/data/proteins/1F0R/fasta/alignments/ATOM_chain_B_vs_UniProt.aln.fasta
output_png_path=/home/grheco/repositorios/stack_protein_prep/data/proteins/1F0R/fasta/alignments/ATOM_chain_B_vs_UniProt.aln.png
residues_per_line=60
font_size=18
header_font_size=20
label_width=24
timestamp=2026-05-17 15:36:42
cwd=/home/grheco/repositorios/stack_protein_prep
python_executable=/home/grheco/repositorios/stack_protein_prep/.pixi/envs/default/bin/python3
[RENDER METRICS]
record_a_header: PDB|1F0R|ATOM|chain_B
record_b_header: sp|P00742|FA10_HUMAN Coagulation factor X OS=Homo sapiens OX=9606 GN=F10 PE=1 SV=2
alignment_length: 488
n_blocks: 9
cell_width: 23
cell_height: 21
image_width: 1748
image_height: 1190
[OUTPUT PNG] /home/grheco/repositorios/stack_protein_prep/data/proteins/1F0R/fasta/alignments/ATOM_chain_B_vs_UniProt.aln.png
[RESULT] rendered alignment PNG -> /home/grheco/repositorios/stack_protein_prep/data/proteins/1F0R/fasta/alignments/ATOM_chain_B_vs_UniProt.aln.png
================================================================================
[2026-05-17 15:45:23] module=alignment_visualization pdb_id=1F0R
================================================================================
alignment_fasta_path=/home/grheco/repositorios/stack_protein_prep/data/proteins/1F0R/fasta/alignments/SEQRES_chain_A_vs_UniProt.aln.fasta
output_png_path=/home/grheco/repositorios/stack_protein_prep/data/proteins/1F0R/fasta/alignments/SEQRES_chain_A_vs_UniProt.aln.png
residues_per_line=60
font_size=18
header_font_size=20
label_width=24
timestamp=2026-05-17 15:45:23
cwd=/home/grheco/repositorios/stack_protein_prep
python_executable=/home/grheco/repositorios/stack_protein_prep/.pixi/envs/default/bin/python3
[RENDER METRICS]
record_a_header: PDB|1F0R|SEQRES|chain_A
record_b_header: sp|P00742|FA10_HUMAN Coagulation factor X OS=Homo sapiens OX=9606 GN=F10 PE=1 SV=2
alignment_length: 488
n_blocks: 9
cell_width: 23
cell_height: 21
image_width: 1748
image_height: 1190
[OUTPUT PNG] /home/grheco/repositorios/stack_protein_prep/data/proteins/1F0R/fasta/alignments/SEQRES_chain_A_vs_UniProt.aln.png
[RESULT] rendered alignment PNG -> /home/grheco/repositorios/stack_protein_prep/data/proteins/1F0R/fasta/alignments/SEQRES_chain_A_vs_UniProt.aln.png
================================================================================
[2026-05-17 15:45:23] module=alignment_visualization pdb_id=1F0R
================================================================================
alignment_fasta_path=/home/grheco/repositorios/stack_protein_prep/data/proteins/1F0R/fasta/alignments/SEQRES_chain_B_vs_UniProt.aln.fasta
output_png_path=/home/grheco/repositorios/stack_protein_prep/data/proteins/1F0R/fasta/alignments/SEQRES_chain_B_vs_UniProt.aln.png
residues_per_line=60
font_size=18
header_font_size=20
label_width=24
timestamp=2026-05-17 15:45:23
cwd=/home/grheco/repositorios/stack_protein_prep
python_executable=/home/grheco/repositorios/stack_protein_prep/.pixi/envs/default/bin/python3
[RENDER METRICS]
record_a_header: PDB|1F0R|SEQRES|chain_B
record_b_header: sp|P00742|FA10_HUMAN Coagulation factor X OS=Homo sapiens OX=9606 GN=F10 PE=1 SV=2
alignment_length: 488
n_blocks: 9
cell_width: 23
cell_height: 21
image_width: 1748
image_height: 1190
[OUTPUT PNG] /home/grheco/repositorios/stack_protein_prep/data/proteins/1F0R/fasta/alignments/SEQRES_chain_B_vs_UniProt.aln.png
[RESULT] rendered alignment PNG -> /home/grheco/repositorios/stack_protein_prep/data/proteins/1F0R/fasta/alignments/SEQRES_chain_B_vs_UniProt.aln.png
================================================================================
[2026-05-17 15:45:23] module=alignment_visualization pdb_id=1F0R
================================================================================
alignment_fasta_path=/home/grheco/repositorios/stack_protein_prep/data/proteins/1F0R/fasta/alignments/ATOM_chain_A_vs_UniProt.aln.fasta
output_png_path=/home/grheco/repositorios/stack_protein_prep/data/proteins/1F0R/fasta/alignments/ATOM_chain_A_vs_UniProt.aln.png
residues_per_line=60
font_size=18
header_font_size=20
label_width=24
timestamp=2026-05-17 15:45:23
cwd=/home/grheco/repositorios/stack_protein_prep
python_executable=/home/grheco/repositorios/stack_protein_prep/.pixi/envs/default/bin/python3
[RENDER METRICS]
record_a_header: PDB|1F0R|ATOM|chain_A
record_b_header: sp|P00742|FA10_HUMAN Coagulation factor X OS=Homo sapiens OX=9606 GN=F10 PE=1 SV=2
alignment_length: 488
n_blocks: 9
cell_width: 23
cell_height: 21
image_width: 1748
image_height: 1190
[OUTPUT PNG] /home/grheco/repositorios/stack_protein_prep/data/proteins/1F0R/fasta/alignments/ATOM_chain_A_vs_UniProt.aln.png
[RESULT] rendered alignment PNG -> /home/grheco/repositorios/stack_protein_prep/data/proteins/1F0R/fasta/alignments/ATOM_chain_A_vs_UniProt.aln.png
================================================================================
[2026-05-17 15:45:24] module=alignment_visualization pdb_id=1F0R
================================================================================
alignment_fasta_path=/home/grheco/repositorios/stack_protein_prep/data/proteins/1F0R/fasta/alignments/ATOM_chain_B_vs_UniProt.aln.fasta
output_png_path=/home/grheco/repositorios/stack_protein_prep/data/proteins/1F0R/fasta/alignments/ATOM_chain_B_vs_UniProt.aln.png
residues_per_line=60
font_size=18
header_font_size=20
label_width=24
timestamp=2026-05-17 15:45:24
cwd=/home/grheco/repositorios/stack_protein_prep
python_executable=/home/grheco/repositorios/stack_protein_prep/.pixi/envs/default/bin/python3
[RENDER METRICS]
record_a_header: PDB|1F0R|ATOM|chain_B
record_b_header: sp|P00742|FA10_HUMAN Coagulation factor X OS=Homo sapiens OX=9606 GN=F10 PE=1 SV=2
alignment_length: 488
n_blocks: 9
cell_width: 23
cell_height: 21
image_width: 1748
image_height: 1190
[OUTPUT PNG] /home/grheco/repositorios/stack_protein_prep/data/proteins/1F0R/fasta/alignments/ATOM_chain_B_vs_UniProt.aln.png
[RESULT] rendered alignment PNG -> /home/grheco/repositorios/stack_protein_prep/data/proteins/1F0R/fasta/alignments/ATOM_chain_B_vs_UniProt.aln.png
================================================================================
[2026-05-17 17:17:30] module=alignment_visualization pdb_id=1F0R
================================================================================
alignment_fasta_path=/home/grheco/repositorios/stack_protein_prep/data/proteins/1F0R/fasta/alignments/SEQRES_chain_A_vs_UniProt.aln.fasta
output_png_path=/home/grheco/repositorios/stack_protein_prep/data/proteins/1F0R/fasta/alignments/SEQRES_chain_A_vs_UniProt.aln.png
residues_per_line=60
font_size=18
header_font_size=20
label_width=24
timestamp=2026-05-17 17:17:30
cwd=/home/grheco/repositorios/stack_protein_prep
python_executable=/home/grheco/repositorios/stack_protein_prep/.pixi/envs/default/bin/python3
[RENDER METRICS]
record_a_header: PDB|1F0R|SEQRES|chain_A
record_b_header: sp|P00742|FA10_HUMAN Coagulation factor X OS=Homo sapiens OX=9606 GN=F10 PE=1 SV=2
alignment_length: 488
n_blocks: 9
cell_width: 23
cell_height: 21
image_width: 1748
image_height: 1190
[OUTPUT PNG] /home/grheco/repositorios/stack_protein_prep/data/proteins/1F0R/fasta/alignments/SEQRES_chain_A_vs_UniProt.aln.png
[RESULT] rendered alignment PNG -> /home/grheco/repositorios/stack_protein_prep/data/proteins/1F0R/fasta/alignments/SEQRES_chain_A_vs_UniProt.aln.png
================================================================================
[2026-05-17 17:17:30] module=alignment_visualization pdb_id=1F0R
================================================================================
alignment_fasta_path=/home/grheco/repositorios/stack_protein_prep/data/proteins/1F0R/fasta/alignments/SEQRES_chain_B_vs_UniProt.aln.fasta
output_png_path=/home/grheco/repositorios/stack_protein_prep/data/proteins/1F0R/fasta/alignments/SEQRES_chain_B_vs_UniProt.aln.png
residues_per_line=60
font_size=18
header_font_size=20
label_width=24
timestamp=2026-05-17 17:17:30
cwd=/home/grheco/repositorios/stack_protein_prep
python_executable=/home/grheco/repositorios/stack_protein_prep/.pixi/envs/default/bin/python3
[RENDER METRICS]
record_a_header: PDB|1F0R|SEQRES|chain_B
record_b_header: sp|P00742|FA10_HUMAN Coagulation factor X OS=Homo sapiens OX=9606 GN=F10 PE=1 SV=2
alignment_length: 488
n_blocks: 9
cell_width: 23
cell_height: 21
image_width: 1748
image_height: 1190
[OUTPUT PNG] /home/grheco/repositorios/stack_protein_prep/data/proteins/1F0R/fasta/alignments/SEQRES_chain_B_vs_UniProt.aln.png
[RESULT] rendered alignment PNG -> /home/grheco/repositorios/stack_protein_prep/data/proteins/1F0R/fasta/alignments/SEQRES_chain_B_vs_UniProt.aln.png
================================================================================
[2026-05-17 17:17:30] module=alignment_visualization pdb_id=1F0R
================================================================================
alignment_fasta_path=/home/grheco/repositorios/stack_protein_prep/data/proteins/1F0R/fasta/alignments/ATOM_chain_A_vs_UniProt.aln.fasta
output_png_path=/home/grheco/repositorios/stack_protein_prep/data/proteins/1F0R/fasta/alignments/ATOM_chain_A_vs_UniProt.aln.png
residues_per_line=60
font_size=18
header_font_size=20
label_width=24
timestamp=2026-05-17 17:17:30
cwd=/home/grheco/repositorios/stack_protein_prep
python_executable=/home/grheco/repositorios/stack_protein_prep/.pixi/envs/default/bin/python3
[RENDER METRICS]
record_a_header: PDB|1F0R|ATOM|chain_A
record_b_header: sp|P00742|FA10_HUMAN Coagulation factor X OS=Homo sapiens OX=9606 GN=F10 PE=1 SV=2
alignment_length: 488
n_blocks: 9
cell_width: 23
cell_height: 21
image_width: 1748
image_height: 1190
[OUTPUT PNG] /home/grheco/repositorios/stack_protein_prep/data/proteins/1F0R/fasta/alignments/ATOM_chain_A_vs_UniProt.aln.png
[RESULT] rendered alignment PNG -> /home/grheco/repositorios/stack_protein_prep/data/proteins/1F0R/fasta/alignments/ATOM_chain_A_vs_UniProt.aln.png
================================================================================
[2026-05-17 17:17:30] module=alignment_visualization pdb_id=1F0R
================================================================================
alignment_fasta_path=/home/grheco/repositorios/stack_protein_prep/data/proteins/1F0R/fasta/alignments/ATOM_chain_B_vs_UniProt.aln.fasta
output_png_path=/home/grheco/repositorios/stack_protein_prep/data/proteins/1F0R/fasta/alignments/ATOM_chain_B_vs_UniProt.aln.png
residues_per_line=60
font_size=18
header_font_size=20
label_width=24
timestamp=2026-05-17 17:17:30
cwd=/home/grheco/repositorios/stack_protein_prep
python_executable=/home/grheco/repositorios/stack_protein_prep/.pixi/envs/default/bin/python3
[RENDER METRICS]
record_a_header: PDB|1F0R|ATOM|chain_B
record_b_header: sp|P00742|FA10_HUMAN Coagulation factor X OS=Homo sapiens OX=9606 GN=F10 PE=1 SV=2
alignment_length: 488
n_blocks: 9
cell_width: 23
cell_height: 21
image_width: 1748
image_height: 1190
[OUTPUT PNG] /home/grheco/repositorios/stack_protein_prep/data/proteins/1F0R/fasta/alignments/ATOM_chain_B_vs_UniProt.aln.png
[RESULT] rendered alignment PNG -> /home/grheco/repositorios/stack_protein_prep/data/proteins/1F0R/fasta/alignments/ATOM_chain_B_vs_UniProt.aln.png
================================================================================
[2026-05-17 17:42:39] module=alignment_visualization pdb_id=1F0R
================================================================================
alignment_fasta_path=/home/grheco/repositorios/stack_protein_prep/data/proteins/1F0R/fasta/alignments/SEQRES_chain_A_vs_UniProt.aln.fasta
output_png_path=/home/grheco/repositorios/stack_protein_prep/data/proteins/1F0R/fasta/alignments/SEQRES_chain_A_vs_UniProt.aln.png
residues_per_line=60
font_size=18
header_font_size=20
label_width=24
timestamp=2026-05-17 17:42:39
cwd=/home/grheco/repositorios/stack_protein_prep
python_executable=/home/grheco/repositorios/stack_protein_prep/.pixi/envs/default/bin/python
[RENDER METRICS]
record_a_header: PDB|1F0R|SEQRES|chain_A
record_b_header: sp|P00742|FA10_HUMAN Coagulation factor X OS=Homo sapiens OX=9606 GN=F10 PE=1 SV=2
alignment_length: 488
n_blocks: 9
cell_width: 23
cell_height: 21
image_width: 1748
image_height: 1190
[OUTPUT PNG] /home/grheco/repositorios/stack_protein_prep/data/proteins/1F0R/fasta/alignments/SEQRES_chain_A_vs_UniProt.aln.png
[RESULT] rendered alignment PNG -> /home/grheco/repositorios/stack_protein_prep/data/proteins/1F0R/fasta/alignments/SEQRES_chain_A_vs_UniProt.aln.png
================================================================================
[2026-05-17 17:42:39] module=alignment_visualization pdb_id=1F0R
================================================================================
alignment_fasta_path=/home/grheco/repositorios/stack_protein_prep/data/proteins/1F0R/fasta/alignments/SEQRES_chain_B_vs_UniProt.aln.fasta
output_png_path=/home/grheco/repositorios/stack_protein_prep/data/proteins/1F0R/fasta/alignments/SEQRES_chain_B_vs_UniProt.aln.png
residues_per_line=60
font_size=18
header_font_size=20
label_width=24
timestamp=2026-05-17 17:42:39
cwd=/home/grheco/repositorios/stack_protein_prep
python_executable=/home/grheco/repositorios/stack_protein_prep/.pixi/envs/default/bin/python
[RENDER METRICS]
record_a_header: PDB|1F0R|SEQRES|chain_B
record_b_header: sp|P00742|FA10_HUMAN Coagulation factor X OS=Homo sapiens OX=9606 GN=F10 PE=1 SV=2
alignment_length: 488
n_blocks: 9
cell_width: 23
cell_height: 21
image_width: 1748
image_height: 1190
[OUTPUT PNG] /home/grheco/repositorios/stack_protein_prep/data/proteins/1F0R/fasta/alignments/SEQRES_chain_B_vs_UniProt.aln.png
[RESULT] rendered alignment PNG -> /home/grheco/repositorios/stack_protein_prep/data/proteins/1F0R/fasta/alignments/SEQRES_chain_B_vs_UniProt.aln.png
================================================================================
[2026-05-17 17:42:40] module=alignment_visualization pdb_id=1F0R
================================================================================
alignment_fasta_path=/home/grheco/repositorios/stack_protein_prep/data/proteins/1F0R/fasta/alignments/ATOM_chain_A_vs_UniProt.aln.fasta
output_png_path=/home/grheco/repositorios/stack_protein_prep/data/proteins/1F0R/fasta/alignments/ATOM_chain_A_vs_UniProt.aln.png
residues_per_line=60
font_size=18
header_font_size=20
label_width=24
timestamp=2026-05-17 17:42:40
cwd=/home/grheco/repositorios/stack_protein_prep
python_executable=/home/grheco/repositorios/stack_protein_prep/.pixi/envs/default/bin/python
[RENDER METRICS]
record_a_header: PDB|1F0R|ATOM|chain_A
record_b_header: sp|P00742|FA10_HUMAN Coagulation factor X OS=Homo sapiens OX=9606 GN=F10 PE=1 SV=2
alignment_length: 488
n_blocks: 9
cell_width: 23
cell_height: 21
image_width: 1748
image_height: 1190
[OUTPUT PNG] /home/grheco/repositorios/stack_protein_prep/data/proteins/1F0R/fasta/alignments/ATOM_chain_A_vs_UniProt.aln.png
[RESULT] rendered alignment PNG -> /home/grheco/repositorios/stack_protein_prep/data/proteins/1F0R/fasta/alignments/ATOM_chain_A_vs_UniProt.aln.png
================================================================================
[2026-05-17 17:42:40] module=alignment_visualization pdb_id=1F0R
================================================================================
alignment_fasta_path=/home/grheco/repositorios/stack_protein_prep/data/proteins/1F0R/fasta/alignments/ATOM_chain_B_vs_UniProt.aln.fasta
output_png_path=/home/grheco/repositorios/stack_protein_prep/data/proteins/1F0R/fasta/alignments/ATOM_chain_B_vs_UniProt.aln.png
residues_per_line=60
font_size=18
header_font_size=20
label_width=24
timestamp=2026-05-17 17:42:40
cwd=/home/grheco/repositorios/stack_protein_prep
python_executable=/home/grheco/repositorios/stack_protein_prep/.pixi/envs/default/bin/python
[RENDER METRICS]
record_a_header: PDB|1F0R|ATOM|chain_B
record_b_header: sp|P00742|FA10_HUMAN Coagulation factor X OS=Homo sapiens OX=9606 GN=F10 PE=1 SV=2
alignment_length: 488
n_blocks: 9
cell_width: 23
cell_height: 21
image_width: 1748
image_height: 1190
[OUTPUT PNG] /home/grheco/repositorios/stack_protein_prep/data/proteins/1F0R/fasta/alignments/ATOM_chain_B_vs_UniProt.aln.png
[RESULT] rendered alignment PNG -> /home/grheco/repositorios/stack_protein_prep/data/proteins/1F0R/fasta/alignments/ATOM_chain_B_vs_UniProt.aln.png
================================================================================
[2026-05-17 17:44:50] module=alignment_visualization pdb_id=1F0R
================================================================================
alignment_fasta_path=/home/grheco/repositorios/stack_protein_prep/data/proteins/1F0R/fasta/alignments/SEQRES_chain_A_vs_UniProt.aln.fasta
output_png_path=/home/grheco/repositorios/stack_protein_prep/data/proteins/1F0R/fasta/alignments/SEQRES_chain_A_vs_UniProt.aln.png
residues_per_line=60
font_size=18
header_font_size=20
label_width=24
timestamp=2026-05-17 17:44:50
cwd=/home/grheco/repositorios/stack_protein_prep
python_executable=/home/grheco/repositorios/stack_protein_prep/.pixi/envs/default/bin/python3
[RENDER METRICS]
record_a_header: PDB|1F0R|SEQRES|chain_A
record_b_header: sp|P00742|FA10_HUMAN Coagulation factor X OS=Homo sapiens OX=9606 GN=F10 PE=1 SV=2
alignment_length: 488
n_blocks: 9
cell_width: 23
cell_height: 21
image_width: 1748
image_height: 1190
[OUTPUT PNG] /home/grheco/repositorios/stack_protein_prep/data/proteins/1F0R/fasta/alignments/SEQRES_chain_A_vs_UniProt.aln.png
[RESULT] rendered alignment PNG -> /home/grheco/repositorios/stack_protein_prep/data/proteins/1F0R/fasta/alignments/SEQRES_chain_A_vs_UniProt.aln.png
================================================================================
[2026-05-17 17:44:51] module=alignment_visualization pdb_id=1F0R
================================================================================
alignment_fasta_path=/home/grheco/repositorios/stack_protein_prep/data/proteins/1F0R/fasta/alignments/SEQRES_chain_B_vs_UniProt.aln.fasta
output_png_path=/home/grheco/repositorios/stack_protein_prep/data/proteins/1F0R/fasta/alignments/SEQRES_chain_B_vs_UniProt.aln.png
residues_per_line=60
font_size=18
header_font_size=20
label_width=24
timestamp=2026-05-17 17:44:51
cwd=/home/grheco/repositorios/stack_protein_prep
python_executable=/home/grheco/repositorios/stack_protein_prep/.pixi/envs/default/bin/python3
[RENDER METRICS]
record_a_header: PDB|1F0R|SEQRES|chain_B
record_b_header: sp|P00742|FA10_HUMAN Coagulation factor X OS=Homo sapiens OX=9606 GN=F10 PE=1 SV=2
alignment_length: 488
n_blocks: 9
cell_width: 23
cell_height: 21
image_width: 1748
image_height: 1190
[OUTPUT PNG] /home/grheco/repositorios/stack_protein_prep/data/proteins/1F0R/fasta/alignments/SEQRES_chain_B_vs_UniProt.aln.png
[RESULT] rendered alignment PNG -> /home/grheco/repositorios/stack_protein_prep/data/proteins/1F0R/fasta/alignments/SEQRES_chain_B_vs_UniProt.aln.png
================================================================================
[2026-05-17 17:44:51] module=alignment_visualization pdb_id=1F0R
================================================================================
alignment_fasta_path=/home/grheco/repositorios/stack_protein_prep/data/proteins/1F0R/fasta/alignments/ATOM_chain_A_vs_UniProt.aln.fasta
output_png_path=/home/grheco/repositorios/stack_protein_prep/data/proteins/1F0R/fasta/alignments/ATOM_chain_A_vs_UniProt.aln.png
residues_per_line=60
font_size=18
header_font_size=20
label_width=24
timestamp=2026-05-17 17:44:51
cwd=/home/grheco/repositorios/stack_protein_prep
python_executable=/home/grheco/repositorios/stack_protein_prep/.pixi/envs/default/bin/python3
[RENDER METRICS]
record_a_header: PDB|1F0R|ATOM|chain_A
record_b_header: sp|P00742|FA10_HUMAN Coagulation factor X OS=Homo sapiens OX=9606 GN=F10 PE=1 SV=2
alignment_length: 488
n_blocks: 9
cell_width: 23
cell_height: 21
image_width: 1748
image_height: 1190
[OUTPUT PNG] /home/grheco/repositorios/stack_protein_prep/data/proteins/1F0R/fasta/alignments/ATOM_chain_A_vs_UniProt.aln.png
[RESULT] rendered alignment PNG -> /home/grheco/repositorios/stack_protein_prep/data/proteins/1F0R/fasta/alignments/ATOM_chain_A_vs_UniProt.aln.png
================================================================================
[2026-05-17 17:44:51] module=alignment_visualization pdb_id=1F0R
================================================================================
alignment_fasta_path=/home/grheco/repositorios/stack_protein_prep/data/proteins/1F0R/fasta/alignments/ATOM_chain_B_vs_UniProt.aln.fasta
output_png_path=/home/grheco/repositorios/stack_protein_prep/data/proteins/1F0R/fasta/alignments/ATOM_chain_B_vs_UniProt.aln.png
residues_per_line=60
font_size=18
header_font_size=20
label_width=24
timestamp=2026-05-17 17:44:51
cwd=/home/grheco/repositorios/stack_protein_prep
python_executable=/home/grheco/repositorios/stack_protein_prep/.pixi/envs/default/bin/python3
[RENDER METRICS]
record_a_header: PDB|1F0R|ATOM|chain_B
record_b_header: sp|P00742|FA10_HUMAN Coagulation factor X OS=Homo sapiens OX=9606 GN=F10 PE=1 SV=2
alignment_length: 488
n_blocks: 9
cell_width: 23
cell_height: 21
image_width: 1748
image_height: 1190
[OUTPUT PNG] /home/grheco/repositorios/stack_protein_prep/data/proteins/1F0R/fasta/alignments/ATOM_chain_B_vs_UniProt.aln.png
[RESULT] rendered alignment PNG -> /home/grheco/repositorios/stack_protein_prep/data/proteins/1F0R/fasta/alignments/ATOM_chain_B_vs_UniProt.aln.png
================================================================================
[2026-05-17 18:12:03] module=alignment_visualization pdb_id=1F0R
================================================================================
alignment_fasta_path=/home/grheco/repositorios/stack_protein_prep/data/proteins/1F0R/fasta/alignments/SEQRES_chain_A_vs_UniProt.aln.fasta
output_png_path=/home/grheco/repositorios/stack_protein_prep/data/proteins/1F0R/fasta/alignments/SEQRES_chain_A_vs_UniProt.aln.png
residues_per_line=60
font_size=18
header_font_size=20
label_width=24
timestamp=2026-05-17 18:12:03
cwd=/home/grheco/repositorios/stack_protein_prep
python_executable=/home/grheco/repositorios/stack_protein_prep/.pixi/envs/default/bin/python
[RENDER METRICS]
record_a_header: PDB|1F0R|SEQRES|chain_A
record_b_header: sp|P00742|FA10_HUMAN Coagulation factor X OS=Homo sapiens OX=9606 GN=F10 PE=1 SV=2
alignment_length: 488
n_blocks: 9
cell_width: 23
cell_height: 21
image_width: 1748
image_height: 1190
[OUTPUT PNG] /home/grheco/repositorios/stack_protein_prep/data/proteins/1F0R/fasta/alignments/SEQRES_chain_A_vs_UniProt.aln.png
[RESULT] rendered alignment PNG -> /home/grheco/repositorios/stack_protein_prep/data/proteins/1F0R/fasta/alignments/SEQRES_chain_A_vs_UniProt.aln.png
================================================================================
[2026-05-17 18:12:03] module=alignment_visualization pdb_id=1F0R
================================================================================
alignment_fasta_path=/home/grheco/repositorios/stack_protein_prep/data/proteins/1F0R/fasta/alignments/SEQRES_chain_B_vs_UniProt.aln.fasta
output_png_path=/home/grheco/repositorios/stack_protein_prep/data/proteins/1F0R/fasta/alignments/SEQRES_chain_B_vs_UniProt.aln.png
residues_per_line=60
font_size=18
header_font_size=20
label_width=24
timestamp=2026-05-17 18:12:03
cwd=/home/grheco/repositorios/stack_protein_prep
python_executable=/home/grheco/repositorios/stack_protein_prep/.pixi/envs/default/bin/python
[RENDER METRICS]
record_a_header: PDB|1F0R|SEQRES|chain_B
record_b_header: sp|P00742|FA10_HUMAN Coagulation factor X OS=Homo sapiens OX=9606 GN=F10 PE=1 SV=2
alignment_length: 488
n_blocks: 9
cell_width: 23
cell_height: 21
image_width: 1748
image_height: 1190
[OUTPUT PNG] /home/grheco/repositorios/stack_protein_prep/data/proteins/1F0R/fasta/alignments/SEQRES_chain_B_vs_UniProt.aln.png
[RESULT] rendered alignment PNG -> /home/grheco/repositorios/stack_protein_prep/data/proteins/1F0R/fasta/alignments/SEQRES_chain_B_vs_UniProt.aln.png
================================================================================
[2026-05-17 18:12:03] module=alignment_visualization pdb_id=1F0R
================================================================================
alignment_fasta_path=/home/grheco/repositorios/stack_protein_prep/data/proteins/1F0R/fasta/alignments/ATOM_chain_A_vs_UniProt.aln.fasta
output_png_path=/home/grheco/repositorios/stack_protein_prep/data/proteins/1F0R/fasta/alignments/ATOM_chain_A_vs_UniProt.aln.png
residues_per_line=60
font_size=18
header_font_size=20
label_width=24
timestamp=2026-05-17 18:12:03
cwd=/home/grheco/repositorios/stack_protein_prep
python_executable=/home/grheco/repositorios/stack_protein_prep/.pixi/envs/default/bin/python
[RENDER METRICS]
record_a_header: PDB|1F0R|ATOM|chain_A
record_b_header: sp|P00742|FA10_HUMAN Coagulation factor X OS=Homo sapiens OX=9606 GN=F10 PE=1 SV=2
alignment_length: 488
n_blocks: 9
cell_width: 23
cell_height: 21
image_width: 1748
image_height: 1190
[OUTPUT PNG] /home/grheco/repositorios/stack_protein_prep/data/proteins/1F0R/fasta/alignments/ATOM_chain_A_vs_UniProt.aln.png
[RESULT] rendered alignment PNG -> /home/grheco/repositorios/stack_protein_prep/data/proteins/1F0R/fasta/alignments/ATOM_chain_A_vs_UniProt.aln.png
================================================================================
[2026-05-17 18:12:03] module=alignment_visualization pdb_id=1F0R
================================================================================
alignment_fasta_path=/home/grheco/repositorios/stack_protein_prep/data/proteins/1F0R/fasta/alignments/ATOM_chain_B_vs_UniProt.aln.fasta
output_png_path=/home/grheco/repositorios/stack_protein_prep/data/proteins/1F0R/fasta/alignments/ATOM_chain_B_vs_UniProt.aln.png
residues_per_line=60
font_size=18
header_font_size=20
label_width=24
timestamp=2026-05-17 18:12:03
cwd=/home/grheco/repositorios/stack_protein_prep
python_executable=/home/grheco/repositorios/stack_protein_prep/.pixi/envs/default/bin/python
[RENDER METRICS]
record_a_header: PDB|1F0R|ATOM|chain_B
record_b_header: sp|P00742|FA10_HUMAN Coagulation factor X OS=Homo sapiens OX=9606 GN=F10 PE=1 SV=2
alignment_length: 488
n_blocks: 9
cell_width: 23
cell_height: 21
image_width: 1748
image_height: 1190
[OUTPUT PNG] /home/grheco/repositorios/stack_protein_prep/data/proteins/1F0R/fasta/alignments/ATOM_chain_B_vs_UniProt.aln.png
[RESULT] rendered alignment PNG -> /home/grheco/repositorios/stack_protein_prep/data/proteins/1F0R/fasta/alignments/ATOM_chain_B_vs_UniProt.aln.png
