sanitize_pdb_for_gromacs
========================

pdb_id                       : 1F0R
variant_label                : single
input_pdb_path               : /home/grheco/repositorios/stack_protein_prep/data/proteins/1F0R/components/1F0R_protein_monomer.pdb
output_pdb_path              : /home/grheco/repositorios/stack_protein_prep/data/proteins/1F0R/components/.tmp_sanitized_protonation/1F0R_single_sanitized.pdb
output_written               : True
can_run_gromacs              : True
status                       : warning
atom_count_in                : 514
atom_count_out               : 514
residue_count_out            : 70
selected_altloc_count        : 0
dropped_altloc_atom_count    : 0
normalized_occupancy_count   : 16
dropped_heterogen_atom_count : 0
nonstandard_residue_names    : <none>
missing_heavy_atom_count     : 4
force_field_template_path    : /home/grheco/repositorios/stack_protein_prep/.pixi/envs/default/share/gromacs/top/amber99sb-ildn.ff/aminoacids.rtp

issues
------
[warning] occupancy_normalized: 16 selected atoms had occupancy other than 1.00 and will be written as 1.00.
[warning] missing_standard_heavy_atoms: Residue ILE A 16 is missing expected heavy atoms: CD
[warning] missing_standard_heavy_atoms: Residue ILE A 34 is missing expected heavy atoms: CD
[warning] missing_standard_heavy_atoms: Residue ILE A 46 is missing expected heavy atoms: CD
[warning] missing_standard_heavy_atoms: Residue ILE B 37 is missing expected heavy atoms: CD
