sanitize_pdb_for_gromacs
========================

pdb_id                       : 1F0R
variant_label                : prepared_single
input_pdb_path               : /home/grheco/repositorios/stack_protein_prep/data/proteins/1F0R/prepared/single/1F0R.pdb
output_pdb_path              : /home/grheco/repositorios/stack_protein_prep/data/proteins/1F0R/components/.tmp_sanitized_variant_audit/1F0R_single_prepared_sanitized.pdb
output_written               : True
can_run_gromacs              : True
status                       : warning
atom_count_in                : 1034
atom_count_out               : 1002
residue_count_out            : 70
selected_altloc_count        : 0
dropped_altloc_atom_count    : 0
normalized_occupancy_count   : 31
dropped_heterogen_atom_count : 32
nonstandard_residue_names    : <none>
missing_heavy_atom_count     : 2
force_field_template_path    : /home/grheco/repositorios/stack_protein_prep/.pixi/envs/default/share/gromacs/top/amber99sb-ildn.ff/aminoacids.rtp

issues
------
[warning] occupancy_normalized: 31 selected atoms had occupancy other than 1.00 and will be written as 1.00.
[warning] missing_standard_heavy_atoms: Residue PHE A 50 is missing expected heavy atoms: O
[warning] missing_standard_heavy_atoms: Residue GLU B 50 is missing expected heavy atoms: O
[info] heterogens_dropped: Dropped 32 non-polymer HETATM atoms from the protein-only route.
