standard_residue_repair
=======================

input_pdb_path                   : /home/grheco/repositorios/stack_protein_prep/data/proteins/1F0R/components/1F0R_protein_monomer.pdb
output_pdb_path                  : /home/grheco/repositorios/stack_protein_prep/data/proteins/1F0R/components/.tmp_standard_residue_repair/1F0R_single_standard_repaired.pdb
used_output_path                 : /home/grheco/repositorios/stack_protein_prep/data/proteins/1F0R/components/1F0R_protein_monomer.pdb
repair_attempted                 : True
repair_success                   : False
can_continue                     : True
missing_heavy_atom_count_before  : 4
missing_heavy_atom_count_after   : 4
nonstandard_residue_names        : <none>
status                           : failed
message                          : MODELLER complete_pdb repair failed: ImportError('MODELLER is required for minimal standard-heavy-atom repair.'); original input retained.

missing_before
--------------
Residue ILE A 16 is missing expected heavy atoms: CD
Residue ILE A 34 is missing expected heavy atoms: CD
Residue ILE A 46 is missing expected heavy atoms: CD
Residue ILE B 37 is missing expected heavy atoms: CD

missing_after
-------------
<none>
