Using the Amber99sb-ildn force field in directory amber99sb-ildn.ff

going to rename amber99sb-ildn.ff/aminoacids.r2b

going to rename amber99sb-ildn.ff/dna.r2b

going to rename amber99sb-ildn.ff/rna.r2b
Reading /home/grheco/repositorios/stack_protein_prep/data/proteins/3L3M/components/.tmp_sanitized_protonation/3L3M_single_sanitized.pdb...
Read '', 2735 atoms

Analyzing pdb file
Splitting chemical chains based on TER records or chain id changing.

There are 1 chains and 0 blocks of water and 348 residues with 2735 atoms

  chain  #res #atoms

  1 'A'   348   2735  

All occupancies are one

Reading residue database... (Amber99sb-ildn)

Preserving residues names by default

Preserving residues names by default

Preserving residues names by default

Processing chain 1 'A' (2735 atoms, 348 residues)

Identified residue SER2 as a starting terminus.

Identified residue LYS349 as a ending terminus.

Checking for duplicate atoms....

Generating any missing hydrogen atoms and/or adding termini.

Now there are 348 residues with 5510 atoms

Making bonds...

Number of bonds was 5563, now 5562

Generating angles, dihedrals and pairs...

Making cmap torsions...

There are 15425 dihedrals, 1041 impropers, 10107 angles
          14578 pairs,     5562 bonds and     0 virtual sites

Total mass 38886.873 a.m.u.

Total charge 0.000 e

Writing topology

Writing coordinate file...

		--------- PLEASE NOTE ------------

You have successfully generated a topology from: /home/grheco/repositorios/stack_protein_prep/data/proteins/3L3M/components/.tmp_sanitized_protonation/3L3M_single_sanitized.pdb.

The Amber99sb-ildn force field and the tip3p water model are used.

		--------- ETON ESAELP ------------
