Using the Amber99sb-ildn force field in directory amber99sb-ildn.ff

going to rename amber99sb-ildn.ff/aminoacids.r2b

going to rename amber99sb-ildn.ff/dna.r2b

going to rename amber99sb-ildn.ff/rna.r2b
Reading /home/grheco/repositorios/stack_protein_prep/data/proteins/2AFX/components/.tmp_sanitized_protonation/2AFX_gaps_fragment_02_sanitized.pdb...
Read '', 1405 atoms

Analyzing pdb file
Splitting chemical chains based on TER records or chain id changing.

There are 1 chains and 0 blocks of water and 173 residues with 1405 atoms

  chain  #res #atoms

  1 'A'   173   1405  

All occupancies are one

Reading residue database... (Amber99sb-ildn)

Preserving residues names by default

Preserving residues names by default

Preserving residues names by default

Processing chain 1 'A' (1405 atoms, 173 residues)

Identified residue PRO189 as a starting terminus.

Identified residue LEU361 as a ending terminus.

Checking for duplicate atoms....

Generating any missing hydrogen atoms and/or adding termini.

Now there are 173 residues with 2748 atoms

Making bonds...

Number of bonds was 2795, now 2794

Generating angles, dihedrals and pairs...

Making cmap torsions...

There are 7790 dihedrals,  588 impropers, 5051 angles
          7271 pairs,     2794 bonds and     0 virtual sites

Total mass 19791.364 a.m.u.

Total charge -14.000 e

Writing topology

Writing coordinate file...

		--------- PLEASE NOTE ------------

You have successfully generated a topology from: /home/grheco/repositorios/stack_protein_prep/data/proteins/2AFX/components/.tmp_sanitized_protonation/2AFX_gaps_fragment_02_sanitized.pdb.

The Amber99sb-ildn force field and the tip3p water model are used.

		--------- ETON ESAELP ------------
