               :-) GROMACS - gmx pdb2gmx, 2026.0-conda_forge (-:

Executable:   /home/grheco/repositorios/stack_protein_prep/.pixi/envs/default/bin.AVX2_256/gmx
Data prefix:  /home/grheco/repositorios/stack_protein_prep/.pixi/envs/default
Working dir:  /home/grheco/repositorios/stack_protein_prep/data/proteins/2AFX/components
Command line:
  gmx pdb2gmx -f /home/grheco/repositorios/stack_protein_prep/data/proteins/2AFX/components/.tmp_sanitized_protonation/2AFX_gaps_fragment_01_sanitized.pdb -o 2AFX_proteinH_gaps_fragment_01.pdb -p 2AFX_proteinH_gaps_fragment_01.top -i 2AFX_proteinH_gaps_fragment_01_posre.itp -ff amber99sb-ildn -water tip3p -chainsep id_or_ter -merge no -ignh

Opening force field file /home/grheco/repositorios/stack_protein_prep/.pixi/envs/default/share/gromacs/top/amber99sb-ildn.ff/aminoacids.r2b
Opening force field file /home/grheco/repositorios/stack_protein_prep/.pixi/envs/default/share/gromacs/top/amber99sb-ildn.ff/dna.r2b
Opening force field file /home/grheco/repositorios/stack_protein_prep/.pixi/envs/default/share/gromacs/top/amber99sb-ildn.ff/rna.r2b
All occupancies are one
Opening force field file /home/grheco/repositorios/stack_protein_prep/.pixi/envs/default/share/gromacs/top/amber99sb-ildn.ff/atomtypes.atp
Opening force field file /home/grheco/repositorios/stack_protein_prep/.pixi/envs/default/share/gromacs/top/amber99sb-ildn.ff/aminoacids.rtp
Opening force field file /home/grheco/repositorios/stack_protein_prep/.pixi/envs/default/share/gromacs/top/amber99sb-ildn.ff/dna.rtp
Opening force field file /home/grheco/repositorios/stack_protein_prep/.pixi/envs/default/share/gromacs/top/amber99sb-ildn.ff/rna.rtp
Opening force field file /home/grheco/repositorios/stack_protein_prep/.pixi/envs/default/share/gromacs/top/amber99sb-ildn.ff/aminoacids.hdb
Opening force field file /home/grheco/repositorios/stack_protein_prep/.pixi/envs/default/share/gromacs/top/amber99sb-ildn.ff/dna.hdb
Opening force field file /home/grheco/repositorios/stack_protein_prep/.pixi/envs/default/share/gromacs/top/amber99sb-ildn.ff/rna.hdb
Opening force field file /home/grheco/repositorios/stack_protein_prep/.pixi/envs/default/share/gromacs/top/amber99sb-ildn.ff/aminoacids.n.tdb
Opening force field file /home/grheco/repositorios/stack_protein_prep/.pixi/envs/default/share/gromacs/top/amber99sb-ildn.ff/aminoacids.c.tdb
Analysing hydrogen-bonding network for automated assignment of histidine
 protonation. 241 donors and 220 acceptors were found.
There are 315 hydrogen bonds
Will use HISE for residue 43
Will use HISE for residue 90
Will use HISE for residue 134
Will use HISE for residue 140
Will use HISE for residue 148
9 out of 9 lines of specbond.dat converted successfully
Special Atom Distance matrix:
                   HIS43   MET65   HIS90   MET92  HIS134  CYS139  HIS140
                   NE294   SD253  NE2459   SD474  NE2826   SG860  NE2870
   MET65   SD253   2.547
   HIS90  NE2459   2.951   0.966
   MET92   SD474   2.891   1.929   1.146
  HIS134  NE2826   1.274   2.318   2.274   1.807
  CYS139   SG860   2.307   1.106   1.099   1.407   1.789
  HIS140  NE2870   2.840   1.564   1.537   1.844   2.385   0.729
  HIS148  NE2944   4.539   2.512   1.995   2.384   3.832   2.233   1.859
  CYS164  SG1065   2.595   1.035   0.814   1.265   1.999   0.345   0.777
  MET166  SD1077   2.269   0.602   1.327   2.075   2.176   0.861   1.232
  MET167  SD1085   1.990   1.042   1.166   1.443   1.523   0.352   1.053
                  HIS148  CYS164  MET166
                  NE2944  SG1065  SD1077
  CYS164  SG1065   1.958
  MET166  SD1077   2.591   0.960
  MET167  SD1085   2.557   0.607   0.800
Opening force field file /home/grheco/repositorios/stack_protein_prep/.pixi/envs/default/share/gromacs/top/amber99sb-ildn.ff/aminoacids.arn
Opening force field file /home/grheco/repositorios/stack_protein_prep/.pixi/envs/default/share/gromacs/top/amber99sb-ildn.ff/dna.arn
Opening force field file /home/grheco/repositorios/stack_protein_prep/.pixi/envs/default/share/gromacs/top/amber99sb-ildn.ff/rna.arn
Before cleaning: 6346 pairs
Before cleaning: 6634 dihedrals

GROMACS reminds you: "You Look Better Upside Down" (Throwing Muses)

