Using the Amber99sb-ildn force field in directory amber99sb-ildn.ff

going to rename amber99sb-ildn.ff/aminoacids.r2b

going to rename amber99sb-ildn.ff/dna.r2b

going to rename amber99sb-ildn.ff/rna.r2b
Reading /home/grheco/repositorios/stack_protein_prep/data/proteins/2AFX/components/.tmp_sanitized_protonation/2AFX_gaps_fragment_01_sanitized.pdb...
Read '', 1205 atoms

Analyzing pdb file
Splitting chemical chains based on TER records or chain id changing.

There are 1 chains and 0 blocks of water and 150 residues with 1205 atoms

  chain  #res #atoms

  1 'A'   150   1205  

All occupancies are one

Reading residue database... (Amber99sb-ildn)

Preserving residues names by default

Preserving residues names by default

Preserving residues names by default

Processing chain 1 'A' (1205 atoms, 150 residues)

Identified residue ALA33 as a starting terminus.

Identified residue LYS182 as a ending terminus.

Checking for duplicate atoms....

Generating any missing hydrogen atoms and/or adding termini.

Now there are 150 residues with 2397 atoms

Making bonds...

Number of bonds was 2429, now 2428

Generating angles, dihedrals and pairs...

Making cmap torsions...

There are 6634 dihedrals,  494 impropers, 4377 angles
          6301 pairs,     2428 bonds and     0 virtual sites

Total mass 17112.678 a.m.u.

Total charge 2.000 e

Writing topology

Writing coordinate file...

		--------- PLEASE NOTE ------------

You have successfully generated a topology from: /home/grheco/repositorios/stack_protein_prep/data/proteins/2AFX/components/.tmp_sanitized_protonation/2AFX_gaps_fragment_01_sanitized.pdb.

The Amber99sb-ildn force field and the tip3p water model are used.

		--------- ETON ESAELP ------------
